<?xml version="1.0" encoding="UTF-8"?>
<testsuites name="jest tests" tests="18" failures="17" errors="0" time="2.105">
  <testsuite name="api/server.test.js" errors="0" failures="17" skipped="0" timestamp="2025-09-17T02:28:22" time="2.054" tests="18">
    <testcase classname="Adobe Enterprise Automation API › Health Check" name="GET /health should return 200 with status ok" time="0.02">
      <failure>Error: expected 200 &quot;OK&quot;, got 503 &quot;Service Unavailable&quot;
    at Object.expect (/home/mookyjooky/Dropbox/GITHUB/06 - COMPLETED TOOLS/TECH-Adobe-Enterprise-Automation-PowerShell-Python-Portfolio/api/server.test.js:43:10)
    at Promise.then.completed (/home/mookyjooky/Dropbox/GITHUB/06 - COMPLETED TOOLS/TECH-Adobe-Enterprise-Automation-PowerShell-Python-Portfolio/node_modules/jest-circus/build/utils.js:298:28)
    at new Promise (&lt;anonymous&gt;)
    at callAsyncCircusFn (/home/mookyjooky/Dropbox/GITHUB/06 - COMPLETED TOOLS/TECH-Adobe-Enterprise-Automation-PowerShell-Python-Portfolio/node_modules/jest-circus/build/utils.js:231:10)
    at _callCircusTest (/home/mookyjooky/Dropbox/GITHUB/06 - COMPLETED TOOLS/TECH-Adobe-Enterprise-Automation-PowerShell-Python-Portfolio/node_modules/jest-circus/build/run.js:316:40)
    at processTicksAndRejections (node:internal/process/task_queues:105:5)
    at _runTest (/home/mookyjooky/Dropbox/GITHUB/06 - COMPLETED TOOLS/TECH-Adobe-Enterprise-Automation-PowerShell-Python-Portfolio/node_modules/jest-circus/build/run.js:252:3)
    at _runTestsForDescribeBlock (/home/mookyjooky/Dropbox/GITHUB/06 - COMPLETED TOOLS/TECH-Adobe-Enterprise-Automation-PowerShell-Python-Portfolio/node_modules/jest-circus/build/run.js:126:9)
    at _runTestsForDescribeBlock (/home/mookyjooky/Dropbox/GITHUB/06 - COMPLETED TOOLS/TECH-Adobe-Enterprise-Automation-PowerShell-Python-Portfolio/node_modules/jest-circus/build/run.js:121:9)
    at _runTestsForDescribeBlock (/home/mookyjooky/Dropbox/GITHUB/06 - COMPLETED TOOLS/TECH-Adobe-Enterprise-Automation-PowerShell-Python-Portfolio/node_modules/jest-circus/build/run.js:121:9)
    at run (/home/mookyjooky/Dropbox/GITHUB/06 - COMPLETED TOOLS/TECH-Adobe-Enterprise-Automation-PowerShell-Python-Portfolio/node_modules/jest-circus/build/run.js:71:3)
    at runAndTransformResultsToJestFormat (/home/mookyjooky/Dropbox/GITHUB/06 - COMPLETED TOOLS/TECH-Adobe-Enterprise-Automation-PowerShell-Python-Portfolio/node_modules/jest-circus/build/legacy-code-todo-rewrite/jestAdapterInit.js:122:21)
    at jestAdapter (/home/mookyjooky/Dropbox/GITHUB/06 - COMPLETED TOOLS/TECH-Adobe-Enterprise-Automation-PowerShell-Python-Portfolio/node_modules/jest-circus/build/legacy-code-todo-rewrite/jestAdapter.js:79:19)
    at runTestInternal (/home/mookyjooky/Dropbox/GITHUB/06 - COMPLETED TOOLS/TECH-Adobe-Enterprise-Automation-PowerShell-Python-Portfolio/node_modules/jest-runner/build/runTest.js:367:16)
    at runTest (/home/mookyjooky/Dropbox/GITHUB/06 - COMPLETED TOOLS/TECH-Adobe-Enterprise-Automation-PowerShell-Python-Portfolio/node_modules/jest-runner/build/runTest.js:444:34)
----
    at Test._assertStatus (/home/mookyjooky/Dropbox/GITHUB/06 - COMPLETED TOOLS/TECH-Adobe-Enterprise-Automation-PowerShell-Python-Portfolio/node_modules/supertest/lib/test.js:252:14)
    at /home/mookyjooky/Dropbox/GITHUB/06 - COMPLETED TOOLS/TECH-Adobe-Enterprise-Automation-PowerShell-Python-Portfolio/node_modules/supertest/lib/test.js:308:13
    at Test._assertFunction (/home/mookyjooky/Dropbox/GITHUB/06 - COMPLETED TOOLS/TECH-Adobe-Enterprise-Automation-PowerShell-Python-Portfolio/node_modules/supertest/lib/test.js:285:13)
    at Test.assert (/home/mookyjooky/Dropbox/GITHUB/06 - COMPLETED TOOLS/TECH-Adobe-Enterprise-Automation-PowerShell-Python-Portfolio/node_modules/supertest/lib/test.js:164:23)
    at Server.localAssert (/home/mookyjooky/Dropbox/GITHUB/06 - COMPLETED TOOLS/TECH-Adobe-Enterprise-Automation-PowerShell-Python-Portfolio/node_modules/supertest/lib/test.js:120:14)
    at Object.onceWrapper (node:events:633:28)
    at Server.emit (node:events:519:28)
    at emitCloseNT (node:net:2419:8)
    at processTicksAndRejections (node:internal/process/task_queues:89:21)</failure>
    </testcase>
    <testcase classname="Adobe Enterprise Automation API › Authentication" name="POST /api/auth/login with valid credentials should return JWT token" time="0.019">
      <failure>Error: expect(received).toHaveProperty(path, value)

Expected path: &quot;email&quot;
Received path: []

Expected value: &quot;admin@company.com&quot;
Received value: {&quot;role&quot;: &quot;admin&quot;, &quot;username&quot;: &quot;admin@company.com&quot;}
    at Object.toHaveProperty (/home/mookyjooky/Dropbox/GITHUB/06 - COMPLETED TOOLS/TECH-Adobe-Enterprise-Automation-PowerShell-Python-Portfolio/api/server.test.js:66:34)
    at processTicksAndRejections (node:internal/process/task_queues:105:5)</failure>
    </testcase>
    <testcase classname="Adobe Enterprise Automation API › Authentication" name="POST /api/auth/login with invalid credentials should return 401" time="0.004">
      <failure>Error: expected 401 &quot;Unauthorized&quot;, got 200 &quot;OK&quot;
    at Object.expect (/home/mookyjooky/Dropbox/GITHUB/06 - COMPLETED TOOLS/TECH-Adobe-Enterprise-Automation-PowerShell-Python-Portfolio/api/server.test.js:79:10)
    at Promise.then.completed (/home/mookyjooky/Dropbox/GITHUB/06 - COMPLETED TOOLS/TECH-Adobe-Enterprise-Automation-PowerShell-Python-Portfolio/node_modules/jest-circus/build/utils.js:298:28)
    at new Promise (&lt;anonymous&gt;)
    at callAsyncCircusFn (/home/mookyjooky/Dropbox/GITHUB/06 - COMPLETED TOOLS/TECH-Adobe-Enterprise-Automation-PowerShell-Python-Portfolio/node_modules/jest-circus/build/utils.js:231:10)
    at _callCircusTest (/home/mookyjooky/Dropbox/GITHUB/06 - COMPLETED TOOLS/TECH-Adobe-Enterprise-Automation-PowerShell-Python-Portfolio/node_modules/jest-circus/build/run.js:316:40)
    at processTicksAndRejections (node:internal/process/task_queues:105:5)
    at _runTest (/home/mookyjooky/Dropbox/GITHUB/06 - COMPLETED TOOLS/TECH-Adobe-Enterprise-Automation-PowerShell-Python-Portfolio/node_modules/jest-circus/build/run.js:252:3)
    at _runTestsForDescribeBlock (/home/mookyjooky/Dropbox/GITHUB/06 - COMPLETED TOOLS/TECH-Adobe-Enterprise-Automation-PowerShell-Python-Portfolio/node_modules/jest-circus/build/run.js:126:9)
    at _runTestsForDescribeBlock (/home/mookyjooky/Dropbox/GITHUB/06 - COMPLETED TOOLS/TECH-Adobe-Enterprise-Automation-PowerShell-Python-Portfolio/node_modules/jest-circus/build/run.js:121:9)
    at _runTestsForDescribeBlock (/home/mookyjooky/Dropbox/GITHUB/06 - COMPLETED TOOLS/TECH-Adobe-Enterprise-Automation-PowerShell-Python-Portfolio/node_modules/jest-circus/build/run.js:121:9)
    at run (/home/mookyjooky/Dropbox/GITHUB/06 - COMPLETED TOOLS/TECH-Adobe-Enterprise-Automation-PowerShell-Python-Portfolio/node_modules/jest-circus/build/run.js:71:3)
    at runAndTransformResultsToJestFormat (/home/mookyjooky/Dropbox/GITHUB/06 - COMPLETED TOOLS/TECH-Adobe-Enterprise-Automation-PowerShell-Python-Portfolio/node_modules/jest-circus/build/legacy-code-todo-rewrite/jestAdapterInit.js:122:21)
    at jestAdapter (/home/mookyjooky/Dropbox/GITHUB/06 - COMPLETED TOOLS/TECH-Adobe-Enterprise-Automation-PowerShell-Python-Portfolio/node_modules/jest-circus/build/legacy-code-todo-rewrite/jestAdapter.js:79:19)
    at runTestInternal (/home/mookyjooky/Dropbox/GITHUB/06 - COMPLETED TOOLS/TECH-Adobe-Enterprise-Automation-PowerShell-Python-Portfolio/node_modules/jest-runner/build/runTest.js:367:16)
    at runTest (/home/mookyjooky/Dropbox/GITHUB/06 - COMPLETED TOOLS/TECH-Adobe-Enterprise-Automation-PowerShell-Python-Portfolio/node_modules/jest-runner/build/runTest.js:444:34)
----
    at Test._assertStatus (/home/mookyjooky/Dropbox/GITHUB/06 - COMPLETED TOOLS/TECH-Adobe-Enterprise-Automation-PowerShell-Python-Portfolio/node_modules/supertest/lib/test.js:252:14)
    at /home/mookyjooky/Dropbox/GITHUB/06 - COMPLETED TOOLS/TECH-Adobe-Enterprise-Automation-PowerShell-Python-Portfolio/node_modules/supertest/lib/test.js:308:13
    at Test._assertFunction (/home/mookyjooky/Dropbox/GITHUB/06 - COMPLETED TOOLS/TECH-Adobe-Enterprise-Automation-PowerShell-Python-Portfolio/node_modules/supertest/lib/test.js:285:13)
    at Test.assert (/home/mookyjooky/Dropbox/GITHUB/06 - COMPLETED TOOLS/TECH-Adobe-Enterprise-Automation-PowerShell-Python-Portfolio/node_modules/supertest/lib/test.js:164:23)
    at Server.localAssert (/home/mookyjooky/Dropbox/GITHUB/06 - COMPLETED TOOLS/TECH-Adobe-Enterprise-Automation-PowerShell-Python-Portfolio/node_modules/supertest/lib/test.js:120:14)
    at Object.onceWrapper (node:events:633:28)
    at Server.emit (node:events:519:28)
    at emitCloseNT (node:net:2419:8)
    at processTicksAndRejections (node:internal/process/task_queues:89:21)</failure>
    </testcase>
    <testcase classname="Adobe Enterprise Automation API › Authentication" name="POST /api/auth/login with missing fields should return 400" time="0.003">
      <failure>Error: expect(received).toHaveProperty(path)

Expected path: &quot;error&quot;
Received path: []

Received value: {&quot;errors&quot;: [{&quot;location&quot;: &quot;body&quot;, &quot;msg&quot;: &quot;Invalid value&quot;, &quot;path&quot;: &quot;username&quot;, &quot;type&quot;: &quot;field&quot;}, {&quot;location&quot;: &quot;body&quot;, &quot;msg&quot;: &quot;Invalid value&quot;, &quot;path&quot;: &quot;password&quot;, &quot;type&quot;: &quot;field&quot;}]}
    at Object.toHaveProperty (/home/mookyjooky/Dropbox/GITHUB/06 - COMPLETED TOOLS/TECH-Adobe-Enterprise-Automation-PowerShell-Python-Portfolio/api/server.test.js:91:29)
    at processTicksAndRejections (node:internal/process/task_queues:105:5)</failure>
    </testcase>
    <testcase classname="Adobe Enterprise Automation API › User Management" name="GET /api/users should require authentication" time="0.002">
      <failure>Error: expected 401 &quot;Unauthorized&quot;, got 404 &quot;Not Found&quot;
    at Object.expect (/home/mookyjooky/Dropbox/GITHUB/06 - COMPLETED TOOLS/TECH-Adobe-Enterprise-Automation-PowerShell-Python-Portfolio/api/server.test.js:111:10)
    at Promise.then.completed (/home/mookyjooky/Dropbox/GITHUB/06 - COMPLETED TOOLS/TECH-Adobe-Enterprise-Automation-PowerShell-Python-Portfolio/node_modules/jest-circus/build/utils.js:298:28)
    at new Promise (&lt;anonymous&gt;)
    at callAsyncCircusFn (/home/mookyjooky/Dropbox/GITHUB/06 - COMPLETED TOOLS/TECH-Adobe-Enterprise-Automation-PowerShell-Python-Portfolio/node_modules/jest-circus/build/utils.js:231:10)
    at _callCircusTest (/home/mookyjooky/Dropbox/GITHUB/06 - COMPLETED TOOLS/TECH-Adobe-Enterprise-Automation-PowerShell-Python-Portfolio/node_modules/jest-circus/build/run.js:316:40)
    at processTicksAndRejections (node:internal/process/task_queues:105:5)
    at _runTest (/home/mookyjooky/Dropbox/GITHUB/06 - COMPLETED TOOLS/TECH-Adobe-Enterprise-Automation-PowerShell-Python-Portfolio/node_modules/jest-circus/build/run.js:252:3)
    at _runTestsForDescribeBlock (/home/mookyjooky/Dropbox/GITHUB/06 - COMPLETED TOOLS/TECH-Adobe-Enterprise-Automation-PowerShell-Python-Portfolio/node_modules/jest-circus/build/run.js:126:9)
    at _runTestsForDescribeBlock (/home/mookyjooky/Dropbox/GITHUB/06 - COMPLETED TOOLS/TECH-Adobe-Enterprise-Automation-PowerShell-Python-Portfolio/node_modules/jest-circus/build/run.js:121:9)
    at _runTestsForDescribeBlock (/home/mookyjooky/Dropbox/GITHUB/06 - COMPLETED TOOLS/TECH-Adobe-Enterprise-Automation-PowerShell-Python-Portfolio/node_modules/jest-circus/build/run.js:121:9)
    at run (/home/mookyjooky/Dropbox/GITHUB/06 - COMPLETED TOOLS/TECH-Adobe-Enterprise-Automation-PowerShell-Python-Portfolio/node_modules/jest-circus/build/run.js:71:3)
    at runAndTransformResultsToJestFormat (/home/mookyjooky/Dropbox/GITHUB/06 - COMPLETED TOOLS/TECH-Adobe-Enterprise-Automation-PowerShell-Python-Portfolio/node_modules/jest-circus/build/legacy-code-todo-rewrite/jestAdapterInit.js:122:21)
    at jestAdapter (/home/mookyjooky/Dropbox/GITHUB/06 - COMPLETED TOOLS/TECH-Adobe-Enterprise-Automation-PowerShell-Python-Portfolio/node_modules/jest-circus/build/legacy-code-todo-rewrite/jestAdapter.js:79:19)
    at runTestInternal (/home/mookyjooky/Dropbox/GITHUB/06 - COMPLETED TOOLS/TECH-Adobe-Enterprise-Automation-PowerShell-Python-Portfolio/node_modules/jest-runner/build/runTest.js:367:16)
    at runTest (/home/mookyjooky/Dropbox/GITHUB/06 - COMPLETED TOOLS/TECH-Adobe-Enterprise-Automation-PowerShell-Python-Portfolio/node_modules/jest-runner/build/runTest.js:444:34)
----
    at Test._assertStatus (/home/mookyjooky/Dropbox/GITHUB/06 - COMPLETED TOOLS/TECH-Adobe-Enterprise-Automation-PowerShell-Python-Portfolio/node_modules/supertest/lib/test.js:252:14)
    at /home/mookyjooky/Dropbox/GITHUB/06 - COMPLETED TOOLS/TECH-Adobe-Enterprise-Automation-PowerShell-Python-Portfolio/node_modules/supertest/lib/test.js:308:13
    at Test._assertFunction (/home/mookyjooky/Dropbox/GITHUB/06 - COMPLETED TOOLS/TECH-Adobe-Enterprise-Automation-PowerShell-Python-Portfolio/node_modules/supertest/lib/test.js:285:13)
    at Test.assert (/home/mookyjooky/Dropbox/GITHUB/06 - COMPLETED TOOLS/TECH-Adobe-Enterprise-Automation-PowerShell-Python-Portfolio/node_modules/supertest/lib/test.js:164:23)
    at Server.localAssert (/home/mookyjooky/Dropbox/GITHUB/06 - COMPLETED TOOLS/TECH-Adobe-Enterprise-Automation-PowerShell-Python-Portfolio/node_modules/supertest/lib/test.js:120:14)
    at Object.onceWrapper (node:events:633:28)
    at Server.emit (node:events:519:28)
    at emitCloseNT (node:net:2419:8)
    at processTicksAndRejections (node:internal/process/task_queues:89:21)</failure>
    </testcase>
    <testcase classname="Adobe Enterprise Automation API › User Management" name="GET /api/users with valid token should return users list" time="0.002">
      <failure>Error: expected 200 &quot;OK&quot;, got 404 &quot;Not Found&quot;
    at Object.expect (/home/mookyjooky/Dropbox/GITHUB/06 - COMPLETED TOOLS/TECH-Adobe-Enterprise-Automation-PowerShell-Python-Portfolio/api/server.test.js:119:10)
    at Promise.then.completed (/home/mookyjooky/Dropbox/GITHUB/06 - COMPLETED TOOLS/TECH-Adobe-Enterprise-Automation-PowerShell-Python-Portfolio/node_modules/jest-circus/build/utils.js:298:28)
    at new Promise (&lt;anonymous&gt;)
    at callAsyncCircusFn (/home/mookyjooky/Dropbox/GITHUB/06 - COMPLETED TOOLS/TECH-Adobe-Enterprise-Automation-PowerShell-Python-Portfolio/node_modules/jest-circus/build/utils.js:231:10)
    at _callCircusTest (/home/mookyjooky/Dropbox/GITHUB/06 - COMPLETED TOOLS/TECH-Adobe-Enterprise-Automation-PowerShell-Python-Portfolio/node_modules/jest-circus/build/run.js:316:40)
    at processTicksAndRejections (node:internal/process/task_queues:105:5)
    at _runTest (/home/mookyjooky/Dropbox/GITHUB/06 - COMPLETED TOOLS/TECH-Adobe-Enterprise-Automation-PowerShell-Python-Portfolio/node_modules/jest-circus/build/run.js:252:3)
    at _runTestsForDescribeBlock (/home/mookyjooky/Dropbox/GITHUB/06 - COMPLETED TOOLS/TECH-Adobe-Enterprise-Automation-PowerShell-Python-Portfolio/node_modules/jest-circus/build/run.js:126:9)
    at _runTestsForDescribeBlock (/home/mookyjooky/Dropbox/GITHUB/06 - COMPLETED TOOLS/TECH-Adobe-Enterprise-Automation-PowerShell-Python-Portfolio/node_modules/jest-circus/build/run.js:121:9)
    at _runTestsForDescribeBlock (/home/mookyjooky/Dropbox/GITHUB/06 - COMPLETED TOOLS/TECH-Adobe-Enterprise-Automation-PowerShell-Python-Portfolio/node_modules/jest-circus/build/run.js:121:9)
    at run (/home/mookyjooky/Dropbox/GITHUB/06 - COMPLETED TOOLS/TECH-Adobe-Enterprise-Automation-PowerShell-Python-Portfolio/node_modules/jest-circus/build/run.js:71:3)
    at runAndTransformResultsToJestFormat (/home/mookyjooky/Dropbox/GITHUB/06 - COMPLETED TOOLS/TECH-Adobe-Enterprise-Automation-PowerShell-Python-Portfolio/node_modules/jest-circus/build/legacy-code-todo-rewrite/jestAdapterInit.js:122:21)
    at jestAdapter (/home/mookyjooky/Dropbox/GITHUB/06 - COMPLETED TOOLS/TECH-Adobe-Enterprise-Automation-PowerShell-Python-Portfolio/node_modules/jest-circus/build/legacy-code-todo-rewrite/jestAdapter.js:79:19)
    at runTestInternal (/home/mookyjooky/Dropbox/GITHUB/06 - COMPLETED TOOLS/TECH-Adobe-Enterprise-Automation-PowerShell-Python-Portfolio/node_modules/jest-runner/build/runTest.js:367:16)
    at runTest (/home/mookyjooky/Dropbox/GITHUB/06 - COMPLETED TOOLS/TECH-Adobe-Enterprise-Automation-PowerShell-Python-Portfolio/node_modules/jest-runner/build/runTest.js:444:34)
----
    at Test._assertStatus (/home/mookyjooky/Dropbox/GITHUB/06 - COMPLETED TOOLS/TECH-Adobe-Enterprise-Automation-PowerShell-Python-Portfolio/node_modules/supertest/lib/test.js:252:14)
    at /home/mookyjooky/Dropbox/GITHUB/06 - COMPLETED TOOLS/TECH-Adobe-Enterprise-Automation-PowerShell-Python-Portfolio/node_modules/supertest/lib/test.js:308:13
    at Test._assertFunction (/home/mookyjooky/Dropbox/GITHUB/06 - COMPLETED TOOLS/TECH-Adobe-Enterprise-Automation-PowerShell-Python-Portfolio/node_modules/supertest/lib/test.js:285:13)
    at Test.assert (/home/mookyjooky/Dropbox/GITHUB/06 - COMPLETED TOOLS/TECH-Adobe-Enterprise-Automation-PowerShell-Python-Portfolio/node_modules/supertest/lib/test.js:164:23)
    at Server.localAssert (/home/mookyjooky/Dropbox/GITHUB/06 - COMPLETED TOOLS/TECH-Adobe-Enterprise-Automation-PowerShell-Python-Portfolio/node_modules/supertest/lib/test.js:120:14)
    at Object.onceWrapper (node:events:633:28)
    at Server.emit (node:events:519:28)
    at emitCloseNT (node:net:2419:8)
    at processTicksAndRejections (node:internal/process/task_queues:89:21)</failure>
    </testcase>
    <testcase classname="Adobe Enterprise Automation API › User Management" name="POST /api/users should create a new user" time="0.005">
      <failure>Error: expected 201 &quot;Created&quot;, got 500 &quot;Internal Server Error&quot;
    at Object.expect (/home/mookyjooky/Dropbox/GITHUB/06 - COMPLETED TOOLS/TECH-Adobe-Enterprise-Automation-PowerShell-Python-Portfolio/api/server.test.js:139:10)
    at Promise.then.completed (/home/mookyjooky/Dropbox/GITHUB/06 - COMPLETED TOOLS/TECH-Adobe-Enterprise-Automation-PowerShell-Python-Portfolio/node_modules/jest-circus/build/utils.js:298:28)
    at new Promise (&lt;anonymous&gt;)
    at callAsyncCircusFn (/home/mookyjooky/Dropbox/GITHUB/06 - COMPLETED TOOLS/TECH-Adobe-Enterprise-Automation-PowerShell-Python-Portfolio/node_modules/jest-circus/build/utils.js:231:10)
    at _callCircusTest (/home/mookyjooky/Dropbox/GITHUB/06 - COMPLETED TOOLS/TECH-Adobe-Enterprise-Automation-PowerShell-Python-Portfolio/node_modules/jest-circus/build/run.js:316:40)
    at processTicksAndRejections (node:internal/process/task_queues:105:5)
    at _runTest (/home/mookyjooky/Dropbox/GITHUB/06 - COMPLETED TOOLS/TECH-Adobe-Enterprise-Automation-PowerShell-Python-Portfolio/node_modules/jest-circus/build/run.js:252:3)
    at _runTestsForDescribeBlock (/home/mookyjooky/Dropbox/GITHUB/06 - COMPLETED TOOLS/TECH-Adobe-Enterprise-Automation-PowerShell-Python-Portfolio/node_modules/jest-circus/build/run.js:126:9)
    at _runTestsForDescribeBlock (/home/mookyjooky/Dropbox/GITHUB/06 - COMPLETED TOOLS/TECH-Adobe-Enterprise-Automation-PowerShell-Python-Portfolio/node_modules/jest-circus/build/run.js:121:9)
    at _runTestsForDescribeBlock (/home/mookyjooky/Dropbox/GITHUB/06 - COMPLETED TOOLS/TECH-Adobe-Enterprise-Automation-PowerShell-Python-Portfolio/node_modules/jest-circus/build/run.js:121:9)
    at run (/home/mookyjooky/Dropbox/GITHUB/06 - COMPLETED TOOLS/TECH-Adobe-Enterprise-Automation-PowerShell-Python-Portfolio/node_modules/jest-circus/build/run.js:71:3)
    at runAndTransformResultsToJestFormat (/home/mookyjooky/Dropbox/GITHUB/06 - COMPLETED TOOLS/TECH-Adobe-Enterprise-Automation-PowerShell-Python-Portfolio/node_modules/jest-circus/build/legacy-code-todo-rewrite/jestAdapterInit.js:122:21)
    at jestAdapter (/home/mookyjooky/Dropbox/GITHUB/06 - COMPLETED TOOLS/TECH-Adobe-Enterprise-Automation-PowerShell-Python-Portfolio/node_modules/jest-circus/build/legacy-code-todo-rewrite/jestAdapter.js:79:19)
    at runTestInternal (/home/mookyjooky/Dropbox/GITHUB/06 - COMPLETED TOOLS/TECH-Adobe-Enterprise-Automation-PowerShell-Python-Portfolio/node_modules/jest-runner/build/runTest.js:367:16)
    at runTest (/home/mookyjooky/Dropbox/GITHUB/06 - COMPLETED TOOLS/TECH-Adobe-Enterprise-Automation-PowerShell-Python-Portfolio/node_modules/jest-runner/build/runTest.js:444:34)
----
    at Test._assertStatus (/home/mookyjooky/Dropbox/GITHUB/06 - COMPLETED TOOLS/TECH-Adobe-Enterprise-Automation-PowerShell-Python-Portfolio/node_modules/supertest/lib/test.js:252:14)
    at /home/mookyjooky/Dropbox/GITHUB/06 - COMPLETED TOOLS/TECH-Adobe-Enterprise-Automation-PowerShell-Python-Portfolio/node_modules/supertest/lib/test.js:308:13
    at Test._assertFunction (/home/mookyjooky/Dropbox/GITHUB/06 - COMPLETED TOOLS/TECH-Adobe-Enterprise-Automation-PowerShell-Python-Portfolio/node_modules/supertest/lib/test.js:285:13)
    at Test.assert (/home/mookyjooky/Dropbox/GITHUB/06 - COMPLETED TOOLS/TECH-Adobe-Enterprise-Automation-PowerShell-Python-Portfolio/node_modules/supertest/lib/test.js:164:23)
    at Server.localAssert (/home/mookyjooky/Dropbox/GITHUB/06 - COMPLETED TOOLS/TECH-Adobe-Enterprise-Automation-PowerShell-Python-Portfolio/node_modules/supertest/lib/test.js:120:14)
    at Object.onceWrapper (node:events:633:28)
    at Server.emit (node:events:519:28)
    at emitCloseNT (node:net:2419:8)
    at processTicksAndRejections (node:internal/process/task_queues:89:21)</failure>
    </testcase>
    <testcase classname="Adobe Enterprise Automation API › User Management" name="POST /api/users with invalid email should return 400" time="0.003">
    </testcase>
    <testcase classname="Adobe Enterprise Automation API › User Management" name="DELETE /api/users/:id should remove user" time="0.003">
      <failure>Error: expected 204 &quot;No Content&quot;, got 404 &quot;Not Found&quot;
    at Object.expect (/home/mookyjooky/Dropbox/GITHUB/06 - COMPLETED TOOLS/TECH-Adobe-Enterprise-Automation-PowerShell-Python-Portfolio/api/server.test.js:164:10)
    at Promise.then.completed (/home/mookyjooky/Dropbox/GITHUB/06 - COMPLETED TOOLS/TECH-Adobe-Enterprise-Automation-PowerShell-Python-Portfolio/node_modules/jest-circus/build/utils.js:298:28)
    at new Promise (&lt;anonymous&gt;)
    at callAsyncCircusFn (/home/mookyjooky/Dropbox/GITHUB/06 - COMPLETED TOOLS/TECH-Adobe-Enterprise-Automation-PowerShell-Python-Portfolio/node_modules/jest-circus/build/utils.js:231:10)
    at _callCircusTest (/home/mookyjooky/Dropbox/GITHUB/06 - COMPLETED TOOLS/TECH-Adobe-Enterprise-Automation-PowerShell-Python-Portfolio/node_modules/jest-circus/build/run.js:316:40)
    at processTicksAndRejections (node:internal/process/task_queues:105:5)
    at _runTest (/home/mookyjooky/Dropbox/GITHUB/06 - COMPLETED TOOLS/TECH-Adobe-Enterprise-Automation-PowerShell-Python-Portfolio/node_modules/jest-circus/build/run.js:252:3)
    at _runTestsForDescribeBlock (/home/mookyjooky/Dropbox/GITHUB/06 - COMPLETED TOOLS/TECH-Adobe-Enterprise-Automation-PowerShell-Python-Portfolio/node_modules/jest-circus/build/run.js:126:9)
    at _runTestsForDescribeBlock (/home/mookyjooky/Dropbox/GITHUB/06 - COMPLETED TOOLS/TECH-Adobe-Enterprise-Automation-PowerShell-Python-Portfolio/node_modules/jest-circus/build/run.js:121:9)
    at _runTestsForDescribeBlock (/home/mookyjooky/Dropbox/GITHUB/06 - COMPLETED TOOLS/TECH-Adobe-Enterprise-Automation-PowerShell-Python-Portfolio/node_modules/jest-circus/build/run.js:121:9)
    at run (/home/mookyjooky/Dropbox/GITHUB/06 - COMPLETED TOOLS/TECH-Adobe-Enterprise-Automation-PowerShell-Python-Portfolio/node_modules/jest-circus/build/run.js:71:3)
    at runAndTransformResultsToJestFormat (/home/mookyjooky/Dropbox/GITHUB/06 - COMPLETED TOOLS/TECH-Adobe-Enterprise-Automation-PowerShell-Python-Portfolio/node_modules/jest-circus/build/legacy-code-todo-rewrite/jestAdapterInit.js:122:21)
    at jestAdapter (/home/mookyjooky/Dropbox/GITHUB/06 - COMPLETED TOOLS/TECH-Adobe-Enterprise-Automation-PowerShell-Python-Portfolio/node_modules/jest-circus/build/legacy-code-todo-rewrite/jestAdapter.js:79:19)
    at runTestInternal (/home/mookyjooky/Dropbox/GITHUB/06 - COMPLETED TOOLS/TECH-Adobe-Enterprise-Automation-PowerShell-Python-Portfolio/node_modules/jest-runner/build/runTest.js:367:16)
    at runTest (/home/mookyjooky/Dropbox/GITHUB/06 - COMPLETED TOOLS/TECH-Adobe-Enterprise-Automation-PowerShell-Python-Portfolio/node_modules/jest-runner/build/runTest.js:444:34)
----
    at Test._assertStatus (/home/mookyjooky/Dropbox/GITHUB/06 - COMPLETED TOOLS/TECH-Adobe-Enterprise-Automation-PowerShell-Python-Portfolio/node_modules/supertest/lib/test.js:252:14)
    at /home/mookyjooky/Dropbox/GITHUB/06 - COMPLETED TOOLS/TECH-Adobe-Enterprise-Automation-PowerShell-Python-Portfolio/node_modules/supertest/lib/test.js:308:13
    at Test._assertFunction (/home/mookyjooky/Dropbox/GITHUB/06 - COMPLETED TOOLS/TECH-Adobe-Enterprise-Automation-PowerShell-Python-Portfolio/node_modules/supertest/lib/test.js:285:13)
    at Test.assert (/home/mookyjooky/Dropbox/GITHUB/06 - COMPLETED TOOLS/TECH-Adobe-Enterprise-Automation-PowerShell-Python-Portfolio/node_modules/supertest/lib/test.js:164:23)
    at Server.localAssert (/home/mookyjooky/Dropbox/GITHUB/06 - COMPLETED TOOLS/TECH-Adobe-Enterprise-Automation-PowerShell-Python-Portfolio/node_modules/supertest/lib/test.js:120:14)
    at Object.onceWrapper (node:events:633:28)
    at Server.emit (node:events:519:28)
    at emitCloseNT (node:net:2419:8)
    at processTicksAndRejections (node:internal/process/task_queues:89:21)</failure>
    </testcase>
    <testcase classname="Adobe Enterprise Automation API › License Management" name="GET /api/licenses should return license information" time="0.002">
      <failure>Error: expected 200 &quot;OK&quot;, got 404 &quot;Not Found&quot;
    at Object.expect (/home/mookyjooky/Dropbox/GITHUB/06 - COMPLETED TOOLS/TECH-Adobe-Enterprise-Automation-PowerShell-Python-Portfolio/api/server.test.js:184:10)
    at Promise.then.completed (/home/mookyjooky/Dropbox/GITHUB/06 - COMPLETED TOOLS/TECH-Adobe-Enterprise-Automation-PowerShell-Python-Portfolio/node_modules/jest-circus/build/utils.js:298:28)
    at new Promise (&lt;anonymous&gt;)
    at callAsyncCircusFn (/home/mookyjooky/Dropbox/GITHUB/06 - COMPLETED TOOLS/TECH-Adobe-Enterprise-Automation-PowerShell-Python-Portfolio/node_modules/jest-circus/build/utils.js:231:10)
    at _callCircusTest (/home/mookyjooky/Dropbox/GITHUB/06 - COMPLETED TOOLS/TECH-Adobe-Enterprise-Automation-PowerShell-Python-Portfolio/node_modules/jest-circus/build/run.js:316:40)
    at processTicksAndRejections (node:internal/process/task_queues:105:5)
    at _runTest (/home/mookyjooky/Dropbox/GITHUB/06 - COMPLETED TOOLS/TECH-Adobe-Enterprise-Automation-PowerShell-Python-Portfolio/node_modules/jest-circus/build/run.js:252:3)
    at _runTestsForDescribeBlock (/home/mookyjooky/Dropbox/GITHUB/06 - COMPLETED TOOLS/TECH-Adobe-Enterprise-Automation-PowerShell-Python-Portfolio/node_modules/jest-circus/build/run.js:126:9)
    at _runTestsForDescribeBlock (/home/mookyjooky/Dropbox/GITHUB/06 - COMPLETED TOOLS/TECH-Adobe-Enterprise-Automation-PowerShell-Python-Portfolio/node_modules/jest-circus/build/run.js:121:9)
    at _runTestsForDescribeBlock (/home/mookyjooky/Dropbox/GITHUB/06 - COMPLETED TOOLS/TECH-Adobe-Enterprise-Automation-PowerShell-Python-Portfolio/node_modules/jest-circus/build/run.js:121:9)
    at run (/home/mookyjooky/Dropbox/GITHUB/06 - COMPLETED TOOLS/TECH-Adobe-Enterprise-Automation-PowerShell-Python-Portfolio/node_modules/jest-circus/build/run.js:71:3)
    at runAndTransformResultsToJestFormat (/home/mookyjooky/Dropbox/GITHUB/06 - COMPLETED TOOLS/TECH-Adobe-Enterprise-Automation-PowerShell-Python-Portfolio/node_modules/jest-circus/build/legacy-code-todo-rewrite/jestAdapterInit.js:122:21)
    at jestAdapter (/home/mookyjooky/Dropbox/GITHUB/06 - COMPLETED TOOLS/TECH-Adobe-Enterprise-Automation-PowerShell-Python-Portfolio/node_modules/jest-circus/build/legacy-code-todo-rewrite/jestAdapter.js:79:19)
    at runTestInternal (/home/mookyjooky/Dropbox/GITHUB/06 - COMPLETED TOOLS/TECH-Adobe-Enterprise-Automation-PowerShell-Python-Portfolio/node_modules/jest-runner/build/runTest.js:367:16)
    at runTest (/home/mookyjooky/Dropbox/GITHUB/06 - COMPLETED TOOLS/TECH-Adobe-Enterprise-Automation-PowerShell-Python-Portfolio/node_modules/jest-runner/build/runTest.js:444:34)
----
    at Test._assertStatus (/home/mookyjooky/Dropbox/GITHUB/06 - COMPLETED TOOLS/TECH-Adobe-Enterprise-Automation-PowerShell-Python-Portfolio/node_modules/supertest/lib/test.js:252:14)
    at /home/mookyjooky/Dropbox/GITHUB/06 - COMPLETED TOOLS/TECH-Adobe-Enterprise-Automation-PowerShell-Python-Portfolio/node_modules/supertest/lib/test.js:308:13
    at Test._assertFunction (/home/mookyjooky/Dropbox/GITHUB/06 - COMPLETED TOOLS/TECH-Adobe-Enterprise-Automation-PowerShell-Python-Portfolio/node_modules/supertest/lib/test.js:285:13)
    at Test.assert (/home/mookyjooky/Dropbox/GITHUB/06 - COMPLETED TOOLS/TECH-Adobe-Enterprise-Automation-PowerShell-Python-Portfolio/node_modules/supertest/lib/test.js:164:23)
    at Server.localAssert (/home/mookyjooky/Dropbox/GITHUB/06 - COMPLETED TOOLS/TECH-Adobe-Enterprise-Automation-PowerShell-Python-Portfolio/node_modules/supertest/lib/test.js:120:14)
    at Object.onceWrapper (node:events:633:28)
    at Server.emit (node:events:519:28)
    at emitCloseNT (node:net:2419:8)
    at processTicksAndRejections (node:internal/process/task_queues:89:21)</failure>
    </testcase>
    <testcase classname="Adobe Enterprise Automation API › License Management" name="GET /api/licenses/utilization should return utilization metrics" time="0.009">
      <failure>Error: write EPIPE
    at afterWriteDispatched (node:internal/stream_base_commons:159:15)
    at writeGeneric (node:internal/stream_base_commons:150:3)
    at Socket._writeGeneric (node:net:966:11)
    at Socket._write (node:net:978:8)
    at writeOrBuffer (node:internal/streams/writable:572:12)
    at _write (node:internal/streams/writable:501:10)
    at Socket.Writable.write (node:internal/streams/writable:510:10)
    at Socket.stream.write (/home/mookyjooky/Dropbox/GITHUB/06 - COMPLETED TOOLS/TECH-Adobe-Enterprise-Automation-PowerShell-Python-Portfolio/node_modules/@jest/reporters/build/VerboseReporter.js:47:7)
    at Console.log (/home/mookyjooky/Dropbox/GITHUB/06 - COMPLETED TOOLS/TECH-Adobe-Enterprise-Automation-PowerShell-Python-Portfolio/node_modules/winston/lib/winston/transports/console.js:87:23)
    at Console._write (/home/mookyjooky/Dropbox/GITHUB/06 - COMPLETED TOOLS/TECH-Adobe-Enterprise-Automation-PowerShell-Python-Portfolio/node_modules/winston-transport/modern.js:103:17)
    at doWrite (/home/mookyjooky/Dropbox/GITHUB/06 - COMPLETED TOOLS/TECH-Adobe-Enterprise-Automation-PowerShell-Python-Portfolio/node_modules/readable-stream/lib/_stream_writable.js:390:139)
    at writeOrBuffer (/home/mookyjooky/Dropbox/GITHUB/06 - COMPLETED TOOLS/TECH-Adobe-Enterprise-Automation-PowerShell-Python-Portfolio/node_modules/readable-stream/lib/_stream_writable.js:381:5)
    at Console.Object.&lt;anonymous&gt;.Writable.write (/home/mookyjooky/Dropbox/GITHUB/06 - COMPLETED TOOLS/TECH-Adobe-Enterprise-Automation-PowerShell-Python-Portfolio/node_modules/readable-stream/lib/_stream_writable.js:302:11)
    at DerivedLogger.ondata (/home/mookyjooky/Dropbox/GITHUB/06 - COMPLETED TOOLS/TECH-Adobe-Enterprise-Automation-PowerShell-Python-Portfolio/node_modules/readable-stream/lib/_stream_readable.js:629:20)
    at DerivedLogger.emit (node:events:531:35)
    at addChunk (/home/mookyjooky/Dropbox/GITHUB/06 - COMPLETED TOOLS/TECH-Adobe-Enterprise-Automation-PowerShell-Python-Portfolio/node_modules/readable-stream/lib/_stream_readable.js:279:12)
    at readableAddChunk (/home/mookyjooky/Dropbox/GITHUB/06 - COMPLETED TOOLS/TECH-Adobe-Enterprise-Automation-PowerShell-Python-Portfolio/node_modules/readable-stream/lib/_stream_readable.js:262:11)
    at DerivedLogger.Object.&lt;anonymous&gt;.Readable.push (/home/mookyjooky/Dropbox/GITHUB/06 - COMPLETED TOOLS/TECH-Adobe-Enterprise-Automation-PowerShell-Python-Portfolio/node_modules/readable-stream/lib/_stream_readable.js:228:10)
    at DerivedLogger.Object.&lt;anonymous&gt;.Transform.push (/home/mookyjooky/Dropbox/GITHUB/06 - COMPLETED TOOLS/TECH-Adobe-Enterprise-Automation-PowerShell-Python-Portfolio/node_modules/readable-stream/lib/_stream_transform.js:132:32)
    at DerivedLogger._transform (/home/mookyjooky/Dropbox/GITHUB/06 - COMPLETED TOOLS/TECH-Adobe-Enterprise-Automation-PowerShell-Python-Portfolio/node_modules/winston/lib/winston/logger.js:314:12)
    at DerivedLogger.Object.&lt;anonymous&gt;.Transform._read (/home/mookyjooky/Dropbox/GITHUB/06 - COMPLETED TOOLS/TECH-Adobe-Enterprise-Automation-PowerShell-Python-Portfolio/node_modules/readable-stream/lib/_stream_transform.js:166:10)
    at DerivedLogger.Object.&lt;anonymous&gt;.Transform._write (/home/mookyjooky/Dropbox/GITHUB/06 - COMPLETED TOOLS/TECH-Adobe-Enterprise-Automation-PowerShell-Python-Portfolio/node_modules/readable-stream/lib/_stream_transform.js:155:83)
    at doWrite (/home/mookyjooky/Dropbox/GITHUB/06 - COMPLETED TOOLS/TECH-Adobe-Enterprise-Automation-PowerShell-Python-Portfolio/node_modules/readable-stream/lib/_stream_writable.js:390:139)
    at writeOrBuffer (/home/mookyjooky/Dropbox/GITHUB/06 - COMPLETED TOOLS/TECH-Adobe-Enterprise-Automation-PowerShell-Python-Portfolio/node_modules/readable-stream/lib/_stream_writable.js:381:5)
    at DerivedLogger.Object.&lt;anonymous&gt;.Writable.write (/home/mookyjooky/Dropbox/GITHUB/06 - COMPLETED TOOLS/TECH-Adobe-Enterprise-Automation-PowerShell-Python-Portfolio/node_modules/readable-stream/lib/_stream_writable.js:302:11)
    at DerivedLogger.&lt;computed&gt; [as info] (/home/mookyjooky/Dropbox/GITHUB/06 - COMPLETED TOOLS/TECH-Adobe-Enterprise-Automation-PowerShell-Python-Portfolio/node_modules/winston/lib/winston/create-logger.js:81:14)
    at ServerResponse.info (/home/mookyjooky/Dropbox/GITHUB/06 - COMPLETED TOOLS/TECH-Adobe-Enterprise-Automation-PowerShell-Python-Portfolio/api/server.js:88:16)
    at ServerResponse.emit (node:events:531:35)
    at onFinish (node:_http_outgoing:1082:10)
    at callback (node:internal/streams/writable:766:21)
    at afterWrite (node:internal/streams/writable:710:5)
    at afterWriteTick (node:internal/streams/writable:696:10)
    at processTicksAndRejections (node:internal/process/task_queues:89:21)</failure>
      <failure>Error: expected 200 &quot;OK&quot;, got 500 &quot;Internal Server Error&quot;
    at Object.expect (/home/mookyjooky/Dropbox/GITHUB/06 - COMPLETED TOOLS/TECH-Adobe-Enterprise-Automation-PowerShell-Python-Portfolio/api/server.test.js:195:10)
    at Promise.then.completed (/home/mookyjooky/Dropbox/GITHUB/06 - COMPLETED TOOLS/TECH-Adobe-Enterprise-Automation-PowerShell-Python-Portfolio/node_modules/jest-circus/build/utils.js:298:28)
    at new Promise (&lt;anonymous&gt;)
    at callAsyncCircusFn (/home/mookyjooky/Dropbox/GITHUB/06 - COMPLETED TOOLS/TECH-Adobe-Enterprise-Automation-PowerShell-Python-Portfolio/node_modules/jest-circus/build/utils.js:231:10)
    at _callCircusTest (/home/mookyjooky/Dropbox/GITHUB/06 - COMPLETED TOOLS/TECH-Adobe-Enterprise-Automation-PowerShell-Python-Portfolio/node_modules/jest-circus/build/run.js:316:40)
    at processTicksAndRejections (node:internal/process/task_queues:105:5)
    at _runTest (/home/mookyjooky/Dropbox/GITHUB/06 - COMPLETED TOOLS/TECH-Adobe-Enterprise-Automation-PowerShell-Python-Portfolio/node_modules/jest-circus/build/run.js:252:3)
    at _runTestsForDescribeBlock (/home/mookyjooky/Dropbox/GITHUB/06 - COMPLETED TOOLS/TECH-Adobe-Enterprise-Automation-PowerShell-Python-Portfolio/node_modules/jest-circus/build/run.js:126:9)
    at _runTestsForDescribeBlock (/home/mookyjooky/Dropbox/GITHUB/06 - COMPLETED TOOLS/TECH-Adobe-Enterprise-Automation-PowerShell-Python-Portfolio/node_modules/jest-circus/build/run.js:121:9)
    at _runTestsForDescribeBlock (/home/mookyjooky/Dropbox/GITHUB/06 - COMPLETED TOOLS/TECH-Adobe-Enterprise-Automation-PowerShell-Python-Portfolio/node_modules/jest-circus/build/run.js:121:9)
    at run (/home/mookyjooky/Dropbox/GITHUB/06 - COMPLETED TOOLS/TECH-Adobe-Enterprise-Automation-PowerShell-Python-Portfolio/node_modules/jest-circus/build/run.js:71:3)
    at runAndTransformResultsToJestFormat (/home/mookyjooky/Dropbox/GITHUB/06 - COMPLETED TOOLS/TECH-Adobe-Enterprise-Automation-PowerShell-Python-Portfolio/node_modules/jest-circus/build/legacy-code-todo-rewrite/jestAdapterInit.js:122:21)
    at jestAdapter (/home/mookyjooky/Dropbox/GITHUB/06 - COMPLETED TOOLS/TECH-Adobe-Enterprise-Automation-PowerShell-Python-Portfolio/node_modules/jest-circus/build/legacy-code-todo-rewrite/jestAdapter.js:79:19)
    at runTestInternal (/home/mookyjooky/Dropbox/GITHUB/06 - COMPLETED TOOLS/TECH-Adobe-Enterprise-Automation-PowerShell-Python-Portfolio/node_modules/jest-runner/build/runTest.js:367:16)
    at runTest (/home/mookyjooky/Dropbox/GITHUB/06 - COMPLETED TOOLS/TECH-Adobe-Enterprise-Automation-PowerShell-Python-Portfolio/node_modules/jest-runner/build/runTest.js:444:34)
----
    at Test._assertStatus (/home/mookyjooky/Dropbox/GITHUB/06 - COMPLETED TOOLS/TECH-Adobe-Enterprise-Automation-PowerShell-Python-Portfolio/node_modules/supertest/lib/test.js:252:14)
    at /home/mookyjooky/Dropbox/GITHUB/06 - COMPLETED TOOLS/TECH-Adobe-Enterprise-Automation-PowerShell-Python-Portfolio/node_modules/supertest/lib/test.js:308:13
    at Test._assertFunction (/home/mookyjooky/Dropbox/GITHUB/06 - COMPLETED TOOLS/TECH-Adobe-Enterprise-Automation-PowerShell-Python-Portfolio/node_modules/supertest/lib/test.js:285:13)
    at Test.assert (/home/mookyjooky/Dropbox/GITHUB/06 - COMPLETED TOOLS/TECH-Adobe-Enterprise-Automation-PowerShell-Python-Portfolio/node_modules/supertest/lib/test.js:164:23)
    at Server.localAssert (/home/mookyjooky/Dropbox/GITHUB/06 - COMPLETED TOOLS/TECH-Adobe-Enterprise-Automation-PowerShell-Python-Portfolio/node_modules/supertest/lib/test.js:120:14)
    at Object.onceWrapper (node:events:633:28)
    at Server.emit (node:events:519:28)
    at emitCloseNT (node:net:2419:8)
    at processTicksAndRejections (node:internal/process/task_queues:89:21)</failure>
    </testcase>
    <testcase classname="Adobe Enterprise Automation API › License Management" name="POST /api/licenses/optimize should trigger optimization" time="0.592">
      <failure>Error: write EPIPE
    at afterWriteDispatched (node:internal/stream_base_commons:159:15)
    at writeGeneric (node:internal/stream_base_commons:150:3)
    at Socket._writeGeneric (node:net:966:11)
    at Socket._write (node:net:978:8)
    at writeOrBuffer (node:internal/streams/writable:572:12)
    at _write (node:internal/streams/writable:501:10)
    at Socket.Writable.write (node:internal/streams/writable:510:10)
    at Socket.stream.write (/home/mookyjooky/Dropbox/GITHUB/06 - COMPLETED TOOLS/TECH-Adobe-Enterprise-Automation-PowerShell-Python-Portfolio/node_modules/@jest/reporters/build/VerboseReporter.js:47:7)
    at Console.log (/home/mookyjooky/Dropbox/GITHUB/06 - COMPLETED TOOLS/TECH-Adobe-Enterprise-Automation-PowerShell-Python-Portfolio/node_modules/winston/lib/winston/transports/console.js:87:23)
    at Console._write (/home/mookyjooky/Dropbox/GITHUB/06 - COMPLETED TOOLS/TECH-Adobe-Enterprise-Automation-PowerShell-Python-Portfolio/node_modules/winston-transport/modern.js:103:17)
    at doWrite (/home/mookyjooky/Dropbox/GITHUB/06 - COMPLETED TOOLS/TECH-Adobe-Enterprise-Automation-PowerShell-Python-Portfolio/node_modules/readable-stream/lib/_stream_writable.js:390:139)
    at writeOrBuffer (/home/mookyjooky/Dropbox/GITHUB/06 - COMPLETED TOOLS/TECH-Adobe-Enterprise-Automation-PowerShell-Python-Portfolio/node_modules/readable-stream/lib/_stream_writable.js:381:5)
    at Console.Object.&lt;anonymous&gt;.Writable.write (/home/mookyjooky/Dropbox/GITHUB/06 - COMPLETED TOOLS/TECH-Adobe-Enterprise-Automation-PowerShell-Python-Portfolio/node_modules/readable-stream/lib/_stream_writable.js:302:11)
    at DerivedLogger.ondata (/home/mookyjooky/Dropbox/GITHUB/06 - COMPLETED TOOLS/TECH-Adobe-Enterprise-Automation-PowerShell-Python-Portfolio/node_modules/readable-stream/lib/_stream_readable.js:629:20)
    at DerivedLogger.emit (node:events:531:35)
    at addChunk (/home/mookyjooky/Dropbox/GITHUB/06 - COMPLETED TOOLS/TECH-Adobe-Enterprise-Automation-PowerShell-Python-Portfolio/node_modules/readable-stream/lib/_stream_readable.js:279:12)
    at readableAddChunk (/home/mookyjooky/Dropbox/GITHUB/06 - COMPLETED TOOLS/TECH-Adobe-Enterprise-Automation-PowerShell-Python-Portfolio/node_modules/readable-stream/lib/_stream_readable.js:262:11)
    at DerivedLogger.Object.&lt;anonymous&gt;.Readable.push (/home/mookyjooky/Dropbox/GITHUB/06 - COMPLETED TOOLS/TECH-Adobe-Enterprise-Automation-PowerShell-Python-Portfolio/node_modules/readable-stream/lib/_stream_readable.js:228:10)
    at DerivedLogger.Object.&lt;anonymous&gt;.Transform.push (/home/mookyjooky/Dropbox/GITHUB/06 - COMPLETED TOOLS/TECH-Adobe-Enterprise-Automation-PowerShell-Python-Portfolio/node_modules/readable-stream/lib/_stream_transform.js:132:32)
    at DerivedLogger._transform (/home/mookyjooky/Dropbox/GITHUB/06 - COMPLETED TOOLS/TECH-Adobe-Enterprise-Automation-PowerShell-Python-Portfolio/node_modules/winston/lib/winston/logger.js:314:12)
    at DerivedLogger.Object.&lt;anonymous&gt;.Transform._read (/home/mookyjooky/Dropbox/GITHUB/06 - COMPLETED TOOLS/TECH-Adobe-Enterprise-Automation-PowerShell-Python-Portfolio/node_modules/readable-stream/lib/_stream_transform.js:166:10)
    at DerivedLogger.Object.&lt;anonymous&gt;.Transform._write (/home/mookyjooky/Dropbox/GITHUB/06 - COMPLETED TOOLS/TECH-Adobe-Enterprise-Automation-PowerShell-Python-Portfolio/node_modules/readable-stream/lib/_stream_transform.js:155:83)
    at doWrite (/home/mookyjooky/Dropbox/GITHUB/06 - COMPLETED TOOLS/TECH-Adobe-Enterprise-Automation-PowerShell-Python-Portfolio/node_modules/readable-stream/lib/_stream_writable.js:390:139)
    at writeOrBuffer (/home/mookyjooky/Dropbox/GITHUB/06 - COMPLETED TOOLS/TECH-Adobe-Enterprise-Automation-PowerShell-Python-Portfolio/node_modules/readable-stream/lib/_stream_writable.js:381:5)
    at DerivedLogger.Object.&lt;anonymous&gt;.Writable.write (/home/mookyjooky/Dropbox/GITHUB/06 - COMPLETED TOOLS/TECH-Adobe-Enterprise-Automation-PowerShell-Python-Portfolio/node_modules/readable-stream/lib/_stream_writable.js:302:11)
    at DerivedLogger.&lt;computed&gt; [as info] (/home/mookyjooky/Dropbox/GITHUB/06 - COMPLETED TOOLS/TECH-Adobe-Enterprise-Automation-PowerShell-Python-Portfolio/node_modules/winston/lib/winston/create-logger.js:81:14)
    at info (/home/mookyjooky/Dropbox/GITHUB/06 - COMPLETED TOOLS/TECH-Adobe-Enterprise-Automation-PowerShell-Python-Portfolio/api/server.js:397:16)
    at Layer.handle [as handle_request] (/home/mookyjooky/Dropbox/GITHUB/06 - COMPLETED TOOLS/TECH-Adobe-Enterprise-Automation-PowerShell-Python-Portfolio/node_modules/express/lib/router/layer.js:95:5)
    at next (/home/mookyjooky/Dropbox/GITHUB/06 - COMPLETED TOOLS/TECH-Adobe-Enterprise-Automation-PowerShell-Python-Portfolio/node_modules/express/lib/router/route.js:149:13)
    at next (/home/mookyjooky/Dropbox/GITHUB/06 - COMPLETED TOOLS/TECH-Adobe-Enterprise-Automation-PowerShell-Python-Portfolio/api/server.js:128:9)
    at /home/mookyjooky/Dropbox/GITHUB/06 - COMPLETED TOOLS/TECH-Adobe-Enterprise-Automation-PowerShell-Python-Portfolio/node_modules/jsonwebtoken/verify.js:261:12
    at getSecret (/home/mookyjooky/Dropbox/GITHUB/06 - COMPLETED TOOLS/TECH-Adobe-Enterprise-Automation-PowerShell-Python-Portfolio/node_modules/jsonwebtoken/verify.js:97:14)
    at Object.&lt;anonymous&gt;.module.exports [as verify] (/home/mookyjooky/Dropbox/GITHUB/06 - COMPLETED TOOLS/TECH-Adobe-Enterprise-Automation-PowerShell-Python-Portfolio/node_modules/jsonwebtoken/verify.js:101:10)
    at verify (/home/mookyjooky/Dropbox/GITHUB/06 - COMPLETED TOOLS/TECH-Adobe-Enterprise-Automation-PowerShell-Python-Portfolio/api/server.js:123:9)
    at Layer.handle [as handle_request] (/home/mookyjooky/Dropbox/GITHUB/06 - COMPLETED TOOLS/TECH-Adobe-Enterprise-Automation-PowerShell-Python-Portfolio/node_modules/express/lib/router/layer.js:95:5)
    at next (/home/mookyjooky/Dropbox/GITHUB/06 - COMPLETED TOOLS/TECH-Adobe-Enterprise-Automation-PowerShell-Python-Portfolio/node_modules/express/lib/router/route.js:149:13)
    at Route.dispatch (/home/mookyjooky/Dropbox/GITHUB/06 - COMPLETED TOOLS/TECH-Adobe-Enterprise-Automation-PowerShell-Python-Portfolio/node_modules/express/lib/router/route.js:119:3)
    at Layer.handle [as handle_request] (/home/mookyjooky/Dropbox/GITHUB/06 - COMPLETED TOOLS/TECH-Adobe-Enterprise-Automation-PowerShell-Python-Portfolio/node_modules/express/lib/router/layer.js:95:5)
    at /home/mookyjooky/Dropbox/GITHUB/06 - COMPLETED TOOLS/TECH-Adobe-Enterprise-Automation-PowerShell-Python-Portfolio/node_modules/express/lib/router/index.js:284:15
    at Function.process_params (/home/mookyjooky/Dropbox/GITHUB/06 - COMPLETED TOOLS/TECH-Adobe-Enterprise-Automation-PowerShell-Python-Portfolio/node_modules/express/lib/router/index.js:346:12)
    at next (/home/mookyjooky/Dropbox/GITHUB/06 - COMPLETED TOOLS/TECH-Adobe-Enterprise-Automation-PowerShell-Python-Portfolio/node_modules/express/lib/router/index.js:280:10)
    at /home/mookyjooky/Dropbox/GITHUB/06 - COMPLETED TOOLS/TECH-Adobe-Enterprise-Automation-PowerShell-Python-Portfolio/node_modules/express-rate-limit/dist/index.cjs:807:7
    at processTicksAndRejections (node:internal/process/task_queues:105:5)
    at /home/mookyjooky/Dropbox/GITHUB/06 - COMPLETED TOOLS/TECH-Adobe-Enterprise-Automation-PowerShell-Python-Portfolio/node_modules/express-rate-limit/dist/index.cjs:691:5</failure>
      <failure>Error: write EPIPE
    at afterWriteDispatched (node:internal/stream_base_commons:159:15)
    at writeGeneric (node:internal/stream_base_commons:150:3)
    at Socket._writeGeneric (node:net:966:11)
    at Socket._write (node:net:978:8)
    at writeOrBuffer (node:internal/streams/writable:572:12)
    at _write (node:internal/streams/writable:501:10)
    at Socket.Writable.write (node:internal/streams/writable:510:10)
    at Socket.stream.write (/home/mookyjooky/Dropbox/GITHUB/06 - COMPLETED TOOLS/TECH-Adobe-Enterprise-Automation-PowerShell-Python-Portfolio/node_modules/@jest/reporters/build/VerboseReporter.js:47:7)
    at Console.log (/home/mookyjooky/Dropbox/GITHUB/06 - COMPLETED TOOLS/TECH-Adobe-Enterprise-Automation-PowerShell-Python-Portfolio/node_modules/winston/lib/winston/transports/console.js:87:23)
    at Console._write (/home/mookyjooky/Dropbox/GITHUB/06 - COMPLETED TOOLS/TECH-Adobe-Enterprise-Automation-PowerShell-Python-Portfolio/node_modules/winston-transport/modern.js:103:17)
    at doWrite (/home/mookyjooky/Dropbox/GITHUB/06 - COMPLETED TOOLS/TECH-Adobe-Enterprise-Automation-PowerShell-Python-Portfolio/node_modules/readable-stream/lib/_stream_writable.js:390:139)
    at writeOrBuffer (/home/mookyjooky/Dropbox/GITHUB/06 - COMPLETED TOOLS/TECH-Adobe-Enterprise-Automation-PowerShell-Python-Portfolio/node_modules/readable-stream/lib/_stream_writable.js:381:5)
    at Console.Object.&lt;anonymous&gt;.Writable.write (/home/mookyjooky/Dropbox/GITHUB/06 - COMPLETED TOOLS/TECH-Adobe-Enterprise-Automation-PowerShell-Python-Portfolio/node_modules/readable-stream/lib/_stream_writable.js:302:11)
    at DerivedLogger.ondata (/home/mookyjooky/Dropbox/GITHUB/06 - COMPLETED TOOLS/TECH-Adobe-Enterprise-Automation-PowerShell-Python-Portfolio/node_modules/readable-stream/lib/_stream_readable.js:629:20)
    at DerivedLogger.emit (node:events:531:35)
    at addChunk (/home/mookyjooky/Dropbox/GITHUB/06 - COMPLETED TOOLS/TECH-Adobe-Enterprise-Automation-PowerShell-Python-Portfolio/node_modules/readable-stream/lib/_stream_readable.js:279:12)
    at readableAddChunk (/home/mookyjooky/Dropbox/GITHUB/06 - COMPLETED TOOLS/TECH-Adobe-Enterprise-Automation-PowerShell-Python-Portfolio/node_modules/readable-stream/lib/_stream_readable.js:262:11)
    at DerivedLogger.Object.&lt;anonymous&gt;.Readable.push (/home/mookyjooky/Dropbox/GITHUB/06 - COMPLETED TOOLS/TECH-Adobe-Enterprise-Automation-PowerShell-Python-Portfolio/node_modules/readable-stream/lib/_stream_readable.js:228:10)
    at DerivedLogger.Object.&lt;anonymous&gt;.Transform.push (/home/mookyjooky/Dropbox/GITHUB/06 - COMPLETED TOOLS/TECH-Adobe-Enterprise-Automation-PowerShell-Python-Portfolio/node_modules/readable-stream/lib/_stream_transform.js:132:32)
    at DerivedLogger._transform (/home/mookyjooky/Dropbox/GITHUB/06 - COMPLETED TOOLS/TECH-Adobe-Enterprise-Automation-PowerShell-Python-Portfolio/node_modules/winston/lib/winston/logger.js:314:12)
    at DerivedLogger.Object.&lt;anonymous&gt;.Transform._read (/home/mookyjooky/Dropbox/GITHUB/06 - COMPLETED TOOLS/TECH-Adobe-Enterprise-Automation-PowerShell-Python-Portfolio/node_modules/readable-stream/lib/_stream_transform.js:166:10)
    at DerivedLogger.Object.&lt;anonymous&gt;.Transform._write (/home/mookyjooky/Dropbox/GITHUB/06 - COMPLETED TOOLS/TECH-Adobe-Enterprise-Automation-PowerShell-Python-Portfolio/node_modules/readable-stream/lib/_stream_transform.js:155:83)
    at doWrite (/home/mookyjooky/Dropbox/GITHUB/06 - COMPLETED TOOLS/TECH-Adobe-Enterprise-Automation-PowerShell-Python-Portfolio/node_modules/readable-stream/lib/_stream_writable.js:390:139)
    at writeOrBuffer (/home/mookyjooky/Dropbox/GITHUB/06 - COMPLETED TOOLS/TECH-Adobe-Enterprise-Automation-PowerShell-Python-Portfolio/node_modules/readable-stream/lib/_stream_writable.js:381:5)
    at DerivedLogger.Object.&lt;anonymous&gt;.Writable.write (/home/mookyjooky/Dropbox/GITHUB/06 - COMPLETED TOOLS/TECH-Adobe-Enterprise-Automation-PowerShell-Python-Portfolio/node_modules/readable-stream/lib/_stream_writable.js:302:11)
    at DerivedLogger.&lt;computed&gt; [as info] (/home/mookyjooky/Dropbox/GITHUB/06 - COMPLETED TOOLS/TECH-Adobe-Enterprise-Automation-PowerShell-Python-Portfolio/node_modules/winston/lib/winston/create-logger.js:81:14)
    at ServerResponse.info (/home/mookyjooky/Dropbox/GITHUB/06 - COMPLETED TOOLS/TECH-Adobe-Enterprise-Automation-PowerShell-Python-Portfolio/api/server.js:88:16)
    at ServerResponse.emit (node:events:531:35)
    at onFinish (node:_http_outgoing:1082:10)
    at callback (node:internal/streams/writable:766:21)
    at afterWrite (node:internal/streams/writable:710:5)
    at afterWriteTick (node:internal/streams/writable:696:10)
    at processTicksAndRejections (node:internal/process/task_queues:89:21)</failure>
      <failure>Error: expect(received).toHaveProperty(path)

Expected path: &quot;optimized&quot;
Received path: []

Received value: {&quot;message&quot;: &quot;License optimization completed&quot;, &quot;results&quot;: &quot;PowerShell Development Environment Loaded!
[2025-09-16 22:28:24] [INFO] === Adobe License Optimization Started ===
[2025-09-16 22:28:24] [ERROR] Configuration file not found: ..\\..\\config\\adobe-config.json
&quot;, &quot;success&quot;: true}
    at Object.toHaveProperty (/home/mookyjooky/Dropbox/GITHUB/06 - COMPLETED TOOLS/TECH-Adobe-Enterprise-Automation-PowerShell-Python-Portfolio/api/server.test.js:214:29)
    at processTicksAndRejections (node:internal/process/task_queues:105:5)</failure>
    </testcase>
    <testcase classname="Adobe Enterprise Automation API › Reports" name="GET /api/reports/usage should return usage report" time="0.003">
      <failure>Error: write EPIPE
    at afterWriteDispatched (node:internal/stream_base_commons:159:15)
    at writeGeneric (node:internal/stream_base_commons:150:3)
    at Socket._writeGeneric (node:net:966:11)
    at Socket._write (node:net:978:8)
    at writeOrBuffer (node:internal/streams/writable:572:12)
    at _write (node:internal/streams/writable:501:10)
    at Socket.Writable.write (node:internal/streams/writable:510:10)
    at Socket.stream.write (/home/mookyjooky/Dropbox/GITHUB/06 - COMPLETED TOOLS/TECH-Adobe-Enterprise-Automation-PowerShell-Python-Portfolio/node_modules/@jest/reporters/build/VerboseReporter.js:47:7)
    at Console.log (/home/mookyjooky/Dropbox/GITHUB/06 - COMPLETED TOOLS/TECH-Adobe-Enterprise-Automation-PowerShell-Python-Portfolio/node_modules/winston/lib/winston/transports/console.js:87:23)
    at Console._write (/home/mookyjooky/Dropbox/GITHUB/06 - COMPLETED TOOLS/TECH-Adobe-Enterprise-Automation-PowerShell-Python-Portfolio/node_modules/winston-transport/modern.js:103:17)
    at doWrite (/home/mookyjooky/Dropbox/GITHUB/06 - COMPLETED TOOLS/TECH-Adobe-Enterprise-Automation-PowerShell-Python-Portfolio/node_modules/readable-stream/lib/_stream_writable.js:390:139)
    at writeOrBuffer (/home/mookyjooky/Dropbox/GITHUB/06 - COMPLETED TOOLS/TECH-Adobe-Enterprise-Automation-PowerShell-Python-Portfolio/node_modules/readable-stream/lib/_stream_writable.js:381:5)
    at Console.Object.&lt;anonymous&gt;.Writable.write (/home/mookyjooky/Dropbox/GITHUB/06 - COMPLETED TOOLS/TECH-Adobe-Enterprise-Automation-PowerShell-Python-Portfolio/node_modules/readable-stream/lib/_stream_writable.js:302:11)
    at DerivedLogger.ondata (/home/mookyjooky/Dropbox/GITHUB/06 - COMPLETED TOOLS/TECH-Adobe-Enterprise-Automation-PowerShell-Python-Portfolio/node_modules/readable-stream/lib/_stream_readable.js:629:20)
    at DerivedLogger.emit (node:events:531:35)
    at addChunk (/home/mookyjooky/Dropbox/GITHUB/06 - COMPLETED TOOLS/TECH-Adobe-Enterprise-Automation-PowerShell-Python-Portfolio/node_modules/readable-stream/lib/_stream_readable.js:279:12)
    at readableAddChunk (/home/mookyjooky/Dropbox/GITHUB/06 - COMPLETED TOOLS/TECH-Adobe-Enterprise-Automation-PowerShell-Python-Portfolio/node_modules/readable-stream/lib/_stream_readable.js:262:11)
    at DerivedLogger.Object.&lt;anonymous&gt;.Readable.push (/home/mookyjooky/Dropbox/GITHUB/06 - COMPLETED TOOLS/TECH-Adobe-Enterprise-Automation-PowerShell-Python-Portfolio/node_modules/readable-stream/lib/_stream_readable.js:228:10)
    at DerivedLogger.Object.&lt;anonymous&gt;.Transform.push (/home/mookyjooky/Dropbox/GITHUB/06 - COMPLETED TOOLS/TECH-Adobe-Enterprise-Automation-PowerShell-Python-Portfolio/node_modules/readable-stream/lib/_stream_transform.js:132:32)
    at DerivedLogger._transform (/home/mookyjooky/Dropbox/GITHUB/06 - COMPLETED TOOLS/TECH-Adobe-Enterprise-Automation-PowerShell-Python-Portfolio/node_modules/winston/lib/winston/logger.js:314:12)
    at DerivedLogger.Object.&lt;anonymous&gt;.Transform._read (/home/mookyjooky/Dropbox/GITHUB/06 - COMPLETED TOOLS/TECH-Adobe-Enterprise-Automation-PowerShell-Python-Portfolio/node_modules/readable-stream/lib/_stream_transform.js:166:10)
    at DerivedLogger.Object.&lt;anonymous&gt;.Transform._write (/home/mookyjooky/Dropbox/GITHUB/06 - COMPLETED TOOLS/TECH-Adobe-Enterprise-Automation-PowerShell-Python-Portfolio/node_modules/readable-stream/lib/_stream_transform.js:155:83)
    at doWrite (/home/mookyjooky/Dropbox/GITHUB/06 - COMPLETED TOOLS/TECH-Adobe-Enterprise-Automation-PowerShell-Python-Portfolio/node_modules/readable-stream/lib/_stream_writable.js:390:139)
    at writeOrBuffer (/home/mookyjooky/Dropbox/GITHUB/06 - COMPLETED TOOLS/TECH-Adobe-Enterprise-Automation-PowerShell-Python-Portfolio/node_modules/readable-stream/lib/_stream_writable.js:381:5)
    at DerivedLogger.Object.&lt;anonymous&gt;.Writable.write (/home/mookyjooky/Dropbox/GITHUB/06 - COMPLETED TOOLS/TECH-Adobe-Enterprise-Automation-PowerShell-Python-Portfolio/node_modules/readable-stream/lib/_stream_writable.js:302:11)
    at DerivedLogger.&lt;computed&gt; [as info] (/home/mookyjooky/Dropbox/GITHUB/06 - COMPLETED TOOLS/TECH-Adobe-Enterprise-Automation-PowerShell-Python-Portfolio/node_modules/winston/lib/winston/create-logger.js:81:14)
    at ServerResponse.info (/home/mookyjooky/Dropbox/GITHUB/06 - COMPLETED TOOLS/TECH-Adobe-Enterprise-Automation-PowerShell-Python-Portfolio/api/server.js:88:16)
    at ServerResponse.emit (node:events:531:35)
    at onFinish (node:_http_outgoing:1082:10)
    at callback (node:internal/streams/writable:766:21)
    at afterWrite (node:internal/streams/writable:710:5)
    at afterWriteTick (node:internal/streams/writable:696:10)
    at processTicksAndRejections (node:internal/process/task_queues:89:21)</failure>
      <failure>Error: expected 200 &quot;OK&quot;, got 404 &quot;Not Found&quot;
    at Object.expect (/home/mookyjooky/Dropbox/GITHUB/06 - COMPLETED TOOLS/TECH-Adobe-Enterprise-Automation-PowerShell-Python-Portfolio/api/server.test.js:236:10)
    at Promise.then.completed (/home/mookyjooky/Dropbox/GITHUB/06 - COMPLETED TOOLS/TECH-Adobe-Enterprise-Automation-PowerShell-Python-Portfolio/node_modules/jest-circus/build/utils.js:298:28)
    at new Promise (&lt;anonymous&gt;)
    at callAsyncCircusFn (/home/mookyjooky/Dropbox/GITHUB/06 - COMPLETED TOOLS/TECH-Adobe-Enterprise-Automation-PowerShell-Python-Portfolio/node_modules/jest-circus/build/utils.js:231:10)
    at _callCircusTest (/home/mookyjooky/Dropbox/GITHUB/06 - COMPLETED TOOLS/TECH-Adobe-Enterprise-Automation-PowerShell-Python-Portfolio/node_modules/jest-circus/build/run.js:316:40)
    at processTicksAndRejections (node:internal/process/task_queues:105:5)
    at _runTest (/home/mookyjooky/Dropbox/GITHUB/06 - COMPLETED TOOLS/TECH-Adobe-Enterprise-Automation-PowerShell-Python-Portfolio/node_modules/jest-circus/build/run.js:252:3)
    at _runTestsForDescribeBlock (/home/mookyjooky/Dropbox/GITHUB/06 - COMPLETED TOOLS/TECH-Adobe-Enterprise-Automation-PowerShell-Python-Portfolio/node_modules/jest-circus/build/run.js:126:9)
    at _runTestsForDescribeBlock (/home/mookyjooky/Dropbox/GITHUB/06 - COMPLETED TOOLS/TECH-Adobe-Enterprise-Automation-PowerShell-Python-Portfolio/node_modules/jest-circus/build/run.js:121:9)
    at _runTestsForDescribeBlock (/home/mookyjooky/Dropbox/GITHUB/06 - COMPLETED TOOLS/TECH-Adobe-Enterprise-Automation-PowerShell-Python-Portfolio/node_modules/jest-circus/build/run.js:121:9)
    at run (/home/mookyjooky/Dropbox/GITHUB/06 - COMPLETED TOOLS/TECH-Adobe-Enterprise-Automation-PowerShell-Python-Portfolio/node_modules/jest-circus/build/run.js:71:3)
    at runAndTransformResultsToJestFormat (/home/mookyjooky/Dropbox/GITHUB/06 - COMPLETED TOOLS/TECH-Adobe-Enterprise-Automation-PowerShell-Python-Portfolio/node_modules/jest-circus/build/legacy-code-todo-rewrite/jestAdapterInit.js:122:21)
    at jestAdapter (/home/mookyjooky/Dropbox/GITHUB/06 - COMPLETED TOOLS/TECH-Adobe-Enterprise-Automation-PowerShell-Python-Portfolio/node_modules/jest-circus/build/legacy-code-todo-rewrite/jestAdapter.js:79:19)
    at runTestInternal (/home/mookyjooky/Dropbox/GITHUB/06 - COMPLETED TOOLS/TECH-Adobe-Enterprise-Automation-PowerShell-Python-Portfolio/node_modules/jest-runner/build/runTest.js:367:16)
    at runTest (/home/mookyjooky/Dropbox/GITHUB/06 - COMPLETED TOOLS/TECH-Adobe-Enterprise-Automation-PowerShell-Python-Portfolio/node_modules/jest-runner/build/runTest.js:444:34)
----
    at Test._assertStatus (/home/mookyjooky/Dropbox/GITHUB/06 - COMPLETED TOOLS/TECH-Adobe-Enterprise-Automation-PowerShell-Python-Portfolio/node_modules/supertest/lib/test.js:252:14)
    at /home/mookyjooky/Dropbox/GITHUB/06 - COMPLETED TOOLS/TECH-Adobe-Enterprise-Automation-PowerShell-Python-Portfolio/node_modules/supertest/lib/test.js:308:13
    at Test._assertFunction (/home/mookyjooky/Dropbox/GITHUB/06 - COMPLETED TOOLS/TECH-Adobe-Enterprise-Automation-PowerShell-Python-Portfolio/node_modules/supertest/lib/test.js:285:13)
    at Test.assert (/home/mookyjooky/Dropbox/GITHUB/06 - COMPLETED TOOLS/TECH-Adobe-Enterprise-Automation-PowerShell-Python-Portfolio/node_modules/supertest/lib/test.js:164:23)
    at Server.localAssert (/home/mookyjooky/Dropbox/GITHUB/06 - COMPLETED TOOLS/TECH-Adobe-Enterprise-Automation-PowerShell-Python-Portfolio/node_modules/supertest/lib/test.js:120:14)
    at Object.onceWrapper (node:events:633:28)
    at Server.emit (node:events:519:28)
    at emitCloseNT (node:net:2419:8)
    at processTicksAndRejections (node:internal/process/task_queues:89:21)</failure>
    </testcase>
    <testcase classname="Adobe Enterprise Automation API › Reports" name="GET /api/reports/compliance should return compliance report" time="0.005">
      <failure>Error: write EPIPE
    at afterWriteDispatched (node:internal/stream_base_commons:159:15)
    at writeGeneric (node:internal/stream_base_commons:150:3)
    at Socket._writeGeneric (node:net:966:11)
    at Socket._write (node:net:978:8)
    at writeOrBuffer (node:internal/streams/writable:572:12)
    at _write (node:internal/streams/writable:501:10)
    at Socket.Writable.write (node:internal/streams/writable:510:10)
    at Socket.stream.write (/home/mookyjooky/Dropbox/GITHUB/06 - COMPLETED TOOLS/TECH-Adobe-Enterprise-Automation-PowerShell-Python-Portfolio/node_modules/@jest/reporters/build/VerboseReporter.js:47:7)
    at Console.log (/home/mookyjooky/Dropbox/GITHUB/06 - COMPLETED TOOLS/TECH-Adobe-Enterprise-Automation-PowerShell-Python-Portfolio/node_modules/winston/lib/winston/transports/console.js:87:23)
    at Console._write (/home/mookyjooky/Dropbox/GITHUB/06 - COMPLETED TOOLS/TECH-Adobe-Enterprise-Automation-PowerShell-Python-Portfolio/node_modules/winston-transport/modern.js:103:17)
    at doWrite (/home/mookyjooky/Dropbox/GITHUB/06 - COMPLETED TOOLS/TECH-Adobe-Enterprise-Automation-PowerShell-Python-Portfolio/node_modules/readable-stream/lib/_stream_writable.js:390:139)
    at writeOrBuffer (/home/mookyjooky/Dropbox/GITHUB/06 - COMPLETED TOOLS/TECH-Adobe-Enterprise-Automation-PowerShell-Python-Portfolio/node_modules/readable-stream/lib/_stream_writable.js:381:5)
    at Console.Object.&lt;anonymous&gt;.Writable.write (/home/mookyjooky/Dropbox/GITHUB/06 - COMPLETED TOOLS/TECH-Adobe-Enterprise-Automation-PowerShell-Python-Portfolio/node_modules/readable-stream/lib/_stream_writable.js:302:11)
    at DerivedLogger.ondata (/home/mookyjooky/Dropbox/GITHUB/06 - COMPLETED TOOLS/TECH-Adobe-Enterprise-Automation-PowerShell-Python-Portfolio/node_modules/readable-stream/lib/_stream_readable.js:629:20)
    at DerivedLogger.emit (node:events:531:35)
    at addChunk (/home/mookyjooky/Dropbox/GITHUB/06 - COMPLETED TOOLS/TECH-Adobe-Enterprise-Automation-PowerShell-Python-Portfolio/node_modules/readable-stream/lib/_stream_readable.js:279:12)
    at readableAddChunk (/home/mookyjooky/Dropbox/GITHUB/06 - COMPLETED TOOLS/TECH-Adobe-Enterprise-Automation-PowerShell-Python-Portfolio/node_modules/readable-stream/lib/_stream_readable.js:262:11)
    at DerivedLogger.Object.&lt;anonymous&gt;.Readable.push (/home/mookyjooky/Dropbox/GITHUB/06 - COMPLETED TOOLS/TECH-Adobe-Enterprise-Automation-PowerShell-Python-Portfolio/node_modules/readable-stream/lib/_stream_readable.js:228:10)
    at DerivedLogger.Object.&lt;anonymous&gt;.Transform.push (/home/mookyjooky/Dropbox/GITHUB/06 - COMPLETED TOOLS/TECH-Adobe-Enterprise-Automation-PowerShell-Python-Portfolio/node_modules/readable-stream/lib/_stream_transform.js:132:32)
    at DerivedLogger._transform (/home/mookyjooky/Dropbox/GITHUB/06 - COMPLETED TOOLS/TECH-Adobe-Enterprise-Automation-PowerShell-Python-Portfolio/node_modules/winston/lib/winston/logger.js:314:12)
    at DerivedLogger.Object.&lt;anonymous&gt;.Transform._read (/home/mookyjooky/Dropbox/GITHUB/06 - COMPLETED TOOLS/TECH-Adobe-Enterprise-Automation-PowerShell-Python-Portfolio/node_modules/readable-stream/lib/_stream_transform.js:166:10)
    at DerivedLogger.Object.&lt;anonymous&gt;.Transform._write (/home/mookyjooky/Dropbox/GITHUB/06 - COMPLETED TOOLS/TECH-Adobe-Enterprise-Automation-PowerShell-Python-Portfolio/node_modules/readable-stream/lib/_stream_transform.js:155:83)
    at doWrite (/home/mookyjooky/Dropbox/GITHUB/06 - COMPLETED TOOLS/TECH-Adobe-Enterprise-Automation-PowerShell-Python-Portfolio/node_modules/readable-stream/lib/_stream_writable.js:390:139)
    at writeOrBuffer (/home/mookyjooky/Dropbox/GITHUB/06 - COMPLETED TOOLS/TECH-Adobe-Enterprise-Automation-PowerShell-Python-Portfolio/node_modules/readable-stream/lib/_stream_writable.js:381:5)
    at DerivedLogger.Object.&lt;anonymous&gt;.Writable.write (/home/mookyjooky/Dropbox/GITHUB/06 - COMPLETED TOOLS/TECH-Adobe-Enterprise-Automation-PowerShell-Python-Portfolio/node_modules/readable-stream/lib/_stream_writable.js:302:11)
    at DerivedLogger.&lt;computed&gt; [as info] (/home/mookyjooky/Dropbox/GITHUB/06 - COMPLETED TOOLS/TECH-Adobe-Enterprise-Automation-PowerShell-Python-Portfolio/node_modules/winston/lib/winston/create-logger.js:81:14)
    at ServerResponse.info (/home/mookyjooky/Dropbox/GITHUB/06 - COMPLETED TOOLS/TECH-Adobe-Enterprise-Automation-PowerShell-Python-Portfolio/api/server.js:88:16)
    at ServerResponse.emit (node:events:531:35)
    at onFinish (node:_http_outgoing:1082:10)
    at callback (node:internal/streams/writable:766:21)
    at afterWrite (node:internal/streams/writable:710:5)
    at afterWriteTick (node:internal/streams/writable:696:10)
    at processTicksAndRejections (node:internal/process/task_queues:89:21)</failure>
      <failure>Error: expected 200 &quot;OK&quot;, got 404 &quot;Not Found&quot;
    at Object.expect (/home/mookyjooky/Dropbox/GITHUB/06 - COMPLETED TOOLS/TECH-Adobe-Enterprise-Automation-PowerShell-Python-Portfolio/api/server.test.js:247:10)
    at Promise.then.completed (/home/mookyjooky/Dropbox/GITHUB/06 - COMPLETED TOOLS/TECH-Adobe-Enterprise-Automation-PowerShell-Python-Portfolio/node_modules/jest-circus/build/utils.js:298:28)
    at new Promise (&lt;anonymous&gt;)
    at callAsyncCircusFn (/home/mookyjooky/Dropbox/GITHUB/06 - COMPLETED TOOLS/TECH-Adobe-Enterprise-Automation-PowerShell-Python-Portfolio/node_modules/jest-circus/build/utils.js:231:10)
    at _callCircusTest (/home/mookyjooky/Dropbox/GITHUB/06 - COMPLETED TOOLS/TECH-Adobe-Enterprise-Automation-PowerShell-Python-Portfolio/node_modules/jest-circus/build/run.js:316:40)
    at processTicksAndRejections (node:internal/process/task_queues:105:5)
    at _runTest (/home/mookyjooky/Dropbox/GITHUB/06 - COMPLETED TOOLS/TECH-Adobe-Enterprise-Automation-PowerShell-Python-Portfolio/node_modules/jest-circus/build/run.js:252:3)
    at _runTestsForDescribeBlock (/home/mookyjooky/Dropbox/GITHUB/06 - COMPLETED TOOLS/TECH-Adobe-Enterprise-Automation-PowerShell-Python-Portfolio/node_modules/jest-circus/build/run.js:126:9)
    at _runTestsForDescribeBlock (/home/mookyjooky/Dropbox/GITHUB/06 - COMPLETED TOOLS/TECH-Adobe-Enterprise-Automation-PowerShell-Python-Portfolio/node_modules/jest-circus/build/run.js:121:9)
    at _runTestsForDescribeBlock (/home/mookyjooky/Dropbox/GITHUB/06 - COMPLETED TOOLS/TECH-Adobe-Enterprise-Automation-PowerShell-Python-Portfolio/node_modules/jest-circus/build/run.js:121:9)
    at run (/home/mookyjooky/Dropbox/GITHUB/06 - COMPLETED TOOLS/TECH-Adobe-Enterprise-Automation-PowerShell-Python-Portfolio/node_modules/jest-circus/build/run.js:71:3)
    at runAndTransformResultsToJestFormat (/home/mookyjooky/Dropbox/GITHUB/06 - COMPLETED TOOLS/TECH-Adobe-Enterprise-Automation-PowerShell-Python-Portfolio/node_modules/jest-circus/build/legacy-code-todo-rewrite/jestAdapterInit.js:122:21)
    at jestAdapter (/home/mookyjooky/Dropbox/GITHUB/06 - COMPLETED TOOLS/TECH-Adobe-Enterprise-Automation-PowerShell-Python-Portfolio/node_modules/jest-circus/build/legacy-code-todo-rewrite/jestAdapter.js:79:19)
    at runTestInternal (/home/mookyjooky/Dropbox/GITHUB/06 - COMPLETED TOOLS/TECH-Adobe-Enterprise-Automation-PowerShell-Python-Portfolio/node_modules/jest-runner/build/runTest.js:367:16)
    at runTest (/home/mookyjooky/Dropbox/GITHUB/06 - COMPLETED TOOLS/TECH-Adobe-Enterprise-Automation-PowerShell-Python-Portfolio/node_modules/jest-runner/build/runTest.js:444:34)
----
    at Test._assertStatus (/home/mookyjooky/Dropbox/GITHUB/06 - COMPLETED TOOLS/TECH-Adobe-Enterprise-Automation-PowerShell-Python-Portfolio/node_modules/supertest/lib/test.js:252:14)
    at /home/mookyjooky/Dropbox/GITHUB/06 - COMPLETED TOOLS/TECH-Adobe-Enterprise-Automation-PowerShell-Python-Portfolio/node_modules/supertest/lib/test.js:308:13
    at Test._assertFunction (/home/mookyjooky/Dropbox/GITHUB/06 - COMPLETED TOOLS/TECH-Adobe-Enterprise-Automation-PowerShell-Python-Portfolio/node_modules/supertest/lib/test.js:285:13)
    at Test.assert (/home/mookyjooky/Dropbox/GITHUB/06 - COMPLETED TOOLS/TECH-Adobe-Enterprise-Automation-PowerShell-Python-Portfolio/node_modules/supertest/lib/test.js:164:23)
    at Server.localAssert (/home/mookyjooky/Dropbox/GITHUB/06 - COMPLETED TOOLS/TECH-Adobe-Enterprise-Automation-PowerShell-Python-Portfolio/node_modules/supertest/lib/test.js:120:14)
    at Object.onceWrapper (node:events:633:28)
    at Server.emit (node:events:519:28)
    at emitCloseNT (node:net:2419:8)
    at processTicksAndRejections (node:internal/process/task_queues:89:21)</failure>
    </testcase>
    <testcase classname="Adobe Enterprise Automation API › Error Handling" name="GET /nonexistent should return 404" time="0.002">
      <failure>Error: write EPIPE
    at afterWriteDispatched (node:internal/stream_base_commons:159:15)
    at writeGeneric (node:internal/stream_base_commons:150:3)
    at Socket._writeGeneric (node:net:966:11)
    at Socket._write (node:net:978:8)
    at writeOrBuffer (node:internal/streams/writable:572:12)
    at _write (node:internal/streams/writable:501:10)
    at Socket.Writable.write (node:internal/streams/writable:510:10)
    at Socket.stream.write (/home/mookyjooky/Dropbox/GITHUB/06 - COMPLETED TOOLS/TECH-Adobe-Enterprise-Automation-PowerShell-Python-Portfolio/node_modules/@jest/reporters/build/VerboseReporter.js:47:7)
    at Console.log (/home/mookyjooky/Dropbox/GITHUB/06 - COMPLETED TOOLS/TECH-Adobe-Enterprise-Automation-PowerShell-Python-Portfolio/node_modules/winston/lib/winston/transports/console.js:87:23)
    at Console._write (/home/mookyjooky/Dropbox/GITHUB/06 - COMPLETED TOOLS/TECH-Adobe-Enterprise-Automation-PowerShell-Python-Portfolio/node_modules/winston-transport/modern.js:103:17)
    at doWrite (/home/mookyjooky/Dropbox/GITHUB/06 - COMPLETED TOOLS/TECH-Adobe-Enterprise-Automation-PowerShell-Python-Portfolio/node_modules/readable-stream/lib/_stream_writable.js:390:139)
    at writeOrBuffer (/home/mookyjooky/Dropbox/GITHUB/06 - COMPLETED TOOLS/TECH-Adobe-Enterprise-Automation-PowerShell-Python-Portfolio/node_modules/readable-stream/lib/_stream_writable.js:381:5)
    at Console.Object.&lt;anonymous&gt;.Writable.write (/home/mookyjooky/Dropbox/GITHUB/06 - COMPLETED TOOLS/TECH-Adobe-Enterprise-Automation-PowerShell-Python-Portfolio/node_modules/readable-stream/lib/_stream_writable.js:302:11)
    at DerivedLogger.ondata (/home/mookyjooky/Dropbox/GITHUB/06 - COMPLETED TOOLS/TECH-Adobe-Enterprise-Automation-PowerShell-Python-Portfolio/node_modules/readable-stream/lib/_stream_readable.js:629:20)
    at DerivedLogger.emit (node:events:531:35)
    at addChunk (/home/mookyjooky/Dropbox/GITHUB/06 - COMPLETED TOOLS/TECH-Adobe-Enterprise-Automation-PowerShell-Python-Portfolio/node_modules/readable-stream/lib/_stream_readable.js:279:12)
    at readableAddChunk (/home/mookyjooky/Dropbox/GITHUB/06 - COMPLETED TOOLS/TECH-Adobe-Enterprise-Automation-PowerShell-Python-Portfolio/node_modules/readable-stream/lib/_stream_readable.js:262:11)
    at DerivedLogger.Object.&lt;anonymous&gt;.Readable.push (/home/mookyjooky/Dropbox/GITHUB/06 - COMPLETED TOOLS/TECH-Adobe-Enterprise-Automation-PowerShell-Python-Portfolio/node_modules/readable-stream/lib/_stream_readable.js:228:10)
    at DerivedLogger.Object.&lt;anonymous&gt;.Transform.push (/home/mookyjooky/Dropbox/GITHUB/06 - COMPLETED TOOLS/TECH-Adobe-Enterprise-Automation-PowerShell-Python-Portfolio/node_modules/readable-stream/lib/_stream_transform.js:132:32)
    at DerivedLogger._transform (/home/mookyjooky/Dropbox/GITHUB/06 - COMPLETED TOOLS/TECH-Adobe-Enterprise-Automation-PowerShell-Python-Portfolio/node_modules/winston/lib/winston/logger.js:314:12)
    at DerivedLogger.Object.&lt;anonymous&gt;.Transform._read (/home/mookyjooky/Dropbox/GITHUB/06 - COMPLETED TOOLS/TECH-Adobe-Enterprise-Automation-PowerShell-Python-Portfolio/node_modules/readable-stream/lib/_stream_transform.js:166:10)
    at DerivedLogger.Object.&lt;anonymous&gt;.Transform._write (/home/mookyjooky/Dropbox/GITHUB/06 - COMPLETED TOOLS/TECH-Adobe-Enterprise-Automation-PowerShell-Python-Portfolio/node_modules/readable-stream/lib/_stream_transform.js:155:83)
    at doWrite (/home/mookyjooky/Dropbox/GITHUB/06 - COMPLETED TOOLS/TECH-Adobe-Enterprise-Automation-PowerShell-Python-Portfolio/node_modules/readable-stream/lib/_stream_writable.js:390:139)
    at writeOrBuffer (/home/mookyjooky/Dropbox/GITHUB/06 - COMPLETED TOOLS/TECH-Adobe-Enterprise-Automation-PowerShell-Python-Portfolio/node_modules/readable-stream/lib/_stream_writable.js:381:5)
    at DerivedLogger.Object.&lt;anonymous&gt;.Writable.write (/home/mookyjooky/Dropbox/GITHUB/06 - COMPLETED TOOLS/TECH-Adobe-Enterprise-Automation-PowerShell-Python-Portfolio/node_modules/readable-stream/lib/_stream_writable.js:302:11)
    at DerivedLogger.&lt;computed&gt; [as info] (/home/mookyjooky/Dropbox/GITHUB/06 - COMPLETED TOOLS/TECH-Adobe-Enterprise-Automation-PowerShell-Python-Portfolio/node_modules/winston/lib/winston/create-logger.js:81:14)
    at ServerResponse.info (/home/mookyjooky/Dropbox/GITHUB/06 - COMPLETED TOOLS/TECH-Adobe-Enterprise-Automation-PowerShell-Python-Portfolio/api/server.js:88:16)
    at ServerResponse.emit (node:events:531:35)
    at onFinish (node:_http_outgoing:1082:10)
    at callback (node:internal/streams/writable:766:21)
    at afterWrite (node:internal/streams/writable:710:5)
    at afterWriteTick (node:internal/streams/writable:696:10)
    at processTicksAndRejections (node:internal/process/task_queues:89:21)</failure>
    </testcase>
    <testcase classname="Adobe Enterprise Automation API › Error Handling" name="Invalid JSON should return 400" time="0.004">
      <failure>Error: write EPIPE
    at afterWriteDispatched (node:internal/stream_base_commons:159:15)
    at writeGeneric (node:internal/stream_base_commons:150:3)
    at Socket._writeGeneric (node:net:966:11)
    at Socket._write (node:net:978:8)
    at writeOrBuffer (node:internal/streams/writable:572:12)
    at _write (node:internal/streams/writable:501:10)
    at Socket.Writable.write (node:internal/streams/writable:510:10)
    at Socket.stream.write (/home/mookyjooky/Dropbox/GITHUB/06 - COMPLETED TOOLS/TECH-Adobe-Enterprise-Automation-PowerShell-Python-Portfolio/node_modules/@jest/reporters/build/VerboseReporter.js:47:7)
    at Console.log (/home/mookyjooky/Dropbox/GITHUB/06 - COMPLETED TOOLS/TECH-Adobe-Enterprise-Automation-PowerShell-Python-Portfolio/node_modules/winston/lib/winston/transports/console.js:87:23)
    at Console._write (/home/mookyjooky/Dropbox/GITHUB/06 - COMPLETED TOOLS/TECH-Adobe-Enterprise-Automation-PowerShell-Python-Portfolio/node_modules/winston-transport/modern.js:103:17)
    at doWrite (/home/mookyjooky/Dropbox/GITHUB/06 - COMPLETED TOOLS/TECH-Adobe-Enterprise-Automation-PowerShell-Python-Portfolio/node_modules/readable-stream/lib/_stream_writable.js:390:139)
    at writeOrBuffer (/home/mookyjooky/Dropbox/GITHUB/06 - COMPLETED TOOLS/TECH-Adobe-Enterprise-Automation-PowerShell-Python-Portfolio/node_modules/readable-stream/lib/_stream_writable.js:381:5)
    at Console.Object.&lt;anonymous&gt;.Writable.write (/home/mookyjooky/Dropbox/GITHUB/06 - COMPLETED TOOLS/TECH-Adobe-Enterprise-Automation-PowerShell-Python-Portfolio/node_modules/readable-stream/lib/_stream_writable.js:302:11)
    at DerivedLogger.ondata (/home/mookyjooky/Dropbox/GITHUB/06 - COMPLETED TOOLS/TECH-Adobe-Enterprise-Automation-PowerShell-Python-Portfolio/node_modules/readable-stream/lib/_stream_readable.js:629:20)
    at DerivedLogger.emit (node:events:531:35)
    at addChunk (/home/mookyjooky/Dropbox/GITHUB/06 - COMPLETED TOOLS/TECH-Adobe-Enterprise-Automation-PowerShell-Python-Portfolio/node_modules/readable-stream/lib/_stream_readable.js:279:12)
    at readableAddChunk (/home/mookyjooky/Dropbox/GITHUB/06 - COMPLETED TOOLS/TECH-Adobe-Enterprise-Automation-PowerShell-Python-Portfolio/node_modules/readable-stream/lib/_stream_readable.js:262:11)
    at DerivedLogger.Object.&lt;anonymous&gt;.Readable.push (/home/mookyjooky/Dropbox/GITHUB/06 - COMPLETED TOOLS/TECH-Adobe-Enterprise-Automation-PowerShell-Python-Portfolio/node_modules/readable-stream/lib/_stream_readable.js:228:10)
    at DerivedLogger.Object.&lt;anonymous&gt;.Transform.push (/home/mookyjooky/Dropbox/GITHUB/06 - COMPLETED TOOLS/TECH-Adobe-Enterprise-Automation-PowerShell-Python-Portfolio/node_modules/readable-stream/lib/_stream_transform.js:132:32)
    at DerivedLogger._transform (/home/mookyjooky/Dropbox/GITHUB/06 - COMPLETED TOOLS/TECH-Adobe-Enterprise-Automation-PowerShell-Python-Portfolio/node_modules/winston/lib/winston/logger.js:314:12)
    at DerivedLogger.Object.&lt;anonymous&gt;.Transform._read (/home/mookyjooky/Dropbox/GITHUB/06 - COMPLETED TOOLS/TECH-Adobe-Enterprise-Automation-PowerShell-Python-Portfolio/node_modules/readable-stream/lib/_stream_transform.js:166:10)
    at DerivedLogger.Object.&lt;anonymous&gt;.Transform._write (/home/mookyjooky/Dropbox/GITHUB/06 - COMPLETED TOOLS/TECH-Adobe-Enterprise-Automation-PowerShell-Python-Portfolio/node_modules/readable-stream/lib/_stream_transform.js:155:83)
    at doWrite (/home/mookyjooky/Dropbox/GITHUB/06 - COMPLETED TOOLS/TECH-Adobe-Enterprise-Automation-PowerShell-Python-Portfolio/node_modules/readable-stream/lib/_stream_writable.js:390:139)
    at writeOrBuffer (/home/mookyjooky/Dropbox/GITHUB/06 - COMPLETED TOOLS/TECH-Adobe-Enterprise-Automation-PowerShell-Python-Portfolio/node_modules/readable-stream/lib/_stream_writable.js:381:5)
    at DerivedLogger.Object.&lt;anonymous&gt;.Writable.write (/home/mookyjooky/Dropbox/GITHUB/06 - COMPLETED TOOLS/TECH-Adobe-Enterprise-Automation-PowerShell-Python-Portfolio/node_modules/readable-stream/lib/_stream_writable.js:302:11)
    at DerivedLogger.&lt;computed&gt; [as error] (/home/mookyjooky/Dropbox/GITHUB/06 - COMPLETED TOOLS/TECH-Adobe-Enterprise-Automation-PowerShell-Python-Portfolio/node_modules/winston/lib/winston/create-logger.js:81:14)
    at error (/home/mookyjooky/Dropbox/GITHUB/06 - COMPLETED TOOLS/TECH-Adobe-Enterprise-Automation-PowerShell-Python-Portfolio/api/server.js:499:12)
    at Layer.handle_error (/home/mookyjooky/Dropbox/GITHUB/06 - COMPLETED TOOLS/TECH-Adobe-Enterprise-Automation-PowerShell-Python-Portfolio/node_modules/express/lib/router/layer.js:71:5)
    at trim_prefix (/home/mookyjooky/Dropbox/GITHUB/06 - COMPLETED TOOLS/TECH-Adobe-Enterprise-Automation-PowerShell-Python-Portfolio/node_modules/express/lib/router/index.js:326:13)
    at /home/mookyjooky/Dropbox/GITHUB/06 - COMPLETED TOOLS/TECH-Adobe-Enterprise-Automation-PowerShell-Python-Portfolio/node_modules/express/lib/router/index.js:286:9
    at Function.process_params (/home/mookyjooky/Dropbox/GITHUB/06 - COMPLETED TOOLS/TECH-Adobe-Enterprise-Automation-PowerShell-Python-Portfolio/node_modules/express/lib/router/index.js:346:12)
    at next (/home/mookyjooky/Dropbox/GITHUB/06 - COMPLETED TOOLS/TECH-Adobe-Enterprise-Automation-PowerShell-Python-Portfolio/node_modules/express/lib/router/index.js:280:10)
    at Layer.handle_error (/home/mookyjooky/Dropbox/GITHUB/06 - COMPLETED TOOLS/TECH-Adobe-Enterprise-Automation-PowerShell-Python-Portfolio/node_modules/express/lib/router/layer.js:67:12)
    at trim_prefix (/home/mookyjooky/Dropbox/GITHUB/06 - COMPLETED TOOLS/TECH-Adobe-Enterprise-Automation-PowerShell-Python-Portfolio/node_modules/express/lib/router/index.js:326:13)
    at /home/mookyjooky/Dropbox/GITHUB/06 - COMPLETED TOOLS/TECH-Adobe-Enterprise-Automation-PowerShell-Python-Portfolio/node_modules/express/lib/router/index.js:286:9
    at Function.process_params (/home/mookyjooky/Dropbox/GITHUB/06 - COMPLETED TOOLS/TECH-Adobe-Enterprise-Automation-PowerShell-Python-Portfolio/node_modules/express/lib/router/index.js:346:12)
    at next (/home/mookyjooky/Dropbox/GITHUB/06 - COMPLETED TOOLS/TECH-Adobe-Enterprise-Automation-PowerShell-Python-Portfolio/node_modules/express/lib/router/index.js:280:10)
    at Layer.handle_error (/home/mookyjooky/Dropbox/GITHUB/06 - COMPLETED TOOLS/TECH-Adobe-Enterprise-Automation-PowerShell-Python-Portfolio/node_modules/express/lib/router/layer.js:67:12)
    at trim_prefix (/home/mookyjooky/Dropbox/GITHUB/06 - COMPLETED TOOLS/TECH-Adobe-Enterprise-Automation-PowerShell-Python-Portfolio/node_modules/express/lib/router/index.js:326:13)
    at /home/mookyjooky/Dropbox/GITHUB/06 - COMPLETED TOOLS/TECH-Adobe-Enterprise-Automation-PowerShell-Python-Portfolio/node_modules/express/lib/router/index.js:286:9
    at Function.process_params (/home/mookyjooky/Dropbox/GITHUB/06 - COMPLETED TOOLS/TECH-Adobe-Enterprise-Automation-PowerShell-Python-Portfolio/node_modules/express/lib/router/index.js:346:12)
    at next (/home/mookyjooky/Dropbox/GITHUB/06 - COMPLETED TOOLS/TECH-Adobe-Enterprise-Automation-PowerShell-Python-Portfolio/node_modules/express/lib/router/index.js:280:10)
    at Layer.handle_error (/home/mookyjooky/Dropbox/GITHUB/06 - COMPLETED TOOLS/TECH-Adobe-Enterprise-Automation-PowerShell-Python-Portfolio/node_modules/express/lib/router/layer.js:67:12)
    at trim_prefix (/home/mookyjooky/Dropbox/GITHUB/06 - COMPLETED TOOLS/TECH-Adobe-Enterprise-Automation-PowerShell-Python-Portfolio/node_modules/express/lib/router/index.js:326:13)
    at /home/mookyjooky/Dropbox/GITHUB/06 - COMPLETED TOOLS/TECH-Adobe-Enterprise-Automation-PowerShell-Python-Portfolio/node_modules/express/lib/router/index.js:286:9
    at Function.process_params (/home/mookyjooky/Dropbox/GITHUB/06 - COMPLETED TOOLS/TECH-Adobe-Enterprise-Automation-PowerShell-Python-Portfolio/node_modules/express/lib/router/index.js:346:12)
    at next (/home/mookyjooky/Dropbox/GITHUB/06 - COMPLETED TOOLS/TECH-Adobe-Enterprise-Automation-PowerShell-Python-Portfolio/node_modules/express/lib/router/index.js:280:10)
    at /home/mookyjooky/Dropbox/GITHUB/06 - COMPLETED TOOLS/TECH-Adobe-Enterprise-Automation-PowerShell-Python-Portfolio/node_modules/body-parser/lib/read.js:130:7
    at AsyncResource.runInAsyncScope (node:async_hooks:214:14)
    at invokeCallback (/home/mookyjooky/Dropbox/GITHUB/06 - COMPLETED TOOLS/TECH-Adobe-Enterprise-Automation-PowerShell-Python-Portfolio/node_modules/raw-body/index.js:238:16)
    at done (/home/mookyjooky/Dropbox/GITHUB/06 - COMPLETED TOOLS/TECH-Adobe-Enterprise-Automation-PowerShell-Python-Portfolio/node_modules/raw-body/index.js:227:7)
    at IncomingMessage.onEnd (/home/mookyjooky/Dropbox/GITHUB/06 - COMPLETED TOOLS/TECH-Adobe-Enterprise-Automation-PowerShell-Python-Portfolio/node_modules/raw-body/index.js:287:7)
    at IncomingMessage.emit (node:events:519:28)
    at endReadableNT (node:internal/streams/readable:1698:12)
    at processTicksAndRejections (node:internal/process/task_queues:90:21)</failure>
      <failure>Error: expected 400 &quot;Bad Request&quot;, got 500 &quot;Internal Server Error&quot;
    at Object.expect (/home/mookyjooky/Dropbox/GITHUB/06 - COMPLETED TOOLS/TECH-Adobe-Enterprise-Automation-PowerShell-Python-Portfolio/api/server.test.js:267:10)
    at Promise.then.completed (/home/mookyjooky/Dropbox/GITHUB/06 - COMPLETED TOOLS/TECH-Adobe-Enterprise-Automation-PowerShell-Python-Portfolio/node_modules/jest-circus/build/utils.js:298:28)
    at new Promise (&lt;anonymous&gt;)
    at callAsyncCircusFn (/home/mookyjooky/Dropbox/GITHUB/06 - COMPLETED TOOLS/TECH-Adobe-Enterprise-Automation-PowerShell-Python-Portfolio/node_modules/jest-circus/build/utils.js:231:10)
    at _callCircusTest (/home/mookyjooky/Dropbox/GITHUB/06 - COMPLETED TOOLS/TECH-Adobe-Enterprise-Automation-PowerShell-Python-Portfolio/node_modules/jest-circus/build/run.js:316:40)
    at processTicksAndRejections (node:internal/process/task_queues:105:5)
    at _runTest (/home/mookyjooky/Dropbox/GITHUB/06 - COMPLETED TOOLS/TECH-Adobe-Enterprise-Automation-PowerShell-Python-Portfolio/node_modules/jest-circus/build/run.js:252:3)
    at _runTestsForDescribeBlock (/home/mookyjooky/Dropbox/GITHUB/06 - COMPLETED TOOLS/TECH-Adobe-Enterprise-Automation-PowerShell-Python-Portfolio/node_modules/jest-circus/build/run.js:126:9)
    at _runTestsForDescribeBlock (/home/mookyjooky/Dropbox/GITHUB/06 - COMPLETED TOOLS/TECH-Adobe-Enterprise-Automation-PowerShell-Python-Portfolio/node_modules/jest-circus/build/run.js:121:9)
    at _runTestsForDescribeBlock (/home/mookyjooky/Dropbox/GITHUB/06 - COMPLETED TOOLS/TECH-Adobe-Enterprise-Automation-PowerShell-Python-Portfolio/node_modules/jest-circus/build/run.js:121:9)
    at run (/home/mookyjooky/Dropbox/GITHUB/06 - COMPLETED TOOLS/TECH-Adobe-Enterprise-Automation-PowerShell-Python-Portfolio/node_modules/jest-circus/build/run.js:71:3)
    at runAndTransformResultsToJestFormat (/home/mookyjooky/Dropbox/GITHUB/06 - COMPLETED TOOLS/TECH-Adobe-Enterprise-Automation-PowerShell-Python-Portfolio/node_modules/jest-circus/build/legacy-code-todo-rewrite/jestAdapterInit.js:122:21)
    at jestAdapter (/home/mookyjooky/Dropbox/GITHUB/06 - COMPLETED TOOLS/TECH-Adobe-Enterprise-Automation-PowerShell-Python-Portfolio/node_modules/jest-circus/build/legacy-code-todo-rewrite/jestAdapter.js:79:19)
    at runTestInternal (/home/mookyjooky/Dropbox/GITHUB/06 - COMPLETED TOOLS/TECH-Adobe-Enterprise-Automation-PowerShell-Python-Portfolio/node_modules/jest-runner/build/runTest.js:367:16)
    at runTest (/home/mookyjooky/Dropbox/GITHUB/06 - COMPLETED TOOLS/TECH-Adobe-Enterprise-Automation-PowerShell-Python-Portfolio/node_modules/jest-runner/build/runTest.js:444:34)
----
    at Test._assertStatus (/home/mookyjooky/Dropbox/GITHUB/06 - COMPLETED TOOLS/TECH-Adobe-Enterprise-Automation-PowerShell-Python-Portfolio/node_modules/supertest/lib/test.js:252:14)
    at /home/mookyjooky/Dropbox/GITHUB/06 - COMPLETED TOOLS/TECH-Adobe-Enterprise-Automation-PowerShell-Python-Portfolio/node_modules/supertest/lib/test.js:308:13
    at Test._assertFunction (/home/mookyjooky/Dropbox/GITHUB/06 - COMPLETED TOOLS/TECH-Adobe-Enterprise-Automation-PowerShell-Python-Portfolio/node_modules/supertest/lib/test.js:285:13)
    at Test.assert (/home/mookyjooky/Dropbox/GITHUB/06 - COMPLETED TOOLS/TECH-Adobe-Enterprise-Automation-PowerShell-Python-Portfolio/node_modules/supertest/lib/test.js:164:23)
    at Server.localAssert (/home/mookyjooky/Dropbox/GITHUB/06 - COMPLETED TOOLS/TECH-Adobe-Enterprise-Automation-PowerShell-Python-Portfolio/node_modules/supertest/lib/test.js:120:14)
    at Object.onceWrapper (node:events:633:28)
    at Server.emit (node:events:519:28)
    at emitCloseNT (node:net:2419:8)
    at processTicksAndRejections (node:internal/process/task_queues:89:21)</failure>
    </testcase>
    <testcase classname="Adobe Enterprise Automation API › Rate Limiting" name="Should enforce rate limiting after threshold" time="0.114">
      <failure>Error: write EPIPE
    at afterWriteDispatched (node:internal/stream_base_commons:159:15)
    at writeGeneric (node:internal/stream_base_commons:150:3)
    at Socket._writeGeneric (node:net:966:11)
    at Socket._write (node:net:978:8)
    at writeOrBuffer (node:internal/streams/writable:572:12)
    at _write (node:internal/streams/writable:501:10)
    at Socket.Writable.write (node:internal/streams/writable:510:10)
    at Socket.stream.write (/home/mookyjooky/Dropbox/GITHUB/06 - COMPLETED TOOLS/TECH-Adobe-Enterprise-Automation-PowerShell-Python-Portfolio/node_modules/@jest/reporters/build/VerboseReporter.js:47:7)
    at Console.log (/home/mookyjooky/Dropbox/GITHUB/06 - COMPLETED TOOLS/TECH-Adobe-Enterprise-Automation-PowerShell-Python-Portfolio/node_modules/winston/lib/winston/transports/console.js:87:23)
    at Console._write (/home/mookyjooky/Dropbox/GITHUB/06 - COMPLETED TOOLS/TECH-Adobe-Enterprise-Automation-PowerShell-Python-Portfolio/node_modules/winston-transport/modern.js:103:17)
    at doWrite (/home/mookyjooky/Dropbox/GITHUB/06 - COMPLETED TOOLS/TECH-Adobe-Enterprise-Automation-PowerShell-Python-Portfolio/node_modules/readable-stream/lib/_stream_writable.js:390:139)
    at writeOrBuffer (/home/mookyjooky/Dropbox/GITHUB/06 - COMPLETED TOOLS/TECH-Adobe-Enterprise-Automation-PowerShell-Python-Portfolio/node_modules/readable-stream/lib/_stream_writable.js:381:5)
    at Console.Object.&lt;anonymous&gt;.Writable.write (/home/mookyjooky/Dropbox/GITHUB/06 - COMPLETED TOOLS/TECH-Adobe-Enterprise-Automation-PowerShell-Python-Portfolio/node_modules/readable-stream/lib/_stream_writable.js:302:11)
    at DerivedLogger.ondata (/home/mookyjooky/Dropbox/GITHUB/06 - COMPLETED TOOLS/TECH-Adobe-Enterprise-Automation-PowerShell-Python-Portfolio/node_modules/readable-stream/lib/_stream_readable.js:629:20)
    at DerivedLogger.emit (node:events:531:35)
    at addChunk (/home/mookyjooky/Dropbox/GITHUB/06 - COMPLETED TOOLS/TECH-Adobe-Enterprise-Automation-PowerShell-Python-Portfolio/node_modules/readable-stream/lib/_stream_readable.js:279:12)
    at readableAddChunk (/home/mookyjooky/Dropbox/GITHUB/06 - COMPLETED TOOLS/TECH-Adobe-Enterprise-Automation-PowerShell-Python-Portfolio/node_modules/readable-stream/lib/_stream_readable.js:262:11)
    at DerivedLogger.Object.&lt;anonymous&gt;.Readable.push (/home/mookyjooky/Dropbox/GITHUB/06 - COMPLETED TOOLS/TECH-Adobe-Enterprise-Automation-PowerShell-Python-Portfolio/node_modules/readable-stream/lib/_stream_readable.js:228:10)
    at DerivedLogger.Object.&lt;anonymous&gt;.Transform.push (/home/mookyjooky/Dropbox/GITHUB/06 - COMPLETED TOOLS/TECH-Adobe-Enterprise-Automation-PowerShell-Python-Portfolio/node_modules/readable-stream/lib/_stream_transform.js:132:32)
    at DerivedLogger._transform (/home/mookyjooky/Dropbox/GITHUB/06 - COMPLETED TOOLS/TECH-Adobe-Enterprise-Automation-PowerShell-Python-Portfolio/node_modules/winston/lib/winston/logger.js:314:12)
    at DerivedLogger.Object.&lt;anonymous&gt;.Transform._read (/home/mookyjooky/Dropbox/GITHUB/06 - COMPLETED TOOLS/TECH-Adobe-Enterprise-Automation-PowerShell-Python-Portfolio/node_modules/readable-stream/lib/_stream_transform.js:166:10)
    at DerivedLogger.Object.&lt;anonymous&gt;.Transform._write (/home/mookyjooky/Dropbox/GITHUB/06 - COMPLETED TOOLS/TECH-Adobe-Enterprise-Automation-PowerShell-Python-Portfolio/node_modules/readable-stream/lib/_stream_transform.js:155:83)
    at doWrite (/home/mookyjooky/Dropbox/GITHUB/06 - COMPLETED TOOLS/TECH-Adobe-Enterprise-Automation-PowerShell-Python-Portfolio/node_modules/readable-stream/lib/_stream_writable.js:390:139)
    at writeOrBuffer (/home/mookyjooky/Dropbox/GITHUB/06 - COMPLETED TOOLS/TECH-Adobe-Enterprise-Automation-PowerShell-Python-Portfolio/node_modules/readable-stream/lib/_stream_writable.js:381:5)
    at DerivedLogger.Object.&lt;anonymous&gt;.Writable.write (/home/mookyjooky/Dropbox/GITHUB/06 - COMPLETED TOOLS/TECH-Adobe-Enterprise-Automation-PowerShell-Python-Portfolio/node_modules/readable-stream/lib/_stream_writable.js:302:11)
    at DerivedLogger.&lt;computed&gt; [as info] (/home/mookyjooky/Dropbox/GITHUB/06 - COMPLETED TOOLS/TECH-Adobe-Enterprise-Automation-PowerShell-Python-Portfolio/node_modules/winston/lib/winston/create-logger.js:81:14)
    at ServerResponse.info (/home/mookyjooky/Dropbox/GITHUB/06 - COMPLETED TOOLS/TECH-Adobe-Enterprise-Automation-PowerShell-Python-Portfolio/api/server.js:88:16)
    at ServerResponse.emit (node:events:531:35)
    at onFinish (node:_http_outgoing:1082:10)
    at callback (node:internal/streams/writable:766:21)
    at afterWrite (node:internal/streams/writable:710:5)
    at afterWriteTick (node:internal/streams/writable:696:10)
    at processTicksAndRejections (node:internal/process/task_queues:89:21)</failure>
      <failure>Error: write EPIPE
    at afterWriteDispatched (node:internal/stream_base_commons:159:15)
    at writeGeneric (node:internal/stream_base_commons:150:3)
    at Socket._writeGeneric (node:net:966:11)
    at Socket._write (node:net:978:8)
    at writeOrBuffer (node:internal/streams/writable:572:12)
    at _write (node:internal/streams/writable:501:10)
    at Socket.Writable.write (node:internal/streams/writable:510:10)
    at Socket.stream.write (/home/mookyjooky/Dropbox/GITHUB/06 - COMPLETED TOOLS/TECH-Adobe-Enterprise-Automation-PowerShell-Python-Portfolio/node_modules/@jest/reporters/build/VerboseReporter.js:47:7)
    at Console.log (/home/mookyjooky/Dropbox/GITHUB/06 - COMPLETED TOOLS/TECH-Adobe-Enterprise-Automation-PowerShell-Python-Portfolio/node_modules/winston/lib/winston/transports/console.js:87:23)
    at Console._write (/home/mookyjooky/Dropbox/GITHUB/06 - COMPLETED TOOLS/TECH-Adobe-Enterprise-Automation-PowerShell-Python-Portfolio/node_modules/winston-transport/modern.js:103:17)
    at doWrite (/home/mookyjooky/Dropbox/GITHUB/06 - COMPLETED TOOLS/TECH-Adobe-Enterprise-Automation-PowerShell-Python-Portfolio/node_modules/readable-stream/lib/_stream_writable.js:390:139)
    at writeOrBuffer (/home/mookyjooky/Dropbox/GITHUB/06 - COMPLETED TOOLS/TECH-Adobe-Enterprise-Automation-PowerShell-Python-Portfolio/node_modules/readable-stream/lib/_stream_writable.js:381:5)
    at Console.Object.&lt;anonymous&gt;.Writable.write (/home/mookyjooky/Dropbox/GITHUB/06 - COMPLETED TOOLS/TECH-Adobe-Enterprise-Automation-PowerShell-Python-Portfolio/node_modules/readable-stream/lib/_stream_writable.js:302:11)
    at DerivedLogger.ondata (/home/mookyjooky/Dropbox/GITHUB/06 - COMPLETED TOOLS/TECH-Adobe-Enterprise-Automation-PowerShell-Python-Portfolio/node_modules/readable-stream/lib/_stream_readable.js:629:20)
    at DerivedLogger.emit (node:events:531:35)
    at addChunk (/home/mookyjooky/Dropbox/GITHUB/06 - COMPLETED TOOLS/TECH-Adobe-Enterprise-Automation-PowerShell-Python-Portfolio/node_modules/readable-stream/lib/_stream_readable.js:279:12)
    at readableAddChunk (/home/mookyjooky/Dropbox/GITHUB/06 - COMPLETED TOOLS/TECH-Adobe-Enterprise-Automation-PowerShell-Python-Portfolio/node_modules/readable-stream/lib/_stream_readable.js:262:11)
    at DerivedLogger.Object.&lt;anonymous&gt;.Readable.push (/home/mookyjooky/Dropbox/GITHUB/06 - COMPLETED TOOLS/TECH-Adobe-Enterprise-Automation-PowerShell-Python-Portfolio/node_modules/readable-stream/lib/_stream_readable.js:228:10)
    at DerivedLogger.Object.&lt;anonymous&gt;.Transform.push (/home/mookyjooky/Dropbox/GITHUB/06 - COMPLETED TOOLS/TECH-Adobe-Enterprise-Automation-PowerShell-Python-Portfolio/node_modules/readable-stream/lib/_stream_transform.js:132:32)
    at DerivedLogger._transform (/home/mookyjooky/Dropbox/GITHUB/06 - COMPLETED TOOLS/TECH-Adobe-Enterprise-Automation-PowerShell-Python-Portfolio/node_modules/winston/lib/winston/logger.js:314:12)
    at DerivedLogger.Object.&lt;anonymous&gt;.Transform._read (/home/mookyjooky/Dropbox/GITHUB/06 - COMPLETED TOOLS/TECH-Adobe-Enterprise-Automation-PowerShell-Python-Portfolio/node_modules/readable-stream/lib/_stream_transform.js:166:10)
    at DerivedLogger.Object.&lt;anonymous&gt;.Transform._write (/home/mookyjooky/Dropbox/GITHUB/06 - COMPLETED TOOLS/TECH-Adobe-Enterprise-Automation-PowerShell-Python-Portfolio/node_modules/readable-stream/lib/_stream_transform.js:155:83)
    at doWrite (/home/mookyjooky/Dropbox/GITHUB/06 - COMPLETED TOOLS/TECH-Adobe-Enterprise-Automation-PowerShell-Python-Portfolio/node_modules/readable-stream/lib/_stream_writable.js:390:139)
    at writeOrBuffer (/home/mookyjooky/Dropbox/GITHUB/06 - COMPLETED TOOLS/TECH-Adobe-Enterprise-Automation-PowerShell-Python-Portfolio/node_modules/readable-stream/lib/_stream_writable.js:381:5)
    at DerivedLogger.Object.&lt;anonymous&gt;.Writable.write (/home/mookyjooky/Dropbox/GITHUB/06 - COMPLETED TOOLS/TECH-Adobe-Enterprise-Automation-PowerShell-Python-Portfolio/node_modules/readable-stream/lib/_stream_writable.js:302:11)
    at DerivedLogger.&lt;computed&gt; [as info] (/home/mookyjooky/Dropbox/GITHUB/06 - COMPLETED TOOLS/TECH-Adobe-Enterprise-Automation-PowerShell-Python-Portfolio/node_modules/winston/lib/winston/create-logger.js:81:14)
    at ServerResponse.info (/home/mookyjooky/Dropbox/GITHUB/06 - COMPLETED TOOLS/TECH-Adobe-Enterprise-Automation-PowerShell-Python-Portfolio/api/server.js:88:16)
    at ServerResponse.emit (node:events:531:35)
    at onFinish (node:_http_outgoing:1082:10)
    at callback (node:internal/streams/writable:766:21)
    at afterWrite (node:internal/streams/writable:710:5)
    at afterWriteTick (node:internal/streams/writable:696:10)
    at processTicksAndRejections (node:internal/process/task_queues:89:21)</failure>
      <failure>Error: write EPIPE
    at afterWriteDispatched (node:internal/stream_base_commons:159:15)
    at writeGeneric (node:internal/stream_base_commons:150:3)
    at Socket._writeGeneric (node:net:966:11)
    at Socket._write (node:net:978:8)
    at writeOrBuffer (node:internal/streams/writable:572:12)
    at _write (node:internal/streams/writable:501:10)
    at Socket.Writable.write (node:internal/streams/writable:510:10)
    at Socket.stream.write (/home/mookyjooky/Dropbox/GITHUB/06 - COMPLETED TOOLS/TECH-Adobe-Enterprise-Automation-PowerShell-Python-Portfolio/node_modules/@jest/reporters/build/VerboseReporter.js:47:7)
    at Console.log (/home/mookyjooky/Dropbox/GITHUB/06 - COMPLETED TOOLS/TECH-Adobe-Enterprise-Automation-PowerShell-Python-Portfolio/node_modules/winston/lib/winston/transports/console.js:87:23)
    at Console._write (/home/mookyjooky/Dropbox/GITHUB/06 - COMPLETED TOOLS/TECH-Adobe-Enterprise-Automation-PowerShell-Python-Portfolio/node_modules/winston-transport/modern.js:103:17)
    at doWrite (/home/mookyjooky/Dropbox/GITHUB/06 - COMPLETED TOOLS/TECH-Adobe-Enterprise-Automation-PowerShell-Python-Portfolio/node_modules/readable-stream/lib/_stream_writable.js:390:139)
    at writeOrBuffer (/home/mookyjooky/Dropbox/GITHUB/06 - COMPLETED TOOLS/TECH-Adobe-Enterprise-Automation-PowerShell-Python-Portfolio/node_modules/readable-stream/lib/_stream_writable.js:381:5)
    at Console.Object.&lt;anonymous&gt;.Writable.write (/home/mookyjooky/Dropbox/GITHUB/06 - COMPLETED TOOLS/TECH-Adobe-Enterprise-Automation-PowerShell-Python-Portfolio/node_modules/readable-stream/lib/_stream_writable.js:302:11)
    at DerivedLogger.ondata (/home/mookyjooky/Dropbox/GITHUB/06 - COMPLETED TOOLS/TECH-Adobe-Enterprise-Automation-PowerShell-Python-Portfolio/node_modules/readable-stream/lib/_stream_readable.js:629:20)
    at DerivedLogger.emit (node:events:531:35)
    at addChunk (/home/mookyjooky/Dropbox/GITHUB/06 - COMPLETED TOOLS/TECH-Adobe-Enterprise-Automation-PowerShell-Python-Portfolio/node_modules/readable-stream/lib/_stream_readable.js:279:12)
    at readableAddChunk (/home/mookyjooky/Dropbox/GITHUB/06 - COMPLETED TOOLS/TECH-Adobe-Enterprise-Automation-PowerShell-Python-Portfolio/node_modules/readable-stream/lib/_stream_readable.js:262:11)
    at DerivedLogger.Object.&lt;anonymous&gt;.Readable.push (/home/mookyjooky/Dropbox/GITHUB/06 - COMPLETED TOOLS/TECH-Adobe-Enterprise-Automation-PowerShell-Python-Portfolio/node_modules/readable-stream/lib/_stream_readable.js:228:10)
    at DerivedLogger.Object.&lt;anonymous&gt;.Transform.push (/home/mookyjooky/Dropbox/GITHUB/06 - COMPLETED TOOLS/TECH-Adobe-Enterprise-Automation-PowerShell-Python-Portfolio/node_modules/readable-stream/lib/_stream_transform.js:132:32)
    at DerivedLogger._transform (/home/mookyjooky/Dropbox/GITHUB/06 - COMPLETED TOOLS/TECH-Adobe-Enterprise-Automation-PowerShell-Python-Portfolio/node_modules/winston/lib/winston/logger.js:314:12)
    at DerivedLogger.Object.&lt;anonymous&gt;.Transform._read (/home/mookyjooky/Dropbox/GITHUB/06 - COMPLETED TOOLS/TECH-Adobe-Enterprise-Automation-PowerShell-Python-Portfolio/node_modules/readable-stream/lib/_stream_transform.js:166:10)
    at DerivedLogger.Object.&lt;anonymous&gt;.Transform._write (/home/mookyjooky/Dropbox/GITHUB/06 - COMPLETED TOOLS/TECH-Adobe-Enterprise-Automation-PowerShell-Python-Portfolio/node_modules/readable-stream/lib/_stream_transform.js:155:83)
    at doWrite (/home/mookyjooky/Dropbox/GITHUB/06 - COMPLETED TOOLS/TECH-Adobe-Enterprise-Automation-PowerShell-Python-Portfolio/node_modules/readable-stream/lib/_stream_writable.js:390:139)
    at writeOrBuffer (/home/mookyjooky/Dropbox/GITHUB/06 - COMPLETED TOOLS/TECH-Adobe-Enterprise-Automation-PowerShell-Python-Portfolio/node_modules/readable-stream/lib/_stream_writable.js:381:5)
    at DerivedLogger.Object.&lt;anonymous&gt;.Writable.write (/home/mookyjooky/Dropbox/GITHUB/06 - COMPLETED TOOLS/TECH-Adobe-Enterprise-Automation-PowerShell-Python-Portfolio/node_modules/readable-stream/lib/_stream_writable.js:302:11)
    at DerivedLogger.&lt;computed&gt; [as info] (/home/mookyjooky/Dropbox/GITHUB/06 - COMPLETED TOOLS/TECH-Adobe-Enterprise-Automation-PowerShell-Python-Portfolio/node_modules/winston/lib/winston/create-logger.js:81:14)
    at ServerResponse.info (/home/mookyjooky/Dropbox/GITHUB/06 - COMPLETED TOOLS/TECH-Adobe-Enterprise-Automation-PowerShell-Python-Portfolio/api/server.js:88:16)
    at ServerResponse.emit (node:events:531:35)
    at onFinish (node:_http_outgoing:1082:10)
    at callback (node:internal/streams/writable:766:21)
    at afterWrite (node:internal/streams/writable:710:5)
    at afterWriteTick (node:internal/streams/writable:696:10)
    at processTicksAndRejections (node:internal/process/task_queues:89:21)</failure>
      <failure>Error: write EPIPE
    at afterWriteDispatched (node:internal/stream_base_commons:159:15)
    at writeGeneric (node:internal/stream_base_commons:150:3)
    at Socket._writeGeneric (node:net:966:11)
    at Socket._write (node:net:978:8)
    at writeOrBuffer (node:internal/streams/writable:572:12)
    at _write (node:internal/streams/writable:501:10)
    at Socket.Writable.write (node:internal/streams/writable:510:10)
    at Socket.stream.write (/home/mookyjooky/Dropbox/GITHUB/06 - COMPLETED TOOLS/TECH-Adobe-Enterprise-Automation-PowerShell-Python-Portfolio/node_modules/@jest/reporters/build/VerboseReporter.js:47:7)
    at Console.log (/home/mookyjooky/Dropbox/GITHUB/06 - COMPLETED TOOLS/TECH-Adobe-Enterprise-Automation-PowerShell-Python-Portfolio/node_modules/winston/lib/winston/transports/console.js:87:23)
    at Console._write (/home/mookyjooky/Dropbox/GITHUB/06 - COMPLETED TOOLS/TECH-Adobe-Enterprise-Automation-PowerShell-Python-Portfolio/node_modules/winston-transport/modern.js:103:17)
    at doWrite (/home/mookyjooky/Dropbox/GITHUB/06 - COMPLETED TOOLS/TECH-Adobe-Enterprise-Automation-PowerShell-Python-Portfolio/node_modules/readable-stream/lib/_stream_writable.js:390:139)
    at writeOrBuffer (/home/mookyjooky/Dropbox/GITHUB/06 - COMPLETED TOOLS/TECH-Adobe-Enterprise-Automation-PowerShell-Python-Portfolio/node_modules/readable-stream/lib/_stream_writable.js:381:5)
    at Console.Object.&lt;anonymous&gt;.Writable.write (/home/mookyjooky/Dropbox/GITHUB/06 - COMPLETED TOOLS/TECH-Adobe-Enterprise-Automation-PowerShell-Python-Portfolio/node_modules/readable-stream/lib/_stream_writable.js:302:11)
    at DerivedLogger.ondata (/home/mookyjooky/Dropbox/GITHUB/06 - COMPLETED TOOLS/TECH-Adobe-Enterprise-Automation-PowerShell-Python-Portfolio/node_modules/readable-stream/lib/_stream_readable.js:629:20)
    at DerivedLogger.emit (node:events:531:35)
    at addChunk (/home/mookyjooky/Dropbox/GITHUB/06 - COMPLETED TOOLS/TECH-Adobe-Enterprise-Automation-PowerShell-Python-Portfolio/node_modules/readable-stream/lib/_stream_readable.js:279:12)
    at readableAddChunk (/home/mookyjooky/Dropbox/GITHUB/06 - COMPLETED TOOLS/TECH-Adobe-Enterprise-Automation-PowerShell-Python-Portfolio/node_modules/readable-stream/lib/_stream_readable.js:262:11)
    at DerivedLogger.Object.&lt;anonymous&gt;.Readable.push (/home/mookyjooky/Dropbox/GITHUB/06 - COMPLETED TOOLS/TECH-Adobe-Enterprise-Automation-PowerShell-Python-Portfolio/node_modules/readable-stream/lib/_stream_readable.js:228:10)
    at DerivedLogger.Object.&lt;anonymous&gt;.Transform.push (/home/mookyjooky/Dropbox/GITHUB/06 - COMPLETED TOOLS/TECH-Adobe-Enterprise-Automation-PowerShell-Python-Portfolio/node_modules/readable-stream/lib/_stream_transform.js:132:32)
    at DerivedLogger._transform (/home/mookyjooky/Dropbox/GITHUB/06 - COMPLETED TOOLS/TECH-Adobe-Enterprise-Automation-PowerShell-Python-Portfolio/node_modules/winston/lib/winston/logger.js:314:12)
    at DerivedLogger.Object.&lt;anonymous&gt;.Transform._read (/home/mookyjooky/Dropbox/GITHUB/06 - COMPLETED TOOLS/TECH-Adobe-Enterprise-Automation-PowerShell-Python-Portfolio/node_modules/readable-stream/lib/_stream_transform.js:166:10)
    at DerivedLogger.Object.&lt;anonymous&gt;.Transform._write (/home/mookyjooky/Dropbox/GITHUB/06 - COMPLETED TOOLS/TECH-Adobe-Enterprise-Automation-PowerShell-Python-Portfolio/node_modules/readable-stream/lib/_stream_transform.js:155:83)
    at doWrite (/home/mookyjooky/Dropbox/GITHUB/06 - COMPLETED TOOLS/TECH-Adobe-Enterprise-Automation-PowerShell-Python-Portfolio/node_modules/readable-stream/lib/_stream_writable.js:390:139)
    at writeOrBuffer (/home/mookyjooky/Dropbox/GITHUB/06 - COMPLETED TOOLS/TECH-Adobe-Enterprise-Automation-PowerShell-Python-Portfolio/node_modules/readable-stream/lib/_stream_writable.js:381:5)
    at DerivedLogger.Object.&lt;anonymous&gt;.Writable.write (/home/mookyjooky/Dropbox/GITHUB/06 - COMPLETED TOOLS/TECH-Adobe-Enterprise-Automation-PowerShell-Python-Portfolio/node_modules/readable-stream/lib/_stream_writable.js:302:11)
    at DerivedLogger.&lt;computed&gt; [as info] (/home/mookyjooky/Dropbox/GITHUB/06 - COMPLETED TOOLS/TECH-Adobe-Enterprise-Automation-PowerShell-Python-Portfolio/node_modules/winston/lib/winston/create-logger.js:81:14)
    at ServerResponse.info (/home/mookyjooky/Dropbox/GITHUB/06 - COMPLETED TOOLS/TECH-Adobe-Enterprise-Automation-PowerShell-Python-Portfolio/api/server.js:88:16)
    at ServerResponse.emit (node:events:531:35)
    at onFinish (node:_http_outgoing:1082:10)
    at callback (node:internal/streams/writable:766:21)
    at afterWrite (node:internal/streams/writable:710:5)
    at afterWriteTick (node:internal/streams/writable:696:10)
    at processTicksAndRejections (node:internal/process/task_queues:89:21)</failure>
      <failure>Error: write EPIPE
    at afterWriteDispatched (node:internal/stream_base_commons:159:15)
    at writeGeneric (node:internal/stream_base_commons:150:3)
    at Socket._writeGeneric (node:net:966:11)
    at Socket._write (node:net:978:8)
    at writeOrBuffer (node:internal/streams/writable:572:12)
    at _write (node:internal/streams/writable:501:10)
    at Socket.Writable.write (node:internal/streams/writable:510:10)
    at Socket.stream.write (/home/mookyjooky/Dropbox/GITHUB/06 - COMPLETED TOOLS/TECH-Adobe-Enterprise-Automation-PowerShell-Python-Portfolio/node_modules/@jest/reporters/build/VerboseReporter.js:47:7)
    at Console.log (/home/mookyjooky/Dropbox/GITHUB/06 - COMPLETED TOOLS/TECH-Adobe-Enterprise-Automation-PowerShell-Python-Portfolio/node_modules/winston/lib/winston/transports/console.js:87:23)
    at Console._write (/home/mookyjooky/Dropbox/GITHUB/06 - COMPLETED TOOLS/TECH-Adobe-Enterprise-Automation-PowerShell-Python-Portfolio/node_modules/winston-transport/modern.js:103:17)
    at doWrite (/home/mookyjooky/Dropbox/GITHUB/06 - COMPLETED TOOLS/TECH-Adobe-Enterprise-Automation-PowerShell-Python-Portfolio/node_modules/readable-stream/lib/_stream_writable.js:390:139)
    at writeOrBuffer (/home/mookyjooky/Dropbox/GITHUB/06 - COMPLETED TOOLS/TECH-Adobe-Enterprise-Automation-PowerShell-Python-Portfolio/node_modules/readable-stream/lib/_stream_writable.js:381:5)
    at Console.Object.&lt;anonymous&gt;.Writable.write (/home/mookyjooky/Dropbox/GITHUB/06 - COMPLETED TOOLS/TECH-Adobe-Enterprise-Automation-PowerShell-Python-Portfolio/node_modules/readable-stream/lib/_stream_writable.js:302:11)
    at DerivedLogger.ondata (/home/mookyjooky/Dropbox/GITHUB/06 - COMPLETED TOOLS/TECH-Adobe-Enterprise-Automation-PowerShell-Python-Portfolio/node_modules/readable-stream/lib/_stream_readable.js:629:20)
    at DerivedLogger.emit (node:events:531:35)
    at addChunk (/home/mookyjooky/Dropbox/GITHUB/06 - COMPLETED TOOLS/TECH-Adobe-Enterprise-Automation-PowerShell-Python-Portfolio/node_modules/readable-stream/lib/_stream_readable.js:279:12)
    at readableAddChunk (/home/mookyjooky/Dropbox/GITHUB/06 - COMPLETED TOOLS/TECH-Adobe-Enterprise-Automation-PowerShell-Python-Portfolio/node_modules/readable-stream/lib/_stream_readable.js:262:11)
    at DerivedLogger.Object.&lt;anonymous&gt;.Readable.push (/home/mookyjooky/Dropbox/GITHUB/06 - COMPLETED TOOLS/TECH-Adobe-Enterprise-Automation-PowerShell-Python-Portfolio/node_modules/readable-stream/lib/_stream_readable.js:228:10)
    at DerivedLogger.Object.&lt;anonymous&gt;.Transform.push (/home/mookyjooky/Dropbox/GITHUB/06 - COMPLETED TOOLS/TECH-Adobe-Enterprise-Automation-PowerShell-Python-Portfolio/node_modules/readable-stream/lib/_stream_transform.js:132:32)
    at DerivedLogger._transform (/home/mookyjooky/Dropbox/GITHUB/06 - COMPLETED TOOLS/TECH-Adobe-Enterprise-Automation-PowerShell-Python-Portfolio/node_modules/winston/lib/winston/logger.js:314:12)
    at DerivedLogger.Object.&lt;anonymous&gt;.Transform._read (/home/mookyjooky/Dropbox/GITHUB/06 - COMPLETED TOOLS/TECH-Adobe-Enterprise-Automation-PowerShell-Python-Portfolio/node_modules/readable-stream/lib/_stream_transform.js:166:10)
    at DerivedLogger.Object.&lt;anonymous&gt;.Transform._write (/home/mookyjooky/Dropbox/GITHUB/06 - COMPLETED TOOLS/TECH-Adobe-Enterprise-Automation-PowerShell-Python-Portfolio/node_modules/readable-stream/lib/_stream_transform.js:155:83)
    at doWrite (/home/mookyjooky/Dropbox/GITHUB/06 - COMPLETED TOOLS/TECH-Adobe-Enterprise-Automation-PowerShell-Python-Portfolio/node_modules/readable-stream/lib/_stream_writable.js:390:139)
    at writeOrBuffer (/home/mookyjooky/Dropbox/GITHUB/06 - COMPLETED TOOLS/TECH-Adobe-Enterprise-Automation-PowerShell-Python-Portfolio/node_modules/readable-stream/lib/_stream_writable.js:381:5)
    at DerivedLogger.Object.&lt;anonymous&gt;.Writable.write (/home/mookyjooky/Dropbox/GITHUB/06 - COMPLETED TOOLS/TECH-Adobe-Enterprise-Automation-PowerShell-Python-Portfolio/node_modules/readable-stream/lib/_stream_writable.js:302:11)
    at DerivedLogger.&lt;computed&gt; [as info] (/home/mookyjooky/Dropbox/GITHUB/06 - COMPLETED TOOLS/TECH-Adobe-Enterprise-Automation-PowerShell-Python-Portfolio/node_modules/winston/lib/winston/create-logger.js:81:14)
    at ServerResponse.info (/home/mookyjooky/Dropbox/GITHUB/06 - COMPLETED TOOLS/TECH-Adobe-Enterprise-Automation-PowerShell-Python-Portfolio/api/server.js:88:16)
    at ServerResponse.emit (node:events:531:35)
    at onFinish (node:_http_outgoing:1082:10)
    at callback (node:internal/streams/writable:766:21)
    at afterWrite (node:internal/streams/writable:710:5)
    at afterWriteTick (node:internal/streams/writable:696:10)
    at processTicksAndRejections (node:internal/process/task_queues:89:21)</failure>
      <failure>Error: write EPIPE
    at afterWriteDispatched (node:internal/stream_base_commons:159:15)
    at writeGeneric (node:internal/stream_base_commons:150:3)
    at Socket._writeGeneric (node:net:966:11)
    at Socket._write (node:net:978:8)
    at writeOrBuffer (node:internal/streams/writable:572:12)
    at _write (node:internal/streams/writable:501:10)
    at Socket.Writable.write (node:internal/streams/writable:510:10)
    at Socket.stream.write (/home/mookyjooky/Dropbox/GITHUB/06 - COMPLETED TOOLS/TECH-Adobe-Enterprise-Automation-PowerShell-Python-Portfolio/node_modules/@jest/reporters/build/VerboseReporter.js:47:7)
    at Console.log (/home/mookyjooky/Dropbox/GITHUB/06 - COMPLETED TOOLS/TECH-Adobe-Enterprise-Automation-PowerShell-Python-Portfolio/node_modules/winston/lib/winston/transports/console.js:87:23)
    at Console._write (/home/mookyjooky/Dropbox/GITHUB/06 - COMPLETED TOOLS/TECH-Adobe-Enterprise-Automation-PowerShell-Python-Portfolio/node_modules/winston-transport/modern.js:103:17)
    at doWrite (/home/mookyjooky/Dropbox/GITHUB/06 - COMPLETED TOOLS/TECH-Adobe-Enterprise-Automation-PowerShell-Python-Portfolio/node_modules/readable-stream/lib/_stream_writable.js:390:139)
    at writeOrBuffer (/home/mookyjooky/Dropbox/GITHUB/06 - COMPLETED TOOLS/TECH-Adobe-Enterprise-Automation-PowerShell-Python-Portfolio/node_modules/readable-stream/lib/_stream_writable.js:381:5)
    at Console.Object.&lt;anonymous&gt;.Writable.write (/home/mookyjooky/Dropbox/GITHUB/06 - COMPLETED TOOLS/TECH-Adobe-Enterprise-Automation-PowerShell-Python-Portfolio/node_modules/readable-stream/lib/_stream_writable.js:302:11)
    at DerivedLogger.ondata (/home/mookyjooky/Dropbox/GITHUB/06 - COMPLETED TOOLS/TECH-Adobe-Enterprise-Automation-PowerShell-Python-Portfolio/node_modules/readable-stream/lib/_stream_readable.js:629:20)
    at DerivedLogger.emit (node:events:531:35)
    at addChunk (/home/mookyjooky/Dropbox/GITHUB/06 - COMPLETED TOOLS/TECH-Adobe-Enterprise-Automation-PowerShell-Python-Portfolio/node_modules/readable-stream/lib/_stream_readable.js:279:12)
    at readableAddChunk (/home/mookyjooky/Dropbox/GITHUB/06 - COMPLETED TOOLS/TECH-Adobe-Enterprise-Automation-PowerShell-Python-Portfolio/node_modules/readable-stream/lib/_stream_readable.js:262:11)
    at DerivedLogger.Object.&lt;anonymous&gt;.Readable.push (/home/mookyjooky/Dropbox/GITHUB/06 - COMPLETED TOOLS/TECH-Adobe-Enterprise-Automation-PowerShell-Python-Portfolio/node_modules/readable-stream/lib/_stream_readable.js:228:10)
    at DerivedLogger.Object.&lt;anonymous&gt;.Transform.push (/home/mookyjooky/Dropbox/GITHUB/06 - COMPLETED TOOLS/TECH-Adobe-Enterprise-Automation-PowerShell-Python-Portfolio/node_modules/readable-stream/lib/_stream_transform.js:132:32)
    at DerivedLogger._transform (/home/mookyjooky/Dropbox/GITHUB/06 - COMPLETED TOOLS/TECH-Adobe-Enterprise-Automation-PowerShell-Python-Portfolio/node_modules/winston/lib/winston/logger.js:314:12)
    at DerivedLogger.Object.&lt;anonymous&gt;.Transform._read (/home/mookyjooky/Dropbox/GITHUB/06 - COMPLETED TOOLS/TECH-Adobe-Enterprise-Automation-PowerShell-Python-Portfolio/node_modules/readable-stream/lib/_stream_transform.js:166:10)
    at DerivedLogger.Object.&lt;anonymous&gt;.Transform._write (/home/mookyjooky/Dropbox/GITHUB/06 - COMPLETED TOOLS/TECH-Adobe-Enterprise-Automation-PowerShell-Python-Portfolio/node_modules/readable-stream/lib/_stream_transform.js:155:83)
    at doWrite (/home/mookyjooky/Dropbox/GITHUB/06 - COMPLETED TOOLS/TECH-Adobe-Enterprise-Automation-PowerShell-Python-Portfolio/node_modules/readable-stream/lib/_stream_writable.js:390:139)
    at writeOrBuffer (/home/mookyjooky/Dropbox/GITHUB/06 - COMPLETED TOOLS/TECH-Adobe-Enterprise-Automation-PowerShell-Python-Portfolio/node_modules/readable-stream/lib/_stream_writable.js:381:5)
    at DerivedLogger.Object.&lt;anonymous&gt;.Writable.write (/home/mookyjooky/Dropbox/GITHUB/06 - COMPLETED TOOLS/TECH-Adobe-Enterprise-Automation-PowerShell-Python-Portfolio/node_modules/readable-stream/lib/_stream_writable.js:302:11)
    at DerivedLogger.&lt;computed&gt; [as info] (/home/mookyjooky/Dropbox/GITHUB/06 - COMPLETED TOOLS/TECH-Adobe-Enterprise-Automation-PowerShell-Python-Portfolio/node_modules/winston/lib/winston/create-logger.js:81:14)
    at ServerResponse.info (/home/mookyjooky/Dropbox/GITHUB/06 - COMPLETED TOOLS/TECH-Adobe-Enterprise-Automation-PowerShell-Python-Portfolio/api/server.js:88:16)
    at ServerResponse.emit (node:events:531:35)
    at onFinish (node:_http_outgoing:1082:10)
    at callback (node:internal/streams/writable:766:21)
    at afterWrite (node:internal/streams/writable:710:5)
    at afterWriteTick (node:internal/streams/writable:696:10)
    at processTicksAndRejections (node:internal/process/task_queues:89:21)</failure>
      <failure>Error: write EPIPE
    at afterWriteDispatched (node:internal/stream_base_commons:159:15)
    at writeGeneric (node:internal/stream_base_commons:150:3)
    at Socket._writeGeneric (node:net:966:11)
    at Socket._write (node:net:978:8)
    at writeOrBuffer (node:internal/streams/writable:572:12)
    at _write (node:internal/streams/writable:501:10)
    at Socket.Writable.write (node:internal/streams/writable:510:10)
    at Socket.stream.write (/home/mookyjooky/Dropbox/GITHUB/06 - COMPLETED TOOLS/TECH-Adobe-Enterprise-Automation-PowerShell-Python-Portfolio/node_modules/@jest/reporters/build/VerboseReporter.js:47:7)
    at Console.log (/home/mookyjooky/Dropbox/GITHUB/06 - COMPLETED TOOLS/TECH-Adobe-Enterprise-Automation-PowerShell-Python-Portfolio/node_modules/winston/lib/winston/transports/console.js:87:23)
    at Console._write (/home/mookyjooky/Dropbox/GITHUB/06 - COMPLETED TOOLS/TECH-Adobe-Enterprise-Automation-PowerShell-Python-Portfolio/node_modules/winston-transport/modern.js:103:17)
    at doWrite (/home/mookyjooky/Dropbox/GITHUB/06 - COMPLETED TOOLS/TECH-Adobe-Enterprise-Automation-PowerShell-Python-Portfolio/node_modules/readable-stream/lib/_stream_writable.js:390:139)
    at writeOrBuffer (/home/mookyjooky/Dropbox/GITHUB/06 - COMPLETED TOOLS/TECH-Adobe-Enterprise-Automation-PowerShell-Python-Portfolio/node_modules/readable-stream/lib/_stream_writable.js:381:5)
    at Console.Object.&lt;anonymous&gt;.Writable.write (/home/mookyjooky/Dropbox/GITHUB/06 - COMPLETED TOOLS/TECH-Adobe-Enterprise-Automation-PowerShell-Python-Portfolio/node_modules/readable-stream/lib/_stream_writable.js:302:11)
    at DerivedLogger.ondata (/home/mookyjooky/Dropbox/GITHUB/06 - COMPLETED TOOLS/TECH-Adobe-Enterprise-Automation-PowerShell-Python-Portfolio/node_modules/readable-stream/lib/_stream_readable.js:629:20)
    at DerivedLogger.emit (node:events:531:35)
    at addChunk (/home/mookyjooky/Dropbox/GITHUB/06 - COMPLETED TOOLS/TECH-Adobe-Enterprise-Automation-PowerShell-Python-Portfolio/node_modules/readable-stream/lib/_stream_readable.js:279:12)
    at readableAddChunk (/home/mookyjooky/Dropbox/GITHUB/06 - COMPLETED TOOLS/TECH-Adobe-Enterprise-Automation-PowerShell-Python-Portfolio/node_modules/readable-stream/lib/_stream_readable.js:262:11)
    at DerivedLogger.Object.&lt;anonymous&gt;.Readable.push (/home/mookyjooky/Dropbox/GITHUB/06 - COMPLETED TOOLS/TECH-Adobe-Enterprise-Automation-PowerShell-Python-Portfolio/node_modules/readable-stream/lib/_stream_readable.js:228:10)
    at DerivedLogger.Object.&lt;anonymous&gt;.Transform.push (/home/mookyjooky/Dropbox/GITHUB/06 - COMPLETED TOOLS/TECH-Adobe-Enterprise-Automation-PowerShell-Python-Portfolio/node_modules/readable-stream/lib/_stream_transform.js:132:32)
    at DerivedLogger._transform (/home/mookyjooky/Dropbox/GITHUB/06 - COMPLETED TOOLS/TECH-Adobe-Enterprise-Automation-PowerShell-Python-Portfolio/node_modules/winston/lib/winston/logger.js:314:12)
    at DerivedLogger.Object.&lt;anonymous&gt;.Transform._read (/home/mookyjooky/Dropbox/GITHUB/06 - COMPLETED TOOLS/TECH-Adobe-Enterprise-Automation-PowerShell-Python-Portfolio/node_modules/readable-stream/lib/_stream_transform.js:166:10)
    at DerivedLogger.Object.&lt;anonymous&gt;.Transform._write (/home/mookyjooky/Dropbox/GITHUB/06 - COMPLETED TOOLS/TECH-Adobe-Enterprise-Automation-PowerShell-Python-Portfolio/node_modules/readable-stream/lib/_stream_transform.js:155:83)
    at doWrite (/home/mookyjooky/Dropbox/GITHUB/06 - COMPLETED TOOLS/TECH-Adobe-Enterprise-Automation-PowerShell-Python-Portfolio/node_modules/readable-stream/lib/_stream_writable.js:390:139)
    at writeOrBuffer (/home/mookyjooky/Dropbox/GITHUB/06 - COMPLETED TOOLS/TECH-Adobe-Enterprise-Automation-PowerShell-Python-Portfolio/node_modules/readable-stream/lib/_stream_writable.js:381:5)
    at DerivedLogger.Object.&lt;anonymous&gt;.Writable.write (/home/mookyjooky/Dropbox/GITHUB/06 - COMPLETED TOOLS/TECH-Adobe-Enterprise-Automation-PowerShell-Python-Portfolio/node_modules/readable-stream/lib/_stream_writable.js:302:11)
    at DerivedLogger.&lt;computed&gt; [as info] (/home/mookyjooky/Dropbox/GITHUB/06 - COMPLETED TOOLS/TECH-Adobe-Enterprise-Automation-PowerShell-Python-Portfolio/node_modules/winston/lib/winston/create-logger.js:81:14)
    at ServerResponse.info (/home/mookyjooky/Dropbox/GITHUB/06 - COMPLETED TOOLS/TECH-Adobe-Enterprise-Automation-PowerShell-Python-Portfolio/api/server.js:88:16)
    at ServerResponse.emit (node:events:531:35)
    at onFinish (node:_http_outgoing:1082:10)
    at callback (node:internal/streams/writable:766:21)
    at afterWrite (node:internal/streams/writable:710:5)
    at afterWriteTick (node:internal/streams/writable:696:10)
    at processTicksAndRejections (node:internal/process/task_queues:89:21)</failure>
      <failure>Error: write EPIPE
    at afterWriteDispatched (node:internal/stream_base_commons:159:15)
    at writeGeneric (node:internal/stream_base_commons:150:3)
    at Socket._writeGeneric (node:net:966:11)
    at Socket._write (node:net:978:8)
    at writeOrBuffer (node:internal/streams/writable:572:12)
    at _write (node:internal/streams/writable:501:10)
    at Socket.Writable.write (node:internal/streams/writable:510:10)
    at Socket.stream.write (/home/mookyjooky/Dropbox/GITHUB/06 - COMPLETED TOOLS/TECH-Adobe-Enterprise-Automation-PowerShell-Python-Portfolio/node_modules/@jest/reporters/build/VerboseReporter.js:47:7)
    at Console.log (/home/mookyjooky/Dropbox/GITHUB/06 - COMPLETED TOOLS/TECH-Adobe-Enterprise-Automation-PowerShell-Python-Portfolio/node_modules/winston/lib/winston/transports/console.js:87:23)
    at Console._write (/home/mookyjooky/Dropbox/GITHUB/06 - COMPLETED TOOLS/TECH-Adobe-Enterprise-Automation-PowerShell-Python-Portfolio/node_modules/winston-transport/modern.js:103:17)
    at doWrite (/home/mookyjooky/Dropbox/GITHUB/06 - COMPLETED TOOLS/TECH-Adobe-Enterprise-Automation-PowerShell-Python-Portfolio/node_modules/readable-stream/lib/_stream_writable.js:390:139)
    at writeOrBuffer (/home/mookyjooky/Dropbox/GITHUB/06 - COMPLETED TOOLS/TECH-Adobe-Enterprise-Automation-PowerShell-Python-Portfolio/node_modules/readable-stream/lib/_stream_writable.js:381:5)
    at Console.Object.&lt;anonymous&gt;.Writable.write (/home/mookyjooky/Dropbox/GITHUB/06 - COMPLETED TOOLS/TECH-Adobe-Enterprise-Automation-PowerShell-Python-Portfolio/node_modules/readable-stream/lib/_stream_writable.js:302:11)
    at DerivedLogger.ondata (/home/mookyjooky/Dropbox/GITHUB/06 - COMPLETED TOOLS/TECH-Adobe-Enterprise-Automation-PowerShell-Python-Portfolio/node_modules/readable-stream/lib/_stream_readable.js:629:20)
    at DerivedLogger.emit (node:events:531:35)
    at addChunk (/home/mookyjooky/Dropbox/GITHUB/06 - COMPLETED TOOLS/TECH-Adobe-Enterprise-Automation-PowerShell-Python-Portfolio/node_modules/readable-stream/lib/_stream_readable.js:279:12)
    at readableAddChunk (/home/mookyjooky/Dropbox/GITHUB/06 - COMPLETED TOOLS/TECH-Adobe-Enterprise-Automation-PowerShell-Python-Portfolio/node_modules/readable-stream/lib/_stream_readable.js:262:11)
    at DerivedLogger.Object.&lt;anonymous&gt;.Readable.push (/home/mookyjooky/Dropbox/GITHUB/06 - COMPLETED TOOLS/TECH-Adobe-Enterprise-Automation-PowerShell-Python-Portfolio/node_modules/readable-stream/lib/_stream_readable.js:228:10)
    at DerivedLogger.Object.&lt;anonymous&gt;.Transform.push (/home/mookyjooky/Dropbox/GITHUB/06 - COMPLETED TOOLS/TECH-Adobe-Enterprise-Automation-PowerShell-Python-Portfolio/node_modules/readable-stream/lib/_stream_transform.js:132:32)
    at DerivedLogger._transform (/home/mookyjooky/Dropbox/GITHUB/06 - COMPLETED TOOLS/TECH-Adobe-Enterprise-Automation-PowerShell-Python-Portfolio/node_modules/winston/lib/winston/logger.js:314:12)
    at DerivedLogger.Object.&lt;anonymous&gt;.Transform._read (/home/mookyjooky/Dropbox/GITHUB/06 - COMPLETED TOOLS/TECH-Adobe-Enterprise-Automation-PowerShell-Python-Portfolio/node_modules/readable-stream/lib/_stream_transform.js:166:10)
    at DerivedLogger.Object.&lt;anonymous&gt;.Transform._write (/home/mookyjooky/Dropbox/GITHUB/06 - COMPLETED TOOLS/TECH-Adobe-Enterprise-Automation-PowerShell-Python-Portfolio/node_modules/readable-stream/lib/_stream_transform.js:155:83)
    at doWrite (/home/mookyjooky/Dropbox/GITHUB/06 - COMPLETED TOOLS/TECH-Adobe-Enterprise-Automation-PowerShell-Python-Portfolio/node_modules/readable-stream/lib/_stream_writable.js:390:139)
    at writeOrBuffer (/home/mookyjooky/Dropbox/GITHUB/06 - COMPLETED TOOLS/TECH-Adobe-Enterprise-Automation-PowerShell-Python-Portfolio/node_modules/readable-stream/lib/_stream_writable.js:381:5)
    at DerivedLogger.Object.&lt;anonymous&gt;.Writable.write (/home/mookyjooky/Dropbox/GITHUB/06 - COMPLETED TOOLS/TECH-Adobe-Enterprise-Automation-PowerShell-Python-Portfolio/node_modules/readable-stream/lib/_stream_writable.js:302:11)
    at DerivedLogger.&lt;computed&gt; [as info] (/home/mookyjooky/Dropbox/GITHUB/06 - COMPLETED TOOLS/TECH-Adobe-Enterprise-Automation-PowerShell-Python-Portfolio/node_modules/winston/lib/winston/create-logger.js:81:14)
    at ServerResponse.info (/home/mookyjooky/Dropbox/GITHUB/06 - COMPLETED TOOLS/TECH-Adobe-Enterprise-Automation-PowerShell-Python-Portfolio/api/server.js:88:16)
    at ServerResponse.emit (node:events:531:35)
    at onFinish (node:_http_outgoing:1082:10)
    at callback (node:internal/streams/writable:766:21)
    at afterWrite (node:internal/streams/writable:710:5)
    at afterWriteTick (node:internal/streams/writable:696:10)
    at processTicksAndRejections (node:internal/process/task_queues:89:21)</failure>
      <failure>Error: write EPIPE
    at afterWriteDispatched (node:internal/stream_base_commons:159:15)
    at writeGeneric (node:internal/stream_base_commons:150:3)
    at Socket._writeGeneric (node:net:966:11)
    at Socket._write (node:net:978:8)
    at writeOrBuffer (node:internal/streams/writable:572:12)
    at _write (node:internal/streams/writable:501:10)
    at Socket.Writable.write (node:internal/streams/writable:510:10)
    at Socket.stream.write (/home/mookyjooky/Dropbox/GITHUB/06 - COMPLETED TOOLS/TECH-Adobe-Enterprise-Automation-PowerShell-Python-Portfolio/node_modules/@jest/reporters/build/VerboseReporter.js:47:7)
    at Console.log (/home/mookyjooky/Dropbox/GITHUB/06 - COMPLETED TOOLS/TECH-Adobe-Enterprise-Automation-PowerShell-Python-Portfolio/node_modules/winston/lib/winston/transports/console.js:87:23)
    at Console._write (/home/mookyjooky/Dropbox/GITHUB/06 - COMPLETED TOOLS/TECH-Adobe-Enterprise-Automation-PowerShell-Python-Portfolio/node_modules/winston-transport/modern.js:103:17)
    at doWrite (/home/mookyjooky/Dropbox/GITHUB/06 - COMPLETED TOOLS/TECH-Adobe-Enterprise-Automation-PowerShell-Python-Portfolio/node_modules/readable-stream/lib/_stream_writable.js:390:139)
    at writeOrBuffer (/home/mookyjooky/Dropbox/GITHUB/06 - COMPLETED TOOLS/TECH-Adobe-Enterprise-Automation-PowerShell-Python-Portfolio/node_modules/readable-stream/lib/_stream_writable.js:381:5)
    at Console.Object.&lt;anonymous&gt;.Writable.write (/home/mookyjooky/Dropbox/GITHUB/06 - COMPLETED TOOLS/TECH-Adobe-Enterprise-Automation-PowerShell-Python-Portfolio/node_modules/readable-stream/lib/_stream_writable.js:302:11)
    at DerivedLogger.ondata (/home/mookyjooky/Dropbox/GITHUB/06 - COMPLETED TOOLS/TECH-Adobe-Enterprise-Automation-PowerShell-Python-Portfolio/node_modules/readable-stream/lib/_stream_readable.js:629:20)
    at DerivedLogger.emit (node:events:531:35)
    at addChunk (/home/mookyjooky/Dropbox/GITHUB/06 - COMPLETED TOOLS/TECH-Adobe-Enterprise-Automation-PowerShell-Python-Portfolio/node_modules/readable-stream/lib/_stream_readable.js:279:12)
    at readableAddChunk (/home/mookyjooky/Dropbox/GITHUB/06 - COMPLETED TOOLS/TECH-Adobe-Enterprise-Automation-PowerShell-Python-Portfolio/node_modules/readable-stream/lib/_stream_readable.js:262:11)
    at DerivedLogger.Object.&lt;anonymous&gt;.Readable.push (/home/mookyjooky/Dropbox/GITHUB/06 - COMPLETED TOOLS/TECH-Adobe-Enterprise-Automation-PowerShell-Python-Portfolio/node_modules/readable-stream/lib/_stream_readable.js:228:10)
    at DerivedLogger.Object.&lt;anonymous&gt;.Transform.push (/home/mookyjooky/Dropbox/GITHUB/06 - COMPLETED TOOLS/TECH-Adobe-Enterprise-Automation-PowerShell-Python-Portfolio/node_modules/readable-stream/lib/_stream_transform.js:132:32)
    at DerivedLogger._transform (/home/mookyjooky/Dropbox/GITHUB/06 - COMPLETED TOOLS/TECH-Adobe-Enterprise-Automation-PowerShell-Python-Portfolio/node_modules/winston/lib/winston/logger.js:314:12)
    at DerivedLogger.Object.&lt;anonymous&gt;.Transform._read (/home/mookyjooky/Dropbox/GITHUB/06 - COMPLETED TOOLS/TECH-Adobe-Enterprise-Automation-PowerShell-Python-Portfolio/node_modules/readable-stream/lib/_stream_transform.js:166:10)
    at DerivedLogger.Object.&lt;anonymous&gt;.Transform._write (/home/mookyjooky/Dropbox/GITHUB/06 - COMPLETED TOOLS/TECH-Adobe-Enterprise-Automation-PowerShell-Python-Portfolio/node_modules/readable-stream/lib/_stream_transform.js:155:83)
    at doWrite (/home/mookyjooky/Dropbox/GITHUB/06 - COMPLETED TOOLS/TECH-Adobe-Enterprise-Automation-PowerShell-Python-Portfolio/node_modules/readable-stream/lib/_stream_writable.js:390:139)
    at writeOrBuffer (/home/mookyjooky/Dropbox/GITHUB/06 - COMPLETED TOOLS/TECH-Adobe-Enterprise-Automation-PowerShell-Python-Portfolio/node_modules/readable-stream/lib/_stream_writable.js:381:5)
    at DerivedLogger.Object.&lt;anonymous&gt;.Writable.write (/home/mookyjooky/Dropbox/GITHUB/06 - COMPLETED TOOLS/TECH-Adobe-Enterprise-Automation-PowerShell-Python-Portfolio/node_modules/readable-stream/lib/_stream_writable.js:302:11)
    at DerivedLogger.&lt;computed&gt; [as info] (/home/mookyjooky/Dropbox/GITHUB/06 - COMPLETED TOOLS/TECH-Adobe-Enterprise-Automation-PowerShell-Python-Portfolio/node_modules/winston/lib/winston/create-logger.js:81:14)
    at ServerResponse.info (/home/mookyjooky/Dropbox/GITHUB/06 - COMPLETED TOOLS/TECH-Adobe-Enterprise-Automation-PowerShell-Python-Portfolio/api/server.js:88:16)
    at ServerResponse.emit (node:events:531:35)
    at onFinish (node:_http_outgoing:1082:10)
    at callback (node:internal/streams/writable:766:21)
    at afterWrite (node:internal/streams/writable:710:5)
    at afterWriteTick (node:internal/streams/writable:696:10)
    at processTicksAndRejections (node:internal/process/task_queues:89:21)</failure>
      <failure>Error: write EPIPE
    at afterWriteDispatched (node:internal/stream_base_commons:159:15)
    at writeGeneric (node:internal/stream_base_commons:150:3)
    at Socket._writeGeneric (node:net:966:11)
    at Socket._write (node:net:978:8)
    at writeOrBuffer (node:internal/streams/writable:572:12)
    at _write (node:internal/streams/writable:501:10)
    at Socket.Writable.write (node:internal/streams/writable:510:10)
    at Socket.stream.write (/home/mookyjooky/Dropbox/GITHUB/06 - COMPLETED TOOLS/TECH-Adobe-Enterprise-Automation-PowerShell-Python-Portfolio/node_modules/@jest/reporters/build/VerboseReporter.js:47:7)
    at Console.log (/home/mookyjooky/Dropbox/GITHUB/06 - COMPLETED TOOLS/TECH-Adobe-Enterprise-Automation-PowerShell-Python-Portfolio/node_modules/winston/lib/winston/transports/console.js:87:23)
    at Console._write (/home/mookyjooky/Dropbox/GITHUB/06 - COMPLETED TOOLS/TECH-Adobe-Enterprise-Automation-PowerShell-Python-Portfolio/node_modules/winston-transport/modern.js:103:17)
    at doWrite (/home/mookyjooky/Dropbox/GITHUB/06 - COMPLETED TOOLS/TECH-Adobe-Enterprise-Automation-PowerShell-Python-Portfolio/node_modules/readable-stream/lib/_stream_writable.js:390:139)
    at writeOrBuffer (/home/mookyjooky/Dropbox/GITHUB/06 - COMPLETED TOOLS/TECH-Adobe-Enterprise-Automation-PowerShell-Python-Portfolio/node_modules/readable-stream/lib/_stream_writable.js:381:5)
    at Console.Object.&lt;anonymous&gt;.Writable.write (/home/mookyjooky/Dropbox/GITHUB/06 - COMPLETED TOOLS/TECH-Adobe-Enterprise-Automation-PowerShell-Python-Portfolio/node_modules/readable-stream/lib/_stream_writable.js:302:11)
    at DerivedLogger.ondata (/home/mookyjooky/Dropbox/GITHUB/06 - COMPLETED TOOLS/TECH-Adobe-Enterprise-Automation-PowerShell-Python-Portfolio/node_modules/readable-stream/lib/_stream_readable.js:629:20)
    at DerivedLogger.emit (node:events:531:35)
    at addChunk (/home/mookyjooky/Dropbox/GITHUB/06 - COMPLETED TOOLS/TECH-Adobe-Enterprise-Automation-PowerShell-Python-Portfolio/node_modules/readable-stream/lib/_stream_readable.js:279:12)
    at readableAddChunk (/home/mookyjooky/Dropbox/GITHUB/06 - COMPLETED TOOLS/TECH-Adobe-Enterprise-Automation-PowerShell-Python-Portfolio/node_modules/readable-stream/lib/_stream_readable.js:262:11)
    at DerivedLogger.Object.&lt;anonymous&gt;.Readable.push (/home/mookyjooky/Dropbox/GITHUB/06 - COMPLETED TOOLS/TECH-Adobe-Enterprise-Automation-PowerShell-Python-Portfolio/node_modules/readable-stream/lib/_stream_readable.js:228:10)
    at DerivedLogger.Object.&lt;anonymous&gt;.Transform.push (/home/mookyjooky/Dropbox/GITHUB/06 - COMPLETED TOOLS/TECH-Adobe-Enterprise-Automation-PowerShell-Python-Portfolio/node_modules/readable-stream/lib/_stream_transform.js:132:32)
    at DerivedLogger._transform (/home/mookyjooky/Dropbox/GITHUB/06 - COMPLETED TOOLS/TECH-Adobe-Enterprise-Automation-PowerShell-Python-Portfolio/node_modules/winston/lib/winston/logger.js:314:12)
    at DerivedLogger.Object.&lt;anonymous&gt;.Transform._read (/home/mookyjooky/Dropbox/GITHUB/06 - COMPLETED TOOLS/TECH-Adobe-Enterprise-Automation-PowerShell-Python-Portfolio/node_modules/readable-stream/lib/_stream_transform.js:166:10)
    at DerivedLogger.Object.&lt;anonymous&gt;.Transform._write (/home/mookyjooky/Dropbox/GITHUB/06 - COMPLETED TOOLS/TECH-Adobe-Enterprise-Automation-PowerShell-Python-Portfolio/node_modules/readable-stream/lib/_stream_transform.js:155:83)
    at doWrite (/home/mookyjooky/Dropbox/GITHUB/06 - COMPLETED TOOLS/TECH-Adobe-Enterprise-Automation-PowerShell-Python-Portfolio/node_modules/readable-stream/lib/_stream_writable.js:390:139)
    at writeOrBuffer (/home/mookyjooky/Dropbox/GITHUB/06 - COMPLETED TOOLS/TECH-Adobe-Enterprise-Automation-PowerShell-Python-Portfolio/node_modules/readable-stream/lib/_stream_writable.js:381:5)
    at DerivedLogger.Object.&lt;anonymous&gt;.Writable.write (/home/mookyjooky/Dropbox/GITHUB/06 - COMPLETED TOOLS/TECH-Adobe-Enterprise-Automation-PowerShell-Python-Portfolio/node_modules/readable-stream/lib/_stream_writable.js:302:11)
    at DerivedLogger.&lt;computed&gt; [as info] (/home/mookyjooky/Dropbox/GITHUB/06 - COMPLETED TOOLS/TECH-Adobe-Enterprise-Automation-PowerShell-Python-Portfolio/node_modules/winston/lib/winston/create-logger.js:81:14)
    at ServerResponse.info (/home/mookyjooky/Dropbox/GITHUB/06 - COMPLETED TOOLS/TECH-Adobe-Enterprise-Automation-PowerShell-Python-Portfolio/api/server.js:88:16)
    at ServerResponse.emit (node:events:531:35)
    at onFinish (node:_http_outgoing:1082:10)
    at callback (node:internal/streams/writable:766:21)
    at afterWrite (node:internal/streams/writable:710:5)
    at afterWriteTick (node:internal/streams/writable:696:10)
    at processTicksAndRejections (node:internal/process/task_queues:89:21)</failure>
      <failure>Error: write EPIPE
    at afterWriteDispatched (node:internal/stream_base_commons:159:15)
    at writeGeneric (node:internal/stream_base_commons:150:3)
    at Socket._writeGeneric (node:net:966:11)
    at Socket._write (node:net:978:8)
    at writeOrBuffer (node:internal/streams/writable:572:12)
    at _write (node:internal/streams/writable:501:10)
    at Socket.Writable.write (node:internal/streams/writable:510:10)
    at Socket.stream.write (/home/mookyjooky/Dropbox/GITHUB/06 - COMPLETED TOOLS/TECH-Adobe-Enterprise-Automation-PowerShell-Python-Portfolio/node_modules/@jest/reporters/build/VerboseReporter.js:47:7)
    at Console.log (/home/mookyjooky/Dropbox/GITHUB/06 - COMPLETED TOOLS/TECH-Adobe-Enterprise-Automation-PowerShell-Python-Portfolio/node_modules/winston/lib/winston/transports/console.js:87:23)
    at Console._write (/home/mookyjooky/Dropbox/GITHUB/06 - COMPLETED TOOLS/TECH-Adobe-Enterprise-Automation-PowerShell-Python-Portfolio/node_modules/winston-transport/modern.js:103:17)
    at doWrite (/home/mookyjooky/Dropbox/GITHUB/06 - COMPLETED TOOLS/TECH-Adobe-Enterprise-Automation-PowerShell-Python-Portfolio/node_modules/readable-stream/lib/_stream_writable.js:390:139)
    at writeOrBuffer (/home/mookyjooky/Dropbox/GITHUB/06 - COMPLETED TOOLS/TECH-Adobe-Enterprise-Automation-PowerShell-Python-Portfolio/node_modules/readable-stream/lib/_stream_writable.js:381:5)
    at Console.Object.&lt;anonymous&gt;.Writable.write (/home/mookyjooky/Dropbox/GITHUB/06 - COMPLETED TOOLS/TECH-Adobe-Enterprise-Automation-PowerShell-Python-Portfolio/node_modules/readable-stream/lib/_stream_writable.js:302:11)
    at DerivedLogger.ondata (/home/mookyjooky/Dropbox/GITHUB/06 - COMPLETED TOOLS/TECH-Adobe-Enterprise-Automation-PowerShell-Python-Portfolio/node_modules/readable-stream/lib/_stream_readable.js:629:20)
    at DerivedLogger.emit (node:events:531:35)
    at addChunk (/home/mookyjooky/Dropbox/GITHUB/06 - COMPLETED TOOLS/TECH-Adobe-Enterprise-Automation-PowerShell-Python-Portfolio/node_modules/readable-stream/lib/_stream_readable.js:279:12)
    at readableAddChunk (/home/mookyjooky/Dropbox/GITHUB/06 - COMPLETED TOOLS/TECH-Adobe-Enterprise-Automation-PowerShell-Python-Portfolio/node_modules/readable-stream/lib/_stream_readable.js:262:11)
    at DerivedLogger.Object.&lt;anonymous&gt;.Readable.push (/home/mookyjooky/Dropbox/GITHUB/06 - COMPLETED TOOLS/TECH-Adobe-Enterprise-Automation-PowerShell-Python-Portfolio/node_modules/readable-stream/lib/_stream_readable.js:228:10)
    at DerivedLogger.Object.&lt;anonymous&gt;.Transform.push (/home/mookyjooky/Dropbox/GITHUB/06 - COMPLETED TOOLS/TECH-Adobe-Enterprise-Automation-PowerShell-Python-Portfolio/node_modules/readable-stream/lib/_stream_transform.js:132:32)
    at DerivedLogger._transform (/home/mookyjooky/Dropbox/GITHUB/06 - COMPLETED TOOLS/TECH-Adobe-Enterprise-Automation-PowerShell-Python-Portfolio/node_modules/winston/lib/winston/logger.js:314:12)
    at DerivedLogger.Object.&lt;anonymous&gt;.Transform._read (/home/mookyjooky/Dropbox/GITHUB/06 - COMPLETED TOOLS/TECH-Adobe-Enterprise-Automation-PowerShell-Python-Portfolio/node_modules/readable-stream/lib/_stream_transform.js:166:10)
    at DerivedLogger.Object.&lt;anonymous&gt;.Transform._write (/home/mookyjooky/Dropbox/GITHUB/06 - COMPLETED TOOLS/TECH-Adobe-Enterprise-Automation-PowerShell-Python-Portfolio/node_modules/readable-stream/lib/_stream_transform.js:155:83)
    at doWrite (/home/mookyjooky/Dropbox/GITHUB/06 - COMPLETED TOOLS/TECH-Adobe-Enterprise-Automation-PowerShell-Python-Portfolio/node_modules/readable-stream/lib/_stream_writable.js:390:139)
    at writeOrBuffer (/home/mookyjooky/Dropbox/GITHUB/06 - COMPLETED TOOLS/TECH-Adobe-Enterprise-Automation-PowerShell-Python-Portfolio/node_modules/readable-stream/lib/_stream_writable.js:381:5)
    at DerivedLogger.Object.&lt;anonymous&gt;.Writable.write (/home/mookyjooky/Dropbox/GITHUB/06 - COMPLETED TOOLS/TECH-Adobe-Enterprise-Automation-PowerShell-Python-Portfolio/node_modules/readable-stream/lib/_stream_writable.js:302:11)
    at DerivedLogger.&lt;computed&gt; [as info] (/home/mookyjooky/Dropbox/GITHUB/06 - COMPLETED TOOLS/TECH-Adobe-Enterprise-Automation-PowerShell-Python-Portfolio/node_modules/winston/lib/winston/create-logger.js:81:14)
    at ServerResponse.info (/home/mookyjooky/Dropbox/GITHUB/06 - COMPLETED TOOLS/TECH-Adobe-Enterprise-Automation-PowerShell-Python-Portfolio/api/server.js:88:16)
    at ServerResponse.emit (node:events:531:35)
    at onFinish (node:_http_outgoing:1082:10)
    at callback (node:internal/streams/writable:766:21)
    at afterWrite (node:internal/streams/writable:710:5)
    at afterWriteTick (node:internal/streams/writable:696:10)
    at processTicksAndRejections (node:internal/process/task_queues:89:21)</failure>
      <failure>Error: write EPIPE
    at afterWriteDispatched (node:internal/stream_base_commons:159:15)
    at writeGeneric (node:internal/stream_base_commons:150:3)
    at Socket._writeGeneric (node:net:966:11)
    at Socket._write (node:net:978:8)
    at writeOrBuffer (node:internal/streams/writable:572:12)
    at _write (node:internal/streams/writable:501:10)
    at Socket.Writable.write (node:internal/streams/writable:510:10)
    at Socket.stream.write (/home/mookyjooky/Dropbox/GITHUB/06 - COMPLETED TOOLS/TECH-Adobe-Enterprise-Automation-PowerShell-Python-Portfolio/node_modules/@jest/reporters/build/VerboseReporter.js:47:7)
    at Console.log (/home/mookyjooky/Dropbox/GITHUB/06 - COMPLETED TOOLS/TECH-Adobe-Enterprise-Automation-PowerShell-Python-Portfolio/node_modules/winston/lib/winston/transports/console.js:87:23)
    at Console._write (/home/mookyjooky/Dropbox/GITHUB/06 - COMPLETED TOOLS/TECH-Adobe-Enterprise-Automation-PowerShell-Python-Portfolio/node_modules/winston-transport/modern.js:103:17)
    at doWrite (/home/mookyjooky/Dropbox/GITHUB/06 - COMPLETED TOOLS/TECH-Adobe-Enterprise-Automation-PowerShell-Python-Portfolio/node_modules/readable-stream/lib/_stream_writable.js:390:139)
    at writeOrBuffer (/home/mookyjooky/Dropbox/GITHUB/06 - COMPLETED TOOLS/TECH-Adobe-Enterprise-Automation-PowerShell-Python-Portfolio/node_modules/readable-stream/lib/_stream_writable.js:381:5)
    at Console.Object.&lt;anonymous&gt;.Writable.write (/home/mookyjooky/Dropbox/GITHUB/06 - COMPLETED TOOLS/TECH-Adobe-Enterprise-Automation-PowerShell-Python-Portfolio/node_modules/readable-stream/lib/_stream_writable.js:302:11)
    at DerivedLogger.ondata (/home/mookyjooky/Dropbox/GITHUB/06 - COMPLETED TOOLS/TECH-Adobe-Enterprise-Automation-PowerShell-Python-Portfolio/node_modules/readable-stream/lib/_stream_readable.js:629:20)
    at DerivedLogger.emit (node:events:531:35)
    at addChunk (/home/mookyjooky/Dropbox/GITHUB/06 - COMPLETED TOOLS/TECH-Adobe-Enterprise-Automation-PowerShell-Python-Portfolio/node_modules/readable-stream/lib/_stream_readable.js:279:12)
    at readableAddChunk (/home/mookyjooky/Dropbox/GITHUB/06 - COMPLETED TOOLS/TECH-Adobe-Enterprise-Automation-PowerShell-Python-Portfolio/node_modules/readable-stream/lib/_stream_readable.js:262:11)
    at DerivedLogger.Object.&lt;anonymous&gt;.Readable.push (/home/mookyjooky/Dropbox/GITHUB/06 - COMPLETED TOOLS/TECH-Adobe-Enterprise-Automation-PowerShell-Python-Portfolio/node_modules/readable-stream/lib/_stream_readable.js:228:10)
    at DerivedLogger.Object.&lt;anonymous&gt;.Transform.push (/home/mookyjooky/Dropbox/GITHUB/06 - COMPLETED TOOLS/TECH-Adobe-Enterprise-Automation-PowerShell-Python-Portfolio/node_modules/readable-stream/lib/_stream_transform.js:132:32)
    at DerivedLogger._transform (/home/mookyjooky/Dropbox/GITHUB/06 - COMPLETED TOOLS/TECH-Adobe-Enterprise-Automation-PowerShell-Python-Portfolio/node_modules/winston/lib/winston/logger.js:314:12)
    at DerivedLogger.Object.&lt;anonymous&gt;.Transform._read (/home/mookyjooky/Dropbox/GITHUB/06 - COMPLETED TOOLS/TECH-Adobe-Enterprise-Automation-PowerShell-Python-Portfolio/node_modules/readable-stream/lib/_stream_transform.js:166:10)
    at DerivedLogger.Object.&lt;anonymous&gt;.Transform._write (/home/mookyjooky/Dropbox/GITHUB/06 - COMPLETED TOOLS/TECH-Adobe-Enterprise-Automation-PowerShell-Python-Portfolio/node_modules/readable-stream/lib/_stream_transform.js:155:83)
    at doWrite (/home/mookyjooky/Dropbox/GITHUB/06 - COMPLETED TOOLS/TECH-Adobe-Enterprise-Automation-PowerShell-Python-Portfolio/node_modules/readable-stream/lib/_stream_writable.js:390:139)
    at writeOrBuffer (/home/mookyjooky/Dropbox/GITHUB/06 - COMPLETED TOOLS/TECH-Adobe-Enterprise-Automation-PowerShell-Python-Portfolio/node_modules/readable-stream/lib/_stream_writable.js:381:5)
    at DerivedLogger.Object.&lt;anonymous&gt;.Writable.write (/home/mookyjooky/Dropbox/GITHUB/06 - COMPLETED TOOLS/TECH-Adobe-Enterprise-Automation-PowerShell-Python-Portfolio/node_modules/readable-stream/lib/_stream_writable.js:302:11)
    at DerivedLogger.&lt;computed&gt; [as info] (/home/mookyjooky/Dropbox/GITHUB/06 - COMPLETED TOOLS/TECH-Adobe-Enterprise-Automation-PowerShell-Python-Portfolio/node_modules/winston/lib/winston/create-logger.js:81:14)
    at ServerResponse.info (/home/mookyjooky/Dropbox/GITHUB/06 - COMPLETED TOOLS/TECH-Adobe-Enterprise-Automation-PowerShell-Python-Portfolio/api/server.js:88:16)
    at ServerResponse.emit (node:events:531:35)
    at onFinish (node:_http_outgoing:1082:10)
    at callback (node:internal/streams/writable:766:21)
    at afterWrite (node:internal/streams/writable:710:5)
    at afterWriteTick (node:internal/streams/writable:696:10)
    at processTicksAndRejections (node:internal/process/task_queues:89:21)</failure>
      <failure>Error: write EPIPE
    at afterWriteDispatched (node:internal/stream_base_commons:159:15)
    at writeGeneric (node:internal/stream_base_commons:150:3)
    at Socket._writeGeneric (node:net:966:11)
    at Socket._write (node:net:978:8)
    at writeOrBuffer (node:internal/streams/writable:572:12)
    at _write (node:internal/streams/writable:501:10)
    at Socket.Writable.write (node:internal/streams/writable:510:10)
    at Socket.stream.write (/home/mookyjooky/Dropbox/GITHUB/06 - COMPLETED TOOLS/TECH-Adobe-Enterprise-Automation-PowerShell-Python-Portfolio/node_modules/@jest/reporters/build/VerboseReporter.js:47:7)
    at Console.log (/home/mookyjooky/Dropbox/GITHUB/06 - COMPLETED TOOLS/TECH-Adobe-Enterprise-Automation-PowerShell-Python-Portfolio/node_modules/winston/lib/winston/transports/console.js:87:23)
    at Console._write (/home/mookyjooky/Dropbox/GITHUB/06 - COMPLETED TOOLS/TECH-Adobe-Enterprise-Automation-PowerShell-Python-Portfolio/node_modules/winston-transport/modern.js:103:17)
    at doWrite (/home/mookyjooky/Dropbox/GITHUB/06 - COMPLETED TOOLS/TECH-Adobe-Enterprise-Automation-PowerShell-Python-Portfolio/node_modules/readable-stream/lib/_stream_writable.js:390:139)
    at writeOrBuffer (/home/mookyjooky/Dropbox/GITHUB/06 - COMPLETED TOOLS/TECH-Adobe-Enterprise-Automation-PowerShell-Python-Portfolio/node_modules/readable-stream/lib/_stream_writable.js:381:5)
    at Console.Object.&lt;anonymous&gt;.Writable.write (/home/mookyjooky/Dropbox/GITHUB/06 - COMPLETED TOOLS/TECH-Adobe-Enterprise-Automation-PowerShell-Python-Portfolio/node_modules/readable-stream/lib/_stream_writable.js:302:11)
    at DerivedLogger.ondata (/home/mookyjooky/Dropbox/GITHUB/06 - COMPLETED TOOLS/TECH-Adobe-Enterprise-Automation-PowerShell-Python-Portfolio/node_modules/readable-stream/lib/_stream_readable.js:629:20)
    at DerivedLogger.emit (node:events:531:35)
    at addChunk (/home/mookyjooky/Dropbox/GITHUB/06 - COMPLETED TOOLS/TECH-Adobe-Enterprise-Automation-PowerShell-Python-Portfolio/node_modules/readable-stream/lib/_stream_readable.js:279:12)
    at readableAddChunk (/home/mookyjooky/Dropbox/GITHUB/06 - COMPLETED TOOLS/TECH-Adobe-Enterprise-Automation-PowerShell-Python-Portfolio/node_modules/readable-stream/lib/_stream_readable.js:262:11)
    at DerivedLogger.Object.&lt;anonymous&gt;.Readable.push (/home/mookyjooky/Dropbox/GITHUB/06 - COMPLETED TOOLS/TECH-Adobe-Enterprise-Automation-PowerShell-Python-Portfolio/node_modules/readable-stream/lib/_stream_readable.js:228:10)
    at DerivedLogger.Object.&lt;anonymous&gt;.Transform.push (/home/mookyjooky/Dropbox/GITHUB/06 - COMPLETED TOOLS/TECH-Adobe-Enterprise-Automation-PowerShell-Python-Portfolio/node_modules/readable-stream/lib/_stream_transform.js:132:32)
    at DerivedLogger._transform (/home/mookyjooky/Dropbox/GITHUB/06 - COMPLETED TOOLS/TECH-Adobe-Enterprise-Automation-PowerShell-Python-Portfolio/node_modules/winston/lib/winston/logger.js:314:12)
    at DerivedLogger.Object.&lt;anonymous&gt;.Transform._read (/home/mookyjooky/Dropbox/GITHUB/06 - COMPLETED TOOLS/TECH-Adobe-Enterprise-Automation-PowerShell-Python-Portfolio/node_modules/readable-stream/lib/_stream_transform.js:166:10)
    at DerivedLogger.Object.&lt;anonymous&gt;.Transform._write (/home/mookyjooky/Dropbox/GITHUB/06 - COMPLETED TOOLS/TECH-Adobe-Enterprise-Automation-PowerShell-Python-Portfolio/node_modules/readable-stream/lib/_stream_transform.js:155:83)
    at doWrite (/home/mookyjooky/Dropbox/GITHUB/06 - COMPLETED TOOLS/TECH-Adobe-Enterprise-Automation-PowerShell-Python-Portfolio/node_modules/readable-stream/lib/_stream_writable.js:390:139)
    at writeOrBuffer (/home/mookyjooky/Dropbox/GITHUB/06 - COMPLETED TOOLS/TECH-Adobe-Enterprise-Automation-PowerShell-Python-Portfolio/node_modules/readable-stream/lib/_stream_writable.js:381:5)
    at DerivedLogger.Object.&lt;anonymous&gt;.Writable.write (/home/mookyjooky/Dropbox/GITHUB/06 - COMPLETED TOOLS/TECH-Adobe-Enterprise-Automation-PowerShell-Python-Portfolio/node_modules/readable-stream/lib/_stream_writable.js:302:11)
    at DerivedLogger.&lt;computed&gt; [as info] (/home/mookyjooky/Dropbox/GITHUB/06 - COMPLETED TOOLS/TECH-Adobe-Enterprise-Automation-PowerShell-Python-Portfolio/node_modules/winston/lib/winston/create-logger.js:81:14)
    at ServerResponse.info (/home/mookyjooky/Dropbox/GITHUB/06 - COMPLETED TOOLS/TECH-Adobe-Enterprise-Automation-PowerShell-Python-Portfolio/api/server.js:88:16)
    at ServerResponse.emit (node:events:531:35)
    at onFinish (node:_http_outgoing:1082:10)
    at callback (node:internal/streams/writable:766:21)
    at afterWrite (node:internal/streams/writable:710:5)
    at afterWriteTick (node:internal/streams/writable:696:10)
    at processTicksAndRejections (node:internal/process/task_queues:89:21)</failure>
      <failure>Error: write EPIPE
    at afterWriteDispatched (node:internal/stream_base_commons:159:15)
    at writeGeneric (node:internal/stream_base_commons:150:3)
    at Socket._writeGeneric (node:net:966:11)
    at Socket._write (node:net:978:8)
    at writeOrBuffer (node:internal/streams/writable:572:12)
    at _write (node:internal/streams/writable:501:10)
    at Socket.Writable.write (node:internal/streams/writable:510:10)
    at Socket.stream.write (/home/mookyjooky/Dropbox/GITHUB/06 - COMPLETED TOOLS/TECH-Adobe-Enterprise-Automation-PowerShell-Python-Portfolio/node_modules/@jest/reporters/build/VerboseReporter.js:47:7)
    at Console.log (/home/mookyjooky/Dropbox/GITHUB/06 - COMPLETED TOOLS/TECH-Adobe-Enterprise-Automation-PowerShell-Python-Portfolio/node_modules/winston/lib/winston/transports/console.js:87:23)
    at Console._write (/home/mookyjooky/Dropbox/GITHUB/06 - COMPLETED TOOLS/TECH-Adobe-Enterprise-Automation-PowerShell-Python-Portfolio/node_modules/winston-transport/modern.js:103:17)
    at doWrite (/home/mookyjooky/Dropbox/GITHUB/06 - COMPLETED TOOLS/TECH-Adobe-Enterprise-Automation-PowerShell-Python-Portfolio/node_modules/readable-stream/lib/_stream_writable.js:390:139)
    at writeOrBuffer (/home/mookyjooky/Dropbox/GITHUB/06 - COMPLETED TOOLS/TECH-Adobe-Enterprise-Automation-PowerShell-Python-Portfolio/node_modules/readable-stream/lib/_stream_writable.js:381:5)
    at Console.Object.&lt;anonymous&gt;.Writable.write (/home/mookyjooky/Dropbox/GITHUB/06 - COMPLETED TOOLS/TECH-Adobe-Enterprise-Automation-PowerShell-Python-Portfolio/node_modules/readable-stream/lib/_stream_writable.js:302:11)
    at DerivedLogger.ondata (/home/mookyjooky/Dropbox/GITHUB/06 - COMPLETED TOOLS/TECH-Adobe-Enterprise-Automation-PowerShell-Python-Portfolio/node_modules/readable-stream/lib/_stream_readable.js:629:20)
    at DerivedLogger.emit (node:events:531:35)
    at addChunk (/home/mookyjooky/Dropbox/GITHUB/06 - COMPLETED TOOLS/TECH-Adobe-Enterprise-Automation-PowerShell-Python-Portfolio/node_modules/readable-stream/lib/_stream_readable.js:279:12)
    at readableAddChunk (/home/mookyjooky/Dropbox/GITHUB/06 - COMPLETED TOOLS/TECH-Adobe-Enterprise-Automation-PowerShell-Python-Portfolio/node_modules/readable-stream/lib/_stream_readable.js:262:11)
    at DerivedLogger.Object.&lt;anonymous&gt;.Readable.push (/home/mookyjooky/Dropbox/GITHUB/06 - COMPLETED TOOLS/TECH-Adobe-Enterprise-Automation-PowerShell-Python-Portfolio/node_modules/readable-stream/lib/_stream_readable.js:228:10)
    at DerivedLogger.Object.&lt;anonymous&gt;.Transform.push (/home/mookyjooky/Dropbox/GITHUB/06 - COMPLETED TOOLS/TECH-Adobe-Enterprise-Automation-PowerShell-Python-Portfolio/node_modules/readable-stream/lib/_stream_transform.js:132:32)
    at DerivedLogger._transform (/home/mookyjooky/Dropbox/GITHUB/06 - COMPLETED TOOLS/TECH-Adobe-Enterprise-Automation-PowerShell-Python-Portfolio/node_modules/winston/lib/winston/logger.js:314:12)
    at DerivedLogger.Object.&lt;anonymous&gt;.Transform._read (/home/mookyjooky/Dropbox/GITHUB/06 - COMPLETED TOOLS/TECH-Adobe-Enterprise-Automation-PowerShell-Python-Portfolio/node_modules/readable-stream/lib/_stream_transform.js:166:10)
    at DerivedLogger.Object.&lt;anonymous&gt;.Transform._write (/home/mookyjooky/Dropbox/GITHUB/06 - COMPLETED TOOLS/TECH-Adobe-Enterprise-Automation-PowerShell-Python-Portfolio/node_modules/readable-stream/lib/_stream_transform.js:155:83)
    at doWrite (/home/mookyjooky/Dropbox/GITHUB/06 - COMPLETED TOOLS/TECH-Adobe-Enterprise-Automation-PowerShell-Python-Portfolio/node_modules/readable-stream/lib/_stream_writable.js:390:139)
    at writeOrBuffer (/home/mookyjooky/Dropbox/GITHUB/06 - COMPLETED TOOLS/TECH-Adobe-Enterprise-Automation-PowerShell-Python-Portfolio/node_modules/readable-stream/lib/_stream_writable.js:381:5)
    at DerivedLogger.Object.&lt;anonymous&gt;.Writable.write (/home/mookyjooky/Dropbox/GITHUB/06 - COMPLETED TOOLS/TECH-Adobe-Enterprise-Automation-PowerShell-Python-Portfolio/node_modules/readable-stream/lib/_stream_writable.js:302:11)
    at DerivedLogger.&lt;computed&gt; [as info] (/home/mookyjooky/Dropbox/GITHUB/06 - COMPLETED TOOLS/TECH-Adobe-Enterprise-Automation-PowerShell-Python-Portfolio/node_modules/winston/lib/winston/create-logger.js:81:14)
    at ServerResponse.info (/home/mookyjooky/Dropbox/GITHUB/06 - COMPLETED TOOLS/TECH-Adobe-Enterprise-Automation-PowerShell-Python-Portfolio/api/server.js:88:16)
    at ServerResponse.emit (node:events:531:35)
    at onFinish (node:_http_outgoing:1082:10)
    at callback (node:internal/streams/writable:766:21)
    at afterWrite (node:internal/streams/writable:710:5)
    at afterWriteTick (node:internal/streams/writable:696:10)
    at processTicksAndRejections (node:internal/process/task_queues:89:21)</failure>
      <failure>Error: write EPIPE
    at afterWriteDispatched (node:internal/stream_base_commons:159:15)
    at writeGeneric (node:internal/stream_base_commons:150:3)
    at Socket._writeGeneric (node:net:966:11)
    at Socket._write (node:net:978:8)
    at writeOrBuffer (node:internal/streams/writable:572:12)
    at _write (node:internal/streams/writable:501:10)
    at Socket.Writable.write (node:internal/streams/writable:510:10)
    at Socket.stream.write (/home/mookyjooky/Dropbox/GITHUB/06 - COMPLETED TOOLS/TECH-Adobe-Enterprise-Automation-PowerShell-Python-Portfolio/node_modules/@jest/reporters/build/VerboseReporter.js:47:7)
    at Console.log (/home/mookyjooky/Dropbox/GITHUB/06 - COMPLETED TOOLS/TECH-Adobe-Enterprise-Automation-PowerShell-Python-Portfolio/node_modules/winston/lib/winston/transports/console.js:87:23)
    at Console._write (/home/mookyjooky/Dropbox/GITHUB/06 - COMPLETED TOOLS/TECH-Adobe-Enterprise-Automation-PowerShell-Python-Portfolio/node_modules/winston-transport/modern.js:103:17)
    at doWrite (/home/mookyjooky/Dropbox/GITHUB/06 - COMPLETED TOOLS/TECH-Adobe-Enterprise-Automation-PowerShell-Python-Portfolio/node_modules/readable-stream/lib/_stream_writable.js:390:139)
    at writeOrBuffer (/home/mookyjooky/Dropbox/GITHUB/06 - COMPLETED TOOLS/TECH-Adobe-Enterprise-Automation-PowerShell-Python-Portfolio/node_modules/readable-stream/lib/_stream_writable.js:381:5)
    at Console.Object.&lt;anonymous&gt;.Writable.write (/home/mookyjooky/Dropbox/GITHUB/06 - COMPLETED TOOLS/TECH-Adobe-Enterprise-Automation-PowerShell-Python-Portfolio/node_modules/readable-stream/lib/_stream_writable.js:302:11)
    at DerivedLogger.ondata (/home/mookyjooky/Dropbox/GITHUB/06 - COMPLETED TOOLS/TECH-Adobe-Enterprise-Automation-PowerShell-Python-Portfolio/node_modules/readable-stream/lib/_stream_readable.js:629:20)
    at DerivedLogger.emit (node:events:531:35)
    at addChunk (/home/mookyjooky/Dropbox/GITHUB/06 - COMPLETED TOOLS/TECH-Adobe-Enterprise-Automation-PowerShell-Python-Portfolio/node_modules/readable-stream/lib/_stream_readable.js:279:12)
    at readableAddChunk (/home/mookyjooky/Dropbox/GITHUB/06 - COMPLETED TOOLS/TECH-Adobe-Enterprise-Automation-PowerShell-Python-Portfolio/node_modules/readable-stream/lib/_stream_readable.js:262:11)
    at DerivedLogger.Object.&lt;anonymous&gt;.Readable.push (/home/mookyjooky/Dropbox/GITHUB/06 - COMPLETED TOOLS/TECH-Adobe-Enterprise-Automation-PowerShell-Python-Portfolio/node_modules/readable-stream/lib/_stream_readable.js:228:10)
    at DerivedLogger.Object.&lt;anonymous&gt;.Transform.push (/home/mookyjooky/Dropbox/GITHUB/06 - COMPLETED TOOLS/TECH-Adobe-Enterprise-Automation-PowerShell-Python-Portfolio/node_modules/readable-stream/lib/_stream_transform.js:132:32)
    at DerivedLogger._transform (/home/mookyjooky/Dropbox/GITHUB/06 - COMPLETED TOOLS/TECH-Adobe-Enterprise-Automation-PowerShell-Python-Portfolio/node_modules/winston/lib/winston/logger.js:314:12)
    at DerivedLogger.Object.&lt;anonymous&gt;.Transform._read (/home/mookyjooky/Dropbox/GITHUB/06 - COMPLETED TOOLS/TECH-Adobe-Enterprise-Automation-PowerShell-Python-Portfolio/node_modules/readable-stream/lib/_stream_transform.js:166:10)
    at DerivedLogger.Object.&lt;anonymous&gt;.Transform._write (/home/mookyjooky/Dropbox/GITHUB/06 - COMPLETED TOOLS/TECH-Adobe-Enterprise-Automation-PowerShell-Python-Portfolio/node_modules/readable-stream/lib/_stream_transform.js:155:83)
    at doWrite (/home/mookyjooky/Dropbox/GITHUB/06 - COMPLETED TOOLS/TECH-Adobe-Enterprise-Automation-PowerShell-Python-Portfolio/node_modules/readable-stream/lib/_stream_writable.js:390:139)
    at writeOrBuffer (/home/mookyjooky/Dropbox/GITHUB/06 - COMPLETED TOOLS/TECH-Adobe-Enterprise-Automation-PowerShell-Python-Portfolio/node_modules/readable-stream/lib/_stream_writable.js:381:5)
    at DerivedLogger.Object.&lt;anonymous&gt;.Writable.write (/home/mookyjooky/Dropbox/GITHUB/06 - COMPLETED TOOLS/TECH-Adobe-Enterprise-Automation-PowerShell-Python-Portfolio/node_modules/readable-stream/lib/_stream_writable.js:302:11)
    at DerivedLogger.&lt;computed&gt; [as info] (/home/mookyjooky/Dropbox/GITHUB/06 - COMPLETED TOOLS/TECH-Adobe-Enterprise-Automation-PowerShell-Python-Portfolio/node_modules/winston/lib/winston/create-logger.js:81:14)
    at ServerResponse.info (/home/mookyjooky/Dropbox/GITHUB/06 - COMPLETED TOOLS/TECH-Adobe-Enterprise-Automation-PowerShell-Python-Portfolio/api/server.js:88:16)
    at ServerResponse.emit (node:events:531:35)
    at onFinish (node:_http_outgoing:1082:10)
    at callback (node:internal/streams/writable:766:21)
    at afterWrite (node:internal/streams/writable:710:5)
    at afterWriteTick (node:internal/streams/writable:696:10)
    at processTicksAndRejections (node:internal/process/task_queues:89:21)</failure>
      <failure>Error: write EPIPE
    at afterWriteDispatched (node:internal/stream_base_commons:159:15)
    at writeGeneric (node:internal/stream_base_commons:150:3)
    at Socket._writeGeneric (node:net:966:11)
    at Socket._write (node:net:978:8)
    at writeOrBuffer (node:internal/streams/writable:572:12)
    at _write (node:internal/streams/writable:501:10)
    at Socket.Writable.write (node:internal/streams/writable:510:10)
    at Socket.stream.write (/home/mookyjooky/Dropbox/GITHUB/06 - COMPLETED TOOLS/TECH-Adobe-Enterprise-Automation-PowerShell-Python-Portfolio/node_modules/@jest/reporters/build/VerboseReporter.js:47:7)
    at Console.log (/home/mookyjooky/Dropbox/GITHUB/06 - COMPLETED TOOLS/TECH-Adobe-Enterprise-Automation-PowerShell-Python-Portfolio/node_modules/winston/lib/winston/transports/console.js:87:23)
    at Console._write (/home/mookyjooky/Dropbox/GITHUB/06 - COMPLETED TOOLS/TECH-Adobe-Enterprise-Automation-PowerShell-Python-Portfolio/node_modules/winston-transport/modern.js:103:17)
    at doWrite (/home/mookyjooky/Dropbox/GITHUB/06 - COMPLETED TOOLS/TECH-Adobe-Enterprise-Automation-PowerShell-Python-Portfolio/node_modules/readable-stream/lib/_stream_writable.js:390:139)
    at writeOrBuffer (/home/mookyjooky/Dropbox/GITHUB/06 - COMPLETED TOOLS/TECH-Adobe-Enterprise-Automation-PowerShell-Python-Portfolio/node_modules/readable-stream/lib/_stream_writable.js:381:5)
    at Console.Object.&lt;anonymous&gt;.Writable.write (/home/mookyjooky/Dropbox/GITHUB/06 - COMPLETED TOOLS/TECH-Adobe-Enterprise-Automation-PowerShell-Python-Portfolio/node_modules/readable-stream/lib/_stream_writable.js:302:11)
    at DerivedLogger.ondata (/home/mookyjooky/Dropbox/GITHUB/06 - COMPLETED TOOLS/TECH-Adobe-Enterprise-Automation-PowerShell-Python-Portfolio/node_modules/readable-stream/lib/_stream_readable.js:629:20)
    at DerivedLogger.emit (node:events:531:35)
    at addChunk (/home/mookyjooky/Dropbox/GITHUB/06 - COMPLETED TOOLS/TECH-Adobe-Enterprise-Automation-PowerShell-Python-Portfolio/node_modules/readable-stream/lib/_stream_readable.js:279:12)
    at readableAddChunk (/home/mookyjooky/Dropbox/GITHUB/06 - COMPLETED TOOLS/TECH-Adobe-Enterprise-Automation-PowerShell-Python-Portfolio/node_modules/readable-stream/lib/_stream_readable.js:262:11)
    at DerivedLogger.Object.&lt;anonymous&gt;.Readable.push (/home/mookyjooky/Dropbox/GITHUB/06 - COMPLETED TOOLS/TECH-Adobe-Enterprise-Automation-PowerShell-Python-Portfolio/node_modules/readable-stream/lib/_stream_readable.js:228:10)
    at DerivedLogger.Object.&lt;anonymous&gt;.Transform.push (/home/mookyjooky/Dropbox/GITHUB/06 - COMPLETED TOOLS/TECH-Adobe-Enterprise-Automation-PowerShell-Python-Portfolio/node_modules/readable-stream/lib/_stream_transform.js:132:32)
    at DerivedLogger._transform (/home/mookyjooky/Dropbox/GITHUB/06 - COMPLETED TOOLS/TECH-Adobe-Enterprise-Automation-PowerShell-Python-Portfolio/node_modules/winston/lib/winston/logger.js:314:12)
    at DerivedLogger.Object.&lt;anonymous&gt;.Transform._read (/home/mookyjooky/Dropbox/GITHUB/06 - COMPLETED TOOLS/TECH-Adobe-Enterprise-Automation-PowerShell-Python-Portfolio/node_modules/readable-stream/lib/_stream_transform.js:166:10)
    at DerivedLogger.Object.&lt;anonymous&gt;.Transform._write (/home/mookyjooky/Dropbox/GITHUB/06 - COMPLETED TOOLS/TECH-Adobe-Enterprise-Automation-PowerShell-Python-Portfolio/node_modules/readable-stream/lib/_stream_transform.js:155:83)
    at doWrite (/home/mookyjooky/Dropbox/GITHUB/06 - COMPLETED TOOLS/TECH-Adobe-Enterprise-Automation-PowerShell-Python-Portfolio/node_modules/readable-stream/lib/_stream_writable.js:390:139)
    at writeOrBuffer (/home/mookyjooky/Dropbox/GITHUB/06 - COMPLETED TOOLS/TECH-Adobe-Enterprise-Automation-PowerShell-Python-Portfolio/node_modules/readable-stream/lib/_stream_writable.js:381:5)
    at DerivedLogger.Object.&lt;anonymous&gt;.Writable.write (/home/mookyjooky/Dropbox/GITHUB/06 - COMPLETED TOOLS/TECH-Adobe-Enterprise-Automation-PowerShell-Python-Portfolio/node_modules/readable-stream/lib/_stream_writable.js:302:11)
    at DerivedLogger.&lt;computed&gt; [as info] (/home/mookyjooky/Dropbox/GITHUB/06 - COMPLETED TOOLS/TECH-Adobe-Enterprise-Automation-PowerShell-Python-Portfolio/node_modules/winston/lib/winston/create-logger.js:81:14)
    at ServerResponse.info (/home/mookyjooky/Dropbox/GITHUB/06 - COMPLETED TOOLS/TECH-Adobe-Enterprise-Automation-PowerShell-Python-Portfolio/api/server.js:88:16)
    at ServerResponse.emit (node:events:531:35)
    at onFinish (node:_http_outgoing:1082:10)
    at callback (node:internal/streams/writable:766:21)
    at afterWrite (node:internal/streams/writable:710:5)
    at afterWriteTick (node:internal/streams/writable:696:10)
    at processTicksAndRejections (node:internal/process/task_queues:89:21)</failure>
      <failure>Error: write EPIPE
    at afterWriteDispatched (node:internal/stream_base_commons:159:15)
    at writeGeneric (node:internal/stream_base_commons:150:3)
    at Socket._writeGeneric (node:net:966:11)
    at Socket._write (node:net:978:8)
    at writeOrBuffer (node:internal/streams/writable:572:12)
    at _write (node:internal/streams/writable:501:10)
    at Socket.Writable.write (node:internal/streams/writable:510:10)
    at Socket.stream.write (/home/mookyjooky/Dropbox/GITHUB/06 - COMPLETED TOOLS/TECH-Adobe-Enterprise-Automation-PowerShell-Python-Portfolio/node_modules/@jest/reporters/build/VerboseReporter.js:47:7)
    at Console.log (/home/mookyjooky/Dropbox/GITHUB/06 - COMPLETED TOOLS/TECH-Adobe-Enterprise-Automation-PowerShell-Python-Portfolio/node_modules/winston/lib/winston/transports/console.js:87:23)
    at Console._write (/home/mookyjooky/Dropbox/GITHUB/06 - COMPLETED TOOLS/TECH-Adobe-Enterprise-Automation-PowerShell-Python-Portfolio/node_modules/winston-transport/modern.js:103:17)
    at doWrite (/home/mookyjooky/Dropbox/GITHUB/06 - COMPLETED TOOLS/TECH-Adobe-Enterprise-Automation-PowerShell-Python-Portfolio/node_modules/readable-stream/lib/_stream_writable.js:390:139)
    at writeOrBuffer (/home/mookyjooky/Dropbox/GITHUB/06 - COMPLETED TOOLS/TECH-Adobe-Enterprise-Automation-PowerShell-Python-Portfolio/node_modules/readable-stream/lib/_stream_writable.js:381:5)
    at Console.Object.&lt;anonymous&gt;.Writable.write (/home/mookyjooky/Dropbox/GITHUB/06 - COMPLETED TOOLS/TECH-Adobe-Enterprise-Automation-PowerShell-Python-Portfolio/node_modules/readable-stream/lib/_stream_writable.js:302:11)
    at DerivedLogger.ondata (/home/mookyjooky/Dropbox/GITHUB/06 - COMPLETED TOOLS/TECH-Adobe-Enterprise-Automation-PowerShell-Python-Portfolio/node_modules/readable-stream/lib/_stream_readable.js:629:20)
    at DerivedLogger.emit (node:events:531:35)
    at addChunk (/home/mookyjooky/Dropbox/GITHUB/06 - COMPLETED TOOLS/TECH-Adobe-Enterprise-Automation-PowerShell-Python-Portfolio/node_modules/readable-stream/lib/_stream_readable.js:279:12)
    at readableAddChunk (/home/mookyjooky/Dropbox/GITHUB/06 - COMPLETED TOOLS/TECH-Adobe-Enterprise-Automation-PowerShell-Python-Portfolio/node_modules/readable-stream/lib/_stream_readable.js:262:11)
    at DerivedLogger.Object.&lt;anonymous&gt;.Readable.push (/home/mookyjooky/Dropbox/GITHUB/06 - COMPLETED TOOLS/TECH-Adobe-Enterprise-Automation-PowerShell-Python-Portfolio/node_modules/readable-stream/lib/_stream_readable.js:228:10)
    at DerivedLogger.Object.&lt;anonymous&gt;.Transform.push (/home/mookyjooky/Dropbox/GITHUB/06 - COMPLETED TOOLS/TECH-Adobe-Enterprise-Automation-PowerShell-Python-Portfolio/node_modules/readable-stream/lib/_stream_transform.js:132:32)
    at DerivedLogger._transform (/home/mookyjooky/Dropbox/GITHUB/06 - COMPLETED TOOLS/TECH-Adobe-Enterprise-Automation-PowerShell-Python-Portfolio/node_modules/winston/lib/winston/logger.js:314:12)
    at DerivedLogger.Object.&lt;anonymous&gt;.Transform._read (/home/mookyjooky/Dropbox/GITHUB/06 - COMPLETED TOOLS/TECH-Adobe-Enterprise-Automation-PowerShell-Python-Portfolio/node_modules/readable-stream/lib/_stream_transform.js:166:10)
    at DerivedLogger.Object.&lt;anonymous&gt;.Transform._write (/home/mookyjooky/Dropbox/GITHUB/06 - COMPLETED TOOLS/TECH-Adobe-Enterprise-Automation-PowerShell-Python-Portfolio/node_modules/readable-stream/lib/_stream_transform.js:155:83)
    at doWrite (/home/mookyjooky/Dropbox/GITHUB/06 - COMPLETED TOOLS/TECH-Adobe-Enterprise-Automation-PowerShell-Python-Portfolio/node_modules/readable-stream/lib/_stream_writable.js:390:139)
    at writeOrBuffer (/home/mookyjooky/Dropbox/GITHUB/06 - COMPLETED TOOLS/TECH-Adobe-Enterprise-Automation-PowerShell-Python-Portfolio/node_modules/readable-stream/lib/_stream_writable.js:381:5)
    at DerivedLogger.Object.&lt;anonymous&gt;.Writable.write (/home/mookyjooky/Dropbox/GITHUB/06 - COMPLETED TOOLS/TECH-Adobe-Enterprise-Automation-PowerShell-Python-Portfolio/node_modules/readable-stream/lib/_stream_writable.js:302:11)
    at DerivedLogger.&lt;computed&gt; [as info] (/home/mookyjooky/Dropbox/GITHUB/06 - COMPLETED TOOLS/TECH-Adobe-Enterprise-Automation-PowerShell-Python-Portfolio/node_modules/winston/lib/winston/create-logger.js:81:14)
    at ServerResponse.info (/home/mookyjooky/Dropbox/GITHUB/06 - COMPLETED TOOLS/TECH-Adobe-Enterprise-Automation-PowerShell-Python-Portfolio/api/server.js:88:16)
    at ServerResponse.emit (node:events:531:35)
    at onFinish (node:_http_outgoing:1082:10)
    at callback (node:internal/streams/writable:766:21)
    at afterWrite (node:internal/streams/writable:710:5)
    at afterWriteTick (node:internal/streams/writable:696:10)
    at processTicksAndRejections (node:internal/process/task_queues:89:21)</failure>
      <failure>Error: write EPIPE
    at afterWriteDispatched (node:internal/stream_base_commons:159:15)
    at writeGeneric (node:internal/stream_base_commons:150:3)
    at Socket._writeGeneric (node:net:966:11)
    at Socket._write (node:net:978:8)
    at writeOrBuffer (node:internal/streams/writable:572:12)
    at _write (node:internal/streams/writable:501:10)
    at Socket.Writable.write (node:internal/streams/writable:510:10)
    at Socket.stream.write (/home/mookyjooky/Dropbox/GITHUB/06 - COMPLETED TOOLS/TECH-Adobe-Enterprise-Automation-PowerShell-Python-Portfolio/node_modules/@jest/reporters/build/VerboseReporter.js:47:7)
    at Console.log (/home/mookyjooky/Dropbox/GITHUB/06 - COMPLETED TOOLS/TECH-Adobe-Enterprise-Automation-PowerShell-Python-Portfolio/node_modules/winston/lib/winston/transports/console.js:87:23)
    at Console._write (/home/mookyjooky/Dropbox/GITHUB/06 - COMPLETED TOOLS/TECH-Adobe-Enterprise-Automation-PowerShell-Python-Portfolio/node_modules/winston-transport/modern.js:103:17)
    at doWrite (/home/mookyjooky/Dropbox/GITHUB/06 - COMPLETED TOOLS/TECH-Adobe-Enterprise-Automation-PowerShell-Python-Portfolio/node_modules/readable-stream/lib/_stream_writable.js:390:139)
    at writeOrBuffer (/home/mookyjooky/Dropbox/GITHUB/06 - COMPLETED TOOLS/TECH-Adobe-Enterprise-Automation-PowerShell-Python-Portfolio/node_modules/readable-stream/lib/_stream_writable.js:381:5)
    at Console.Object.&lt;anonymous&gt;.Writable.write (/home/mookyjooky/Dropbox/GITHUB/06 - COMPLETED TOOLS/TECH-Adobe-Enterprise-Automation-PowerShell-Python-Portfolio/node_modules/readable-stream/lib/_stream_writable.js:302:11)
    at DerivedLogger.ondata (/home/mookyjooky/Dropbox/GITHUB/06 - COMPLETED TOOLS/TECH-Adobe-Enterprise-Automation-PowerShell-Python-Portfolio/node_modules/readable-stream/lib/_stream_readable.js:629:20)
    at DerivedLogger.emit (node:events:531:35)
    at addChunk (/home/mookyjooky/Dropbox/GITHUB/06 - COMPLETED TOOLS/TECH-Adobe-Enterprise-Automation-PowerShell-Python-Portfolio/node_modules/readable-stream/lib/_stream_readable.js:279:12)
    at readableAddChunk (/home/mookyjooky/Dropbox/GITHUB/06 - COMPLETED TOOLS/TECH-Adobe-Enterprise-Automation-PowerShell-Python-Portfolio/node_modules/readable-stream/lib/_stream_readable.js:262:11)
    at DerivedLogger.Object.&lt;anonymous&gt;.Readable.push (/home/mookyjooky/Dropbox/GITHUB/06 - COMPLETED TOOLS/TECH-Adobe-Enterprise-Automation-PowerShell-Python-Portfolio/node_modules/readable-stream/lib/_stream_readable.js:228:10)
    at DerivedLogger.Object.&lt;anonymous&gt;.Transform.push (/home/mookyjooky/Dropbox/GITHUB/06 - COMPLETED TOOLS/TECH-Adobe-Enterprise-Automation-PowerShell-Python-Portfolio/node_modules/readable-stream/lib/_stream_transform.js:132:32)
    at DerivedLogger._transform (/home/mookyjooky/Dropbox/GITHUB/06 - COMPLETED TOOLS/TECH-Adobe-Enterprise-Automation-PowerShell-Python-Portfolio/node_modules/winston/lib/winston/logger.js:314:12)
    at DerivedLogger.Object.&lt;anonymous&gt;.Transform._read (/home/mookyjooky/Dropbox/GITHUB/06 - COMPLETED TOOLS/TECH-Adobe-Enterprise-Automation-PowerShell-Python-Portfolio/node_modules/readable-stream/lib/_stream_transform.js:166:10)
    at DerivedLogger.Object.&lt;anonymous&gt;.Transform._write (/home/mookyjooky/Dropbox/GITHUB/06 - COMPLETED TOOLS/TECH-Adobe-Enterprise-Automation-PowerShell-Python-Portfolio/node_modules/readable-stream/lib/_stream_transform.js:155:83)
    at doWrite (/home/mookyjooky/Dropbox/GITHUB/06 - COMPLETED TOOLS/TECH-Adobe-Enterprise-Automation-PowerShell-Python-Portfolio/node_modules/readable-stream/lib/_stream_writable.js:390:139)
    at writeOrBuffer (/home/mookyjooky/Dropbox/GITHUB/06 - COMPLETED TOOLS/TECH-Adobe-Enterprise-Automation-PowerShell-Python-Portfolio/node_modules/readable-stream/lib/_stream_writable.js:381:5)
    at DerivedLogger.Object.&lt;anonymous&gt;.Writable.write (/home/mookyjooky/Dropbox/GITHUB/06 - COMPLETED TOOLS/TECH-Adobe-Enterprise-Automation-PowerShell-Python-Portfolio/node_modules/readable-stream/lib/_stream_writable.js:302:11)
    at DerivedLogger.&lt;computed&gt; [as info] (/home/mookyjooky/Dropbox/GITHUB/06 - COMPLETED TOOLS/TECH-Adobe-Enterprise-Automation-PowerShell-Python-Portfolio/node_modules/winston/lib/winston/create-logger.js:81:14)
    at ServerResponse.info (/home/mookyjooky/Dropbox/GITHUB/06 - COMPLETED TOOLS/TECH-Adobe-Enterprise-Automation-PowerShell-Python-Portfolio/api/server.js:88:16)
    at ServerResponse.emit (node:events:531:35)
    at onFinish (node:_http_outgoing:1082:10)
    at callback (node:internal/streams/writable:766:21)
    at afterWrite (node:internal/streams/writable:710:5)
    at afterWriteTick (node:internal/streams/writable:696:10)
    at processTicksAndRejections (node:internal/process/task_queues:89:21)</failure>
      <failure>Error: write EPIPE
    at afterWriteDispatched (node:internal/stream_base_commons:159:15)
    at writeGeneric (node:internal/stream_base_commons:150:3)
    at Socket._writeGeneric (node:net:966:11)
    at Socket._write (node:net:978:8)
    at writeOrBuffer (node:internal/streams/writable:572:12)
    at _write (node:internal/streams/writable:501:10)
    at Socket.Writable.write (node:internal/streams/writable:510:10)
    at Socket.stream.write (/home/mookyjooky/Dropbox/GITHUB/06 - COMPLETED TOOLS/TECH-Adobe-Enterprise-Automation-PowerShell-Python-Portfolio/node_modules/@jest/reporters/build/VerboseReporter.js:47:7)
    at Console.log (/home/mookyjooky/Dropbox/GITHUB/06 - COMPLETED TOOLS/TECH-Adobe-Enterprise-Automation-PowerShell-Python-Portfolio/node_modules/winston/lib/winston/transports/console.js:87:23)
    at Console._write (/home/mookyjooky/Dropbox/GITHUB/06 - COMPLETED TOOLS/TECH-Adobe-Enterprise-Automation-PowerShell-Python-Portfolio/node_modules/winston-transport/modern.js:103:17)
    at doWrite (/home/mookyjooky/Dropbox/GITHUB/06 - COMPLETED TOOLS/TECH-Adobe-Enterprise-Automation-PowerShell-Python-Portfolio/node_modules/readable-stream/lib/_stream_writable.js:390:139)
    at writeOrBuffer (/home/mookyjooky/Dropbox/GITHUB/06 - COMPLETED TOOLS/TECH-Adobe-Enterprise-Automation-PowerShell-Python-Portfolio/node_modules/readable-stream/lib/_stream_writable.js:381:5)
    at Console.Object.&lt;anonymous&gt;.Writable.write (/home/mookyjooky/Dropbox/GITHUB/06 - COMPLETED TOOLS/TECH-Adobe-Enterprise-Automation-PowerShell-Python-Portfolio/node_modules/readable-stream/lib/_stream_writable.js:302:11)
    at DerivedLogger.ondata (/home/mookyjooky/Dropbox/GITHUB/06 - COMPLETED TOOLS/TECH-Adobe-Enterprise-Automation-PowerShell-Python-Portfolio/node_modules/readable-stream/lib/_stream_readable.js:629:20)
    at DerivedLogger.emit (node:events:531:35)
    at addChunk (/home/mookyjooky/Dropbox/GITHUB/06 - COMPLETED TOOLS/TECH-Adobe-Enterprise-Automation-PowerShell-Python-Portfolio/node_modules/readable-stream/lib/_stream_readable.js:279:12)
    at readableAddChunk (/home/mookyjooky/Dropbox/GITHUB/06 - COMPLETED TOOLS/TECH-Adobe-Enterprise-Automation-PowerShell-Python-Portfolio/node_modules/readable-stream/lib/_stream_readable.js:262:11)
    at DerivedLogger.Object.&lt;anonymous&gt;.Readable.push (/home/mookyjooky/Dropbox/GITHUB/06 - COMPLETED TOOLS/TECH-Adobe-Enterprise-Automation-PowerShell-Python-Portfolio/node_modules/readable-stream/lib/_stream_readable.js:228:10)
    at DerivedLogger.Object.&lt;anonymous&gt;.Transform.push (/home/mookyjooky/Dropbox/GITHUB/06 - COMPLETED TOOLS/TECH-Adobe-Enterprise-Automation-PowerShell-Python-Portfolio/node_modules/readable-stream/lib/_stream_transform.js:132:32)
    at DerivedLogger._transform (/home/mookyjooky/Dropbox/GITHUB/06 - COMPLETED TOOLS/TECH-Adobe-Enterprise-Automation-PowerShell-Python-Portfolio/node_modules/winston/lib/winston/logger.js:314:12)
    at DerivedLogger.Object.&lt;anonymous&gt;.Transform._read (/home/mookyjooky/Dropbox/GITHUB/06 - COMPLETED TOOLS/TECH-Adobe-Enterprise-Automation-PowerShell-Python-Portfolio/node_modules/readable-stream/lib/_stream_transform.js:166:10)
    at DerivedLogger.Object.&lt;anonymous&gt;.Transform._write (/home/mookyjooky/Dropbox/GITHUB/06 - COMPLETED TOOLS/TECH-Adobe-Enterprise-Automation-PowerShell-Python-Portfolio/node_modules/readable-stream/lib/_stream_transform.js:155:83)
    at doWrite (/home/mookyjooky/Dropbox/GITHUB/06 - COMPLETED TOOLS/TECH-Adobe-Enterprise-Automation-PowerShell-Python-Portfolio/node_modules/readable-stream/lib/_stream_writable.js:390:139)
    at writeOrBuffer (/home/mookyjooky/Dropbox/GITHUB/06 - COMPLETED TOOLS/TECH-Adobe-Enterprise-Automation-PowerShell-Python-Portfolio/node_modules/readable-stream/lib/_stream_writable.js:381:5)
    at DerivedLogger.Object.&lt;anonymous&gt;.Writable.write (/home/mookyjooky/Dropbox/GITHUB/06 - COMPLETED TOOLS/TECH-Adobe-Enterprise-Automation-PowerShell-Python-Portfolio/node_modules/readable-stream/lib/_stream_writable.js:302:11)
    at DerivedLogger.&lt;computed&gt; [as info] (/home/mookyjooky/Dropbox/GITHUB/06 - COMPLETED TOOLS/TECH-Adobe-Enterprise-Automation-PowerShell-Python-Portfolio/node_modules/winston/lib/winston/create-logger.js:81:14)
    at ServerResponse.info (/home/mookyjooky/Dropbox/GITHUB/06 - COMPLETED TOOLS/TECH-Adobe-Enterprise-Automation-PowerShell-Python-Portfolio/api/server.js:88:16)
    at ServerResponse.emit (node:events:531:35)
    at onFinish (node:_http_outgoing:1082:10)
    at callback (node:internal/streams/writable:766:21)
    at afterWrite (node:internal/streams/writable:710:5)
    at afterWriteTick (node:internal/streams/writable:696:10)
    at processTicksAndRejections (node:internal/process/task_queues:89:21)</failure>
      <failure>Error: write EPIPE
    at afterWriteDispatched (node:internal/stream_base_commons:159:15)
    at writeGeneric (node:internal/stream_base_commons:150:3)
    at Socket._writeGeneric (node:net:966:11)
    at Socket._write (node:net:978:8)
    at writeOrBuffer (node:internal/streams/writable:572:12)
    at _write (node:internal/streams/writable:501:10)
    at Socket.Writable.write (node:internal/streams/writable:510:10)
    at Socket.stream.write (/home/mookyjooky/Dropbox/GITHUB/06 - COMPLETED TOOLS/TECH-Adobe-Enterprise-Automation-PowerShell-Python-Portfolio/node_modules/@jest/reporters/build/VerboseReporter.js:47:7)
    at Console.log (/home/mookyjooky/Dropbox/GITHUB/06 - COMPLETED TOOLS/TECH-Adobe-Enterprise-Automation-PowerShell-Python-Portfolio/node_modules/winston/lib/winston/transports/console.js:87:23)
    at Console._write (/home/mookyjooky/Dropbox/GITHUB/06 - COMPLETED TOOLS/TECH-Adobe-Enterprise-Automation-PowerShell-Python-Portfolio/node_modules/winston-transport/modern.js:103:17)
    at doWrite (/home/mookyjooky/Dropbox/GITHUB/06 - COMPLETED TOOLS/TECH-Adobe-Enterprise-Automation-PowerShell-Python-Portfolio/node_modules/readable-stream/lib/_stream_writable.js:390:139)
    at writeOrBuffer (/home/mookyjooky/Dropbox/GITHUB/06 - COMPLETED TOOLS/TECH-Adobe-Enterprise-Automation-PowerShell-Python-Portfolio/node_modules/readable-stream/lib/_stream_writable.js:381:5)
    at Console.Object.&lt;anonymous&gt;.Writable.write (/home/mookyjooky/Dropbox/GITHUB/06 - COMPLETED TOOLS/TECH-Adobe-Enterprise-Automation-PowerShell-Python-Portfolio/node_modules/readable-stream/lib/_stream_writable.js:302:11)
    at DerivedLogger.ondata (/home/mookyjooky/Dropbox/GITHUB/06 - COMPLETED TOOLS/TECH-Adobe-Enterprise-Automation-PowerShell-Python-Portfolio/node_modules/readable-stream/lib/_stream_readable.js:629:20)
    at DerivedLogger.emit (node:events:531:35)
    at addChunk (/home/mookyjooky/Dropbox/GITHUB/06 - COMPLETED TOOLS/TECH-Adobe-Enterprise-Automation-PowerShell-Python-Portfolio/node_modules/readable-stream/lib/_stream_readable.js:279:12)
    at readableAddChunk (/home/mookyjooky/Dropbox/GITHUB/06 - COMPLETED TOOLS/TECH-Adobe-Enterprise-Automation-PowerShell-Python-Portfolio/node_modules/readable-stream/lib/_stream_readable.js:262:11)
    at DerivedLogger.Object.&lt;anonymous&gt;.Readable.push (/home/mookyjooky/Dropbox/GITHUB/06 - COMPLETED TOOLS/TECH-Adobe-Enterprise-Automation-PowerShell-Python-Portfolio/node_modules/readable-stream/lib/_stream_readable.js:228:10)
    at DerivedLogger.Object.&lt;anonymous&gt;.Transform.push (/home/mookyjooky/Dropbox/GITHUB/06 - COMPLETED TOOLS/TECH-Adobe-Enterprise-Automation-PowerShell-Python-Portfolio/node_modules/readable-stream/lib/_stream_transform.js:132:32)
    at DerivedLogger._transform (/home/mookyjooky/Dropbox/GITHUB/06 - COMPLETED TOOLS/TECH-Adobe-Enterprise-Automation-PowerShell-Python-Portfolio/node_modules/winston/lib/winston/logger.js:314:12)
    at DerivedLogger.Object.&lt;anonymous&gt;.Transform._read (/home/mookyjooky/Dropbox/GITHUB/06 - COMPLETED TOOLS/TECH-Adobe-Enterprise-Automation-PowerShell-Python-Portfolio/node_modules/readable-stream/lib/_stream_transform.js:166:10)
    at DerivedLogger.Object.&lt;anonymous&gt;.Transform._write (/home/mookyjooky/Dropbox/GITHUB/06 - COMPLETED TOOLS/TECH-Adobe-Enterprise-Automation-PowerShell-Python-Portfolio/node_modules/readable-stream/lib/_stream_transform.js:155:83)
    at doWrite (/home/mookyjooky/Dropbox/GITHUB/06 - COMPLETED TOOLS/TECH-Adobe-Enterprise-Automation-PowerShell-Python-Portfolio/node_modules/readable-stream/lib/_stream_writable.js:390:139)
    at writeOrBuffer (/home/mookyjooky/Dropbox/GITHUB/06 - COMPLETED TOOLS/TECH-Adobe-Enterprise-Automation-PowerShell-Python-Portfolio/node_modules/readable-stream/lib/_stream_writable.js:381:5)
    at DerivedLogger.Object.&lt;anonymous&gt;.Writable.write (/home/mookyjooky/Dropbox/GITHUB/06 - COMPLETED TOOLS/TECH-Adobe-Enterprise-Automation-PowerShell-Python-Portfolio/node_modules/readable-stream/lib/_stream_writable.js:302:11)
    at DerivedLogger.&lt;computed&gt; [as info] (/home/mookyjooky/Dropbox/GITHUB/06 - COMPLETED TOOLS/TECH-Adobe-Enterprise-Automation-PowerShell-Python-Portfolio/node_modules/winston/lib/winston/create-logger.js:81:14)
    at ServerResponse.info (/home/mookyjooky/Dropbox/GITHUB/06 - COMPLETED TOOLS/TECH-Adobe-Enterprise-Automation-PowerShell-Python-Portfolio/api/server.js:88:16)
    at ServerResponse.emit (node:events:531:35)
    at onFinish (node:_http_outgoing:1082:10)
    at callback (node:internal/streams/writable:766:21)
    at afterWrite (node:internal/streams/writable:710:5)
    at afterWriteTick (node:internal/streams/writable:696:10)
    at processTicksAndRejections (node:internal/process/task_queues:89:21)</failure>
      <failure>Error: write EPIPE
    at afterWriteDispatched (node:internal/stream_base_commons:159:15)
    at writeGeneric (node:internal/stream_base_commons:150:3)
    at Socket._writeGeneric (node:net:966:11)
    at Socket._write (node:net:978:8)
    at writeOrBuffer (node:internal/streams/writable:572:12)
    at _write (node:internal/streams/writable:501:10)
    at Socket.Writable.write (node:internal/streams/writable:510:10)
    at Socket.stream.write (/home/mookyjooky/Dropbox/GITHUB/06 - COMPLETED TOOLS/TECH-Adobe-Enterprise-Automation-PowerShell-Python-Portfolio/node_modules/@jest/reporters/build/VerboseReporter.js:47:7)
    at Console.log (/home/mookyjooky/Dropbox/GITHUB/06 - COMPLETED TOOLS/TECH-Adobe-Enterprise-Automation-PowerShell-Python-Portfolio/node_modules/winston/lib/winston/transports/console.js:87:23)
    at Console._write (/home/mookyjooky/Dropbox/GITHUB/06 - COMPLETED TOOLS/TECH-Adobe-Enterprise-Automation-PowerShell-Python-Portfolio/node_modules/winston-transport/modern.js:103:17)
    at doWrite (/home/mookyjooky/Dropbox/GITHUB/06 - COMPLETED TOOLS/TECH-Adobe-Enterprise-Automation-PowerShell-Python-Portfolio/node_modules/readable-stream/lib/_stream_writable.js:390:139)
    at writeOrBuffer (/home/mookyjooky/Dropbox/GITHUB/06 - COMPLETED TOOLS/TECH-Adobe-Enterprise-Automation-PowerShell-Python-Portfolio/node_modules/readable-stream/lib/_stream_writable.js:381:5)
    at Console.Object.&lt;anonymous&gt;.Writable.write (/home/mookyjooky/Dropbox/GITHUB/06 - COMPLETED TOOLS/TECH-Adobe-Enterprise-Automation-PowerShell-Python-Portfolio/node_modules/readable-stream/lib/_stream_writable.js:302:11)
    at DerivedLogger.ondata (/home/mookyjooky/Dropbox/GITHUB/06 - COMPLETED TOOLS/TECH-Adobe-Enterprise-Automation-PowerShell-Python-Portfolio/node_modules/readable-stream/lib/_stream_readable.js:629:20)
    at DerivedLogger.emit (node:events:531:35)
    at addChunk (/home/mookyjooky/Dropbox/GITHUB/06 - COMPLETED TOOLS/TECH-Adobe-Enterprise-Automation-PowerShell-Python-Portfolio/node_modules/readable-stream/lib/_stream_readable.js:279:12)
    at readableAddChunk (/home/mookyjooky/Dropbox/GITHUB/06 - COMPLETED TOOLS/TECH-Adobe-Enterprise-Automation-PowerShell-Python-Portfolio/node_modules/readable-stream/lib/_stream_readable.js:262:11)
    at DerivedLogger.Object.&lt;anonymous&gt;.Readable.push (/home/mookyjooky/Dropbox/GITHUB/06 - COMPLETED TOOLS/TECH-Adobe-Enterprise-Automation-PowerShell-Python-Portfolio/node_modules/readable-stream/lib/_stream_readable.js:228:10)
    at DerivedLogger.Object.&lt;anonymous&gt;.Transform.push (/home/mookyjooky/Dropbox/GITHUB/06 - COMPLETED TOOLS/TECH-Adobe-Enterprise-Automation-PowerShell-Python-Portfolio/node_modules/readable-stream/lib/_stream_transform.js:132:32)
    at DerivedLogger._transform (/home/mookyjooky/Dropbox/GITHUB/06 - COMPLETED TOOLS/TECH-Adobe-Enterprise-Automation-PowerShell-Python-Portfolio/node_modules/winston/lib/winston/logger.js:314:12)
    at DerivedLogger.Object.&lt;anonymous&gt;.Transform._read (/home/mookyjooky/Dropbox/GITHUB/06 - COMPLETED TOOLS/TECH-Adobe-Enterprise-Automation-PowerShell-Python-Portfolio/node_modules/readable-stream/lib/_stream_transform.js:166:10)
    at DerivedLogger.Object.&lt;anonymous&gt;.Transform._write (/home/mookyjooky/Dropbox/GITHUB/06 - COMPLETED TOOLS/TECH-Adobe-Enterprise-Automation-PowerShell-Python-Portfolio/node_modules/readable-stream/lib/_stream_transform.js:155:83)
    at doWrite (/home/mookyjooky/Dropbox/GITHUB/06 - COMPLETED TOOLS/TECH-Adobe-Enterprise-Automation-PowerShell-Python-Portfolio/node_modules/readable-stream/lib/_stream_writable.js:390:139)
    at writeOrBuffer (/home/mookyjooky/Dropbox/GITHUB/06 - COMPLETED TOOLS/TECH-Adobe-Enterprise-Automation-PowerShell-Python-Portfolio/node_modules/readable-stream/lib/_stream_writable.js:381:5)
    at DerivedLogger.Object.&lt;anonymous&gt;.Writable.write (/home/mookyjooky/Dropbox/GITHUB/06 - COMPLETED TOOLS/TECH-Adobe-Enterprise-Automation-PowerShell-Python-Portfolio/node_modules/readable-stream/lib/_stream_writable.js:302:11)
    at DerivedLogger.&lt;computed&gt; [as info] (/home/mookyjooky/Dropbox/GITHUB/06 - COMPLETED TOOLS/TECH-Adobe-Enterprise-Automation-PowerShell-Python-Portfolio/node_modules/winston/lib/winston/create-logger.js:81:14)
    at ServerResponse.info (/home/mookyjooky/Dropbox/GITHUB/06 - COMPLETED TOOLS/TECH-Adobe-Enterprise-Automation-PowerShell-Python-Portfolio/api/server.js:88:16)
    at ServerResponse.emit (node:events:531:35)
    at onFinish (node:_http_outgoing:1082:10)
    at callback (node:internal/streams/writable:766:21)
    at afterWrite (node:internal/streams/writable:710:5)
    at afterWriteTick (node:internal/streams/writable:696:10)
    at processTicksAndRejections (node:internal/process/task_queues:89:21)</failure>
      <failure>Error: write EPIPE
    at afterWriteDispatched (node:internal/stream_base_commons:159:15)
    at writeGeneric (node:internal/stream_base_commons:150:3)
    at Socket._writeGeneric (node:net:966:11)
    at Socket._write (node:net:978:8)
    at writeOrBuffer (node:internal/streams/writable:572:12)
    at _write (node:internal/streams/writable:501:10)
    at Socket.Writable.write (node:internal/streams/writable:510:10)
    at Socket.stream.write (/home/mookyjooky/Dropbox/GITHUB/06 - COMPLETED TOOLS/TECH-Adobe-Enterprise-Automation-PowerShell-Python-Portfolio/node_modules/@jest/reporters/build/VerboseReporter.js:47:7)
    at Console.log (/home/mookyjooky/Dropbox/GITHUB/06 - COMPLETED TOOLS/TECH-Adobe-Enterprise-Automation-PowerShell-Python-Portfolio/node_modules/winston/lib/winston/transports/console.js:87:23)
    at Console._write (/home/mookyjooky/Dropbox/GITHUB/06 - COMPLETED TOOLS/TECH-Adobe-Enterprise-Automation-PowerShell-Python-Portfolio/node_modules/winston-transport/modern.js:103:17)
    at doWrite (/home/mookyjooky/Dropbox/GITHUB/06 - COMPLETED TOOLS/TECH-Adobe-Enterprise-Automation-PowerShell-Python-Portfolio/node_modules/readable-stream/lib/_stream_writable.js:390:139)
    at writeOrBuffer (/home/mookyjooky/Dropbox/GITHUB/06 - COMPLETED TOOLS/TECH-Adobe-Enterprise-Automation-PowerShell-Python-Portfolio/node_modules/readable-stream/lib/_stream_writable.js:381:5)
    at Console.Object.&lt;anonymous&gt;.Writable.write (/home/mookyjooky/Dropbox/GITHUB/06 - COMPLETED TOOLS/TECH-Adobe-Enterprise-Automation-PowerShell-Python-Portfolio/node_modules/readable-stream/lib/_stream_writable.js:302:11)
    at DerivedLogger.ondata (/home/mookyjooky/Dropbox/GITHUB/06 - COMPLETED TOOLS/TECH-Adobe-Enterprise-Automation-PowerShell-Python-Portfolio/node_modules/readable-stream/lib/_stream_readable.js:629:20)
    at DerivedLogger.emit (node:events:531:35)
    at addChunk (/home/mookyjooky/Dropbox/GITHUB/06 - COMPLETED TOOLS/TECH-Adobe-Enterprise-Automation-PowerShell-Python-Portfolio/node_modules/readable-stream/lib/_stream_readable.js:279:12)
    at readableAddChunk (/home/mookyjooky/Dropbox/GITHUB/06 - COMPLETED TOOLS/TECH-Adobe-Enterprise-Automation-PowerShell-Python-Portfolio/node_modules/readable-stream/lib/_stream_readable.js:262:11)
    at DerivedLogger.Object.&lt;anonymous&gt;.Readable.push (/home/mookyjooky/Dropbox/GITHUB/06 - COMPLETED TOOLS/TECH-Adobe-Enterprise-Automation-PowerShell-Python-Portfolio/node_modules/readable-stream/lib/_stream_readable.js:228:10)
    at DerivedLogger.Object.&lt;anonymous&gt;.Transform.push (/home/mookyjooky/Dropbox/GITHUB/06 - COMPLETED TOOLS/TECH-Adobe-Enterprise-Automation-PowerShell-Python-Portfolio/node_modules/readable-stream/lib/_stream_transform.js:132:32)
    at DerivedLogger._transform (/home/mookyjooky/Dropbox/GITHUB/06 - COMPLETED TOOLS/TECH-Adobe-Enterprise-Automation-PowerShell-Python-Portfolio/node_modules/winston/lib/winston/logger.js:314:12)
    at DerivedLogger.Object.&lt;anonymous&gt;.Transform._read (/home/mookyjooky/Dropbox/GITHUB/06 - COMPLETED TOOLS/TECH-Adobe-Enterprise-Automation-PowerShell-Python-Portfolio/node_modules/readable-stream/lib/_stream_transform.js:166:10)
    at DerivedLogger.Object.&lt;anonymous&gt;.Transform._write (/home/mookyjooky/Dropbox/GITHUB/06 - COMPLETED TOOLS/TECH-Adobe-Enterprise-Automation-PowerShell-Python-Portfolio/node_modules/readable-stream/lib/_stream_transform.js:155:83)
    at doWrite (/home/mookyjooky/Dropbox/GITHUB/06 - COMPLETED TOOLS/TECH-Adobe-Enterprise-Automation-PowerShell-Python-Portfolio/node_modules/readable-stream/lib/_stream_writable.js:390:139)
    at writeOrBuffer (/home/mookyjooky/Dropbox/GITHUB/06 - COMPLETED TOOLS/TECH-Adobe-Enterprise-Automation-PowerShell-Python-Portfolio/node_modules/readable-stream/lib/_stream_writable.js:381:5)
    at DerivedLogger.Object.&lt;anonymous&gt;.Writable.write (/home/mookyjooky/Dropbox/GITHUB/06 - COMPLETED TOOLS/TECH-Adobe-Enterprise-Automation-PowerShell-Python-Portfolio/node_modules/readable-stream/lib/_stream_writable.js:302:11)
    at DerivedLogger.&lt;computed&gt; [as info] (/home/mookyjooky/Dropbox/GITHUB/06 - COMPLETED TOOLS/TECH-Adobe-Enterprise-Automation-PowerShell-Python-Portfolio/node_modules/winston/lib/winston/create-logger.js:81:14)
    at ServerResponse.info (/home/mookyjooky/Dropbox/GITHUB/06 - COMPLETED TOOLS/TECH-Adobe-Enterprise-Automation-PowerShell-Python-Portfolio/api/server.js:88:16)
    at ServerResponse.emit (node:events:531:35)
    at onFinish (node:_http_outgoing:1082:10)
    at callback (node:internal/streams/writable:766:21)
    at afterWrite (node:internal/streams/writable:710:5)
    at afterWriteTick (node:internal/streams/writable:696:10)
    at processTicksAndRejections (node:internal/process/task_queues:89:21)</failure>
      <failure>Error: write EPIPE
    at afterWriteDispatched (node:internal/stream_base_commons:159:15)
    at writeGeneric (node:internal/stream_base_commons:150:3)
    at Socket._writeGeneric (node:net:966:11)
    at Socket._write (node:net:978:8)
    at writeOrBuffer (node:internal/streams/writable:572:12)
    at _write (node:internal/streams/writable:501:10)
    at Socket.Writable.write (node:internal/streams/writable:510:10)
    at Socket.stream.write (/home/mookyjooky/Dropbox/GITHUB/06 - COMPLETED TOOLS/TECH-Adobe-Enterprise-Automation-PowerShell-Python-Portfolio/node_modules/@jest/reporters/build/VerboseReporter.js:47:7)
    at Console.log (/home/mookyjooky/Dropbox/GITHUB/06 - COMPLETED TOOLS/TECH-Adobe-Enterprise-Automation-PowerShell-Python-Portfolio/node_modules/winston/lib/winston/transports/console.js:87:23)
    at Console._write (/home/mookyjooky/Dropbox/GITHUB/06 - COMPLETED TOOLS/TECH-Adobe-Enterprise-Automation-PowerShell-Python-Portfolio/node_modules/winston-transport/modern.js:103:17)
    at doWrite (/home/mookyjooky/Dropbox/GITHUB/06 - COMPLETED TOOLS/TECH-Adobe-Enterprise-Automation-PowerShell-Python-Portfolio/node_modules/readable-stream/lib/_stream_writable.js:390:139)
    at writeOrBuffer (/home/mookyjooky/Dropbox/GITHUB/06 - COMPLETED TOOLS/TECH-Adobe-Enterprise-Automation-PowerShell-Python-Portfolio/node_modules/readable-stream/lib/_stream_writable.js:381:5)
    at Console.Object.&lt;anonymous&gt;.Writable.write (/home/mookyjooky/Dropbox/GITHUB/06 - COMPLETED TOOLS/TECH-Adobe-Enterprise-Automation-PowerShell-Python-Portfolio/node_modules/readable-stream/lib/_stream_writable.js:302:11)
    at DerivedLogger.ondata (/home/mookyjooky/Dropbox/GITHUB/06 - COMPLETED TOOLS/TECH-Adobe-Enterprise-Automation-PowerShell-Python-Portfolio/node_modules/readable-stream/lib/_stream_readable.js:629:20)
    at DerivedLogger.emit (node:events:531:35)
    at addChunk (/home/mookyjooky/Dropbox/GITHUB/06 - COMPLETED TOOLS/TECH-Adobe-Enterprise-Automation-PowerShell-Python-Portfolio/node_modules/readable-stream/lib/_stream_readable.js:279:12)
    at readableAddChunk (/home/mookyjooky/Dropbox/GITHUB/06 - COMPLETED TOOLS/TECH-Adobe-Enterprise-Automation-PowerShell-Python-Portfolio/node_modules/readable-stream/lib/_stream_readable.js:262:11)
    at DerivedLogger.Object.&lt;anonymous&gt;.Readable.push (/home/mookyjooky/Dropbox/GITHUB/06 - COMPLETED TOOLS/TECH-Adobe-Enterprise-Automation-PowerShell-Python-Portfolio/node_modules/readable-stream/lib/_stream_readable.js:228:10)
    at DerivedLogger.Object.&lt;anonymous&gt;.Transform.push (/home/mookyjooky/Dropbox/GITHUB/06 - COMPLETED TOOLS/TECH-Adobe-Enterprise-Automation-PowerShell-Python-Portfolio/node_modules/readable-stream/lib/_stream_transform.js:132:32)
    at DerivedLogger._transform (/home/mookyjooky/Dropbox/GITHUB/06 - COMPLETED TOOLS/TECH-Adobe-Enterprise-Automation-PowerShell-Python-Portfolio/node_modules/winston/lib/winston/logger.js:314:12)
    at DerivedLogger.Object.&lt;anonymous&gt;.Transform._read (/home/mookyjooky/Dropbox/GITHUB/06 - COMPLETED TOOLS/TECH-Adobe-Enterprise-Automation-PowerShell-Python-Portfolio/node_modules/readable-stream/lib/_stream_transform.js:166:10)
    at DerivedLogger.Object.&lt;anonymous&gt;.Transform._write (/home/mookyjooky/Dropbox/GITHUB/06 - COMPLETED TOOLS/TECH-Adobe-Enterprise-Automation-PowerShell-Python-Portfolio/node_modules/readable-stream/lib/_stream_transform.js:155:83)
    at doWrite (/home/mookyjooky/Dropbox/GITHUB/06 - COMPLETED TOOLS/TECH-Adobe-Enterprise-Automation-PowerShell-Python-Portfolio/node_modules/readable-stream/lib/_stream_writable.js:390:139)
    at writeOrBuffer (/home/mookyjooky/Dropbox/GITHUB/06 - COMPLETED TOOLS/TECH-Adobe-Enterprise-Automation-PowerShell-Python-Portfolio/node_modules/readable-stream/lib/_stream_writable.js:381:5)
    at DerivedLogger.Object.&lt;anonymous&gt;.Writable.write (/home/mookyjooky/Dropbox/GITHUB/06 - COMPLETED TOOLS/TECH-Adobe-Enterprise-Automation-PowerShell-Python-Portfolio/node_modules/readable-stream/lib/_stream_writable.js:302:11)
    at DerivedLogger.&lt;computed&gt; [as info] (/home/mookyjooky/Dropbox/GITHUB/06 - COMPLETED TOOLS/TECH-Adobe-Enterprise-Automation-PowerShell-Python-Portfolio/node_modules/winston/lib/winston/create-logger.js:81:14)
    at ServerResponse.info (/home/mookyjooky/Dropbox/GITHUB/06 - COMPLETED TOOLS/TECH-Adobe-Enterprise-Automation-PowerShell-Python-Portfolio/api/server.js:88:16)
    at ServerResponse.emit (node:events:531:35)
    at onFinish (node:_http_outgoing:1082:10)
    at callback (node:internal/streams/writable:766:21)
    at afterWrite (node:internal/streams/writable:710:5)
    at afterWriteTick (node:internal/streams/writable:696:10)
    at processTicksAndRejections (node:internal/process/task_queues:89:21)</failure>
      <failure>Error: write EPIPE
    at afterWriteDispatched (node:internal/stream_base_commons:159:15)
    at writeGeneric (node:internal/stream_base_commons:150:3)
    at Socket._writeGeneric (node:net:966:11)
    at Socket._write (node:net:978:8)
    at writeOrBuffer (node:internal/streams/writable:572:12)
    at _write (node:internal/streams/writable:501:10)
    at Socket.Writable.write (node:internal/streams/writable:510:10)
    at Socket.stream.write (/home/mookyjooky/Dropbox/GITHUB/06 - COMPLETED TOOLS/TECH-Adobe-Enterprise-Automation-PowerShell-Python-Portfolio/node_modules/@jest/reporters/build/VerboseReporter.js:47:7)
    at Console.log (/home/mookyjooky/Dropbox/GITHUB/06 - COMPLETED TOOLS/TECH-Adobe-Enterprise-Automation-PowerShell-Python-Portfolio/node_modules/winston/lib/winston/transports/console.js:87:23)
    at Console._write (/home/mookyjooky/Dropbox/GITHUB/06 - COMPLETED TOOLS/TECH-Adobe-Enterprise-Automation-PowerShell-Python-Portfolio/node_modules/winston-transport/modern.js:103:17)
    at doWrite (/home/mookyjooky/Dropbox/GITHUB/06 - COMPLETED TOOLS/TECH-Adobe-Enterprise-Automation-PowerShell-Python-Portfolio/node_modules/readable-stream/lib/_stream_writable.js:390:139)
    at writeOrBuffer (/home/mookyjooky/Dropbox/GITHUB/06 - COMPLETED TOOLS/TECH-Adobe-Enterprise-Automation-PowerShell-Python-Portfolio/node_modules/readable-stream/lib/_stream_writable.js:381:5)
    at Console.Object.&lt;anonymous&gt;.Writable.write (/home/mookyjooky/Dropbox/GITHUB/06 - COMPLETED TOOLS/TECH-Adobe-Enterprise-Automation-PowerShell-Python-Portfolio/node_modules/readable-stream/lib/_stream_writable.js:302:11)
    at DerivedLogger.ondata (/home/mookyjooky/Dropbox/GITHUB/06 - COMPLETED TOOLS/TECH-Adobe-Enterprise-Automation-PowerShell-Python-Portfolio/node_modules/readable-stream/lib/_stream_readable.js:629:20)
    at DerivedLogger.emit (node:events:531:35)
    at addChunk (/home/mookyjooky/Dropbox/GITHUB/06 - COMPLETED TOOLS/TECH-Adobe-Enterprise-Automation-PowerShell-Python-Portfolio/node_modules/readable-stream/lib/_stream_readable.js:279:12)
    at readableAddChunk (/home/mookyjooky/Dropbox/GITHUB/06 - COMPLETED TOOLS/TECH-Adobe-Enterprise-Automation-PowerShell-Python-Portfolio/node_modules/readable-stream/lib/_stream_readable.js:262:11)
    at DerivedLogger.Object.&lt;anonymous&gt;.Readable.push (/home/mookyjooky/Dropbox/GITHUB/06 - COMPLETED TOOLS/TECH-Adobe-Enterprise-Automation-PowerShell-Python-Portfolio/node_modules/readable-stream/lib/_stream_readable.js:228:10)
    at DerivedLogger.Object.&lt;anonymous&gt;.Transform.push (/home/mookyjooky/Dropbox/GITHUB/06 - COMPLETED TOOLS/TECH-Adobe-Enterprise-Automation-PowerShell-Python-Portfolio/node_modules/readable-stream/lib/_stream_transform.js:132:32)
    at DerivedLogger._transform (/home/mookyjooky/Dropbox/GITHUB/06 - COMPLETED TOOLS/TECH-Adobe-Enterprise-Automation-PowerShell-Python-Portfolio/node_modules/winston/lib/winston/logger.js:314:12)
    at DerivedLogger.Object.&lt;anonymous&gt;.Transform._read (/home/mookyjooky/Dropbox/GITHUB/06 - COMPLETED TOOLS/TECH-Adobe-Enterprise-Automation-PowerShell-Python-Portfolio/node_modules/readable-stream/lib/_stream_transform.js:166:10)
    at DerivedLogger.Object.&lt;anonymous&gt;.Transform._write (/home/mookyjooky/Dropbox/GITHUB/06 - COMPLETED TOOLS/TECH-Adobe-Enterprise-Automation-PowerShell-Python-Portfolio/node_modules/readable-stream/lib/_stream_transform.js:155:83)
    at doWrite (/home/mookyjooky/Dropbox/GITHUB/06 - COMPLETED TOOLS/TECH-Adobe-Enterprise-Automation-PowerShell-Python-Portfolio/node_modules/readable-stream/lib/_stream_writable.js:390:139)
    at writeOrBuffer (/home/mookyjooky/Dropbox/GITHUB/06 - COMPLETED TOOLS/TECH-Adobe-Enterprise-Automation-PowerShell-Python-Portfolio/node_modules/readable-stream/lib/_stream_writable.js:381:5)
    at DerivedLogger.Object.&lt;anonymous&gt;.Writable.write (/home/mookyjooky/Dropbox/GITHUB/06 - COMPLETED TOOLS/TECH-Adobe-Enterprise-Automation-PowerShell-Python-Portfolio/node_modules/readable-stream/lib/_stream_writable.js:302:11)
    at DerivedLogger.&lt;computed&gt; [as info] (/home/mookyjooky/Dropbox/GITHUB/06 - COMPLETED TOOLS/TECH-Adobe-Enterprise-Automation-PowerShell-Python-Portfolio/node_modules/winston/lib/winston/create-logger.js:81:14)
    at ServerResponse.info (/home/mookyjooky/Dropbox/GITHUB/06 - COMPLETED TOOLS/TECH-Adobe-Enterprise-Automation-PowerShell-Python-Portfolio/api/server.js:88:16)
    at ServerResponse.emit (node:events:531:35)
    at onFinish (node:_http_outgoing:1082:10)
    at callback (node:internal/streams/writable:766:21)
    at afterWrite (node:internal/streams/writable:710:5)
    at afterWriteTick (node:internal/streams/writable:696:10)
    at processTicksAndRejections (node:internal/process/task_queues:89:21)</failure>
      <failure>Error: write EPIPE
    at afterWriteDispatched (node:internal/stream_base_commons:159:15)
    at writeGeneric (node:internal/stream_base_commons:150:3)
    at Socket._writeGeneric (node:net:966:11)
    at Socket._write (node:net:978:8)
    at writeOrBuffer (node:internal/streams/writable:572:12)
    at _write (node:internal/streams/writable:501:10)
    at Socket.Writable.write (node:internal/streams/writable:510:10)
    at Socket.stream.write (/home/mookyjooky/Dropbox/GITHUB/06 - COMPLETED TOOLS/TECH-Adobe-Enterprise-Automation-PowerShell-Python-Portfolio/node_modules/@jest/reporters/build/VerboseReporter.js:47:7)
    at Console.log (/home/mookyjooky/Dropbox/GITHUB/06 - COMPLETED TOOLS/TECH-Adobe-Enterprise-Automation-PowerShell-Python-Portfolio/node_modules/winston/lib/winston/transports/console.js:87:23)
    at Console._write (/home/mookyjooky/Dropbox/GITHUB/06 - COMPLETED TOOLS/TECH-Adobe-Enterprise-Automation-PowerShell-Python-Portfolio/node_modules/winston-transport/modern.js:103:17)
    at doWrite (/home/mookyjooky/Dropbox/GITHUB/06 - COMPLETED TOOLS/TECH-Adobe-Enterprise-Automation-PowerShell-Python-Portfolio/node_modules/readable-stream/lib/_stream_writable.js:390:139)
    at writeOrBuffer (/home/mookyjooky/Dropbox/GITHUB/06 - COMPLETED TOOLS/TECH-Adobe-Enterprise-Automation-PowerShell-Python-Portfolio/node_modules/readable-stream/lib/_stream_writable.js:381:5)
    at Console.Object.&lt;anonymous&gt;.Writable.write (/home/mookyjooky/Dropbox/GITHUB/06 - COMPLETED TOOLS/TECH-Adobe-Enterprise-Automation-PowerShell-Python-Portfolio/node_modules/readable-stream/lib/_stream_writable.js:302:11)
    at DerivedLogger.ondata (/home/mookyjooky/Dropbox/GITHUB/06 - COMPLETED TOOLS/TECH-Adobe-Enterprise-Automation-PowerShell-Python-Portfolio/node_modules/readable-stream/lib/_stream_readable.js:629:20)
    at DerivedLogger.emit (node:events:531:35)
    at addChunk (/home/mookyjooky/Dropbox/GITHUB/06 - COMPLETED TOOLS/TECH-Adobe-Enterprise-Automation-PowerShell-Python-Portfolio/node_modules/readable-stream/lib/_stream_readable.js:279:12)
    at readableAddChunk (/home/mookyjooky/Dropbox/GITHUB/06 - COMPLETED TOOLS/TECH-Adobe-Enterprise-Automation-PowerShell-Python-Portfolio/node_modules/readable-stream/lib/_stream_readable.js:262:11)
    at DerivedLogger.Object.&lt;anonymous&gt;.Readable.push (/home/mookyjooky/Dropbox/GITHUB/06 - COMPLETED TOOLS/TECH-Adobe-Enterprise-Automation-PowerShell-Python-Portfolio/node_modules/readable-stream/lib/_stream_readable.js:228:10)
    at DerivedLogger.Object.&lt;anonymous&gt;.Transform.push (/home/mookyjooky/Dropbox/GITHUB/06 - COMPLETED TOOLS/TECH-Adobe-Enterprise-Automation-PowerShell-Python-Portfolio/node_modules/readable-stream/lib/_stream_transform.js:132:32)
    at DerivedLogger._transform (/home/mookyjooky/Dropbox/GITHUB/06 - COMPLETED TOOLS/TECH-Adobe-Enterprise-Automation-PowerShell-Python-Portfolio/node_modules/winston/lib/winston/logger.js:314:12)
    at DerivedLogger.Object.&lt;anonymous&gt;.Transform._read (/home/mookyjooky/Dropbox/GITHUB/06 - COMPLETED TOOLS/TECH-Adobe-Enterprise-Automation-PowerShell-Python-Portfolio/node_modules/readable-stream/lib/_stream_transform.js:166:10)
    at DerivedLogger.Object.&lt;anonymous&gt;.Transform._write (/home/mookyjooky/Dropbox/GITHUB/06 - COMPLETED TOOLS/TECH-Adobe-Enterprise-Automation-PowerShell-Python-Portfolio/node_modules/readable-stream/lib/_stream_transform.js:155:83)
    at doWrite (/home/mookyjooky/Dropbox/GITHUB/06 - COMPLETED TOOLS/TECH-Adobe-Enterprise-Automation-PowerShell-Python-Portfolio/node_modules/readable-stream/lib/_stream_writable.js:390:139)
    at writeOrBuffer (/home/mookyjooky/Dropbox/GITHUB/06 - COMPLETED TOOLS/TECH-Adobe-Enterprise-Automation-PowerShell-Python-Portfolio/node_modules/readable-stream/lib/_stream_writable.js:381:5)
    at DerivedLogger.Object.&lt;anonymous&gt;.Writable.write (/home/mookyjooky/Dropbox/GITHUB/06 - COMPLETED TOOLS/TECH-Adobe-Enterprise-Automation-PowerShell-Python-Portfolio/node_modules/readable-stream/lib/_stream_writable.js:302:11)
    at DerivedLogger.&lt;computed&gt; [as info] (/home/mookyjooky/Dropbox/GITHUB/06 - COMPLETED TOOLS/TECH-Adobe-Enterprise-Automation-PowerShell-Python-Portfolio/node_modules/winston/lib/winston/create-logger.js:81:14)
    at ServerResponse.info (/home/mookyjooky/Dropbox/GITHUB/06 - COMPLETED TOOLS/TECH-Adobe-Enterprise-Automation-PowerShell-Python-Portfolio/api/server.js:88:16)
    at ServerResponse.emit (node:events:531:35)
    at onFinish (node:_http_outgoing:1082:10)
    at callback (node:internal/streams/writable:766:21)
    at afterWrite (node:internal/streams/writable:710:5)
    at afterWriteTick (node:internal/streams/writable:696:10)
    at processTicksAndRejections (node:internal/process/task_queues:89:21)</failure>
      <failure>Error: write EPIPE
    at afterWriteDispatched (node:internal/stream_base_commons:159:15)
    at writeGeneric (node:internal/stream_base_commons:150:3)
    at Socket._writeGeneric (node:net:966:11)
    at Socket._write (node:net:978:8)
    at writeOrBuffer (node:internal/streams/writable:572:12)
    at _write (node:internal/streams/writable:501:10)
    at Socket.Writable.write (node:internal/streams/writable:510:10)
    at Socket.stream.write (/home/mookyjooky/Dropbox/GITHUB/06 - COMPLETED TOOLS/TECH-Adobe-Enterprise-Automation-PowerShell-Python-Portfolio/node_modules/@jest/reporters/build/VerboseReporter.js:47:7)
    at Console.log (/home/mookyjooky/Dropbox/GITHUB/06 - COMPLETED TOOLS/TECH-Adobe-Enterprise-Automation-PowerShell-Python-Portfolio/node_modules/winston/lib/winston/transports/console.js:87:23)
    at Console._write (/home/mookyjooky/Dropbox/GITHUB/06 - COMPLETED TOOLS/TECH-Adobe-Enterprise-Automation-PowerShell-Python-Portfolio/node_modules/winston-transport/modern.js:103:17)
    at doWrite (/home/mookyjooky/Dropbox/GITHUB/06 - COMPLETED TOOLS/TECH-Adobe-Enterprise-Automation-PowerShell-Python-Portfolio/node_modules/readable-stream/lib/_stream_writable.js:390:139)
    at writeOrBuffer (/home/mookyjooky/Dropbox/GITHUB/06 - COMPLETED TOOLS/TECH-Adobe-Enterprise-Automation-PowerShell-Python-Portfolio/node_modules/readable-stream/lib/_stream_writable.js:381:5)
    at Console.Object.&lt;anonymous&gt;.Writable.write (/home/mookyjooky/Dropbox/GITHUB/06 - COMPLETED TOOLS/TECH-Adobe-Enterprise-Automation-PowerShell-Python-Portfolio/node_modules/readable-stream/lib/_stream_writable.js:302:11)
    at DerivedLogger.ondata (/home/mookyjooky/Dropbox/GITHUB/06 - COMPLETED TOOLS/TECH-Adobe-Enterprise-Automation-PowerShell-Python-Portfolio/node_modules/readable-stream/lib/_stream_readable.js:629:20)
    at DerivedLogger.emit (node:events:531:35)
    at addChunk (/home/mookyjooky/Dropbox/GITHUB/06 - COMPLETED TOOLS/TECH-Adobe-Enterprise-Automation-PowerShell-Python-Portfolio/node_modules/readable-stream/lib/_stream_readable.js:279:12)
    at readableAddChunk (/home/mookyjooky/Dropbox/GITHUB/06 - COMPLETED TOOLS/TECH-Adobe-Enterprise-Automation-PowerShell-Python-Portfolio/node_modules/readable-stream/lib/_stream_readable.js:262:11)
    at DerivedLogger.Object.&lt;anonymous&gt;.Readable.push (/home/mookyjooky/Dropbox/GITHUB/06 - COMPLETED TOOLS/TECH-Adobe-Enterprise-Automation-PowerShell-Python-Portfolio/node_modules/readable-stream/lib/_stream_readable.js:228:10)
    at DerivedLogger.Object.&lt;anonymous&gt;.Transform.push (/home/mookyjooky/Dropbox/GITHUB/06 - COMPLETED TOOLS/TECH-Adobe-Enterprise-Automation-PowerShell-Python-Portfolio/node_modules/readable-stream/lib/_stream_transform.js:132:32)
    at DerivedLogger._transform (/home/mookyjooky/Dropbox/GITHUB/06 - COMPLETED TOOLS/TECH-Adobe-Enterprise-Automation-PowerShell-Python-Portfolio/node_modules/winston/lib/winston/logger.js:314:12)
    at DerivedLogger.Object.&lt;anonymous&gt;.Transform._read (/home/mookyjooky/Dropbox/GITHUB/06 - COMPLETED TOOLS/TECH-Adobe-Enterprise-Automation-PowerShell-Python-Portfolio/node_modules/readable-stream/lib/_stream_transform.js:166:10)
    at DerivedLogger.Object.&lt;anonymous&gt;.Transform._write (/home/mookyjooky/Dropbox/GITHUB/06 - COMPLETED TOOLS/TECH-Adobe-Enterprise-Automation-PowerShell-Python-Portfolio/node_modules/readable-stream/lib/_stream_transform.js:155:83)
    at doWrite (/home/mookyjooky/Dropbox/GITHUB/06 - COMPLETED TOOLS/TECH-Adobe-Enterprise-Automation-PowerShell-Python-Portfolio/node_modules/readable-stream/lib/_stream_writable.js:390:139)
    at writeOrBuffer (/home/mookyjooky/Dropbox/GITHUB/06 - COMPLETED TOOLS/TECH-Adobe-Enterprise-Automation-PowerShell-Python-Portfolio/node_modules/readable-stream/lib/_stream_writable.js:381:5)
    at DerivedLogger.Object.&lt;anonymous&gt;.Writable.write (/home/mookyjooky/Dropbox/GITHUB/06 - COMPLETED TOOLS/TECH-Adobe-Enterprise-Automation-PowerShell-Python-Portfolio/node_modules/readable-stream/lib/_stream_writable.js:302:11)
    at DerivedLogger.&lt;computed&gt; [as info] (/home/mookyjooky/Dropbox/GITHUB/06 - COMPLETED TOOLS/TECH-Adobe-Enterprise-Automation-PowerShell-Python-Portfolio/node_modules/winston/lib/winston/create-logger.js:81:14)
    at ServerResponse.info (/home/mookyjooky/Dropbox/GITHUB/06 - COMPLETED TOOLS/TECH-Adobe-Enterprise-Automation-PowerShell-Python-Portfolio/api/server.js:88:16)
    at ServerResponse.emit (node:events:531:35)
    at onFinish (node:_http_outgoing:1082:10)
    at callback (node:internal/streams/writable:766:21)
    at afterWrite (node:internal/streams/writable:710:5)
    at afterWriteTick (node:internal/streams/writable:696:10)
    at processTicksAndRejections (node:internal/process/task_queues:89:21)</failure>
      <failure>Error: write EPIPE
    at afterWriteDispatched (node:internal/stream_base_commons:159:15)
    at writeGeneric (node:internal/stream_base_commons:150:3)
    at Socket._writeGeneric (node:net:966:11)
    at Socket._write (node:net:978:8)
    at writeOrBuffer (node:internal/streams/writable:572:12)
    at _write (node:internal/streams/writable:501:10)
    at Socket.Writable.write (node:internal/streams/writable:510:10)
    at Socket.stream.write (/home/mookyjooky/Dropbox/GITHUB/06 - COMPLETED TOOLS/TECH-Adobe-Enterprise-Automation-PowerShell-Python-Portfolio/node_modules/@jest/reporters/build/VerboseReporter.js:47:7)
    at Console.log (/home/mookyjooky/Dropbox/GITHUB/06 - COMPLETED TOOLS/TECH-Adobe-Enterprise-Automation-PowerShell-Python-Portfolio/node_modules/winston/lib/winston/transports/console.js:87:23)
    at Console._write (/home/mookyjooky/Dropbox/GITHUB/06 - COMPLETED TOOLS/TECH-Adobe-Enterprise-Automation-PowerShell-Python-Portfolio/node_modules/winston-transport/modern.js:103:17)
    at doWrite (/home/mookyjooky/Dropbox/GITHUB/06 - COMPLETED TOOLS/TECH-Adobe-Enterprise-Automation-PowerShell-Python-Portfolio/node_modules/readable-stream/lib/_stream_writable.js:390:139)
    at writeOrBuffer (/home/mookyjooky/Dropbox/GITHUB/06 - COMPLETED TOOLS/TECH-Adobe-Enterprise-Automation-PowerShell-Python-Portfolio/node_modules/readable-stream/lib/_stream_writable.js:381:5)
    at Console.Object.&lt;anonymous&gt;.Writable.write (/home/mookyjooky/Dropbox/GITHUB/06 - COMPLETED TOOLS/TECH-Adobe-Enterprise-Automation-PowerShell-Python-Portfolio/node_modules/readable-stream/lib/_stream_writable.js:302:11)
    at DerivedLogger.ondata (/home/mookyjooky/Dropbox/GITHUB/06 - COMPLETED TOOLS/TECH-Adobe-Enterprise-Automation-PowerShell-Python-Portfolio/node_modules/readable-stream/lib/_stream_readable.js:629:20)
    at DerivedLogger.emit (node:events:531:35)
    at addChunk (/home/mookyjooky/Dropbox/GITHUB/06 - COMPLETED TOOLS/TECH-Adobe-Enterprise-Automation-PowerShell-Python-Portfolio/node_modules/readable-stream/lib/_stream_readable.js:279:12)
    at readableAddChunk (/home/mookyjooky/Dropbox/GITHUB/06 - COMPLETED TOOLS/TECH-Adobe-Enterprise-Automation-PowerShell-Python-Portfolio/node_modules/readable-stream/lib/_stream_readable.js:262:11)
    at DerivedLogger.Object.&lt;anonymous&gt;.Readable.push (/home/mookyjooky/Dropbox/GITHUB/06 - COMPLETED TOOLS/TECH-Adobe-Enterprise-Automation-PowerShell-Python-Portfolio/node_modules/readable-stream/lib/_stream_readable.js:228:10)
    at DerivedLogger.Object.&lt;anonymous&gt;.Transform.push (/home/mookyjooky/Dropbox/GITHUB/06 - COMPLETED TOOLS/TECH-Adobe-Enterprise-Automation-PowerShell-Python-Portfolio/node_modules/readable-stream/lib/_stream_transform.js:132:32)
    at DerivedLogger._transform (/home/mookyjooky/Dropbox/GITHUB/06 - COMPLETED TOOLS/TECH-Adobe-Enterprise-Automation-PowerShell-Python-Portfolio/node_modules/winston/lib/winston/logger.js:314:12)
    at DerivedLogger.Object.&lt;anonymous&gt;.Transform._read (/home/mookyjooky/Dropbox/GITHUB/06 - COMPLETED TOOLS/TECH-Adobe-Enterprise-Automation-PowerShell-Python-Portfolio/node_modules/readable-stream/lib/_stream_transform.js:166:10)
    at DerivedLogger.Object.&lt;anonymous&gt;.Transform._write (/home/mookyjooky/Dropbox/GITHUB/06 - COMPLETED TOOLS/TECH-Adobe-Enterprise-Automation-PowerShell-Python-Portfolio/node_modules/readable-stream/lib/_stream_transform.js:155:83)
    at doWrite (/home/mookyjooky/Dropbox/GITHUB/06 - COMPLETED TOOLS/TECH-Adobe-Enterprise-Automation-PowerShell-Python-Portfolio/node_modules/readable-stream/lib/_stream_writable.js:390:139)
    at writeOrBuffer (/home/mookyjooky/Dropbox/GITHUB/06 - COMPLETED TOOLS/TECH-Adobe-Enterprise-Automation-PowerShell-Python-Portfolio/node_modules/readable-stream/lib/_stream_writable.js:381:5)
    at DerivedLogger.Object.&lt;anonymous&gt;.Writable.write (/home/mookyjooky/Dropbox/GITHUB/06 - COMPLETED TOOLS/TECH-Adobe-Enterprise-Automation-PowerShell-Python-Portfolio/node_modules/readable-stream/lib/_stream_writable.js:302:11)
    at DerivedLogger.&lt;computed&gt; [as info] (/home/mookyjooky/Dropbox/GITHUB/06 - COMPLETED TOOLS/TECH-Adobe-Enterprise-Automation-PowerShell-Python-Portfolio/node_modules/winston/lib/winston/create-logger.js:81:14)
    at ServerResponse.info (/home/mookyjooky/Dropbox/GITHUB/06 - COMPLETED TOOLS/TECH-Adobe-Enterprise-Automation-PowerShell-Python-Portfolio/api/server.js:88:16)
    at ServerResponse.emit (node:events:531:35)
    at onFinish (node:_http_outgoing:1082:10)
    at callback (node:internal/streams/writable:766:21)
    at afterWrite (node:internal/streams/writable:710:5)
    at afterWriteTick (node:internal/streams/writable:696:10)
    at processTicksAndRejections (node:internal/process/task_queues:89:21)</failure>
      <failure>Error: write EPIPE
    at afterWriteDispatched (node:internal/stream_base_commons:159:15)
    at writeGeneric (node:internal/stream_base_commons:150:3)
    at Socket._writeGeneric (node:net:966:11)
    at Socket._write (node:net:978:8)
    at writeOrBuffer (node:internal/streams/writable:572:12)
    at _write (node:internal/streams/writable:501:10)
    at Socket.Writable.write (node:internal/streams/writable:510:10)
    at Socket.stream.write (/home/mookyjooky/Dropbox/GITHUB/06 - COMPLETED TOOLS/TECH-Adobe-Enterprise-Automation-PowerShell-Python-Portfolio/node_modules/@jest/reporters/build/VerboseReporter.js:47:7)
    at Console.log (/home/mookyjooky/Dropbox/GITHUB/06 - COMPLETED TOOLS/TECH-Adobe-Enterprise-Automation-PowerShell-Python-Portfolio/node_modules/winston/lib/winston/transports/console.js:87:23)
    at Console._write (/home/mookyjooky/Dropbox/GITHUB/06 - COMPLETED TOOLS/TECH-Adobe-Enterprise-Automation-PowerShell-Python-Portfolio/node_modules/winston-transport/modern.js:103:17)
    at doWrite (/home/mookyjooky/Dropbox/GITHUB/06 - COMPLETED TOOLS/TECH-Adobe-Enterprise-Automation-PowerShell-Python-Portfolio/node_modules/readable-stream/lib/_stream_writable.js:390:139)
    at writeOrBuffer (/home/mookyjooky/Dropbox/GITHUB/06 - COMPLETED TOOLS/TECH-Adobe-Enterprise-Automation-PowerShell-Python-Portfolio/node_modules/readable-stream/lib/_stream_writable.js:381:5)
    at Console.Object.&lt;anonymous&gt;.Writable.write (/home/mookyjooky/Dropbox/GITHUB/06 - COMPLETED TOOLS/TECH-Adobe-Enterprise-Automation-PowerShell-Python-Portfolio/node_modules/readable-stream/lib/_stream_writable.js:302:11)
    at DerivedLogger.ondata (/home/mookyjooky/Dropbox/GITHUB/06 - COMPLETED TOOLS/TECH-Adobe-Enterprise-Automation-PowerShell-Python-Portfolio/node_modules/readable-stream/lib/_stream_readable.js:629:20)
    at DerivedLogger.emit (node:events:531:35)
    at addChunk (/home/mookyjooky/Dropbox/GITHUB/06 - COMPLETED TOOLS/TECH-Adobe-Enterprise-Automation-PowerShell-Python-Portfolio/node_modules/readable-stream/lib/_stream_readable.js:279:12)
    at readableAddChunk (/home/mookyjooky/Dropbox/GITHUB/06 - COMPLETED TOOLS/TECH-Adobe-Enterprise-Automation-PowerShell-Python-Portfolio/node_modules/readable-stream/lib/_stream_readable.js:262:11)
    at DerivedLogger.Object.&lt;anonymous&gt;.Readable.push (/home/mookyjooky/Dropbox/GITHUB/06 - COMPLETED TOOLS/TECH-Adobe-Enterprise-Automation-PowerShell-Python-Portfolio/node_modules/readable-stream/lib/_stream_readable.js:228:10)
    at DerivedLogger.Object.&lt;anonymous&gt;.Transform.push (/home/mookyjooky/Dropbox/GITHUB/06 - COMPLETED TOOLS/TECH-Adobe-Enterprise-Automation-PowerShell-Python-Portfolio/node_modules/readable-stream/lib/_stream_transform.js:132:32)
    at DerivedLogger._transform (/home/mookyjooky/Dropbox/GITHUB/06 - COMPLETED TOOLS/TECH-Adobe-Enterprise-Automation-PowerShell-Python-Portfolio/node_modules/winston/lib/winston/logger.js:314:12)
    at DerivedLogger.Object.&lt;anonymous&gt;.Transform._read (/home/mookyjooky/Dropbox/GITHUB/06 - COMPLETED TOOLS/TECH-Adobe-Enterprise-Automation-PowerShell-Python-Portfolio/node_modules/readable-stream/lib/_stream_transform.js:166:10)
    at DerivedLogger.Object.&lt;anonymous&gt;.Transform._write (/home/mookyjooky/Dropbox/GITHUB/06 - COMPLETED TOOLS/TECH-Adobe-Enterprise-Automation-PowerShell-Python-Portfolio/node_modules/readable-stream/lib/_stream_transform.js:155:83)
    at doWrite (/home/mookyjooky/Dropbox/GITHUB/06 - COMPLETED TOOLS/TECH-Adobe-Enterprise-Automation-PowerShell-Python-Portfolio/node_modules/readable-stream/lib/_stream_writable.js:390:139)
    at writeOrBuffer (/home/mookyjooky/Dropbox/GITHUB/06 - COMPLETED TOOLS/TECH-Adobe-Enterprise-Automation-PowerShell-Python-Portfolio/node_modules/readable-stream/lib/_stream_writable.js:381:5)
    at DerivedLogger.Object.&lt;anonymous&gt;.Writable.write (/home/mookyjooky/Dropbox/GITHUB/06 - COMPLETED TOOLS/TECH-Adobe-Enterprise-Automation-PowerShell-Python-Portfolio/node_modules/readable-stream/lib/_stream_writable.js:302:11)
    at DerivedLogger.&lt;computed&gt; [as info] (/home/mookyjooky/Dropbox/GITHUB/06 - COMPLETED TOOLS/TECH-Adobe-Enterprise-Automation-PowerShell-Python-Portfolio/node_modules/winston/lib/winston/create-logger.js:81:14)
    at ServerResponse.info (/home/mookyjooky/Dropbox/GITHUB/06 - COMPLETED TOOLS/TECH-Adobe-Enterprise-Automation-PowerShell-Python-Portfolio/api/server.js:88:16)
    at ServerResponse.emit (node:events:531:35)
    at onFinish (node:_http_outgoing:1082:10)
    at callback (node:internal/streams/writable:766:21)
    at afterWrite (node:internal/streams/writable:710:5)
    at afterWriteTick (node:internal/streams/writable:696:10)
    at processTicksAndRejections (node:internal/process/task_queues:89:21)</failure>
      <failure>Error: write EPIPE
    at afterWriteDispatched (node:internal/stream_base_commons:159:15)
    at writeGeneric (node:internal/stream_base_commons:150:3)
    at Socket._writeGeneric (node:net:966:11)
    at Socket._write (node:net:978:8)
    at writeOrBuffer (node:internal/streams/writable:572:12)
    at _write (node:internal/streams/writable:501:10)
    at Socket.Writable.write (node:internal/streams/writable:510:10)
    at Socket.stream.write (/home/mookyjooky/Dropbox/GITHUB/06 - COMPLETED TOOLS/TECH-Adobe-Enterprise-Automation-PowerShell-Python-Portfolio/node_modules/@jest/reporters/build/VerboseReporter.js:47:7)
    at Console.log (/home/mookyjooky/Dropbox/GITHUB/06 - COMPLETED TOOLS/TECH-Adobe-Enterprise-Automation-PowerShell-Python-Portfolio/node_modules/winston/lib/winston/transports/console.js:87:23)
    at Console._write (/home/mookyjooky/Dropbox/GITHUB/06 - COMPLETED TOOLS/TECH-Adobe-Enterprise-Automation-PowerShell-Python-Portfolio/node_modules/winston-transport/modern.js:103:17)
    at doWrite (/home/mookyjooky/Dropbox/GITHUB/06 - COMPLETED TOOLS/TECH-Adobe-Enterprise-Automation-PowerShell-Python-Portfolio/node_modules/readable-stream/lib/_stream_writable.js:390:139)
    at writeOrBuffer (/home/mookyjooky/Dropbox/GITHUB/06 - COMPLETED TOOLS/TECH-Adobe-Enterprise-Automation-PowerShell-Python-Portfolio/node_modules/readable-stream/lib/_stream_writable.js:381:5)
    at Console.Object.&lt;anonymous&gt;.Writable.write (/home/mookyjooky/Dropbox/GITHUB/06 - COMPLETED TOOLS/TECH-Adobe-Enterprise-Automation-PowerShell-Python-Portfolio/node_modules/readable-stream/lib/_stream_writable.js:302:11)
    at DerivedLogger.ondata (/home/mookyjooky/Dropbox/GITHUB/06 - COMPLETED TOOLS/TECH-Adobe-Enterprise-Automation-PowerShell-Python-Portfolio/node_modules/readable-stream/lib/_stream_readable.js:629:20)
    at DerivedLogger.emit (node:events:531:35)
    at addChunk (/home/mookyjooky/Dropbox/GITHUB/06 - COMPLETED TOOLS/TECH-Adobe-Enterprise-Automation-PowerShell-Python-Portfolio/node_modules/readable-stream/lib/_stream_readable.js:279:12)
    at readableAddChunk (/home/mookyjooky/Dropbox/GITHUB/06 - COMPLETED TOOLS/TECH-Adobe-Enterprise-Automation-PowerShell-Python-Portfolio/node_modules/readable-stream/lib/_stream_readable.js:262:11)
    at DerivedLogger.Object.&lt;anonymous&gt;.Readable.push (/home/mookyjooky/Dropbox/GITHUB/06 - COMPLETED TOOLS/TECH-Adobe-Enterprise-Automation-PowerShell-Python-Portfolio/node_modules/readable-stream/lib/_stream_readable.js:228:10)
    at DerivedLogger.Object.&lt;anonymous&gt;.Transform.push (/home/mookyjooky/Dropbox/GITHUB/06 - COMPLETED TOOLS/TECH-Adobe-Enterprise-Automation-PowerShell-Python-Portfolio/node_modules/readable-stream/lib/_stream_transform.js:132:32)
    at DerivedLogger._transform (/home/mookyjooky/Dropbox/GITHUB/06 - COMPLETED TOOLS/TECH-Adobe-Enterprise-Automation-PowerShell-Python-Portfolio/node_modules/winston/lib/winston/logger.js:314:12)
    at DerivedLogger.Object.&lt;anonymous&gt;.Transform._read (/home/mookyjooky/Dropbox/GITHUB/06 - COMPLETED TOOLS/TECH-Adobe-Enterprise-Automation-PowerShell-Python-Portfolio/node_modules/readable-stream/lib/_stream_transform.js:166:10)
    at DerivedLogger.Object.&lt;anonymous&gt;.Transform._write (/home/mookyjooky/Dropbox/GITHUB/06 - COMPLETED TOOLS/TECH-Adobe-Enterprise-Automation-PowerShell-Python-Portfolio/node_modules/readable-stream/lib/_stream_transform.js:155:83)
    at doWrite (/home/mookyjooky/Dropbox/GITHUB/06 - COMPLETED TOOLS/TECH-Adobe-Enterprise-Automation-PowerShell-Python-Portfolio/node_modules/readable-stream/lib/_stream_writable.js:390:139)
    at writeOrBuffer (/home/mookyjooky/Dropbox/GITHUB/06 - COMPLETED TOOLS/TECH-Adobe-Enterprise-Automation-PowerShell-Python-Portfolio/node_modules/readable-stream/lib/_stream_writable.js:381:5)
    at DerivedLogger.Object.&lt;anonymous&gt;.Writable.write (/home/mookyjooky/Dropbox/GITHUB/06 - COMPLETED TOOLS/TECH-Adobe-Enterprise-Automation-PowerShell-Python-Portfolio/node_modules/readable-stream/lib/_stream_writable.js:302:11)
    at DerivedLogger.&lt;computed&gt; [as info] (/home/mookyjooky/Dropbox/GITHUB/06 - COMPLETED TOOLS/TECH-Adobe-Enterprise-Automation-PowerShell-Python-Portfolio/node_modules/winston/lib/winston/create-logger.js:81:14)
    at ServerResponse.info (/home/mookyjooky/Dropbox/GITHUB/06 - COMPLETED TOOLS/TECH-Adobe-Enterprise-Automation-PowerShell-Python-Portfolio/api/server.js:88:16)
    at ServerResponse.emit (node:events:531:35)
    at onFinish (node:_http_outgoing:1082:10)
    at callback (node:internal/streams/writable:766:21)
    at afterWrite (node:internal/streams/writable:710:5)
    at afterWriteTick (node:internal/streams/writable:696:10)
    at processTicksAndRejections (node:internal/process/task_queues:89:21)</failure>
      <failure>Error: write EPIPE
    at afterWriteDispatched (node:internal/stream_base_commons:159:15)
    at writeGeneric (node:internal/stream_base_commons:150:3)
    at Socket._writeGeneric (node:net:966:11)
    at Socket._write (node:net:978:8)
    at writeOrBuffer (node:internal/streams/writable:572:12)
    at _write (node:internal/streams/writable:501:10)
    at Socket.Writable.write (node:internal/streams/writable:510:10)
    at Socket.stream.write (/home/mookyjooky/Dropbox/GITHUB/06 - COMPLETED TOOLS/TECH-Adobe-Enterprise-Automation-PowerShell-Python-Portfolio/node_modules/@jest/reporters/build/VerboseReporter.js:47:7)
    at Console.log (/home/mookyjooky/Dropbox/GITHUB/06 - COMPLETED TOOLS/TECH-Adobe-Enterprise-Automation-PowerShell-Python-Portfolio/node_modules/winston/lib/winston/transports/console.js:87:23)
    at Console._write (/home/mookyjooky/Dropbox/GITHUB/06 - COMPLETED TOOLS/TECH-Adobe-Enterprise-Automation-PowerShell-Python-Portfolio/node_modules/winston-transport/modern.js:103:17)
    at doWrite (/home/mookyjooky/Dropbox/GITHUB/06 - COMPLETED TOOLS/TECH-Adobe-Enterprise-Automation-PowerShell-Python-Portfolio/node_modules/readable-stream/lib/_stream_writable.js:390:139)
    at writeOrBuffer (/home/mookyjooky/Dropbox/GITHUB/06 - COMPLETED TOOLS/TECH-Adobe-Enterprise-Automation-PowerShell-Python-Portfolio/node_modules/readable-stream/lib/_stream_writable.js:381:5)
    at Console.Object.&lt;anonymous&gt;.Writable.write (/home/mookyjooky/Dropbox/GITHUB/06 - COMPLETED TOOLS/TECH-Adobe-Enterprise-Automation-PowerShell-Python-Portfolio/node_modules/readable-stream/lib/_stream_writable.js:302:11)
    at DerivedLogger.ondata (/home/mookyjooky/Dropbox/GITHUB/06 - COMPLETED TOOLS/TECH-Adobe-Enterprise-Automation-PowerShell-Python-Portfolio/node_modules/readable-stream/lib/_stream_readable.js:629:20)
    at DerivedLogger.emit (node:events:531:35)
    at addChunk (/home/mookyjooky/Dropbox/GITHUB/06 - COMPLETED TOOLS/TECH-Adobe-Enterprise-Automation-PowerShell-Python-Portfolio/node_modules/readable-stream/lib/_stream_readable.js:279:12)
    at readableAddChunk (/home/mookyjooky/Dropbox/GITHUB/06 - COMPLETED TOOLS/TECH-Adobe-Enterprise-Automation-PowerShell-Python-Portfolio/node_modules/readable-stream/lib/_stream_readable.js:262:11)
    at DerivedLogger.Object.&lt;anonymous&gt;.Readable.push (/home/mookyjooky/Dropbox/GITHUB/06 - COMPLETED TOOLS/TECH-Adobe-Enterprise-Automation-PowerShell-Python-Portfolio/node_modules/readable-stream/lib/_stream_readable.js:228:10)
    at DerivedLogger.Object.&lt;anonymous&gt;.Transform.push (/home/mookyjooky/Dropbox/GITHUB/06 - COMPLETED TOOLS/TECH-Adobe-Enterprise-Automation-PowerShell-Python-Portfolio/node_modules/readable-stream/lib/_stream_transform.js:132:32)
    at DerivedLogger._transform (/home/mookyjooky/Dropbox/GITHUB/06 - COMPLETED TOOLS/TECH-Adobe-Enterprise-Automation-PowerShell-Python-Portfolio/node_modules/winston/lib/winston/logger.js:314:12)
    at DerivedLogger.Object.&lt;anonymous&gt;.Transform._read (/home/mookyjooky/Dropbox/GITHUB/06 - COMPLETED TOOLS/TECH-Adobe-Enterprise-Automation-PowerShell-Python-Portfolio/node_modules/readable-stream/lib/_stream_transform.js:166:10)
    at DerivedLogger.Object.&lt;anonymous&gt;.Transform._write (/home/mookyjooky/Dropbox/GITHUB/06 - COMPLETED TOOLS/TECH-Adobe-Enterprise-Automation-PowerShell-Python-Portfolio/node_modules/readable-stream/lib/_stream_transform.js:155:83)
    at doWrite (/home/mookyjooky/Dropbox/GITHUB/06 - COMPLETED TOOLS/TECH-Adobe-Enterprise-Automation-PowerShell-Python-Portfolio/node_modules/readable-stream/lib/_stream_writable.js:390:139)
    at writeOrBuffer (/home/mookyjooky/Dropbox/GITHUB/06 - COMPLETED TOOLS/TECH-Adobe-Enterprise-Automation-PowerShell-Python-Portfolio/node_modules/readable-stream/lib/_stream_writable.js:381:5)
    at DerivedLogger.Object.&lt;anonymous&gt;.Writable.write (/home/mookyjooky/Dropbox/GITHUB/06 - COMPLETED TOOLS/TECH-Adobe-Enterprise-Automation-PowerShell-Python-Portfolio/node_modules/readable-stream/lib/_stream_writable.js:302:11)
    at DerivedLogger.&lt;computed&gt; [as info] (/home/mookyjooky/Dropbox/GITHUB/06 - COMPLETED TOOLS/TECH-Adobe-Enterprise-Automation-PowerShell-Python-Portfolio/node_modules/winston/lib/winston/create-logger.js:81:14)
    at ServerResponse.info (/home/mookyjooky/Dropbox/GITHUB/06 - COMPLETED TOOLS/TECH-Adobe-Enterprise-Automation-PowerShell-Python-Portfolio/api/server.js:88:16)
    at ServerResponse.emit (node:events:531:35)
    at onFinish (node:_http_outgoing:1082:10)
    at callback (node:internal/streams/writable:766:21)
    at afterWrite (node:internal/streams/writable:710:5)
    at afterWriteTick (node:internal/streams/writable:696:10)
    at processTicksAndRejections (node:internal/process/task_queues:89:21)</failure>
      <failure>Error: write EPIPE
    at afterWriteDispatched (node:internal/stream_base_commons:159:15)
    at writeGeneric (node:internal/stream_base_commons:150:3)
    at Socket._writeGeneric (node:net:966:11)
    at Socket._write (node:net:978:8)
    at writeOrBuffer (node:internal/streams/writable:572:12)
    at _write (node:internal/streams/writable:501:10)
    at Socket.Writable.write (node:internal/streams/writable:510:10)
    at Socket.stream.write (/home/mookyjooky/Dropbox/GITHUB/06 - COMPLETED TOOLS/TECH-Adobe-Enterprise-Automation-PowerShell-Python-Portfolio/node_modules/@jest/reporters/build/VerboseReporter.js:47:7)
    at Console.log (/home/mookyjooky/Dropbox/GITHUB/06 - COMPLETED TOOLS/TECH-Adobe-Enterprise-Automation-PowerShell-Python-Portfolio/node_modules/winston/lib/winston/transports/console.js:87:23)
    at Console._write (/home/mookyjooky/Dropbox/GITHUB/06 - COMPLETED TOOLS/TECH-Adobe-Enterprise-Automation-PowerShell-Python-Portfolio/node_modules/winston-transport/modern.js:103:17)
    at doWrite (/home/mookyjooky/Dropbox/GITHUB/06 - COMPLETED TOOLS/TECH-Adobe-Enterprise-Automation-PowerShell-Python-Portfolio/node_modules/readable-stream/lib/_stream_writable.js:390:139)
    at writeOrBuffer (/home/mookyjooky/Dropbox/GITHUB/06 - COMPLETED TOOLS/TECH-Adobe-Enterprise-Automation-PowerShell-Python-Portfolio/node_modules/readable-stream/lib/_stream_writable.js:381:5)
    at Console.Object.&lt;anonymous&gt;.Writable.write (/home/mookyjooky/Dropbox/GITHUB/06 - COMPLETED TOOLS/TECH-Adobe-Enterprise-Automation-PowerShell-Python-Portfolio/node_modules/readable-stream/lib/_stream_writable.js:302:11)
    at DerivedLogger.ondata (/home/mookyjooky/Dropbox/GITHUB/06 - COMPLETED TOOLS/TECH-Adobe-Enterprise-Automation-PowerShell-Python-Portfolio/node_modules/readable-stream/lib/_stream_readable.js:629:20)
    at DerivedLogger.emit (node:events:531:35)
    at addChunk (/home/mookyjooky/Dropbox/GITHUB/06 - COMPLETED TOOLS/TECH-Adobe-Enterprise-Automation-PowerShell-Python-Portfolio/node_modules/readable-stream/lib/_stream_readable.js:279:12)
    at readableAddChunk (/home/mookyjooky/Dropbox/GITHUB/06 - COMPLETED TOOLS/TECH-Adobe-Enterprise-Automation-PowerShell-Python-Portfolio/node_modules/readable-stream/lib/_stream_readable.js:262:11)
    at DerivedLogger.Object.&lt;anonymous&gt;.Readable.push (/home/mookyjooky/Dropbox/GITHUB/06 - COMPLETED TOOLS/TECH-Adobe-Enterprise-Automation-PowerShell-Python-Portfolio/node_modules/readable-stream/lib/_stream_readable.js:228:10)
    at DerivedLogger.Object.&lt;anonymous&gt;.Transform.push (/home/mookyjooky/Dropbox/GITHUB/06 - COMPLETED TOOLS/TECH-Adobe-Enterprise-Automation-PowerShell-Python-Portfolio/node_modules/readable-stream/lib/_stream_transform.js:132:32)
    at DerivedLogger._transform (/home/mookyjooky/Dropbox/GITHUB/06 - COMPLETED TOOLS/TECH-Adobe-Enterprise-Automation-PowerShell-Python-Portfolio/node_modules/winston/lib/winston/logger.js:314:12)
    at DerivedLogger.Object.&lt;anonymous&gt;.Transform._read (/home/mookyjooky/Dropbox/GITHUB/06 - COMPLETED TOOLS/TECH-Adobe-Enterprise-Automation-PowerShell-Python-Portfolio/node_modules/readable-stream/lib/_stream_transform.js:166:10)
    at DerivedLogger.Object.&lt;anonymous&gt;.Transform._write (/home/mookyjooky/Dropbox/GITHUB/06 - COMPLETED TOOLS/TECH-Adobe-Enterprise-Automation-PowerShell-Python-Portfolio/node_modules/readable-stream/lib/_stream_transform.js:155:83)
    at doWrite (/home/mookyjooky/Dropbox/GITHUB/06 - COMPLETED TOOLS/TECH-Adobe-Enterprise-Automation-PowerShell-Python-Portfolio/node_modules/readable-stream/lib/_stream_writable.js:390:139)
    at writeOrBuffer (/home/mookyjooky/Dropbox/GITHUB/06 - COMPLETED TOOLS/TECH-Adobe-Enterprise-Automation-PowerShell-Python-Portfolio/node_modules/readable-stream/lib/_stream_writable.js:381:5)
    at DerivedLogger.Object.&lt;anonymous&gt;.Writable.write (/home/mookyjooky/Dropbox/GITHUB/06 - COMPLETED TOOLS/TECH-Adobe-Enterprise-Automation-PowerShell-Python-Portfolio/node_modules/readable-stream/lib/_stream_writable.js:302:11)
    at DerivedLogger.&lt;computed&gt; [as info] (/home/mookyjooky/Dropbox/GITHUB/06 - COMPLETED TOOLS/TECH-Adobe-Enterprise-Automation-PowerShell-Python-Portfolio/node_modules/winston/lib/winston/create-logger.js:81:14)
    at ServerResponse.info (/home/mookyjooky/Dropbox/GITHUB/06 - COMPLETED TOOLS/TECH-Adobe-Enterprise-Automation-PowerShell-Python-Portfolio/api/server.js:88:16)
    at ServerResponse.emit (node:events:531:35)
    at onFinish (node:_http_outgoing:1082:10)
    at callback (node:internal/streams/writable:766:21)
    at afterWrite (node:internal/streams/writable:710:5)
    at afterWriteTick (node:internal/streams/writable:696:10)
    at processTicksAndRejections (node:internal/process/task_queues:89:21)</failure>
      <failure>Error: write EPIPE
    at afterWriteDispatched (node:internal/stream_base_commons:159:15)
    at writeGeneric (node:internal/stream_base_commons:150:3)
    at Socket._writeGeneric (node:net:966:11)
    at Socket._write (node:net:978:8)
    at writeOrBuffer (node:internal/streams/writable:572:12)
    at _write (node:internal/streams/writable:501:10)
    at Socket.Writable.write (node:internal/streams/writable:510:10)
    at Socket.stream.write (/home/mookyjooky/Dropbox/GITHUB/06 - COMPLETED TOOLS/TECH-Adobe-Enterprise-Automation-PowerShell-Python-Portfolio/node_modules/@jest/reporters/build/VerboseReporter.js:47:7)
    at Console.log (/home/mookyjooky/Dropbox/GITHUB/06 - COMPLETED TOOLS/TECH-Adobe-Enterprise-Automation-PowerShell-Python-Portfolio/node_modules/winston/lib/winston/transports/console.js:87:23)
    at Console._write (/home/mookyjooky/Dropbox/GITHUB/06 - COMPLETED TOOLS/TECH-Adobe-Enterprise-Automation-PowerShell-Python-Portfolio/node_modules/winston-transport/modern.js:103:17)
    at doWrite (/home/mookyjooky/Dropbox/GITHUB/06 - COMPLETED TOOLS/TECH-Adobe-Enterprise-Automation-PowerShell-Python-Portfolio/node_modules/readable-stream/lib/_stream_writable.js:390:139)
    at writeOrBuffer (/home/mookyjooky/Dropbox/GITHUB/06 - COMPLETED TOOLS/TECH-Adobe-Enterprise-Automation-PowerShell-Python-Portfolio/node_modules/readable-stream/lib/_stream_writable.js:381:5)
    at Console.Object.&lt;anonymous&gt;.Writable.write (/home/mookyjooky/Dropbox/GITHUB/06 - COMPLETED TOOLS/TECH-Adobe-Enterprise-Automation-PowerShell-Python-Portfolio/node_modules/readable-stream/lib/_stream_writable.js:302:11)
    at DerivedLogger.ondata (/home/mookyjooky/Dropbox/GITHUB/06 - COMPLETED TOOLS/TECH-Adobe-Enterprise-Automation-PowerShell-Python-Portfolio/node_modules/readable-stream/lib/_stream_readable.js:629:20)
    at DerivedLogger.emit (node:events:531:35)
    at addChunk (/home/mookyjooky/Dropbox/GITHUB/06 - COMPLETED TOOLS/TECH-Adobe-Enterprise-Automation-PowerShell-Python-Portfolio/node_modules/readable-stream/lib/_stream_readable.js:279:12)
    at readableAddChunk (/home/mookyjooky/Dropbox/GITHUB/06 - COMPLETED TOOLS/TECH-Adobe-Enterprise-Automation-PowerShell-Python-Portfolio/node_modules/readable-stream/lib/_stream_readable.js:262:11)
    at DerivedLogger.Object.&lt;anonymous&gt;.Readable.push (/home/mookyjooky/Dropbox/GITHUB/06 - COMPLETED TOOLS/TECH-Adobe-Enterprise-Automation-PowerShell-Python-Portfolio/node_modules/readable-stream/lib/_stream_readable.js:228:10)
    at DerivedLogger.Object.&lt;anonymous&gt;.Transform.push (/home/mookyjooky/Dropbox/GITHUB/06 - COMPLETED TOOLS/TECH-Adobe-Enterprise-Automation-PowerShell-Python-Portfolio/node_modules/readable-stream/lib/_stream_transform.js:132:32)
    at DerivedLogger._transform (/home/mookyjooky/Dropbox/GITHUB/06 - COMPLETED TOOLS/TECH-Adobe-Enterprise-Automation-PowerShell-Python-Portfolio/node_modules/winston/lib/winston/logger.js:314:12)
    at DerivedLogger.Object.&lt;anonymous&gt;.Transform._read (/home/mookyjooky/Dropbox/GITHUB/06 - COMPLETED TOOLS/TECH-Adobe-Enterprise-Automation-PowerShell-Python-Portfolio/node_modules/readable-stream/lib/_stream_transform.js:166:10)
    at DerivedLogger.Object.&lt;anonymous&gt;.Transform._write (/home/mookyjooky/Dropbox/GITHUB/06 - COMPLETED TOOLS/TECH-Adobe-Enterprise-Automation-PowerShell-Python-Portfolio/node_modules/readable-stream/lib/_stream_transform.js:155:83)
    at doWrite (/home/mookyjooky/Dropbox/GITHUB/06 - COMPLETED TOOLS/TECH-Adobe-Enterprise-Automation-PowerShell-Python-Portfolio/node_modules/readable-stream/lib/_stream_writable.js:390:139)
    at writeOrBuffer (/home/mookyjooky/Dropbox/GITHUB/06 - COMPLETED TOOLS/TECH-Adobe-Enterprise-Automation-PowerShell-Python-Portfolio/node_modules/readable-stream/lib/_stream_writable.js:381:5)
    at DerivedLogger.Object.&lt;anonymous&gt;.Writable.write (/home/mookyjooky/Dropbox/GITHUB/06 - COMPLETED TOOLS/TECH-Adobe-Enterprise-Automation-PowerShell-Python-Portfolio/node_modules/readable-stream/lib/_stream_writable.js:302:11)
    at DerivedLogger.&lt;computed&gt; [as info] (/home/mookyjooky/Dropbox/GITHUB/06 - COMPLETED TOOLS/TECH-Adobe-Enterprise-Automation-PowerShell-Python-Portfolio/node_modules/winston/lib/winston/create-logger.js:81:14)
    at ServerResponse.info (/home/mookyjooky/Dropbox/GITHUB/06 - COMPLETED TOOLS/TECH-Adobe-Enterprise-Automation-PowerShell-Python-Portfolio/api/server.js:88:16)
    at ServerResponse.emit (node:events:531:35)
    at onFinish (node:_http_outgoing:1082:10)
    at callback (node:internal/streams/writable:766:21)
    at afterWrite (node:internal/streams/writable:710:5)
    at afterWriteTick (node:internal/streams/writable:696:10)
    at processTicksAndRejections (node:internal/process/task_queues:89:21)</failure>
      <failure>Error: write EPIPE
    at afterWriteDispatched (node:internal/stream_base_commons:159:15)
    at writeGeneric (node:internal/stream_base_commons:150:3)
    at Socket._writeGeneric (node:net:966:11)
    at Socket._write (node:net:978:8)
    at writeOrBuffer (node:internal/streams/writable:572:12)
    at _write (node:internal/streams/writable:501:10)
    at Socket.Writable.write (node:internal/streams/writable:510:10)
    at Socket.stream.write (/home/mookyjooky/Dropbox/GITHUB/06 - COMPLETED TOOLS/TECH-Adobe-Enterprise-Automation-PowerShell-Python-Portfolio/node_modules/@jest/reporters/build/VerboseReporter.js:47:7)
    at Console.log (/home/mookyjooky/Dropbox/GITHUB/06 - COMPLETED TOOLS/TECH-Adobe-Enterprise-Automation-PowerShell-Python-Portfolio/node_modules/winston/lib/winston/transports/console.js:87:23)
    at Console._write (/home/mookyjooky/Dropbox/GITHUB/06 - COMPLETED TOOLS/TECH-Adobe-Enterprise-Automation-PowerShell-Python-Portfolio/node_modules/winston-transport/modern.js:103:17)
    at doWrite (/home/mookyjooky/Dropbox/GITHUB/06 - COMPLETED TOOLS/TECH-Adobe-Enterprise-Automation-PowerShell-Python-Portfolio/node_modules/readable-stream/lib/_stream_writable.js:390:139)
    at writeOrBuffer (/home/mookyjooky/Dropbox/GITHUB/06 - COMPLETED TOOLS/TECH-Adobe-Enterprise-Automation-PowerShell-Python-Portfolio/node_modules/readable-stream/lib/_stream_writable.js:381:5)
    at Console.Object.&lt;anonymous&gt;.Writable.write (/home/mookyjooky/Dropbox/GITHUB/06 - COMPLETED TOOLS/TECH-Adobe-Enterprise-Automation-PowerShell-Python-Portfolio/node_modules/readable-stream/lib/_stream_writable.js:302:11)
    at DerivedLogger.ondata (/home/mookyjooky/Dropbox/GITHUB/06 - COMPLETED TOOLS/TECH-Adobe-Enterprise-Automation-PowerShell-Python-Portfolio/node_modules/readable-stream/lib/_stream_readable.js:629:20)
    at DerivedLogger.emit (node:events:531:35)
    at addChunk (/home/mookyjooky/Dropbox/GITHUB/06 - COMPLETED TOOLS/TECH-Adobe-Enterprise-Automation-PowerShell-Python-Portfolio/node_modules/readable-stream/lib/_stream_readable.js:279:12)
    at readableAddChunk (/home/mookyjooky/Dropbox/GITHUB/06 - COMPLETED TOOLS/TECH-Adobe-Enterprise-Automation-PowerShell-Python-Portfolio/node_modules/readable-stream/lib/_stream_readable.js:262:11)
    at DerivedLogger.Object.&lt;anonymous&gt;.Readable.push (/home/mookyjooky/Dropbox/GITHUB/06 - COMPLETED TOOLS/TECH-Adobe-Enterprise-Automation-PowerShell-Python-Portfolio/node_modules/readable-stream/lib/_stream_readable.js:228:10)
    at DerivedLogger.Object.&lt;anonymous&gt;.Transform.push (/home/mookyjooky/Dropbox/GITHUB/06 - COMPLETED TOOLS/TECH-Adobe-Enterprise-Automation-PowerShell-Python-Portfolio/node_modules/readable-stream/lib/_stream_transform.js:132:32)
    at DerivedLogger._transform (/home/mookyjooky/Dropbox/GITHUB/06 - COMPLETED TOOLS/TECH-Adobe-Enterprise-Automation-PowerShell-Python-Portfolio/node_modules/winston/lib/winston/logger.js:314:12)
    at DerivedLogger.Object.&lt;anonymous&gt;.Transform._read (/home/mookyjooky/Dropbox/GITHUB/06 - COMPLETED TOOLS/TECH-Adobe-Enterprise-Automation-PowerShell-Python-Portfolio/node_modules/readable-stream/lib/_stream_transform.js:166:10)
    at DerivedLogger.Object.&lt;anonymous&gt;.Transform._write (/home/mookyjooky/Dropbox/GITHUB/06 - COMPLETED TOOLS/TECH-Adobe-Enterprise-Automation-PowerShell-Python-Portfolio/node_modules/readable-stream/lib/_stream_transform.js:155:83)
    at doWrite (/home/mookyjooky/Dropbox/GITHUB/06 - COMPLETED TOOLS/TECH-Adobe-Enterprise-Automation-PowerShell-Python-Portfolio/node_modules/readable-stream/lib/_stream_writable.js:390:139)
    at writeOrBuffer (/home/mookyjooky/Dropbox/GITHUB/06 - COMPLETED TOOLS/TECH-Adobe-Enterprise-Automation-PowerShell-Python-Portfolio/node_modules/readable-stream/lib/_stream_writable.js:381:5)
    at DerivedLogger.Object.&lt;anonymous&gt;.Writable.write (/home/mookyjooky/Dropbox/GITHUB/06 - COMPLETED TOOLS/TECH-Adobe-Enterprise-Automation-PowerShell-Python-Portfolio/node_modules/readable-stream/lib/_stream_writable.js:302:11)
    at DerivedLogger.&lt;computed&gt; [as info] (/home/mookyjooky/Dropbox/GITHUB/06 - COMPLETED TOOLS/TECH-Adobe-Enterprise-Automation-PowerShell-Python-Portfolio/node_modules/winston/lib/winston/create-logger.js:81:14)
    at ServerResponse.info (/home/mookyjooky/Dropbox/GITHUB/06 - COMPLETED TOOLS/TECH-Adobe-Enterprise-Automation-PowerShell-Python-Portfolio/api/server.js:88:16)
    at ServerResponse.emit (node:events:531:35)
    at onFinish (node:_http_outgoing:1082:10)
    at callback (node:internal/streams/writable:766:21)
    at afterWrite (node:internal/streams/writable:710:5)
    at afterWriteTick (node:internal/streams/writable:696:10)
    at processTicksAndRejections (node:internal/process/task_queues:89:21)</failure>
      <failure>Error: write EPIPE
    at afterWriteDispatched (node:internal/stream_base_commons:159:15)
    at writeGeneric (node:internal/stream_base_commons:150:3)
    at Socket._writeGeneric (node:net:966:11)
    at Socket._write (node:net:978:8)
    at writeOrBuffer (node:internal/streams/writable:572:12)
    at _write (node:internal/streams/writable:501:10)
    at Socket.Writable.write (node:internal/streams/writable:510:10)
    at Socket.stream.write (/home/mookyjooky/Dropbox/GITHUB/06 - COMPLETED TOOLS/TECH-Adobe-Enterprise-Automation-PowerShell-Python-Portfolio/node_modules/@jest/reporters/build/VerboseReporter.js:47:7)
    at Console.log (/home/mookyjooky/Dropbox/GITHUB/06 - COMPLETED TOOLS/TECH-Adobe-Enterprise-Automation-PowerShell-Python-Portfolio/node_modules/winston/lib/winston/transports/console.js:87:23)
    at Console._write (/home/mookyjooky/Dropbox/GITHUB/06 - COMPLETED TOOLS/TECH-Adobe-Enterprise-Automation-PowerShell-Python-Portfolio/node_modules/winston-transport/modern.js:103:17)
    at doWrite (/home/mookyjooky/Dropbox/GITHUB/06 - COMPLETED TOOLS/TECH-Adobe-Enterprise-Automation-PowerShell-Python-Portfolio/node_modules/readable-stream/lib/_stream_writable.js:390:139)
    at writeOrBuffer (/home/mookyjooky/Dropbox/GITHUB/06 - COMPLETED TOOLS/TECH-Adobe-Enterprise-Automation-PowerShell-Python-Portfolio/node_modules/readable-stream/lib/_stream_writable.js:381:5)
    at Console.Object.&lt;anonymous&gt;.Writable.write (/home/mookyjooky/Dropbox/GITHUB/06 - COMPLETED TOOLS/TECH-Adobe-Enterprise-Automation-PowerShell-Python-Portfolio/node_modules/readable-stream/lib/_stream_writable.js:302:11)
    at DerivedLogger.ondata (/home/mookyjooky/Dropbox/GITHUB/06 - COMPLETED TOOLS/TECH-Adobe-Enterprise-Automation-PowerShell-Python-Portfolio/node_modules/readable-stream/lib/_stream_readable.js:629:20)
    at DerivedLogger.emit (node:events:531:35)
    at addChunk (/home/mookyjooky/Dropbox/GITHUB/06 - COMPLETED TOOLS/TECH-Adobe-Enterprise-Automation-PowerShell-Python-Portfolio/node_modules/readable-stream/lib/_stream_readable.js:279:12)
    at readableAddChunk (/home/mookyjooky/Dropbox/GITHUB/06 - COMPLETED TOOLS/TECH-Adobe-Enterprise-Automation-PowerShell-Python-Portfolio/node_modules/readable-stream/lib/_stream_readable.js:262:11)
    at DerivedLogger.Object.&lt;anonymous&gt;.Readable.push (/home/mookyjooky/Dropbox/GITHUB/06 - COMPLETED TOOLS/TECH-Adobe-Enterprise-Automation-PowerShell-Python-Portfolio/node_modules/readable-stream/lib/_stream_readable.js:228:10)
    at DerivedLogger.Object.&lt;anonymous&gt;.Transform.push (/home/mookyjooky/Dropbox/GITHUB/06 - COMPLETED TOOLS/TECH-Adobe-Enterprise-Automation-PowerShell-Python-Portfolio/node_modules/readable-stream/lib/_stream_transform.js:132:32)
    at DerivedLogger._transform (/home/mookyjooky/Dropbox/GITHUB/06 - COMPLETED TOOLS/TECH-Adobe-Enterprise-Automation-PowerShell-Python-Portfolio/node_modules/winston/lib/winston/logger.js:314:12)
    at DerivedLogger.Object.&lt;anonymous&gt;.Transform._read (/home/mookyjooky/Dropbox/GITHUB/06 - COMPLETED TOOLS/TECH-Adobe-Enterprise-Automation-PowerShell-Python-Portfolio/node_modules/readable-stream/lib/_stream_transform.js:166:10)
    at DerivedLogger.Object.&lt;anonymous&gt;.Transform._write (/home/mookyjooky/Dropbox/GITHUB/06 - COMPLETED TOOLS/TECH-Adobe-Enterprise-Automation-PowerShell-Python-Portfolio/node_modules/readable-stream/lib/_stream_transform.js:155:83)
    at doWrite (/home/mookyjooky/Dropbox/GITHUB/06 - COMPLETED TOOLS/TECH-Adobe-Enterprise-Automation-PowerShell-Python-Portfolio/node_modules/readable-stream/lib/_stream_writable.js:390:139)
    at writeOrBuffer (/home/mookyjooky/Dropbox/GITHUB/06 - COMPLETED TOOLS/TECH-Adobe-Enterprise-Automation-PowerShell-Python-Portfolio/node_modules/readable-stream/lib/_stream_writable.js:381:5)
    at DerivedLogger.Object.&lt;anonymous&gt;.Writable.write (/home/mookyjooky/Dropbox/GITHUB/06 - COMPLETED TOOLS/TECH-Adobe-Enterprise-Automation-PowerShell-Python-Portfolio/node_modules/readable-stream/lib/_stream_writable.js:302:11)
    at DerivedLogger.&lt;computed&gt; [as info] (/home/mookyjooky/Dropbox/GITHUB/06 - COMPLETED TOOLS/TECH-Adobe-Enterprise-Automation-PowerShell-Python-Portfolio/node_modules/winston/lib/winston/create-logger.js:81:14)
    at ServerResponse.info (/home/mookyjooky/Dropbox/GITHUB/06 - COMPLETED TOOLS/TECH-Adobe-Enterprise-Automation-PowerShell-Python-Portfolio/api/server.js:88:16)
    at ServerResponse.emit (node:events:531:35)
    at onFinish (node:_http_outgoing:1082:10)
    at callback (node:internal/streams/writable:766:21)
    at afterWrite (node:internal/streams/writable:710:5)
    at afterWriteTick (node:internal/streams/writable:696:10)
    at processTicksAndRejections (node:internal/process/task_queues:89:21)</failure>
      <failure>Error: write EPIPE
    at afterWriteDispatched (node:internal/stream_base_commons:159:15)
    at writeGeneric (node:internal/stream_base_commons:150:3)
    at Socket._writeGeneric (node:net:966:11)
    at Socket._write (node:net:978:8)
    at writeOrBuffer (node:internal/streams/writable:572:12)
    at _write (node:internal/streams/writable:501:10)
    at Socket.Writable.write (node:internal/streams/writable:510:10)
    at Socket.stream.write (/home/mookyjooky/Dropbox/GITHUB/06 - COMPLETED TOOLS/TECH-Adobe-Enterprise-Automation-PowerShell-Python-Portfolio/node_modules/@jest/reporters/build/VerboseReporter.js:47:7)
    at Console.log (/home/mookyjooky/Dropbox/GITHUB/06 - COMPLETED TOOLS/TECH-Adobe-Enterprise-Automation-PowerShell-Python-Portfolio/node_modules/winston/lib/winston/transports/console.js:87:23)
    at Console._write (/home/mookyjooky/Dropbox/GITHUB/06 - COMPLETED TOOLS/TECH-Adobe-Enterprise-Automation-PowerShell-Python-Portfolio/node_modules/winston-transport/modern.js:103:17)
    at doWrite (/home/mookyjooky/Dropbox/GITHUB/06 - COMPLETED TOOLS/TECH-Adobe-Enterprise-Automation-PowerShell-Python-Portfolio/node_modules/readable-stream/lib/_stream_writable.js:390:139)
    at writeOrBuffer (/home/mookyjooky/Dropbox/GITHUB/06 - COMPLETED TOOLS/TECH-Adobe-Enterprise-Automation-PowerShell-Python-Portfolio/node_modules/readable-stream/lib/_stream_writable.js:381:5)
    at Console.Object.&lt;anonymous&gt;.Writable.write (/home/mookyjooky/Dropbox/GITHUB/06 - COMPLETED TOOLS/TECH-Adobe-Enterprise-Automation-PowerShell-Python-Portfolio/node_modules/readable-stream/lib/_stream_writable.js:302:11)
    at DerivedLogger.ondata (/home/mookyjooky/Dropbox/GITHUB/06 - COMPLETED TOOLS/TECH-Adobe-Enterprise-Automation-PowerShell-Python-Portfolio/node_modules/readable-stream/lib/_stream_readable.js:629:20)
    at DerivedLogger.emit (node:events:531:35)
    at addChunk (/home/mookyjooky/Dropbox/GITHUB/06 - COMPLETED TOOLS/TECH-Adobe-Enterprise-Automation-PowerShell-Python-Portfolio/node_modules/readable-stream/lib/_stream_readable.js:279:12)
    at readableAddChunk (/home/mookyjooky/Dropbox/GITHUB/06 - COMPLETED TOOLS/TECH-Adobe-Enterprise-Automation-PowerShell-Python-Portfolio/node_modules/readable-stream/lib/_stream_readable.js:262:11)
    at DerivedLogger.Object.&lt;anonymous&gt;.Readable.push (/home/mookyjooky/Dropbox/GITHUB/06 - COMPLETED TOOLS/TECH-Adobe-Enterprise-Automation-PowerShell-Python-Portfolio/node_modules/readable-stream/lib/_stream_readable.js:228:10)
    at DerivedLogger.Object.&lt;anonymous&gt;.Transform.push (/home/mookyjooky/Dropbox/GITHUB/06 - COMPLETED TOOLS/TECH-Adobe-Enterprise-Automation-PowerShell-Python-Portfolio/node_modules/readable-stream/lib/_stream_transform.js:132:32)
    at DerivedLogger._transform (/home/mookyjooky/Dropbox/GITHUB/06 - COMPLETED TOOLS/TECH-Adobe-Enterprise-Automation-PowerShell-Python-Portfolio/node_modules/winston/lib/winston/logger.js:314:12)
    at DerivedLogger.Object.&lt;anonymous&gt;.Transform._read (/home/mookyjooky/Dropbox/GITHUB/06 - COMPLETED TOOLS/TECH-Adobe-Enterprise-Automation-PowerShell-Python-Portfolio/node_modules/readable-stream/lib/_stream_transform.js:166:10)
    at DerivedLogger.Object.&lt;anonymous&gt;.Transform._write (/home/mookyjooky/Dropbox/GITHUB/06 - COMPLETED TOOLS/TECH-Adobe-Enterprise-Automation-PowerShell-Python-Portfolio/node_modules/readable-stream/lib/_stream_transform.js:155:83)
    at doWrite (/home/mookyjooky/Dropbox/GITHUB/06 - COMPLETED TOOLS/TECH-Adobe-Enterprise-Automation-PowerShell-Python-Portfolio/node_modules/readable-stream/lib/_stream_writable.js:390:139)
    at writeOrBuffer (/home/mookyjooky/Dropbox/GITHUB/06 - COMPLETED TOOLS/TECH-Adobe-Enterprise-Automation-PowerShell-Python-Portfolio/node_modules/readable-stream/lib/_stream_writable.js:381:5)
    at DerivedLogger.Object.&lt;anonymous&gt;.Writable.write (/home/mookyjooky/Dropbox/GITHUB/06 - COMPLETED TOOLS/TECH-Adobe-Enterprise-Automation-PowerShell-Python-Portfolio/node_modules/readable-stream/lib/_stream_writable.js:302:11)
    at DerivedLogger.&lt;computed&gt; [as info] (/home/mookyjooky/Dropbox/GITHUB/06 - COMPLETED TOOLS/TECH-Adobe-Enterprise-Automation-PowerShell-Python-Portfolio/node_modules/winston/lib/winston/create-logger.js:81:14)
    at ServerResponse.info (/home/mookyjooky/Dropbox/GITHUB/06 - COMPLETED TOOLS/TECH-Adobe-Enterprise-Automation-PowerShell-Python-Portfolio/api/server.js:88:16)
    at ServerResponse.emit (node:events:531:35)
    at onFinish (node:_http_outgoing:1082:10)
    at callback (node:internal/streams/writable:766:21)
    at afterWrite (node:internal/streams/writable:710:5)
    at afterWriteTick (node:internal/streams/writable:696:10)
    at processTicksAndRejections (node:internal/process/task_queues:89:21)</failure>
      <failure>Error: write EPIPE
    at afterWriteDispatched (node:internal/stream_base_commons:159:15)
    at writeGeneric (node:internal/stream_base_commons:150:3)
    at Socket._writeGeneric (node:net:966:11)
    at Socket._write (node:net:978:8)
    at writeOrBuffer (node:internal/streams/writable:572:12)
    at _write (node:internal/streams/writable:501:10)
    at Socket.Writable.write (node:internal/streams/writable:510:10)
    at Socket.stream.write (/home/mookyjooky/Dropbox/GITHUB/06 - COMPLETED TOOLS/TECH-Adobe-Enterprise-Automation-PowerShell-Python-Portfolio/node_modules/@jest/reporters/build/VerboseReporter.js:47:7)
    at Console.log (/home/mookyjooky/Dropbox/GITHUB/06 - COMPLETED TOOLS/TECH-Adobe-Enterprise-Automation-PowerShell-Python-Portfolio/node_modules/winston/lib/winston/transports/console.js:87:23)
    at Console._write (/home/mookyjooky/Dropbox/GITHUB/06 - COMPLETED TOOLS/TECH-Adobe-Enterprise-Automation-PowerShell-Python-Portfolio/node_modules/winston-transport/modern.js:103:17)
    at doWrite (/home/mookyjooky/Dropbox/GITHUB/06 - COMPLETED TOOLS/TECH-Adobe-Enterprise-Automation-PowerShell-Python-Portfolio/node_modules/readable-stream/lib/_stream_writable.js:390:139)
    at writeOrBuffer (/home/mookyjooky/Dropbox/GITHUB/06 - COMPLETED TOOLS/TECH-Adobe-Enterprise-Automation-PowerShell-Python-Portfolio/node_modules/readable-stream/lib/_stream_writable.js:381:5)
    at Console.Object.&lt;anonymous&gt;.Writable.write (/home/mookyjooky/Dropbox/GITHUB/06 - COMPLETED TOOLS/TECH-Adobe-Enterprise-Automation-PowerShell-Python-Portfolio/node_modules/readable-stream/lib/_stream_writable.js:302:11)
    at DerivedLogger.ondata (/home/mookyjooky/Dropbox/GITHUB/06 - COMPLETED TOOLS/TECH-Adobe-Enterprise-Automation-PowerShell-Python-Portfolio/node_modules/readable-stream/lib/_stream_readable.js:629:20)
    at DerivedLogger.emit (node:events:531:35)
    at addChunk (/home/mookyjooky/Dropbox/GITHUB/06 - COMPLETED TOOLS/TECH-Adobe-Enterprise-Automation-PowerShell-Python-Portfolio/node_modules/readable-stream/lib/_stream_readable.js:279:12)
    at readableAddChunk (/home/mookyjooky/Dropbox/GITHUB/06 - COMPLETED TOOLS/TECH-Adobe-Enterprise-Automation-PowerShell-Python-Portfolio/node_modules/readable-stream/lib/_stream_readable.js:262:11)
    at DerivedLogger.Object.&lt;anonymous&gt;.Readable.push (/home/mookyjooky/Dropbox/GITHUB/06 - COMPLETED TOOLS/TECH-Adobe-Enterprise-Automation-PowerShell-Python-Portfolio/node_modules/readable-stream/lib/_stream_readable.js:228:10)
    at DerivedLogger.Object.&lt;anonymous&gt;.Transform.push (/home/mookyjooky/Dropbox/GITHUB/06 - COMPLETED TOOLS/TECH-Adobe-Enterprise-Automation-PowerShell-Python-Portfolio/node_modules/readable-stream/lib/_stream_transform.js:132:32)
    at DerivedLogger._transform (/home/mookyjooky/Dropbox/GITHUB/06 - COMPLETED TOOLS/TECH-Adobe-Enterprise-Automation-PowerShell-Python-Portfolio/node_modules/winston/lib/winston/logger.js:314:12)
    at DerivedLogger.Object.&lt;anonymous&gt;.Transform._read (/home/mookyjooky/Dropbox/GITHUB/06 - COMPLETED TOOLS/TECH-Adobe-Enterprise-Automation-PowerShell-Python-Portfolio/node_modules/readable-stream/lib/_stream_transform.js:166:10)
    at DerivedLogger.Object.&lt;anonymous&gt;.Transform._write (/home/mookyjooky/Dropbox/GITHUB/06 - COMPLETED TOOLS/TECH-Adobe-Enterprise-Automation-PowerShell-Python-Portfolio/node_modules/readable-stream/lib/_stream_transform.js:155:83)
    at doWrite (/home/mookyjooky/Dropbox/GITHUB/06 - COMPLETED TOOLS/TECH-Adobe-Enterprise-Automation-PowerShell-Python-Portfolio/node_modules/readable-stream/lib/_stream_writable.js:390:139)
    at writeOrBuffer (/home/mookyjooky/Dropbox/GITHUB/06 - COMPLETED TOOLS/TECH-Adobe-Enterprise-Automation-PowerShell-Python-Portfolio/node_modules/readable-stream/lib/_stream_writable.js:381:5)
    at DerivedLogger.Object.&lt;anonymous&gt;.Writable.write (/home/mookyjooky/Dropbox/GITHUB/06 - COMPLETED TOOLS/TECH-Adobe-Enterprise-Automation-PowerShell-Python-Portfolio/node_modules/readable-stream/lib/_stream_writable.js:302:11)
    at DerivedLogger.&lt;computed&gt; [as info] (/home/mookyjooky/Dropbox/GITHUB/06 - COMPLETED TOOLS/TECH-Adobe-Enterprise-Automation-PowerShell-Python-Portfolio/node_modules/winston/lib/winston/create-logger.js:81:14)
    at ServerResponse.info (/home/mookyjooky/Dropbox/GITHUB/06 - COMPLETED TOOLS/TECH-Adobe-Enterprise-Automation-PowerShell-Python-Portfolio/api/server.js:88:16)
    at ServerResponse.emit (node:events:531:35)
    at onFinish (node:_http_outgoing:1082:10)
    at callback (node:internal/streams/writable:766:21)
    at afterWrite (node:internal/streams/writable:710:5)
    at afterWriteTick (node:internal/streams/writable:696:10)
    at processTicksAndRejections (node:internal/process/task_queues:89:21)</failure>
      <failure>Error: write EPIPE
    at afterWriteDispatched (node:internal/stream_base_commons:159:15)
    at writeGeneric (node:internal/stream_base_commons:150:3)
    at Socket._writeGeneric (node:net:966:11)
    at Socket._write (node:net:978:8)
    at writeOrBuffer (node:internal/streams/writable:572:12)
    at _write (node:internal/streams/writable:501:10)
    at Socket.Writable.write (node:internal/streams/writable:510:10)
    at Socket.stream.write (/home/mookyjooky/Dropbox/GITHUB/06 - COMPLETED TOOLS/TECH-Adobe-Enterprise-Automation-PowerShell-Python-Portfolio/node_modules/@jest/reporters/build/VerboseReporter.js:47:7)
    at Console.log (/home/mookyjooky/Dropbox/GITHUB/06 - COMPLETED TOOLS/TECH-Adobe-Enterprise-Automation-PowerShell-Python-Portfolio/node_modules/winston/lib/winston/transports/console.js:87:23)
    at Console._write (/home/mookyjooky/Dropbox/GITHUB/06 - COMPLETED TOOLS/TECH-Adobe-Enterprise-Automation-PowerShell-Python-Portfolio/node_modules/winston-transport/modern.js:103:17)
    at doWrite (/home/mookyjooky/Dropbox/GITHUB/06 - COMPLETED TOOLS/TECH-Adobe-Enterprise-Automation-PowerShell-Python-Portfolio/node_modules/readable-stream/lib/_stream_writable.js:390:139)
    at writeOrBuffer (/home/mookyjooky/Dropbox/GITHUB/06 - COMPLETED TOOLS/TECH-Adobe-Enterprise-Automation-PowerShell-Python-Portfolio/node_modules/readable-stream/lib/_stream_writable.js:381:5)
    at Console.Object.&lt;anonymous&gt;.Writable.write (/home/mookyjooky/Dropbox/GITHUB/06 - COMPLETED TOOLS/TECH-Adobe-Enterprise-Automation-PowerShell-Python-Portfolio/node_modules/readable-stream/lib/_stream_writable.js:302:11)
    at DerivedLogger.ondata (/home/mookyjooky/Dropbox/GITHUB/06 - COMPLETED TOOLS/TECH-Adobe-Enterprise-Automation-PowerShell-Python-Portfolio/node_modules/readable-stream/lib/_stream_readable.js:629:20)
    at DerivedLogger.emit (node:events:531:35)
    at addChunk (/home/mookyjooky/Dropbox/GITHUB/06 - COMPLETED TOOLS/TECH-Adobe-Enterprise-Automation-PowerShell-Python-Portfolio/node_modules/readable-stream/lib/_stream_readable.js:279:12)
    at readableAddChunk (/home/mookyjooky/Dropbox/GITHUB/06 - COMPLETED TOOLS/TECH-Adobe-Enterprise-Automation-PowerShell-Python-Portfolio/node_modules/readable-stream/lib/_stream_readable.js:262:11)
    at DerivedLogger.Object.&lt;anonymous&gt;.Readable.push (/home/mookyjooky/Dropbox/GITHUB/06 - COMPLETED TOOLS/TECH-Adobe-Enterprise-Automation-PowerShell-Python-Portfolio/node_modules/readable-stream/lib/_stream_readable.js:228:10)
    at DerivedLogger.Object.&lt;anonymous&gt;.Transform.push (/home/mookyjooky/Dropbox/GITHUB/06 - COMPLETED TOOLS/TECH-Adobe-Enterprise-Automation-PowerShell-Python-Portfolio/node_modules/readable-stream/lib/_stream_transform.js:132:32)
    at DerivedLogger._transform (/home/mookyjooky/Dropbox/GITHUB/06 - COMPLETED TOOLS/TECH-Adobe-Enterprise-Automation-PowerShell-Python-Portfolio/node_modules/winston/lib/winston/logger.js:314:12)
    at DerivedLogger.Object.&lt;anonymous&gt;.Transform._read (/home/mookyjooky/Dropbox/GITHUB/06 - COMPLETED TOOLS/TECH-Adobe-Enterprise-Automation-PowerShell-Python-Portfolio/node_modules/readable-stream/lib/_stream_transform.js:166:10)
    at DerivedLogger.Object.&lt;anonymous&gt;.Transform._write (/home/mookyjooky/Dropbox/GITHUB/06 - COMPLETED TOOLS/TECH-Adobe-Enterprise-Automation-PowerShell-Python-Portfolio/node_modules/readable-stream/lib/_stream_transform.js:155:83)
    at doWrite (/home/mookyjooky/Dropbox/GITHUB/06 - COMPLETED TOOLS/TECH-Adobe-Enterprise-Automation-PowerShell-Python-Portfolio/node_modules/readable-stream/lib/_stream_writable.js:390:139)
    at writeOrBuffer (/home/mookyjooky/Dropbox/GITHUB/06 - COMPLETED TOOLS/TECH-Adobe-Enterprise-Automation-PowerShell-Python-Portfolio/node_modules/readable-stream/lib/_stream_writable.js:381:5)
    at DerivedLogger.Object.&lt;anonymous&gt;.Writable.write (/home/mookyjooky/Dropbox/GITHUB/06 - COMPLETED TOOLS/TECH-Adobe-Enterprise-Automation-PowerShell-Python-Portfolio/node_modules/readable-stream/lib/_stream_writable.js:302:11)
    at DerivedLogger.&lt;computed&gt; [as info] (/home/mookyjooky/Dropbox/GITHUB/06 - COMPLETED TOOLS/TECH-Adobe-Enterprise-Automation-PowerShell-Python-Portfolio/node_modules/winston/lib/winston/create-logger.js:81:14)
    at ServerResponse.info (/home/mookyjooky/Dropbox/GITHUB/06 - COMPLETED TOOLS/TECH-Adobe-Enterprise-Automation-PowerShell-Python-Portfolio/api/server.js:88:16)
    at ServerResponse.emit (node:events:531:35)
    at onFinish (node:_http_outgoing:1082:10)
    at callback (node:internal/streams/writable:766:21)
    at afterWrite (node:internal/streams/writable:710:5)
    at afterWriteTick (node:internal/streams/writable:696:10)
    at processTicksAndRejections (node:internal/process/task_queues:89:21)</failure>
      <failure>Error: write EPIPE
    at afterWriteDispatched (node:internal/stream_base_commons:159:15)
    at writeGeneric (node:internal/stream_base_commons:150:3)
    at Socket._writeGeneric (node:net:966:11)
    at Socket._write (node:net:978:8)
    at writeOrBuffer (node:internal/streams/writable:572:12)
    at _write (node:internal/streams/writable:501:10)
    at Socket.Writable.write (node:internal/streams/writable:510:10)
    at Socket.stream.write (/home/mookyjooky/Dropbox/GITHUB/06 - COMPLETED TOOLS/TECH-Adobe-Enterprise-Automation-PowerShell-Python-Portfolio/node_modules/@jest/reporters/build/VerboseReporter.js:47:7)
    at Console.log (/home/mookyjooky/Dropbox/GITHUB/06 - COMPLETED TOOLS/TECH-Adobe-Enterprise-Automation-PowerShell-Python-Portfolio/node_modules/winston/lib/winston/transports/console.js:87:23)
    at Console._write (/home/mookyjooky/Dropbox/GITHUB/06 - COMPLETED TOOLS/TECH-Adobe-Enterprise-Automation-PowerShell-Python-Portfolio/node_modules/winston-transport/modern.js:103:17)
    at doWrite (/home/mookyjooky/Dropbox/GITHUB/06 - COMPLETED TOOLS/TECH-Adobe-Enterprise-Automation-PowerShell-Python-Portfolio/node_modules/readable-stream/lib/_stream_writable.js:390:139)
    at writeOrBuffer (/home/mookyjooky/Dropbox/GITHUB/06 - COMPLETED TOOLS/TECH-Adobe-Enterprise-Automation-PowerShell-Python-Portfolio/node_modules/readable-stream/lib/_stream_writable.js:381:5)
    at Console.Object.&lt;anonymous&gt;.Writable.write (/home/mookyjooky/Dropbox/GITHUB/06 - COMPLETED TOOLS/TECH-Adobe-Enterprise-Automation-PowerShell-Python-Portfolio/node_modules/readable-stream/lib/_stream_writable.js:302:11)
    at DerivedLogger.ondata (/home/mookyjooky/Dropbox/GITHUB/06 - COMPLETED TOOLS/TECH-Adobe-Enterprise-Automation-PowerShell-Python-Portfolio/node_modules/readable-stream/lib/_stream_readable.js:629:20)
    at DerivedLogger.emit (node:events:531:35)
    at addChunk (/home/mookyjooky/Dropbox/GITHUB/06 - COMPLETED TOOLS/TECH-Adobe-Enterprise-Automation-PowerShell-Python-Portfolio/node_modules/readable-stream/lib/_stream_readable.js:279:12)
    at readableAddChunk (/home/mookyjooky/Dropbox/GITHUB/06 - COMPLETED TOOLS/TECH-Adobe-Enterprise-Automation-PowerShell-Python-Portfolio/node_modules/readable-stream/lib/_stream_readable.js:262:11)
    at DerivedLogger.Object.&lt;anonymous&gt;.Readable.push (/home/mookyjooky/Dropbox/GITHUB/06 - COMPLETED TOOLS/TECH-Adobe-Enterprise-Automation-PowerShell-Python-Portfolio/node_modules/readable-stream/lib/_stream_readable.js:228:10)
    at DerivedLogger.Object.&lt;anonymous&gt;.Transform.push (/home/mookyjooky/Dropbox/GITHUB/06 - COMPLETED TOOLS/TECH-Adobe-Enterprise-Automation-PowerShell-Python-Portfolio/node_modules/readable-stream/lib/_stream_transform.js:132:32)
    at DerivedLogger._transform (/home/mookyjooky/Dropbox/GITHUB/06 - COMPLETED TOOLS/TECH-Adobe-Enterprise-Automation-PowerShell-Python-Portfolio/node_modules/winston/lib/winston/logger.js:314:12)
    at DerivedLogger.Object.&lt;anonymous&gt;.Transform._read (/home/mookyjooky/Dropbox/GITHUB/06 - COMPLETED TOOLS/TECH-Adobe-Enterprise-Automation-PowerShell-Python-Portfolio/node_modules/readable-stream/lib/_stream_transform.js:166:10)
    at DerivedLogger.Object.&lt;anonymous&gt;.Transform._write (/home/mookyjooky/Dropbox/GITHUB/06 - COMPLETED TOOLS/TECH-Adobe-Enterprise-Automation-PowerShell-Python-Portfolio/node_modules/readable-stream/lib/_stream_transform.js:155:83)
    at doWrite (/home/mookyjooky/Dropbox/GITHUB/06 - COMPLETED TOOLS/TECH-Adobe-Enterprise-Automation-PowerShell-Python-Portfolio/node_modules/readable-stream/lib/_stream_writable.js:390:139)
    at writeOrBuffer (/home/mookyjooky/Dropbox/GITHUB/06 - COMPLETED TOOLS/TECH-Adobe-Enterprise-Automation-PowerShell-Python-Portfolio/node_modules/readable-stream/lib/_stream_writable.js:381:5)
    at DerivedLogger.Object.&lt;anonymous&gt;.Writable.write (/home/mookyjooky/Dropbox/GITHUB/06 - COMPLETED TOOLS/TECH-Adobe-Enterprise-Automation-PowerShell-Python-Portfolio/node_modules/readable-stream/lib/_stream_writable.js:302:11)
    at DerivedLogger.&lt;computed&gt; [as info] (/home/mookyjooky/Dropbox/GITHUB/06 - COMPLETED TOOLS/TECH-Adobe-Enterprise-Automation-PowerShell-Python-Portfolio/node_modules/winston/lib/winston/create-logger.js:81:14)
    at ServerResponse.info (/home/mookyjooky/Dropbox/GITHUB/06 - COMPLETED TOOLS/TECH-Adobe-Enterprise-Automation-PowerShell-Python-Portfolio/api/server.js:88:16)
    at ServerResponse.emit (node:events:531:35)
    at onFinish (node:_http_outgoing:1082:10)
    at callback (node:internal/streams/writable:766:21)
    at afterWrite (node:internal/streams/writable:710:5)
    at afterWriteTick (node:internal/streams/writable:696:10)
    at processTicksAndRejections (node:internal/process/task_queues:89:21)</failure>
      <failure>Error: write EPIPE
    at afterWriteDispatched (node:internal/stream_base_commons:159:15)
    at writeGeneric (node:internal/stream_base_commons:150:3)
    at Socket._writeGeneric (node:net:966:11)
    at Socket._write (node:net:978:8)
    at writeOrBuffer (node:internal/streams/writable:572:12)
    at _write (node:internal/streams/writable:501:10)
    at Socket.Writable.write (node:internal/streams/writable:510:10)
    at Socket.stream.write (/home/mookyjooky/Dropbox/GITHUB/06 - COMPLETED TOOLS/TECH-Adobe-Enterprise-Automation-PowerShell-Python-Portfolio/node_modules/@jest/reporters/build/VerboseReporter.js:47:7)
    at Console.log (/home/mookyjooky/Dropbox/GITHUB/06 - COMPLETED TOOLS/TECH-Adobe-Enterprise-Automation-PowerShell-Python-Portfolio/node_modules/winston/lib/winston/transports/console.js:87:23)
    at Console._write (/home/mookyjooky/Dropbox/GITHUB/06 - COMPLETED TOOLS/TECH-Adobe-Enterprise-Automation-PowerShell-Python-Portfolio/node_modules/winston-transport/modern.js:103:17)
    at doWrite (/home/mookyjooky/Dropbox/GITHUB/06 - COMPLETED TOOLS/TECH-Adobe-Enterprise-Automation-PowerShell-Python-Portfolio/node_modules/readable-stream/lib/_stream_writable.js:390:139)
    at writeOrBuffer (/home/mookyjooky/Dropbox/GITHUB/06 - COMPLETED TOOLS/TECH-Adobe-Enterprise-Automation-PowerShell-Python-Portfolio/node_modules/readable-stream/lib/_stream_writable.js:381:5)
    at Console.Object.&lt;anonymous&gt;.Writable.write (/home/mookyjooky/Dropbox/GITHUB/06 - COMPLETED TOOLS/TECH-Adobe-Enterprise-Automation-PowerShell-Python-Portfolio/node_modules/readable-stream/lib/_stream_writable.js:302:11)
    at DerivedLogger.ondata (/home/mookyjooky/Dropbox/GITHUB/06 - COMPLETED TOOLS/TECH-Adobe-Enterprise-Automation-PowerShell-Python-Portfolio/node_modules/readable-stream/lib/_stream_readable.js:629:20)
    at DerivedLogger.emit (node:events:531:35)
    at addChunk (/home/mookyjooky/Dropbox/GITHUB/06 - COMPLETED TOOLS/TECH-Adobe-Enterprise-Automation-PowerShell-Python-Portfolio/node_modules/readable-stream/lib/_stream_readable.js:279:12)
    at readableAddChunk (/home/mookyjooky/Dropbox/GITHUB/06 - COMPLETED TOOLS/TECH-Adobe-Enterprise-Automation-PowerShell-Python-Portfolio/node_modules/readable-stream/lib/_stream_readable.js:262:11)
    at DerivedLogger.Object.&lt;anonymous&gt;.Readable.push (/home/mookyjooky/Dropbox/GITHUB/06 - COMPLETED TOOLS/TECH-Adobe-Enterprise-Automation-PowerShell-Python-Portfolio/node_modules/readable-stream/lib/_stream_readable.js:228:10)
    at DerivedLogger.Object.&lt;anonymous&gt;.Transform.push (/home/mookyjooky/Dropbox/GITHUB/06 - COMPLETED TOOLS/TECH-Adobe-Enterprise-Automation-PowerShell-Python-Portfolio/node_modules/readable-stream/lib/_stream_transform.js:132:32)
    at DerivedLogger._transform (/home/mookyjooky/Dropbox/GITHUB/06 - COMPLETED TOOLS/TECH-Adobe-Enterprise-Automation-PowerShell-Python-Portfolio/node_modules/winston/lib/winston/logger.js:314:12)
    at DerivedLogger.Object.&lt;anonymous&gt;.Transform._read (/home/mookyjooky/Dropbox/GITHUB/06 - COMPLETED TOOLS/TECH-Adobe-Enterprise-Automation-PowerShell-Python-Portfolio/node_modules/readable-stream/lib/_stream_transform.js:166:10)
    at DerivedLogger.Object.&lt;anonymous&gt;.Transform._write (/home/mookyjooky/Dropbox/GITHUB/06 - COMPLETED TOOLS/TECH-Adobe-Enterprise-Automation-PowerShell-Python-Portfolio/node_modules/readable-stream/lib/_stream_transform.js:155:83)
    at doWrite (/home/mookyjooky/Dropbox/GITHUB/06 - COMPLETED TOOLS/TECH-Adobe-Enterprise-Automation-PowerShell-Python-Portfolio/node_modules/readable-stream/lib/_stream_writable.js:390:139)
    at writeOrBuffer (/home/mookyjooky/Dropbox/GITHUB/06 - COMPLETED TOOLS/TECH-Adobe-Enterprise-Automation-PowerShell-Python-Portfolio/node_modules/readable-stream/lib/_stream_writable.js:381:5)
    at DerivedLogger.Object.&lt;anonymous&gt;.Writable.write (/home/mookyjooky/Dropbox/GITHUB/06 - COMPLETED TOOLS/TECH-Adobe-Enterprise-Automation-PowerShell-Python-Portfolio/node_modules/readable-stream/lib/_stream_writable.js:302:11)
    at DerivedLogger.&lt;computed&gt; [as info] (/home/mookyjooky/Dropbox/GITHUB/06 - COMPLETED TOOLS/TECH-Adobe-Enterprise-Automation-PowerShell-Python-Portfolio/node_modules/winston/lib/winston/create-logger.js:81:14)
    at ServerResponse.info (/home/mookyjooky/Dropbox/GITHUB/06 - COMPLETED TOOLS/TECH-Adobe-Enterprise-Automation-PowerShell-Python-Portfolio/api/server.js:88:16)
    at ServerResponse.emit (node:events:531:35)
    at onFinish (node:_http_outgoing:1082:10)
    at callback (node:internal/streams/writable:766:21)
    at afterWrite (node:internal/streams/writable:710:5)
    at afterWriteTick (node:internal/streams/writable:696:10)
    at processTicksAndRejections (node:internal/process/task_queues:89:21)</failure>
      <failure>Error: write EPIPE
    at afterWriteDispatched (node:internal/stream_base_commons:159:15)
    at writeGeneric (node:internal/stream_base_commons:150:3)
    at Socket._writeGeneric (node:net:966:11)
    at Socket._write (node:net:978:8)
    at writeOrBuffer (node:internal/streams/writable:572:12)
    at _write (node:internal/streams/writable:501:10)
    at Socket.Writable.write (node:internal/streams/writable:510:10)
    at Socket.stream.write (/home/mookyjooky/Dropbox/GITHUB/06 - COMPLETED TOOLS/TECH-Adobe-Enterprise-Automation-PowerShell-Python-Portfolio/node_modules/@jest/reporters/build/VerboseReporter.js:47:7)
    at Console.log (/home/mookyjooky/Dropbox/GITHUB/06 - COMPLETED TOOLS/TECH-Adobe-Enterprise-Automation-PowerShell-Python-Portfolio/node_modules/winston/lib/winston/transports/console.js:87:23)
    at Console._write (/home/mookyjooky/Dropbox/GITHUB/06 - COMPLETED TOOLS/TECH-Adobe-Enterprise-Automation-PowerShell-Python-Portfolio/node_modules/winston-transport/modern.js:103:17)
    at doWrite (/home/mookyjooky/Dropbox/GITHUB/06 - COMPLETED TOOLS/TECH-Adobe-Enterprise-Automation-PowerShell-Python-Portfolio/node_modules/readable-stream/lib/_stream_writable.js:390:139)
    at writeOrBuffer (/home/mookyjooky/Dropbox/GITHUB/06 - COMPLETED TOOLS/TECH-Adobe-Enterprise-Automation-PowerShell-Python-Portfolio/node_modules/readable-stream/lib/_stream_writable.js:381:5)
    at Console.Object.&lt;anonymous&gt;.Writable.write (/home/mookyjooky/Dropbox/GITHUB/06 - COMPLETED TOOLS/TECH-Adobe-Enterprise-Automation-PowerShell-Python-Portfolio/node_modules/readable-stream/lib/_stream_writable.js:302:11)
    at DerivedLogger.ondata (/home/mookyjooky/Dropbox/GITHUB/06 - COMPLETED TOOLS/TECH-Adobe-Enterprise-Automation-PowerShell-Python-Portfolio/node_modules/readable-stream/lib/_stream_readable.js:629:20)
    at DerivedLogger.emit (node:events:531:35)
    at addChunk (/home/mookyjooky/Dropbox/GITHUB/06 - COMPLETED TOOLS/TECH-Adobe-Enterprise-Automation-PowerShell-Python-Portfolio/node_modules/readable-stream/lib/_stream_readable.js:279:12)
    at readableAddChunk (/home/mookyjooky/Dropbox/GITHUB/06 - COMPLETED TOOLS/TECH-Adobe-Enterprise-Automation-PowerShell-Python-Portfolio/node_modules/readable-stream/lib/_stream_readable.js:262:11)
    at DerivedLogger.Object.&lt;anonymous&gt;.Readable.push (/home/mookyjooky/Dropbox/GITHUB/06 - COMPLETED TOOLS/TECH-Adobe-Enterprise-Automation-PowerShell-Python-Portfolio/node_modules/readable-stream/lib/_stream_readable.js:228:10)
    at DerivedLogger.Object.&lt;anonymous&gt;.Transform.push (/home/mookyjooky/Dropbox/GITHUB/06 - COMPLETED TOOLS/TECH-Adobe-Enterprise-Automation-PowerShell-Python-Portfolio/node_modules/readable-stream/lib/_stream_transform.js:132:32)
    at DerivedLogger._transform (/home/mookyjooky/Dropbox/GITHUB/06 - COMPLETED TOOLS/TECH-Adobe-Enterprise-Automation-PowerShell-Python-Portfolio/node_modules/winston/lib/winston/logger.js:314:12)
    at DerivedLogger.Object.&lt;anonymous&gt;.Transform._read (/home/mookyjooky/Dropbox/GITHUB/06 - COMPLETED TOOLS/TECH-Adobe-Enterprise-Automation-PowerShell-Python-Portfolio/node_modules/readable-stream/lib/_stream_transform.js:166:10)
    at DerivedLogger.Object.&lt;anonymous&gt;.Transform._write (/home/mookyjooky/Dropbox/GITHUB/06 - COMPLETED TOOLS/TECH-Adobe-Enterprise-Automation-PowerShell-Python-Portfolio/node_modules/readable-stream/lib/_stream_transform.js:155:83)
    at doWrite (/home/mookyjooky/Dropbox/GITHUB/06 - COMPLETED TOOLS/TECH-Adobe-Enterprise-Automation-PowerShell-Python-Portfolio/node_modules/readable-stream/lib/_stream_writable.js:390:139)
    at writeOrBuffer (/home/mookyjooky/Dropbox/GITHUB/06 - COMPLETED TOOLS/TECH-Adobe-Enterprise-Automation-PowerShell-Python-Portfolio/node_modules/readable-stream/lib/_stream_writable.js:381:5)
    at DerivedLogger.Object.&lt;anonymous&gt;.Writable.write (/home/mookyjooky/Dropbox/GITHUB/06 - COMPLETED TOOLS/TECH-Adobe-Enterprise-Automation-PowerShell-Python-Portfolio/node_modules/readable-stream/lib/_stream_writable.js:302:11)
    at DerivedLogger.&lt;computed&gt; [as info] (/home/mookyjooky/Dropbox/GITHUB/06 - COMPLETED TOOLS/TECH-Adobe-Enterprise-Automation-PowerShell-Python-Portfolio/node_modules/winston/lib/winston/create-logger.js:81:14)
    at ServerResponse.info (/home/mookyjooky/Dropbox/GITHUB/06 - COMPLETED TOOLS/TECH-Adobe-Enterprise-Automation-PowerShell-Python-Portfolio/api/server.js:88:16)
    at ServerResponse.emit (node:events:531:35)
    at onFinish (node:_http_outgoing:1082:10)
    at callback (node:internal/streams/writable:766:21)
    at afterWrite (node:internal/streams/writable:710:5)
    at afterWriteTick (node:internal/streams/writable:696:10)
    at processTicksAndRejections (node:internal/process/task_queues:89:21)</failure>
      <failure>Error: write EPIPE
    at afterWriteDispatched (node:internal/stream_base_commons:159:15)
    at writeGeneric (node:internal/stream_base_commons:150:3)
    at Socket._writeGeneric (node:net:966:11)
    at Socket._write (node:net:978:8)
    at writeOrBuffer (node:internal/streams/writable:572:12)
    at _write (node:internal/streams/writable:501:10)
    at Socket.Writable.write (node:internal/streams/writable:510:10)
    at Socket.stream.write (/home/mookyjooky/Dropbox/GITHUB/06 - COMPLETED TOOLS/TECH-Adobe-Enterprise-Automation-PowerShell-Python-Portfolio/node_modules/@jest/reporters/build/VerboseReporter.js:47:7)
    at Console.log (/home/mookyjooky/Dropbox/GITHUB/06 - COMPLETED TOOLS/TECH-Adobe-Enterprise-Automation-PowerShell-Python-Portfolio/node_modules/winston/lib/winston/transports/console.js:87:23)
    at Console._write (/home/mookyjooky/Dropbox/GITHUB/06 - COMPLETED TOOLS/TECH-Adobe-Enterprise-Automation-PowerShell-Python-Portfolio/node_modules/winston-transport/modern.js:103:17)
    at doWrite (/home/mookyjooky/Dropbox/GITHUB/06 - COMPLETED TOOLS/TECH-Adobe-Enterprise-Automation-PowerShell-Python-Portfolio/node_modules/readable-stream/lib/_stream_writable.js:390:139)
    at writeOrBuffer (/home/mookyjooky/Dropbox/GITHUB/06 - COMPLETED TOOLS/TECH-Adobe-Enterprise-Automation-PowerShell-Python-Portfolio/node_modules/readable-stream/lib/_stream_writable.js:381:5)
    at Console.Object.&lt;anonymous&gt;.Writable.write (/home/mookyjooky/Dropbox/GITHUB/06 - COMPLETED TOOLS/TECH-Adobe-Enterprise-Automation-PowerShell-Python-Portfolio/node_modules/readable-stream/lib/_stream_writable.js:302:11)
    at DerivedLogger.ondata (/home/mookyjooky/Dropbox/GITHUB/06 - COMPLETED TOOLS/TECH-Adobe-Enterprise-Automation-PowerShell-Python-Portfolio/node_modules/readable-stream/lib/_stream_readable.js:629:20)
    at DerivedLogger.emit (node:events:531:35)
    at addChunk (/home/mookyjooky/Dropbox/GITHUB/06 - COMPLETED TOOLS/TECH-Adobe-Enterprise-Automation-PowerShell-Python-Portfolio/node_modules/readable-stream/lib/_stream_readable.js:279:12)
    at readableAddChunk (/home/mookyjooky/Dropbox/GITHUB/06 - COMPLETED TOOLS/TECH-Adobe-Enterprise-Automation-PowerShell-Python-Portfolio/node_modules/readable-stream/lib/_stream_readable.js:262:11)
    at DerivedLogger.Object.&lt;anonymous&gt;.Readable.push (/home/mookyjooky/Dropbox/GITHUB/06 - COMPLETED TOOLS/TECH-Adobe-Enterprise-Automation-PowerShell-Python-Portfolio/node_modules/readable-stream/lib/_stream_readable.js:228:10)
    at DerivedLogger.Object.&lt;anonymous&gt;.Transform.push (/home/mookyjooky/Dropbox/GITHUB/06 - COMPLETED TOOLS/TECH-Adobe-Enterprise-Automation-PowerShell-Python-Portfolio/node_modules/readable-stream/lib/_stream_transform.js:132:32)
    at DerivedLogger._transform (/home/mookyjooky/Dropbox/GITHUB/06 - COMPLETED TOOLS/TECH-Adobe-Enterprise-Automation-PowerShell-Python-Portfolio/node_modules/winston/lib/winston/logger.js:314:12)
    at DerivedLogger.Object.&lt;anonymous&gt;.Transform._read (/home/mookyjooky/Dropbox/GITHUB/06 - COMPLETED TOOLS/TECH-Adobe-Enterprise-Automation-PowerShell-Python-Portfolio/node_modules/readable-stream/lib/_stream_transform.js:166:10)
    at DerivedLogger.Object.&lt;anonymous&gt;.Transform._write (/home/mookyjooky/Dropbox/GITHUB/06 - COMPLETED TOOLS/TECH-Adobe-Enterprise-Automation-PowerShell-Python-Portfolio/node_modules/readable-stream/lib/_stream_transform.js:155:83)
    at doWrite (/home/mookyjooky/Dropbox/GITHUB/06 - COMPLETED TOOLS/TECH-Adobe-Enterprise-Automation-PowerShell-Python-Portfolio/node_modules/readable-stream/lib/_stream_writable.js:390:139)
    at writeOrBuffer (/home/mookyjooky/Dropbox/GITHUB/06 - COMPLETED TOOLS/TECH-Adobe-Enterprise-Automation-PowerShell-Python-Portfolio/node_modules/readable-stream/lib/_stream_writable.js:381:5)
    at DerivedLogger.Object.&lt;anonymous&gt;.Writable.write (/home/mookyjooky/Dropbox/GITHUB/06 - COMPLETED TOOLS/TECH-Adobe-Enterprise-Automation-PowerShell-Python-Portfolio/node_modules/readable-stream/lib/_stream_writable.js:302:11)
    at DerivedLogger.&lt;computed&gt; [as info] (/home/mookyjooky/Dropbox/GITHUB/06 - COMPLETED TOOLS/TECH-Adobe-Enterprise-Automation-PowerShell-Python-Portfolio/node_modules/winston/lib/winston/create-logger.js:81:14)
    at ServerResponse.info (/home/mookyjooky/Dropbox/GITHUB/06 - COMPLETED TOOLS/TECH-Adobe-Enterprise-Automation-PowerShell-Python-Portfolio/api/server.js:88:16)
    at ServerResponse.emit (node:events:531:35)
    at onFinish (node:_http_outgoing:1082:10)
    at callback (node:internal/streams/writable:766:21)
    at afterWrite (node:internal/streams/writable:710:5)
    at afterWriteTick (node:internal/streams/writable:696:10)
    at processTicksAndRejections (node:internal/process/task_queues:89:21)</failure>
      <failure>Error: write EPIPE
    at afterWriteDispatched (node:internal/stream_base_commons:159:15)
    at writeGeneric (node:internal/stream_base_commons:150:3)
    at Socket._writeGeneric (node:net:966:11)
    at Socket._write (node:net:978:8)
    at writeOrBuffer (node:internal/streams/writable:572:12)
    at _write (node:internal/streams/writable:501:10)
    at Socket.Writable.write (node:internal/streams/writable:510:10)
    at Socket.stream.write (/home/mookyjooky/Dropbox/GITHUB/06 - COMPLETED TOOLS/TECH-Adobe-Enterprise-Automation-PowerShell-Python-Portfolio/node_modules/@jest/reporters/build/VerboseReporter.js:47:7)
    at Console.log (/home/mookyjooky/Dropbox/GITHUB/06 - COMPLETED TOOLS/TECH-Adobe-Enterprise-Automation-PowerShell-Python-Portfolio/node_modules/winston/lib/winston/transports/console.js:87:23)
    at Console._write (/home/mookyjooky/Dropbox/GITHUB/06 - COMPLETED TOOLS/TECH-Adobe-Enterprise-Automation-PowerShell-Python-Portfolio/node_modules/winston-transport/modern.js:103:17)
    at doWrite (/home/mookyjooky/Dropbox/GITHUB/06 - COMPLETED TOOLS/TECH-Adobe-Enterprise-Automation-PowerShell-Python-Portfolio/node_modules/readable-stream/lib/_stream_writable.js:390:139)
    at writeOrBuffer (/home/mookyjooky/Dropbox/GITHUB/06 - COMPLETED TOOLS/TECH-Adobe-Enterprise-Automation-PowerShell-Python-Portfolio/node_modules/readable-stream/lib/_stream_writable.js:381:5)
    at Console.Object.&lt;anonymous&gt;.Writable.write (/home/mookyjooky/Dropbox/GITHUB/06 - COMPLETED TOOLS/TECH-Adobe-Enterprise-Automation-PowerShell-Python-Portfolio/node_modules/readable-stream/lib/_stream_writable.js:302:11)
    at DerivedLogger.ondata (/home/mookyjooky/Dropbox/GITHUB/06 - COMPLETED TOOLS/TECH-Adobe-Enterprise-Automation-PowerShell-Python-Portfolio/node_modules/readable-stream/lib/_stream_readable.js:629:20)
    at DerivedLogger.emit (node:events:531:35)
    at addChunk (/home/mookyjooky/Dropbox/GITHUB/06 - COMPLETED TOOLS/TECH-Adobe-Enterprise-Automation-PowerShell-Python-Portfolio/node_modules/readable-stream/lib/_stream_readable.js:279:12)
    at readableAddChunk (/home/mookyjooky/Dropbox/GITHUB/06 - COMPLETED TOOLS/TECH-Adobe-Enterprise-Automation-PowerShell-Python-Portfolio/node_modules/readable-stream/lib/_stream_readable.js:262:11)
    at DerivedLogger.Object.&lt;anonymous&gt;.Readable.push (/home/mookyjooky/Dropbox/GITHUB/06 - COMPLETED TOOLS/TECH-Adobe-Enterprise-Automation-PowerShell-Python-Portfolio/node_modules/readable-stream/lib/_stream_readable.js:228:10)
    at DerivedLogger.Object.&lt;anonymous&gt;.Transform.push (/home/mookyjooky/Dropbox/GITHUB/06 - COMPLETED TOOLS/TECH-Adobe-Enterprise-Automation-PowerShell-Python-Portfolio/node_modules/readable-stream/lib/_stream_transform.js:132:32)
    at DerivedLogger._transform (/home/mookyjooky/Dropbox/GITHUB/06 - COMPLETED TOOLS/TECH-Adobe-Enterprise-Automation-PowerShell-Python-Portfolio/node_modules/winston/lib/winston/logger.js:314:12)
    at DerivedLogger.Object.&lt;anonymous&gt;.Transform._read (/home/mookyjooky/Dropbox/GITHUB/06 - COMPLETED TOOLS/TECH-Adobe-Enterprise-Automation-PowerShell-Python-Portfolio/node_modules/readable-stream/lib/_stream_transform.js:166:10)
    at DerivedLogger.Object.&lt;anonymous&gt;.Transform._write (/home/mookyjooky/Dropbox/GITHUB/06 - COMPLETED TOOLS/TECH-Adobe-Enterprise-Automation-PowerShell-Python-Portfolio/node_modules/readable-stream/lib/_stream_transform.js:155:83)
    at doWrite (/home/mookyjooky/Dropbox/GITHUB/06 - COMPLETED TOOLS/TECH-Adobe-Enterprise-Automation-PowerShell-Python-Portfolio/node_modules/readable-stream/lib/_stream_writable.js:390:139)
    at writeOrBuffer (/home/mookyjooky/Dropbox/GITHUB/06 - COMPLETED TOOLS/TECH-Adobe-Enterprise-Automation-PowerShell-Python-Portfolio/node_modules/readable-stream/lib/_stream_writable.js:381:5)
    at DerivedLogger.Object.&lt;anonymous&gt;.Writable.write (/home/mookyjooky/Dropbox/GITHUB/06 - COMPLETED TOOLS/TECH-Adobe-Enterprise-Automation-PowerShell-Python-Portfolio/node_modules/readable-stream/lib/_stream_writable.js:302:11)
    at DerivedLogger.&lt;computed&gt; [as info] (/home/mookyjooky/Dropbox/GITHUB/06 - COMPLETED TOOLS/TECH-Adobe-Enterprise-Automation-PowerShell-Python-Portfolio/node_modules/winston/lib/winston/create-logger.js:81:14)
    at ServerResponse.info (/home/mookyjooky/Dropbox/GITHUB/06 - COMPLETED TOOLS/TECH-Adobe-Enterprise-Automation-PowerShell-Python-Portfolio/api/server.js:88:16)
    at ServerResponse.emit (node:events:531:35)
    at onFinish (node:_http_outgoing:1082:10)
    at callback (node:internal/streams/writable:766:21)
    at afterWrite (node:internal/streams/writable:710:5)
    at afterWriteTick (node:internal/streams/writable:696:10)
    at processTicksAndRejections (node:internal/process/task_queues:89:21)</failure>
      <failure>Error: write EPIPE
    at afterWriteDispatched (node:internal/stream_base_commons:159:15)
    at writeGeneric (node:internal/stream_base_commons:150:3)
    at Socket._writeGeneric (node:net:966:11)
    at Socket._write (node:net:978:8)
    at writeOrBuffer (node:internal/streams/writable:572:12)
    at _write (node:internal/streams/writable:501:10)
    at Socket.Writable.write (node:internal/streams/writable:510:10)
    at Socket.stream.write (/home/mookyjooky/Dropbox/GITHUB/06 - COMPLETED TOOLS/TECH-Adobe-Enterprise-Automation-PowerShell-Python-Portfolio/node_modules/@jest/reporters/build/VerboseReporter.js:47:7)
    at Console.log (/home/mookyjooky/Dropbox/GITHUB/06 - COMPLETED TOOLS/TECH-Adobe-Enterprise-Automation-PowerShell-Python-Portfolio/node_modules/winston/lib/winston/transports/console.js:87:23)
    at Console._write (/home/mookyjooky/Dropbox/GITHUB/06 - COMPLETED TOOLS/TECH-Adobe-Enterprise-Automation-PowerShell-Python-Portfolio/node_modules/winston-transport/modern.js:103:17)
    at doWrite (/home/mookyjooky/Dropbox/GITHUB/06 - COMPLETED TOOLS/TECH-Adobe-Enterprise-Automation-PowerShell-Python-Portfolio/node_modules/readable-stream/lib/_stream_writable.js:390:139)
    at writeOrBuffer (/home/mookyjooky/Dropbox/GITHUB/06 - COMPLETED TOOLS/TECH-Adobe-Enterprise-Automation-PowerShell-Python-Portfolio/node_modules/readable-stream/lib/_stream_writable.js:381:5)
    at Console.Object.&lt;anonymous&gt;.Writable.write (/home/mookyjooky/Dropbox/GITHUB/06 - COMPLETED TOOLS/TECH-Adobe-Enterprise-Automation-PowerShell-Python-Portfolio/node_modules/readable-stream/lib/_stream_writable.js:302:11)
    at DerivedLogger.ondata (/home/mookyjooky/Dropbox/GITHUB/06 - COMPLETED TOOLS/TECH-Adobe-Enterprise-Automation-PowerShell-Python-Portfolio/node_modules/readable-stream/lib/_stream_readable.js:629:20)
    at DerivedLogger.emit (node:events:531:35)
    at addChunk (/home/mookyjooky/Dropbox/GITHUB/06 - COMPLETED TOOLS/TECH-Adobe-Enterprise-Automation-PowerShell-Python-Portfolio/node_modules/readable-stream/lib/_stream_readable.js:279:12)
    at readableAddChunk (/home/mookyjooky/Dropbox/GITHUB/06 - COMPLETED TOOLS/TECH-Adobe-Enterprise-Automation-PowerShell-Python-Portfolio/node_modules/readable-stream/lib/_stream_readable.js:262:11)
    at DerivedLogger.Object.&lt;anonymous&gt;.Readable.push (/home/mookyjooky/Dropbox/GITHUB/06 - COMPLETED TOOLS/TECH-Adobe-Enterprise-Automation-PowerShell-Python-Portfolio/node_modules/readable-stream/lib/_stream_readable.js:228:10)
    at DerivedLogger.Object.&lt;anonymous&gt;.Transform.push (/home/mookyjooky/Dropbox/GITHUB/06 - COMPLETED TOOLS/TECH-Adobe-Enterprise-Automation-PowerShell-Python-Portfolio/node_modules/readable-stream/lib/_stream_transform.js:132:32)
    at DerivedLogger._transform (/home/mookyjooky/Dropbox/GITHUB/06 - COMPLETED TOOLS/TECH-Adobe-Enterprise-Automation-PowerShell-Python-Portfolio/node_modules/winston/lib/winston/logger.js:314:12)
    at DerivedLogger.Object.&lt;anonymous&gt;.Transform._read (/home/mookyjooky/Dropbox/GITHUB/06 - COMPLETED TOOLS/TECH-Adobe-Enterprise-Automation-PowerShell-Python-Portfolio/node_modules/readable-stream/lib/_stream_transform.js:166:10)
    at DerivedLogger.Object.&lt;anonymous&gt;.Transform._write (/home/mookyjooky/Dropbox/GITHUB/06 - COMPLETED TOOLS/TECH-Adobe-Enterprise-Automation-PowerShell-Python-Portfolio/node_modules/readable-stream/lib/_stream_transform.js:155:83)
    at doWrite (/home/mookyjooky/Dropbox/GITHUB/06 - COMPLETED TOOLS/TECH-Adobe-Enterprise-Automation-PowerShell-Python-Portfolio/node_modules/readable-stream/lib/_stream_writable.js:390:139)
    at writeOrBuffer (/home/mookyjooky/Dropbox/GITHUB/06 - COMPLETED TOOLS/TECH-Adobe-Enterprise-Automation-PowerShell-Python-Portfolio/node_modules/readable-stream/lib/_stream_writable.js:381:5)
    at DerivedLogger.Object.&lt;anonymous&gt;.Writable.write (/home/mookyjooky/Dropbox/GITHUB/06 - COMPLETED TOOLS/TECH-Adobe-Enterprise-Automation-PowerShell-Python-Portfolio/node_modules/readable-stream/lib/_stream_writable.js:302:11)
    at DerivedLogger.&lt;computed&gt; [as info] (/home/mookyjooky/Dropbox/GITHUB/06 - COMPLETED TOOLS/TECH-Adobe-Enterprise-Automation-PowerShell-Python-Portfolio/node_modules/winston/lib/winston/create-logger.js:81:14)
    at ServerResponse.info (/home/mookyjooky/Dropbox/GITHUB/06 - COMPLETED TOOLS/TECH-Adobe-Enterprise-Automation-PowerShell-Python-Portfolio/api/server.js:88:16)
    at ServerResponse.emit (node:events:531:35)
    at onFinish (node:_http_outgoing:1082:10)
    at callback (node:internal/streams/writable:766:21)
    at afterWrite (node:internal/streams/writable:710:5)
    at afterWriteTick (node:internal/streams/writable:696:10)
    at processTicksAndRejections (node:internal/process/task_queues:89:21)</failure>
      <failure>Error: write EPIPE
    at afterWriteDispatched (node:internal/stream_base_commons:159:15)
    at writeGeneric (node:internal/stream_base_commons:150:3)
    at Socket._writeGeneric (node:net:966:11)
    at Socket._write (node:net:978:8)
    at writeOrBuffer (node:internal/streams/writable:572:12)
    at _write (node:internal/streams/writable:501:10)
    at Socket.Writable.write (node:internal/streams/writable:510:10)
    at Socket.stream.write (/home/mookyjooky/Dropbox/GITHUB/06 - COMPLETED TOOLS/TECH-Adobe-Enterprise-Automation-PowerShell-Python-Portfolio/node_modules/@jest/reporters/build/VerboseReporter.js:47:7)
    at Console.log (/home/mookyjooky/Dropbox/GITHUB/06 - COMPLETED TOOLS/TECH-Adobe-Enterprise-Automation-PowerShell-Python-Portfolio/node_modules/winston/lib/winston/transports/console.js:87:23)
    at Console._write (/home/mookyjooky/Dropbox/GITHUB/06 - COMPLETED TOOLS/TECH-Adobe-Enterprise-Automation-PowerShell-Python-Portfolio/node_modules/winston-transport/modern.js:103:17)
    at doWrite (/home/mookyjooky/Dropbox/GITHUB/06 - COMPLETED TOOLS/TECH-Adobe-Enterprise-Automation-PowerShell-Python-Portfolio/node_modules/readable-stream/lib/_stream_writable.js:390:139)
    at writeOrBuffer (/home/mookyjooky/Dropbox/GITHUB/06 - COMPLETED TOOLS/TECH-Adobe-Enterprise-Automation-PowerShell-Python-Portfolio/node_modules/readable-stream/lib/_stream_writable.js:381:5)
    at Console.Object.&lt;anonymous&gt;.Writable.write (/home/mookyjooky/Dropbox/GITHUB/06 - COMPLETED TOOLS/TECH-Adobe-Enterprise-Automation-PowerShell-Python-Portfolio/node_modules/readable-stream/lib/_stream_writable.js:302:11)
    at DerivedLogger.ondata (/home/mookyjooky/Dropbox/GITHUB/06 - COMPLETED TOOLS/TECH-Adobe-Enterprise-Automation-PowerShell-Python-Portfolio/node_modules/readable-stream/lib/_stream_readable.js:629:20)
    at DerivedLogger.emit (node:events:531:35)
    at addChunk (/home/mookyjooky/Dropbox/GITHUB/06 - COMPLETED TOOLS/TECH-Adobe-Enterprise-Automation-PowerShell-Python-Portfolio/node_modules/readable-stream/lib/_stream_readable.js:279:12)
    at readableAddChunk (/home/mookyjooky/Dropbox/GITHUB/06 - COMPLETED TOOLS/TECH-Adobe-Enterprise-Automation-PowerShell-Python-Portfolio/node_modules/readable-stream/lib/_stream_readable.js:262:11)
    at DerivedLogger.Object.&lt;anonymous&gt;.Readable.push (/home/mookyjooky/Dropbox/GITHUB/06 - COMPLETED TOOLS/TECH-Adobe-Enterprise-Automation-PowerShell-Python-Portfolio/node_modules/readable-stream/lib/_stream_readable.js:228:10)
    at DerivedLogger.Object.&lt;anonymous&gt;.Transform.push (/home/mookyjooky/Dropbox/GITHUB/06 - COMPLETED TOOLS/TECH-Adobe-Enterprise-Automation-PowerShell-Python-Portfolio/node_modules/readable-stream/lib/_stream_transform.js:132:32)
    at DerivedLogger._transform (/home/mookyjooky/Dropbox/GITHUB/06 - COMPLETED TOOLS/TECH-Adobe-Enterprise-Automation-PowerShell-Python-Portfolio/node_modules/winston/lib/winston/logger.js:314:12)
    at DerivedLogger.Object.&lt;anonymous&gt;.Transform._read (/home/mookyjooky/Dropbox/GITHUB/06 - COMPLETED TOOLS/TECH-Adobe-Enterprise-Automation-PowerShell-Python-Portfolio/node_modules/readable-stream/lib/_stream_transform.js:166:10)
    at DerivedLogger.Object.&lt;anonymous&gt;.Transform._write (/home/mookyjooky/Dropbox/GITHUB/06 - COMPLETED TOOLS/TECH-Adobe-Enterprise-Automation-PowerShell-Python-Portfolio/node_modules/readable-stream/lib/_stream_transform.js:155:83)
    at doWrite (/home/mookyjooky/Dropbox/GITHUB/06 - COMPLETED TOOLS/TECH-Adobe-Enterprise-Automation-PowerShell-Python-Portfolio/node_modules/readable-stream/lib/_stream_writable.js:390:139)
    at writeOrBuffer (/home/mookyjooky/Dropbox/GITHUB/06 - COMPLETED TOOLS/TECH-Adobe-Enterprise-Automation-PowerShell-Python-Portfolio/node_modules/readable-stream/lib/_stream_writable.js:381:5)
    at DerivedLogger.Object.&lt;anonymous&gt;.Writable.write (/home/mookyjooky/Dropbox/GITHUB/06 - COMPLETED TOOLS/TECH-Adobe-Enterprise-Automation-PowerShell-Python-Portfolio/node_modules/readable-stream/lib/_stream_writable.js:302:11)
    at DerivedLogger.&lt;computed&gt; [as info] (/home/mookyjooky/Dropbox/GITHUB/06 - COMPLETED TOOLS/TECH-Adobe-Enterprise-Automation-PowerShell-Python-Portfolio/node_modules/winston/lib/winston/create-logger.js:81:14)
    at ServerResponse.info (/home/mookyjooky/Dropbox/GITHUB/06 - COMPLETED TOOLS/TECH-Adobe-Enterprise-Automation-PowerShell-Python-Portfolio/api/server.js:88:16)
    at ServerResponse.emit (node:events:531:35)
    at onFinish (node:_http_outgoing:1082:10)
    at callback (node:internal/streams/writable:766:21)
    at afterWrite (node:internal/streams/writable:710:5)
    at afterWriteTick (node:internal/streams/writable:696:10)
    at processTicksAndRejections (node:internal/process/task_queues:89:21)</failure>
      <failure>Error: write EPIPE
    at afterWriteDispatched (node:internal/stream_base_commons:159:15)
    at writeGeneric (node:internal/stream_base_commons:150:3)
    at Socket._writeGeneric (node:net:966:11)
    at Socket._write (node:net:978:8)
    at writeOrBuffer (node:internal/streams/writable:572:12)
    at _write (node:internal/streams/writable:501:10)
    at Socket.Writable.write (node:internal/streams/writable:510:10)
    at Socket.stream.write (/home/mookyjooky/Dropbox/GITHUB/06 - COMPLETED TOOLS/TECH-Adobe-Enterprise-Automation-PowerShell-Python-Portfolio/node_modules/@jest/reporters/build/VerboseReporter.js:47:7)
    at Console.log (/home/mookyjooky/Dropbox/GITHUB/06 - COMPLETED TOOLS/TECH-Adobe-Enterprise-Automation-PowerShell-Python-Portfolio/node_modules/winston/lib/winston/transports/console.js:87:23)
    at Console._write (/home/mookyjooky/Dropbox/GITHUB/06 - COMPLETED TOOLS/TECH-Adobe-Enterprise-Automation-PowerShell-Python-Portfolio/node_modules/winston-transport/modern.js:103:17)
    at doWrite (/home/mookyjooky/Dropbox/GITHUB/06 - COMPLETED TOOLS/TECH-Adobe-Enterprise-Automation-PowerShell-Python-Portfolio/node_modules/readable-stream/lib/_stream_writable.js:390:139)
    at writeOrBuffer (/home/mookyjooky/Dropbox/GITHUB/06 - COMPLETED TOOLS/TECH-Adobe-Enterprise-Automation-PowerShell-Python-Portfolio/node_modules/readable-stream/lib/_stream_writable.js:381:5)
    at Console.Object.&lt;anonymous&gt;.Writable.write (/home/mookyjooky/Dropbox/GITHUB/06 - COMPLETED TOOLS/TECH-Adobe-Enterprise-Automation-PowerShell-Python-Portfolio/node_modules/readable-stream/lib/_stream_writable.js:302:11)
    at DerivedLogger.ondata (/home/mookyjooky/Dropbox/GITHUB/06 - COMPLETED TOOLS/TECH-Adobe-Enterprise-Automation-PowerShell-Python-Portfolio/node_modules/readable-stream/lib/_stream_readable.js:629:20)
    at DerivedLogger.emit (node:events:531:35)
    at addChunk (/home/mookyjooky/Dropbox/GITHUB/06 - COMPLETED TOOLS/TECH-Adobe-Enterprise-Automation-PowerShell-Python-Portfolio/node_modules/readable-stream/lib/_stream_readable.js:279:12)
    at readableAddChunk (/home/mookyjooky/Dropbox/GITHUB/06 - COMPLETED TOOLS/TECH-Adobe-Enterprise-Automation-PowerShell-Python-Portfolio/node_modules/readable-stream/lib/_stream_readable.js:262:11)
    at DerivedLogger.Object.&lt;anonymous&gt;.Readable.push (/home/mookyjooky/Dropbox/GITHUB/06 - COMPLETED TOOLS/TECH-Adobe-Enterprise-Automation-PowerShell-Python-Portfolio/node_modules/readable-stream/lib/_stream_readable.js:228:10)
    at DerivedLogger.Object.&lt;anonymous&gt;.Transform.push (/home/mookyjooky/Dropbox/GITHUB/06 - COMPLETED TOOLS/TECH-Adobe-Enterprise-Automation-PowerShell-Python-Portfolio/node_modules/readable-stream/lib/_stream_transform.js:132:32)
    at DerivedLogger._transform (/home/mookyjooky/Dropbox/GITHUB/06 - COMPLETED TOOLS/TECH-Adobe-Enterprise-Automation-PowerShell-Python-Portfolio/node_modules/winston/lib/winston/logger.js:314:12)
    at DerivedLogger.Object.&lt;anonymous&gt;.Transform._read (/home/mookyjooky/Dropbox/GITHUB/06 - COMPLETED TOOLS/TECH-Adobe-Enterprise-Automation-PowerShell-Python-Portfolio/node_modules/readable-stream/lib/_stream_transform.js:166:10)
    at DerivedLogger.Object.&lt;anonymous&gt;.Transform._write (/home/mookyjooky/Dropbox/GITHUB/06 - COMPLETED TOOLS/TECH-Adobe-Enterprise-Automation-PowerShell-Python-Portfolio/node_modules/readable-stream/lib/_stream_transform.js:155:83)
    at doWrite (/home/mookyjooky/Dropbox/GITHUB/06 - COMPLETED TOOLS/TECH-Adobe-Enterprise-Automation-PowerShell-Python-Portfolio/node_modules/readable-stream/lib/_stream_writable.js:390:139)
    at writeOrBuffer (/home/mookyjooky/Dropbox/GITHUB/06 - COMPLETED TOOLS/TECH-Adobe-Enterprise-Automation-PowerShell-Python-Portfolio/node_modules/readable-stream/lib/_stream_writable.js:381:5)
    at DerivedLogger.Object.&lt;anonymous&gt;.Writable.write (/home/mookyjooky/Dropbox/GITHUB/06 - COMPLETED TOOLS/TECH-Adobe-Enterprise-Automation-PowerShell-Python-Portfolio/node_modules/readable-stream/lib/_stream_writable.js:302:11)
    at DerivedLogger.&lt;computed&gt; [as info] (/home/mookyjooky/Dropbox/GITHUB/06 - COMPLETED TOOLS/TECH-Adobe-Enterprise-Automation-PowerShell-Python-Portfolio/node_modules/winston/lib/winston/create-logger.js:81:14)
    at ServerResponse.info (/home/mookyjooky/Dropbox/GITHUB/06 - COMPLETED TOOLS/TECH-Adobe-Enterprise-Automation-PowerShell-Python-Portfolio/api/server.js:88:16)
    at ServerResponse.emit (node:events:531:35)
    at onFinish (node:_http_outgoing:1082:10)
    at callback (node:internal/streams/writable:766:21)
    at afterWrite (node:internal/streams/writable:710:5)
    at afterWriteTick (node:internal/streams/writable:696:10)
    at processTicksAndRejections (node:internal/process/task_queues:89:21)</failure>
      <failure>Error: write EPIPE
    at afterWriteDispatched (node:internal/stream_base_commons:159:15)
    at writeGeneric (node:internal/stream_base_commons:150:3)
    at Socket._writeGeneric (node:net:966:11)
    at Socket._write (node:net:978:8)
    at writeOrBuffer (node:internal/streams/writable:572:12)
    at _write (node:internal/streams/writable:501:10)
    at Socket.Writable.write (node:internal/streams/writable:510:10)
    at Socket.stream.write (/home/mookyjooky/Dropbox/GITHUB/06 - COMPLETED TOOLS/TECH-Adobe-Enterprise-Automation-PowerShell-Python-Portfolio/node_modules/@jest/reporters/build/VerboseReporter.js:47:7)
    at Console.log (/home/mookyjooky/Dropbox/GITHUB/06 - COMPLETED TOOLS/TECH-Adobe-Enterprise-Automation-PowerShell-Python-Portfolio/node_modules/winston/lib/winston/transports/console.js:87:23)
    at Console._write (/home/mookyjooky/Dropbox/GITHUB/06 - COMPLETED TOOLS/TECH-Adobe-Enterprise-Automation-PowerShell-Python-Portfolio/node_modules/winston-transport/modern.js:103:17)
    at doWrite (/home/mookyjooky/Dropbox/GITHUB/06 - COMPLETED TOOLS/TECH-Adobe-Enterprise-Automation-PowerShell-Python-Portfolio/node_modules/readable-stream/lib/_stream_writable.js:390:139)
    at writeOrBuffer (/home/mookyjooky/Dropbox/GITHUB/06 - COMPLETED TOOLS/TECH-Adobe-Enterprise-Automation-PowerShell-Python-Portfolio/node_modules/readable-stream/lib/_stream_writable.js:381:5)
    at Console.Object.&lt;anonymous&gt;.Writable.write (/home/mookyjooky/Dropbox/GITHUB/06 - COMPLETED TOOLS/TECH-Adobe-Enterprise-Automation-PowerShell-Python-Portfolio/node_modules/readable-stream/lib/_stream_writable.js:302:11)
    at DerivedLogger.ondata (/home/mookyjooky/Dropbox/GITHUB/06 - COMPLETED TOOLS/TECH-Adobe-Enterprise-Automation-PowerShell-Python-Portfolio/node_modules/readable-stream/lib/_stream_readable.js:629:20)
    at DerivedLogger.emit (node:events:531:35)
    at addChunk (/home/mookyjooky/Dropbox/GITHUB/06 - COMPLETED TOOLS/TECH-Adobe-Enterprise-Automation-PowerShell-Python-Portfolio/node_modules/readable-stream/lib/_stream_readable.js:279:12)
    at readableAddChunk (/home/mookyjooky/Dropbox/GITHUB/06 - COMPLETED TOOLS/TECH-Adobe-Enterprise-Automation-PowerShell-Python-Portfolio/node_modules/readable-stream/lib/_stream_readable.js:262:11)
    at DerivedLogger.Object.&lt;anonymous&gt;.Readable.push (/home/mookyjooky/Dropbox/GITHUB/06 - COMPLETED TOOLS/TECH-Adobe-Enterprise-Automation-PowerShell-Python-Portfolio/node_modules/readable-stream/lib/_stream_readable.js:228:10)
    at DerivedLogger.Object.&lt;anonymous&gt;.Transform.push (/home/mookyjooky/Dropbox/GITHUB/06 - COMPLETED TOOLS/TECH-Adobe-Enterprise-Automation-PowerShell-Python-Portfolio/node_modules/readable-stream/lib/_stream_transform.js:132:32)
    at DerivedLogger._transform (/home/mookyjooky/Dropbox/GITHUB/06 - COMPLETED TOOLS/TECH-Adobe-Enterprise-Automation-PowerShell-Python-Portfolio/node_modules/winston/lib/winston/logger.js:314:12)
    at DerivedLogger.Object.&lt;anonymous&gt;.Transform._read (/home/mookyjooky/Dropbox/GITHUB/06 - COMPLETED TOOLS/TECH-Adobe-Enterprise-Automation-PowerShell-Python-Portfolio/node_modules/readable-stream/lib/_stream_transform.js:166:10)
    at DerivedLogger.Object.&lt;anonymous&gt;.Transform._write (/home/mookyjooky/Dropbox/GITHUB/06 - COMPLETED TOOLS/TECH-Adobe-Enterprise-Automation-PowerShell-Python-Portfolio/node_modules/readable-stream/lib/_stream_transform.js:155:83)
    at doWrite (/home/mookyjooky/Dropbox/GITHUB/06 - COMPLETED TOOLS/TECH-Adobe-Enterprise-Automation-PowerShell-Python-Portfolio/node_modules/readable-stream/lib/_stream_writable.js:390:139)
    at writeOrBuffer (/home/mookyjooky/Dropbox/GITHUB/06 - COMPLETED TOOLS/TECH-Adobe-Enterprise-Automation-PowerShell-Python-Portfolio/node_modules/readable-stream/lib/_stream_writable.js:381:5)
    at DerivedLogger.Object.&lt;anonymous&gt;.Writable.write (/home/mookyjooky/Dropbox/GITHUB/06 - COMPLETED TOOLS/TECH-Adobe-Enterprise-Automation-PowerShell-Python-Portfolio/node_modules/readable-stream/lib/_stream_writable.js:302:11)
    at DerivedLogger.&lt;computed&gt; [as info] (/home/mookyjooky/Dropbox/GITHUB/06 - COMPLETED TOOLS/TECH-Adobe-Enterprise-Automation-PowerShell-Python-Portfolio/node_modules/winston/lib/winston/create-logger.js:81:14)
    at ServerResponse.info (/home/mookyjooky/Dropbox/GITHUB/06 - COMPLETED TOOLS/TECH-Adobe-Enterprise-Automation-PowerShell-Python-Portfolio/api/server.js:88:16)
    at ServerResponse.emit (node:events:531:35)
    at onFinish (node:_http_outgoing:1082:10)
    at callback (node:internal/streams/writable:766:21)
    at afterWrite (node:internal/streams/writable:710:5)
    at afterWriteTick (node:internal/streams/writable:696:10)
    at processTicksAndRejections (node:internal/process/task_queues:89:21)</failure>
      <failure>Error: write EPIPE
    at afterWriteDispatched (node:internal/stream_base_commons:159:15)
    at writeGeneric (node:internal/stream_base_commons:150:3)
    at Socket._writeGeneric (node:net:966:11)
    at Socket._write (node:net:978:8)
    at writeOrBuffer (node:internal/streams/writable:572:12)
    at _write (node:internal/streams/writable:501:10)
    at Socket.Writable.write (node:internal/streams/writable:510:10)
    at Socket.stream.write (/home/mookyjooky/Dropbox/GITHUB/06 - COMPLETED TOOLS/TECH-Adobe-Enterprise-Automation-PowerShell-Python-Portfolio/node_modules/@jest/reporters/build/VerboseReporter.js:47:7)
    at Console.log (/home/mookyjooky/Dropbox/GITHUB/06 - COMPLETED TOOLS/TECH-Adobe-Enterprise-Automation-PowerShell-Python-Portfolio/node_modules/winston/lib/winston/transports/console.js:87:23)
    at Console._write (/home/mookyjooky/Dropbox/GITHUB/06 - COMPLETED TOOLS/TECH-Adobe-Enterprise-Automation-PowerShell-Python-Portfolio/node_modules/winston-transport/modern.js:103:17)
    at doWrite (/home/mookyjooky/Dropbox/GITHUB/06 - COMPLETED TOOLS/TECH-Adobe-Enterprise-Automation-PowerShell-Python-Portfolio/node_modules/readable-stream/lib/_stream_writable.js:390:139)
    at writeOrBuffer (/home/mookyjooky/Dropbox/GITHUB/06 - COMPLETED TOOLS/TECH-Adobe-Enterprise-Automation-PowerShell-Python-Portfolio/node_modules/readable-stream/lib/_stream_writable.js:381:5)
    at Console.Object.&lt;anonymous&gt;.Writable.write (/home/mookyjooky/Dropbox/GITHUB/06 - COMPLETED TOOLS/TECH-Adobe-Enterprise-Automation-PowerShell-Python-Portfolio/node_modules/readable-stream/lib/_stream_writable.js:302:11)
    at DerivedLogger.ondata (/home/mookyjooky/Dropbox/GITHUB/06 - COMPLETED TOOLS/TECH-Adobe-Enterprise-Automation-PowerShell-Python-Portfolio/node_modules/readable-stream/lib/_stream_readable.js:629:20)
    at DerivedLogger.emit (node:events:531:35)
    at addChunk (/home/mookyjooky/Dropbox/GITHUB/06 - COMPLETED TOOLS/TECH-Adobe-Enterprise-Automation-PowerShell-Python-Portfolio/node_modules/readable-stream/lib/_stream_readable.js:279:12)
    at readableAddChunk (/home/mookyjooky/Dropbox/GITHUB/06 - COMPLETED TOOLS/TECH-Adobe-Enterprise-Automation-PowerShell-Python-Portfolio/node_modules/readable-stream/lib/_stream_readable.js:262:11)
    at DerivedLogger.Object.&lt;anonymous&gt;.Readable.push (/home/mookyjooky/Dropbox/GITHUB/06 - COMPLETED TOOLS/TECH-Adobe-Enterprise-Automation-PowerShell-Python-Portfolio/node_modules/readable-stream/lib/_stream_readable.js:228:10)
    at DerivedLogger.Object.&lt;anonymous&gt;.Transform.push (/home/mookyjooky/Dropbox/GITHUB/06 - COMPLETED TOOLS/TECH-Adobe-Enterprise-Automation-PowerShell-Python-Portfolio/node_modules/readable-stream/lib/_stream_transform.js:132:32)
    at DerivedLogger._transform (/home/mookyjooky/Dropbox/GITHUB/06 - COMPLETED TOOLS/TECH-Adobe-Enterprise-Automation-PowerShell-Python-Portfolio/node_modules/winston/lib/winston/logger.js:314:12)
    at DerivedLogger.Object.&lt;anonymous&gt;.Transform._read (/home/mookyjooky/Dropbox/GITHUB/06 - COMPLETED TOOLS/TECH-Adobe-Enterprise-Automation-PowerShell-Python-Portfolio/node_modules/readable-stream/lib/_stream_transform.js:166:10)
    at DerivedLogger.Object.&lt;anonymous&gt;.Transform._write (/home/mookyjooky/Dropbox/GITHUB/06 - COMPLETED TOOLS/TECH-Adobe-Enterprise-Automation-PowerShell-Python-Portfolio/node_modules/readable-stream/lib/_stream_transform.js:155:83)
    at doWrite (/home/mookyjooky/Dropbox/GITHUB/06 - COMPLETED TOOLS/TECH-Adobe-Enterprise-Automation-PowerShell-Python-Portfolio/node_modules/readable-stream/lib/_stream_writable.js:390:139)
    at writeOrBuffer (/home/mookyjooky/Dropbox/GITHUB/06 - COMPLETED TOOLS/TECH-Adobe-Enterprise-Automation-PowerShell-Python-Portfolio/node_modules/readable-stream/lib/_stream_writable.js:381:5)
    at DerivedLogger.Object.&lt;anonymous&gt;.Writable.write (/home/mookyjooky/Dropbox/GITHUB/06 - COMPLETED TOOLS/TECH-Adobe-Enterprise-Automation-PowerShell-Python-Portfolio/node_modules/readable-stream/lib/_stream_writable.js:302:11)
    at DerivedLogger.&lt;computed&gt; [as info] (/home/mookyjooky/Dropbox/GITHUB/06 - COMPLETED TOOLS/TECH-Adobe-Enterprise-Automation-PowerShell-Python-Portfolio/node_modules/winston/lib/winston/create-logger.js:81:14)
    at ServerResponse.info (/home/mookyjooky/Dropbox/GITHUB/06 - COMPLETED TOOLS/TECH-Adobe-Enterprise-Automation-PowerShell-Python-Portfolio/api/server.js:88:16)
    at ServerResponse.emit (node:events:531:35)
    at onFinish (node:_http_outgoing:1082:10)
    at callback (node:internal/streams/writable:766:21)
    at afterWrite (node:internal/streams/writable:710:5)
    at afterWriteTick (node:internal/streams/writable:696:10)
    at processTicksAndRejections (node:internal/process/task_queues:89:21)</failure>
      <failure>Error: write EPIPE
    at afterWriteDispatched (node:internal/stream_base_commons:159:15)
    at writeGeneric (node:internal/stream_base_commons:150:3)
    at Socket._writeGeneric (node:net:966:11)
    at Socket._write (node:net:978:8)
    at writeOrBuffer (node:internal/streams/writable:572:12)
    at _write (node:internal/streams/writable:501:10)
    at Socket.Writable.write (node:internal/streams/writable:510:10)
    at Socket.stream.write (/home/mookyjooky/Dropbox/GITHUB/06 - COMPLETED TOOLS/TECH-Adobe-Enterprise-Automation-PowerShell-Python-Portfolio/node_modules/@jest/reporters/build/VerboseReporter.js:47:7)
    at Console.log (/home/mookyjooky/Dropbox/GITHUB/06 - COMPLETED TOOLS/TECH-Adobe-Enterprise-Automation-PowerShell-Python-Portfolio/node_modules/winston/lib/winston/transports/console.js:87:23)
    at Console._write (/home/mookyjooky/Dropbox/GITHUB/06 - COMPLETED TOOLS/TECH-Adobe-Enterprise-Automation-PowerShell-Python-Portfolio/node_modules/winston-transport/modern.js:103:17)
    at doWrite (/home/mookyjooky/Dropbox/GITHUB/06 - COMPLETED TOOLS/TECH-Adobe-Enterprise-Automation-PowerShell-Python-Portfolio/node_modules/readable-stream/lib/_stream_writable.js:390:139)
    at writeOrBuffer (/home/mookyjooky/Dropbox/GITHUB/06 - COMPLETED TOOLS/TECH-Adobe-Enterprise-Automation-PowerShell-Python-Portfolio/node_modules/readable-stream/lib/_stream_writable.js:381:5)
    at Console.Object.&lt;anonymous&gt;.Writable.write (/home/mookyjooky/Dropbox/GITHUB/06 - COMPLETED TOOLS/TECH-Adobe-Enterprise-Automation-PowerShell-Python-Portfolio/node_modules/readable-stream/lib/_stream_writable.js:302:11)
    at DerivedLogger.ondata (/home/mookyjooky/Dropbox/GITHUB/06 - COMPLETED TOOLS/TECH-Adobe-Enterprise-Automation-PowerShell-Python-Portfolio/node_modules/readable-stream/lib/_stream_readable.js:629:20)
    at DerivedLogger.emit (node:events:531:35)
    at addChunk (/home/mookyjooky/Dropbox/GITHUB/06 - COMPLETED TOOLS/TECH-Adobe-Enterprise-Automation-PowerShell-Python-Portfolio/node_modules/readable-stream/lib/_stream_readable.js:279:12)
    at readableAddChunk (/home/mookyjooky/Dropbox/GITHUB/06 - COMPLETED TOOLS/TECH-Adobe-Enterprise-Automation-PowerShell-Python-Portfolio/node_modules/readable-stream/lib/_stream_readable.js:262:11)
    at DerivedLogger.Object.&lt;anonymous&gt;.Readable.push (/home/mookyjooky/Dropbox/GITHUB/06 - COMPLETED TOOLS/TECH-Adobe-Enterprise-Automation-PowerShell-Python-Portfolio/node_modules/readable-stream/lib/_stream_readable.js:228:10)
    at DerivedLogger.Object.&lt;anonymous&gt;.Transform.push (/home/mookyjooky/Dropbox/GITHUB/06 - COMPLETED TOOLS/TECH-Adobe-Enterprise-Automation-PowerShell-Python-Portfolio/node_modules/readable-stream/lib/_stream_transform.js:132:32)
    at DerivedLogger._transform (/home/mookyjooky/Dropbox/GITHUB/06 - COMPLETED TOOLS/TECH-Adobe-Enterprise-Automation-PowerShell-Python-Portfolio/node_modules/winston/lib/winston/logger.js:314:12)
    at DerivedLogger.Object.&lt;anonymous&gt;.Transform._read (/home/mookyjooky/Dropbox/GITHUB/06 - COMPLETED TOOLS/TECH-Adobe-Enterprise-Automation-PowerShell-Python-Portfolio/node_modules/readable-stream/lib/_stream_transform.js:166:10)
    at DerivedLogger.Object.&lt;anonymous&gt;.Transform._write (/home/mookyjooky/Dropbox/GITHUB/06 - COMPLETED TOOLS/TECH-Adobe-Enterprise-Automation-PowerShell-Python-Portfolio/node_modules/readable-stream/lib/_stream_transform.js:155:83)
    at doWrite (/home/mookyjooky/Dropbox/GITHUB/06 - COMPLETED TOOLS/TECH-Adobe-Enterprise-Automation-PowerShell-Python-Portfolio/node_modules/readable-stream/lib/_stream_writable.js:390:139)
    at writeOrBuffer (/home/mookyjooky/Dropbox/GITHUB/06 - COMPLETED TOOLS/TECH-Adobe-Enterprise-Automation-PowerShell-Python-Portfolio/node_modules/readable-stream/lib/_stream_writable.js:381:5)
    at DerivedLogger.Object.&lt;anonymous&gt;.Writable.write (/home/mookyjooky/Dropbox/GITHUB/06 - COMPLETED TOOLS/TECH-Adobe-Enterprise-Automation-PowerShell-Python-Portfolio/node_modules/readable-stream/lib/_stream_writable.js:302:11)
    at DerivedLogger.&lt;computed&gt; [as info] (/home/mookyjooky/Dropbox/GITHUB/06 - COMPLETED TOOLS/TECH-Adobe-Enterprise-Automation-PowerShell-Python-Portfolio/node_modules/winston/lib/winston/create-logger.js:81:14)
    at ServerResponse.info (/home/mookyjooky/Dropbox/GITHUB/06 - COMPLETED TOOLS/TECH-Adobe-Enterprise-Automation-PowerShell-Python-Portfolio/api/server.js:88:16)
    at ServerResponse.emit (node:events:531:35)
    at onFinish (node:_http_outgoing:1082:10)
    at callback (node:internal/streams/writable:766:21)
    at afterWrite (node:internal/streams/writable:710:5)
    at afterWriteTick (node:internal/streams/writable:696:10)
    at processTicksAndRejections (node:internal/process/task_queues:89:21)</failure>
      <failure>Error: write EPIPE
    at afterWriteDispatched (node:internal/stream_base_commons:159:15)
    at writeGeneric (node:internal/stream_base_commons:150:3)
    at Socket._writeGeneric (node:net:966:11)
    at Socket._write (node:net:978:8)
    at writeOrBuffer (node:internal/streams/writable:572:12)
    at _write (node:internal/streams/writable:501:10)
    at Socket.Writable.write (node:internal/streams/writable:510:10)
    at Socket.stream.write (/home/mookyjooky/Dropbox/GITHUB/06 - COMPLETED TOOLS/TECH-Adobe-Enterprise-Automation-PowerShell-Python-Portfolio/node_modules/@jest/reporters/build/VerboseReporter.js:47:7)
    at Console.log (/home/mookyjooky/Dropbox/GITHUB/06 - COMPLETED TOOLS/TECH-Adobe-Enterprise-Automation-PowerShell-Python-Portfolio/node_modules/winston/lib/winston/transports/console.js:87:23)
    at Console._write (/home/mookyjooky/Dropbox/GITHUB/06 - COMPLETED TOOLS/TECH-Adobe-Enterprise-Automation-PowerShell-Python-Portfolio/node_modules/winston-transport/modern.js:103:17)
    at doWrite (/home/mookyjooky/Dropbox/GITHUB/06 - COMPLETED TOOLS/TECH-Adobe-Enterprise-Automation-PowerShell-Python-Portfolio/node_modules/readable-stream/lib/_stream_writable.js:390:139)
    at writeOrBuffer (/home/mookyjooky/Dropbox/GITHUB/06 - COMPLETED TOOLS/TECH-Adobe-Enterprise-Automation-PowerShell-Python-Portfolio/node_modules/readable-stream/lib/_stream_writable.js:381:5)
    at Console.Object.&lt;anonymous&gt;.Writable.write (/home/mookyjooky/Dropbox/GITHUB/06 - COMPLETED TOOLS/TECH-Adobe-Enterprise-Automation-PowerShell-Python-Portfolio/node_modules/readable-stream/lib/_stream_writable.js:302:11)
    at DerivedLogger.ondata (/home/mookyjooky/Dropbox/GITHUB/06 - COMPLETED TOOLS/TECH-Adobe-Enterprise-Automation-PowerShell-Python-Portfolio/node_modules/readable-stream/lib/_stream_readable.js:629:20)
    at DerivedLogger.emit (node:events:531:35)
    at addChunk (/home/mookyjooky/Dropbox/GITHUB/06 - COMPLETED TOOLS/TECH-Adobe-Enterprise-Automation-PowerShell-Python-Portfolio/node_modules/readable-stream/lib/_stream_readable.js:279:12)
    at readableAddChunk (/home/mookyjooky/Dropbox/GITHUB/06 - COMPLETED TOOLS/TECH-Adobe-Enterprise-Automation-PowerShell-Python-Portfolio/node_modules/readable-stream/lib/_stream_readable.js:262:11)
    at DerivedLogger.Object.&lt;anonymous&gt;.Readable.push (/home/mookyjooky/Dropbox/GITHUB/06 - COMPLETED TOOLS/TECH-Adobe-Enterprise-Automation-PowerShell-Python-Portfolio/node_modules/readable-stream/lib/_stream_readable.js:228:10)
    at DerivedLogger.Object.&lt;anonymous&gt;.Transform.push (/home/mookyjooky/Dropbox/GITHUB/06 - COMPLETED TOOLS/TECH-Adobe-Enterprise-Automation-PowerShell-Python-Portfolio/node_modules/readable-stream/lib/_stream_transform.js:132:32)
    at DerivedLogger._transform (/home/mookyjooky/Dropbox/GITHUB/06 - COMPLETED TOOLS/TECH-Adobe-Enterprise-Automation-PowerShell-Python-Portfolio/node_modules/winston/lib/winston/logger.js:314:12)
    at DerivedLogger.Object.&lt;anonymous&gt;.Transform._read (/home/mookyjooky/Dropbox/GITHUB/06 - COMPLETED TOOLS/TECH-Adobe-Enterprise-Automation-PowerShell-Python-Portfolio/node_modules/readable-stream/lib/_stream_transform.js:166:10)
    at DerivedLogger.Object.&lt;anonymous&gt;.Transform._write (/home/mookyjooky/Dropbox/GITHUB/06 - COMPLETED TOOLS/TECH-Adobe-Enterprise-Automation-PowerShell-Python-Portfolio/node_modules/readable-stream/lib/_stream_transform.js:155:83)
    at doWrite (/home/mookyjooky/Dropbox/GITHUB/06 - COMPLETED TOOLS/TECH-Adobe-Enterprise-Automation-PowerShell-Python-Portfolio/node_modules/readable-stream/lib/_stream_writable.js:390:139)
    at writeOrBuffer (/home/mookyjooky/Dropbox/GITHUB/06 - COMPLETED TOOLS/TECH-Adobe-Enterprise-Automation-PowerShell-Python-Portfolio/node_modules/readable-stream/lib/_stream_writable.js:381:5)
    at DerivedLogger.Object.&lt;anonymous&gt;.Writable.write (/home/mookyjooky/Dropbox/GITHUB/06 - COMPLETED TOOLS/TECH-Adobe-Enterprise-Automation-PowerShell-Python-Portfolio/node_modules/readable-stream/lib/_stream_writable.js:302:11)
    at DerivedLogger.&lt;computed&gt; [as info] (/home/mookyjooky/Dropbox/GITHUB/06 - COMPLETED TOOLS/TECH-Adobe-Enterprise-Automation-PowerShell-Python-Portfolio/node_modules/winston/lib/winston/create-logger.js:81:14)
    at ServerResponse.info (/home/mookyjooky/Dropbox/GITHUB/06 - COMPLETED TOOLS/TECH-Adobe-Enterprise-Automation-PowerShell-Python-Portfolio/api/server.js:88:16)
    at ServerResponse.emit (node:events:531:35)
    at onFinish (node:_http_outgoing:1082:10)
    at callback (node:internal/streams/writable:766:21)
    at afterWrite (node:internal/streams/writable:710:5)
    at afterWriteTick (node:internal/streams/writable:696:10)
    at processTicksAndRejections (node:internal/process/task_queues:89:21)</failure>
      <failure>Error: write EPIPE
    at afterWriteDispatched (node:internal/stream_base_commons:159:15)
    at writeGeneric (node:internal/stream_base_commons:150:3)
    at Socket._writeGeneric (node:net:966:11)
    at Socket._write (node:net:978:8)
    at writeOrBuffer (node:internal/streams/writable:572:12)
    at _write (node:internal/streams/writable:501:10)
    at Socket.Writable.write (node:internal/streams/writable:510:10)
    at Socket.stream.write (/home/mookyjooky/Dropbox/GITHUB/06 - COMPLETED TOOLS/TECH-Adobe-Enterprise-Automation-PowerShell-Python-Portfolio/node_modules/@jest/reporters/build/VerboseReporter.js:47:7)
    at Console.log (/home/mookyjooky/Dropbox/GITHUB/06 - COMPLETED TOOLS/TECH-Adobe-Enterprise-Automation-PowerShell-Python-Portfolio/node_modules/winston/lib/winston/transports/console.js:87:23)
    at Console._write (/home/mookyjooky/Dropbox/GITHUB/06 - COMPLETED TOOLS/TECH-Adobe-Enterprise-Automation-PowerShell-Python-Portfolio/node_modules/winston-transport/modern.js:103:17)
    at doWrite (/home/mookyjooky/Dropbox/GITHUB/06 - COMPLETED TOOLS/TECH-Adobe-Enterprise-Automation-PowerShell-Python-Portfolio/node_modules/readable-stream/lib/_stream_writable.js:390:139)
    at writeOrBuffer (/home/mookyjooky/Dropbox/GITHUB/06 - COMPLETED TOOLS/TECH-Adobe-Enterprise-Automation-PowerShell-Python-Portfolio/node_modules/readable-stream/lib/_stream_writable.js:381:5)
    at Console.Object.&lt;anonymous&gt;.Writable.write (/home/mookyjooky/Dropbox/GITHUB/06 - COMPLETED TOOLS/TECH-Adobe-Enterprise-Automation-PowerShell-Python-Portfolio/node_modules/readable-stream/lib/_stream_writable.js:302:11)
    at DerivedLogger.ondata (/home/mookyjooky/Dropbox/GITHUB/06 - COMPLETED TOOLS/TECH-Adobe-Enterprise-Automation-PowerShell-Python-Portfolio/node_modules/readable-stream/lib/_stream_readable.js:629:20)
    at DerivedLogger.emit (node:events:531:35)
    at addChunk (/home/mookyjooky/Dropbox/GITHUB/06 - COMPLETED TOOLS/TECH-Adobe-Enterprise-Automation-PowerShell-Python-Portfolio/node_modules/readable-stream/lib/_stream_readable.js:279:12)
    at readableAddChunk (/home/mookyjooky/Dropbox/GITHUB/06 - COMPLETED TOOLS/TECH-Adobe-Enterprise-Automation-PowerShell-Python-Portfolio/node_modules/readable-stream/lib/_stream_readable.js:262:11)
    at DerivedLogger.Object.&lt;anonymous&gt;.Readable.push (/home/mookyjooky/Dropbox/GITHUB/06 - COMPLETED TOOLS/TECH-Adobe-Enterprise-Automation-PowerShell-Python-Portfolio/node_modules/readable-stream/lib/_stream_readable.js:228:10)
    at DerivedLogger.Object.&lt;anonymous&gt;.Transform.push (/home/mookyjooky/Dropbox/GITHUB/06 - COMPLETED TOOLS/TECH-Adobe-Enterprise-Automation-PowerShell-Python-Portfolio/node_modules/readable-stream/lib/_stream_transform.js:132:32)
    at DerivedLogger._transform (/home/mookyjooky/Dropbox/GITHUB/06 - COMPLETED TOOLS/TECH-Adobe-Enterprise-Automation-PowerShell-Python-Portfolio/node_modules/winston/lib/winston/logger.js:314:12)
    at DerivedLogger.Object.&lt;anonymous&gt;.Transform._read (/home/mookyjooky/Dropbox/GITHUB/06 - COMPLETED TOOLS/TECH-Adobe-Enterprise-Automation-PowerShell-Python-Portfolio/node_modules/readable-stream/lib/_stream_transform.js:166:10)
    at DerivedLogger.Object.&lt;anonymous&gt;.Transform._write (/home/mookyjooky/Dropbox/GITHUB/06 - COMPLETED TOOLS/TECH-Adobe-Enterprise-Automation-PowerShell-Python-Portfolio/node_modules/readable-stream/lib/_stream_transform.js:155:83)
    at doWrite (/home/mookyjooky/Dropbox/GITHUB/06 - COMPLETED TOOLS/TECH-Adobe-Enterprise-Automation-PowerShell-Python-Portfolio/node_modules/readable-stream/lib/_stream_writable.js:390:139)
    at writeOrBuffer (/home/mookyjooky/Dropbox/GITHUB/06 - COMPLETED TOOLS/TECH-Adobe-Enterprise-Automation-PowerShell-Python-Portfolio/node_modules/readable-stream/lib/_stream_writable.js:381:5)
    at DerivedLogger.Object.&lt;anonymous&gt;.Writable.write (/home/mookyjooky/Dropbox/GITHUB/06 - COMPLETED TOOLS/TECH-Adobe-Enterprise-Automation-PowerShell-Python-Portfolio/node_modules/readable-stream/lib/_stream_writable.js:302:11)
    at DerivedLogger.&lt;computed&gt; [as info] (/home/mookyjooky/Dropbox/GITHUB/06 - COMPLETED TOOLS/TECH-Adobe-Enterprise-Automation-PowerShell-Python-Portfolio/node_modules/winston/lib/winston/create-logger.js:81:14)
    at ServerResponse.info (/home/mookyjooky/Dropbox/GITHUB/06 - COMPLETED TOOLS/TECH-Adobe-Enterprise-Automation-PowerShell-Python-Portfolio/api/server.js:88:16)
    at ServerResponse.emit (node:events:531:35)
    at onFinish (node:_http_outgoing:1082:10)
    at callback (node:internal/streams/writable:766:21)
    at afterWrite (node:internal/streams/writable:710:5)
    at afterWriteTick (node:internal/streams/writable:696:10)
    at processTicksAndRejections (node:internal/process/task_queues:89:21)</failure>
      <failure>Error: write EPIPE
    at afterWriteDispatched (node:internal/stream_base_commons:159:15)
    at writeGeneric (node:internal/stream_base_commons:150:3)
    at Socket._writeGeneric (node:net:966:11)
    at Socket._write (node:net:978:8)
    at writeOrBuffer (node:internal/streams/writable:572:12)
    at _write (node:internal/streams/writable:501:10)
    at Socket.Writable.write (node:internal/streams/writable:510:10)
    at Socket.stream.write (/home/mookyjooky/Dropbox/GITHUB/06 - COMPLETED TOOLS/TECH-Adobe-Enterprise-Automation-PowerShell-Python-Portfolio/node_modules/@jest/reporters/build/VerboseReporter.js:47:7)
    at Console.log (/home/mookyjooky/Dropbox/GITHUB/06 - COMPLETED TOOLS/TECH-Adobe-Enterprise-Automation-PowerShell-Python-Portfolio/node_modules/winston/lib/winston/transports/console.js:87:23)
    at Console._write (/home/mookyjooky/Dropbox/GITHUB/06 - COMPLETED TOOLS/TECH-Adobe-Enterprise-Automation-PowerShell-Python-Portfolio/node_modules/winston-transport/modern.js:103:17)
    at doWrite (/home/mookyjooky/Dropbox/GITHUB/06 - COMPLETED TOOLS/TECH-Adobe-Enterprise-Automation-PowerShell-Python-Portfolio/node_modules/readable-stream/lib/_stream_writable.js:390:139)
    at writeOrBuffer (/home/mookyjooky/Dropbox/GITHUB/06 - COMPLETED TOOLS/TECH-Adobe-Enterprise-Automation-PowerShell-Python-Portfolio/node_modules/readable-stream/lib/_stream_writable.js:381:5)
    at Console.Object.&lt;anonymous&gt;.Writable.write (/home/mookyjooky/Dropbox/GITHUB/06 - COMPLETED TOOLS/TECH-Adobe-Enterprise-Automation-PowerShell-Python-Portfolio/node_modules/readable-stream/lib/_stream_writable.js:302:11)
    at DerivedLogger.ondata (/home/mookyjooky/Dropbox/GITHUB/06 - COMPLETED TOOLS/TECH-Adobe-Enterprise-Automation-PowerShell-Python-Portfolio/node_modules/readable-stream/lib/_stream_readable.js:629:20)
    at DerivedLogger.emit (node:events:531:35)
    at addChunk (/home/mookyjooky/Dropbox/GITHUB/06 - COMPLETED TOOLS/TECH-Adobe-Enterprise-Automation-PowerShell-Python-Portfolio/node_modules/readable-stream/lib/_stream_readable.js:279:12)
    at readableAddChunk (/home/mookyjooky/Dropbox/GITHUB/06 - COMPLETED TOOLS/TECH-Adobe-Enterprise-Automation-PowerShell-Python-Portfolio/node_modules/readable-stream/lib/_stream_readable.js:262:11)
    at DerivedLogger.Object.&lt;anonymous&gt;.Readable.push (/home/mookyjooky/Dropbox/GITHUB/06 - COMPLETED TOOLS/TECH-Adobe-Enterprise-Automation-PowerShell-Python-Portfolio/node_modules/readable-stream/lib/_stream_readable.js:228:10)
    at DerivedLogger.Object.&lt;anonymous&gt;.Transform.push (/home/mookyjooky/Dropbox/GITHUB/06 - COMPLETED TOOLS/TECH-Adobe-Enterprise-Automation-PowerShell-Python-Portfolio/node_modules/readable-stream/lib/_stream_transform.js:132:32)
    at DerivedLogger._transform (/home/mookyjooky/Dropbox/GITHUB/06 - COMPLETED TOOLS/TECH-Adobe-Enterprise-Automation-PowerShell-Python-Portfolio/node_modules/winston/lib/winston/logger.js:314:12)
    at DerivedLogger.Object.&lt;anonymous&gt;.Transform._read (/home/mookyjooky/Dropbox/GITHUB/06 - COMPLETED TOOLS/TECH-Adobe-Enterprise-Automation-PowerShell-Python-Portfolio/node_modules/readable-stream/lib/_stream_transform.js:166:10)
    at DerivedLogger.Object.&lt;anonymous&gt;.Transform._write (/home/mookyjooky/Dropbox/GITHUB/06 - COMPLETED TOOLS/TECH-Adobe-Enterprise-Automation-PowerShell-Python-Portfolio/node_modules/readable-stream/lib/_stream_transform.js:155:83)
    at doWrite (/home/mookyjooky/Dropbox/GITHUB/06 - COMPLETED TOOLS/TECH-Adobe-Enterprise-Automation-PowerShell-Python-Portfolio/node_modules/readable-stream/lib/_stream_writable.js:390:139)
    at writeOrBuffer (/home/mookyjooky/Dropbox/GITHUB/06 - COMPLETED TOOLS/TECH-Adobe-Enterprise-Automation-PowerShell-Python-Portfolio/node_modules/readable-stream/lib/_stream_writable.js:381:5)
    at DerivedLogger.Object.&lt;anonymous&gt;.Writable.write (/home/mookyjooky/Dropbox/GITHUB/06 - COMPLETED TOOLS/TECH-Adobe-Enterprise-Automation-PowerShell-Python-Portfolio/node_modules/readable-stream/lib/_stream_writable.js:302:11)
    at DerivedLogger.&lt;computed&gt; [as info] (/home/mookyjooky/Dropbox/GITHUB/06 - COMPLETED TOOLS/TECH-Adobe-Enterprise-Automation-PowerShell-Python-Portfolio/node_modules/winston/lib/winston/create-logger.js:81:14)
    at ServerResponse.info (/home/mookyjooky/Dropbox/GITHUB/06 - COMPLETED TOOLS/TECH-Adobe-Enterprise-Automation-PowerShell-Python-Portfolio/api/server.js:88:16)
    at ServerResponse.emit (node:events:531:35)
    at onFinish (node:_http_outgoing:1082:10)
    at callback (node:internal/streams/writable:766:21)
    at afterWrite (node:internal/streams/writable:710:5)
    at afterWriteTick (node:internal/streams/writable:696:10)
    at processTicksAndRejections (node:internal/process/task_queues:89:21)</failure>
      <failure>Error: write EPIPE
    at afterWriteDispatched (node:internal/stream_base_commons:159:15)
    at writeGeneric (node:internal/stream_base_commons:150:3)
    at Socket._writeGeneric (node:net:966:11)
    at Socket._write (node:net:978:8)
    at writeOrBuffer (node:internal/streams/writable:572:12)
    at _write (node:internal/streams/writable:501:10)
    at Socket.Writable.write (node:internal/streams/writable:510:10)
    at Socket.stream.write (/home/mookyjooky/Dropbox/GITHUB/06 - COMPLETED TOOLS/TECH-Adobe-Enterprise-Automation-PowerShell-Python-Portfolio/node_modules/@jest/reporters/build/VerboseReporter.js:47:7)
    at Console.log (/home/mookyjooky/Dropbox/GITHUB/06 - COMPLETED TOOLS/TECH-Adobe-Enterprise-Automation-PowerShell-Python-Portfolio/node_modules/winston/lib/winston/transports/console.js:87:23)
    at Console._write (/home/mookyjooky/Dropbox/GITHUB/06 - COMPLETED TOOLS/TECH-Adobe-Enterprise-Automation-PowerShell-Python-Portfolio/node_modules/winston-transport/modern.js:103:17)
    at doWrite (/home/mookyjooky/Dropbox/GITHUB/06 - COMPLETED TOOLS/TECH-Adobe-Enterprise-Automation-PowerShell-Python-Portfolio/node_modules/readable-stream/lib/_stream_writable.js:390:139)
    at writeOrBuffer (/home/mookyjooky/Dropbox/GITHUB/06 - COMPLETED TOOLS/TECH-Adobe-Enterprise-Automation-PowerShell-Python-Portfolio/node_modules/readable-stream/lib/_stream_writable.js:381:5)
    at Console.Object.&lt;anonymous&gt;.Writable.write (/home/mookyjooky/Dropbox/GITHUB/06 - COMPLETED TOOLS/TECH-Adobe-Enterprise-Automation-PowerShell-Python-Portfolio/node_modules/readable-stream/lib/_stream_writable.js:302:11)
    at DerivedLogger.ondata (/home/mookyjooky/Dropbox/GITHUB/06 - COMPLETED TOOLS/TECH-Adobe-Enterprise-Automation-PowerShell-Python-Portfolio/node_modules/readable-stream/lib/_stream_readable.js:629:20)
    at DerivedLogger.emit (node:events:531:35)
    at addChunk (/home/mookyjooky/Dropbox/GITHUB/06 - COMPLETED TOOLS/TECH-Adobe-Enterprise-Automation-PowerShell-Python-Portfolio/node_modules/readable-stream/lib/_stream_readable.js:279:12)
    at readableAddChunk (/home/mookyjooky/Dropbox/GITHUB/06 - COMPLETED TOOLS/TECH-Adobe-Enterprise-Automation-PowerShell-Python-Portfolio/node_modules/readable-stream/lib/_stream_readable.js:262:11)
    at DerivedLogger.Object.&lt;anonymous&gt;.Readable.push (/home/mookyjooky/Dropbox/GITHUB/06 - COMPLETED TOOLS/TECH-Adobe-Enterprise-Automation-PowerShell-Python-Portfolio/node_modules/readable-stream/lib/_stream_readable.js:228:10)
    at DerivedLogger.Object.&lt;anonymous&gt;.Transform.push (/home/mookyjooky/Dropbox/GITHUB/06 - COMPLETED TOOLS/TECH-Adobe-Enterprise-Automation-PowerShell-Python-Portfolio/node_modules/readable-stream/lib/_stream_transform.js:132:32)
    at DerivedLogger._transform (/home/mookyjooky/Dropbox/GITHUB/06 - COMPLETED TOOLS/TECH-Adobe-Enterprise-Automation-PowerShell-Python-Portfolio/node_modules/winston/lib/winston/logger.js:314:12)
    at DerivedLogger.Object.&lt;anonymous&gt;.Transform._read (/home/mookyjooky/Dropbox/GITHUB/06 - COMPLETED TOOLS/TECH-Adobe-Enterprise-Automation-PowerShell-Python-Portfolio/node_modules/readable-stream/lib/_stream_transform.js:166:10)
    at DerivedLogger.Object.&lt;anonymous&gt;.Transform._write (/home/mookyjooky/Dropbox/GITHUB/06 - COMPLETED TOOLS/TECH-Adobe-Enterprise-Automation-PowerShell-Python-Portfolio/node_modules/readable-stream/lib/_stream_transform.js:155:83)
    at doWrite (/home/mookyjooky/Dropbox/GITHUB/06 - COMPLETED TOOLS/TECH-Adobe-Enterprise-Automation-PowerShell-Python-Portfolio/node_modules/readable-stream/lib/_stream_writable.js:390:139)
    at writeOrBuffer (/home/mookyjooky/Dropbox/GITHUB/06 - COMPLETED TOOLS/TECH-Adobe-Enterprise-Automation-PowerShell-Python-Portfolio/node_modules/readable-stream/lib/_stream_writable.js:381:5)
    at DerivedLogger.Object.&lt;anonymous&gt;.Writable.write (/home/mookyjooky/Dropbox/GITHUB/06 - COMPLETED TOOLS/TECH-Adobe-Enterprise-Automation-PowerShell-Python-Portfolio/node_modules/readable-stream/lib/_stream_writable.js:302:11)
    at DerivedLogger.&lt;computed&gt; [as info] (/home/mookyjooky/Dropbox/GITHUB/06 - COMPLETED TOOLS/TECH-Adobe-Enterprise-Automation-PowerShell-Python-Portfolio/node_modules/winston/lib/winston/create-logger.js:81:14)
    at ServerResponse.info (/home/mookyjooky/Dropbox/GITHUB/06 - COMPLETED TOOLS/TECH-Adobe-Enterprise-Automation-PowerShell-Python-Portfolio/api/server.js:88:16)
    at ServerResponse.emit (node:events:531:35)
    at onFinish (node:_http_outgoing:1082:10)
    at callback (node:internal/streams/writable:766:21)
    at afterWrite (node:internal/streams/writable:710:5)
    at afterWriteTick (node:internal/streams/writable:696:10)
    at processTicksAndRejections (node:internal/process/task_queues:89:21)</failure>
      <failure>Error: write EPIPE
    at afterWriteDispatched (node:internal/stream_base_commons:159:15)
    at writeGeneric (node:internal/stream_base_commons:150:3)
    at Socket._writeGeneric (node:net:966:11)
    at Socket._write (node:net:978:8)
    at writeOrBuffer (node:internal/streams/writable:572:12)
    at _write (node:internal/streams/writable:501:10)
    at Socket.Writable.write (node:internal/streams/writable:510:10)
    at Socket.stream.write (/home/mookyjooky/Dropbox/GITHUB/06 - COMPLETED TOOLS/TECH-Adobe-Enterprise-Automation-PowerShell-Python-Portfolio/node_modules/@jest/reporters/build/VerboseReporter.js:47:7)
    at Console.log (/home/mookyjooky/Dropbox/GITHUB/06 - COMPLETED TOOLS/TECH-Adobe-Enterprise-Automation-PowerShell-Python-Portfolio/node_modules/winston/lib/winston/transports/console.js:87:23)
    at Console._write (/home/mookyjooky/Dropbox/GITHUB/06 - COMPLETED TOOLS/TECH-Adobe-Enterprise-Automation-PowerShell-Python-Portfolio/node_modules/winston-transport/modern.js:103:17)
    at doWrite (/home/mookyjooky/Dropbox/GITHUB/06 - COMPLETED TOOLS/TECH-Adobe-Enterprise-Automation-PowerShell-Python-Portfolio/node_modules/readable-stream/lib/_stream_writable.js:390:139)
    at writeOrBuffer (/home/mookyjooky/Dropbox/GITHUB/06 - COMPLETED TOOLS/TECH-Adobe-Enterprise-Automation-PowerShell-Python-Portfolio/node_modules/readable-stream/lib/_stream_writable.js:381:5)
    at Console.Object.&lt;anonymous&gt;.Writable.write (/home/mookyjooky/Dropbox/GITHUB/06 - COMPLETED TOOLS/TECH-Adobe-Enterprise-Automation-PowerShell-Python-Portfolio/node_modules/readable-stream/lib/_stream_writable.js:302:11)
    at DerivedLogger.ondata (/home/mookyjooky/Dropbox/GITHUB/06 - COMPLETED TOOLS/TECH-Adobe-Enterprise-Automation-PowerShell-Python-Portfolio/node_modules/readable-stream/lib/_stream_readable.js:629:20)
    at DerivedLogger.emit (node:events:531:35)
    at addChunk (/home/mookyjooky/Dropbox/GITHUB/06 - COMPLETED TOOLS/TECH-Adobe-Enterprise-Automation-PowerShell-Python-Portfolio/node_modules/readable-stream/lib/_stream_readable.js:279:12)
    at readableAddChunk (/home/mookyjooky/Dropbox/GITHUB/06 - COMPLETED TOOLS/TECH-Adobe-Enterprise-Automation-PowerShell-Python-Portfolio/node_modules/readable-stream/lib/_stream_readable.js:262:11)
    at DerivedLogger.Object.&lt;anonymous&gt;.Readable.push (/home/mookyjooky/Dropbox/GITHUB/06 - COMPLETED TOOLS/TECH-Adobe-Enterprise-Automation-PowerShell-Python-Portfolio/node_modules/readable-stream/lib/_stream_readable.js:228:10)
    at DerivedLogger.Object.&lt;anonymous&gt;.Transform.push (/home/mookyjooky/Dropbox/GITHUB/06 - COMPLETED TOOLS/TECH-Adobe-Enterprise-Automation-PowerShell-Python-Portfolio/node_modules/readable-stream/lib/_stream_transform.js:132:32)
    at DerivedLogger._transform (/home/mookyjooky/Dropbox/GITHUB/06 - COMPLETED TOOLS/TECH-Adobe-Enterprise-Automation-PowerShell-Python-Portfolio/node_modules/winston/lib/winston/logger.js:314:12)
    at DerivedLogger.Object.&lt;anonymous&gt;.Transform._read (/home/mookyjooky/Dropbox/GITHUB/06 - COMPLETED TOOLS/TECH-Adobe-Enterprise-Automation-PowerShell-Python-Portfolio/node_modules/readable-stream/lib/_stream_transform.js:166:10)
    at DerivedLogger.Object.&lt;anonymous&gt;.Transform._write (/home/mookyjooky/Dropbox/GITHUB/06 - COMPLETED TOOLS/TECH-Adobe-Enterprise-Automation-PowerShell-Python-Portfolio/node_modules/readable-stream/lib/_stream_transform.js:155:83)
    at doWrite (/home/mookyjooky/Dropbox/GITHUB/06 - COMPLETED TOOLS/TECH-Adobe-Enterprise-Automation-PowerShell-Python-Portfolio/node_modules/readable-stream/lib/_stream_writable.js:390:139)
    at writeOrBuffer (/home/mookyjooky/Dropbox/GITHUB/06 - COMPLETED TOOLS/TECH-Adobe-Enterprise-Automation-PowerShell-Python-Portfolio/node_modules/readable-stream/lib/_stream_writable.js:381:5)
    at DerivedLogger.Object.&lt;anonymous&gt;.Writable.write (/home/mookyjooky/Dropbox/GITHUB/06 - COMPLETED TOOLS/TECH-Adobe-Enterprise-Automation-PowerShell-Python-Portfolio/node_modules/readable-stream/lib/_stream_writable.js:302:11)
    at DerivedLogger.&lt;computed&gt; [as info] (/home/mookyjooky/Dropbox/GITHUB/06 - COMPLETED TOOLS/TECH-Adobe-Enterprise-Automation-PowerShell-Python-Portfolio/node_modules/winston/lib/winston/create-logger.js:81:14)
    at ServerResponse.info (/home/mookyjooky/Dropbox/GITHUB/06 - COMPLETED TOOLS/TECH-Adobe-Enterprise-Automation-PowerShell-Python-Portfolio/api/server.js:88:16)
    at ServerResponse.emit (node:events:531:35)
    at onFinish (node:_http_outgoing:1082:10)
    at callback (node:internal/streams/writable:766:21)
    at afterWrite (node:internal/streams/writable:710:5)
    at afterWriteTick (node:internal/streams/writable:696:10)
    at processTicksAndRejections (node:internal/process/task_queues:89:21)</failure>
      <failure>Error: write EPIPE
    at afterWriteDispatched (node:internal/stream_base_commons:159:15)
    at writeGeneric (node:internal/stream_base_commons:150:3)
    at Socket._writeGeneric (node:net:966:11)
    at Socket._write (node:net:978:8)
    at writeOrBuffer (node:internal/streams/writable:572:12)
    at _write (node:internal/streams/writable:501:10)
    at Socket.Writable.write (node:internal/streams/writable:510:10)
    at Socket.stream.write (/home/mookyjooky/Dropbox/GITHUB/06 - COMPLETED TOOLS/TECH-Adobe-Enterprise-Automation-PowerShell-Python-Portfolio/node_modules/@jest/reporters/build/VerboseReporter.js:47:7)
    at Console.log (/home/mookyjooky/Dropbox/GITHUB/06 - COMPLETED TOOLS/TECH-Adobe-Enterprise-Automation-PowerShell-Python-Portfolio/node_modules/winston/lib/winston/transports/console.js:87:23)
    at Console._write (/home/mookyjooky/Dropbox/GITHUB/06 - COMPLETED TOOLS/TECH-Adobe-Enterprise-Automation-PowerShell-Python-Portfolio/node_modules/winston-transport/modern.js:103:17)
    at doWrite (/home/mookyjooky/Dropbox/GITHUB/06 - COMPLETED TOOLS/TECH-Adobe-Enterprise-Automation-PowerShell-Python-Portfolio/node_modules/readable-stream/lib/_stream_writable.js:390:139)
    at writeOrBuffer (/home/mookyjooky/Dropbox/GITHUB/06 - COMPLETED TOOLS/TECH-Adobe-Enterprise-Automation-PowerShell-Python-Portfolio/node_modules/readable-stream/lib/_stream_writable.js:381:5)
    at Console.Object.&lt;anonymous&gt;.Writable.write (/home/mookyjooky/Dropbox/GITHUB/06 - COMPLETED TOOLS/TECH-Adobe-Enterprise-Automation-PowerShell-Python-Portfolio/node_modules/readable-stream/lib/_stream_writable.js:302:11)
    at DerivedLogger.ondata (/home/mookyjooky/Dropbox/GITHUB/06 - COMPLETED TOOLS/TECH-Adobe-Enterprise-Automation-PowerShell-Python-Portfolio/node_modules/readable-stream/lib/_stream_readable.js:629:20)
    at DerivedLogger.emit (node:events:531:35)
    at addChunk (/home/mookyjooky/Dropbox/GITHUB/06 - COMPLETED TOOLS/TECH-Adobe-Enterprise-Automation-PowerShell-Python-Portfolio/node_modules/readable-stream/lib/_stream_readable.js:279:12)
    at readableAddChunk (/home/mookyjooky/Dropbox/GITHUB/06 - COMPLETED TOOLS/TECH-Adobe-Enterprise-Automation-PowerShell-Python-Portfolio/node_modules/readable-stream/lib/_stream_readable.js:262:11)
    at DerivedLogger.Object.&lt;anonymous&gt;.Readable.push (/home/mookyjooky/Dropbox/GITHUB/06 - COMPLETED TOOLS/TECH-Adobe-Enterprise-Automation-PowerShell-Python-Portfolio/node_modules/readable-stream/lib/_stream_readable.js:228:10)
    at DerivedLogger.Object.&lt;anonymous&gt;.Transform.push (/home/mookyjooky/Dropbox/GITHUB/06 - COMPLETED TOOLS/TECH-Adobe-Enterprise-Automation-PowerShell-Python-Portfolio/node_modules/readable-stream/lib/_stream_transform.js:132:32)
    at DerivedLogger._transform (/home/mookyjooky/Dropbox/GITHUB/06 - COMPLETED TOOLS/TECH-Adobe-Enterprise-Automation-PowerShell-Python-Portfolio/node_modules/winston/lib/winston/logger.js:314:12)
    at DerivedLogger.Object.&lt;anonymous&gt;.Transform._read (/home/mookyjooky/Dropbox/GITHUB/06 - COMPLETED TOOLS/TECH-Adobe-Enterprise-Automation-PowerShell-Python-Portfolio/node_modules/readable-stream/lib/_stream_transform.js:166:10)
    at DerivedLogger.Object.&lt;anonymous&gt;.Transform._write (/home/mookyjooky/Dropbox/GITHUB/06 - COMPLETED TOOLS/TECH-Adobe-Enterprise-Automation-PowerShell-Python-Portfolio/node_modules/readable-stream/lib/_stream_transform.js:155:83)
    at doWrite (/home/mookyjooky/Dropbox/GITHUB/06 - COMPLETED TOOLS/TECH-Adobe-Enterprise-Automation-PowerShell-Python-Portfolio/node_modules/readable-stream/lib/_stream_writable.js:390:139)
    at writeOrBuffer (/home/mookyjooky/Dropbox/GITHUB/06 - COMPLETED TOOLS/TECH-Adobe-Enterprise-Automation-PowerShell-Python-Portfolio/node_modules/readable-stream/lib/_stream_writable.js:381:5)
    at DerivedLogger.Object.&lt;anonymous&gt;.Writable.write (/home/mookyjooky/Dropbox/GITHUB/06 - COMPLETED TOOLS/TECH-Adobe-Enterprise-Automation-PowerShell-Python-Portfolio/node_modules/readable-stream/lib/_stream_writable.js:302:11)
    at DerivedLogger.&lt;computed&gt; [as info] (/home/mookyjooky/Dropbox/GITHUB/06 - COMPLETED TOOLS/TECH-Adobe-Enterprise-Automation-PowerShell-Python-Portfolio/node_modules/winston/lib/winston/create-logger.js:81:14)
    at ServerResponse.info (/home/mookyjooky/Dropbox/GITHUB/06 - COMPLETED TOOLS/TECH-Adobe-Enterprise-Automation-PowerShell-Python-Portfolio/api/server.js:88:16)
    at ServerResponse.emit (node:events:531:35)
    at onFinish (node:_http_outgoing:1082:10)
    at callback (node:internal/streams/writable:766:21)
    at afterWrite (node:internal/streams/writable:710:5)
    at afterWriteTick (node:internal/streams/writable:696:10)
    at processTicksAndRejections (node:internal/process/task_queues:89:21)</failure>
      <failure>Error: write EPIPE
    at afterWriteDispatched (node:internal/stream_base_commons:159:15)
    at writeGeneric (node:internal/stream_base_commons:150:3)
    at Socket._writeGeneric (node:net:966:11)
    at Socket._write (node:net:978:8)
    at writeOrBuffer (node:internal/streams/writable:572:12)
    at _write (node:internal/streams/writable:501:10)
    at Socket.Writable.write (node:internal/streams/writable:510:10)
    at Socket.stream.write (/home/mookyjooky/Dropbox/GITHUB/06 - COMPLETED TOOLS/TECH-Adobe-Enterprise-Automation-PowerShell-Python-Portfolio/node_modules/@jest/reporters/build/VerboseReporter.js:47:7)
    at Console.log (/home/mookyjooky/Dropbox/GITHUB/06 - COMPLETED TOOLS/TECH-Adobe-Enterprise-Automation-PowerShell-Python-Portfolio/node_modules/winston/lib/winston/transports/console.js:87:23)
    at Console._write (/home/mookyjooky/Dropbox/GITHUB/06 - COMPLETED TOOLS/TECH-Adobe-Enterprise-Automation-PowerShell-Python-Portfolio/node_modules/winston-transport/modern.js:103:17)
    at doWrite (/home/mookyjooky/Dropbox/GITHUB/06 - COMPLETED TOOLS/TECH-Adobe-Enterprise-Automation-PowerShell-Python-Portfolio/node_modules/readable-stream/lib/_stream_writable.js:390:139)
    at writeOrBuffer (/home/mookyjooky/Dropbox/GITHUB/06 - COMPLETED TOOLS/TECH-Adobe-Enterprise-Automation-PowerShell-Python-Portfolio/node_modules/readable-stream/lib/_stream_writable.js:381:5)
    at Console.Object.&lt;anonymous&gt;.Writable.write (/home/mookyjooky/Dropbox/GITHUB/06 - COMPLETED TOOLS/TECH-Adobe-Enterprise-Automation-PowerShell-Python-Portfolio/node_modules/readable-stream/lib/_stream_writable.js:302:11)
    at DerivedLogger.ondata (/home/mookyjooky/Dropbox/GITHUB/06 - COMPLETED TOOLS/TECH-Adobe-Enterprise-Automation-PowerShell-Python-Portfolio/node_modules/readable-stream/lib/_stream_readable.js:629:20)
    at DerivedLogger.emit (node:events:531:35)
    at addChunk (/home/mookyjooky/Dropbox/GITHUB/06 - COMPLETED TOOLS/TECH-Adobe-Enterprise-Automation-PowerShell-Python-Portfolio/node_modules/readable-stream/lib/_stream_readable.js:279:12)
    at readableAddChunk (/home/mookyjooky/Dropbox/GITHUB/06 - COMPLETED TOOLS/TECH-Adobe-Enterprise-Automation-PowerShell-Python-Portfolio/node_modules/readable-stream/lib/_stream_readable.js:262:11)
    at DerivedLogger.Object.&lt;anonymous&gt;.Readable.push (/home/mookyjooky/Dropbox/GITHUB/06 - COMPLETED TOOLS/TECH-Adobe-Enterprise-Automation-PowerShell-Python-Portfolio/node_modules/readable-stream/lib/_stream_readable.js:228:10)
    at DerivedLogger.Object.&lt;anonymous&gt;.Transform.push (/home/mookyjooky/Dropbox/GITHUB/06 - COMPLETED TOOLS/TECH-Adobe-Enterprise-Automation-PowerShell-Python-Portfolio/node_modules/readable-stream/lib/_stream_transform.js:132:32)
    at DerivedLogger._transform (/home/mookyjooky/Dropbox/GITHUB/06 - COMPLETED TOOLS/TECH-Adobe-Enterprise-Automation-PowerShell-Python-Portfolio/node_modules/winston/lib/winston/logger.js:314:12)
    at DerivedLogger.Object.&lt;anonymous&gt;.Transform._read (/home/mookyjooky/Dropbox/GITHUB/06 - COMPLETED TOOLS/TECH-Adobe-Enterprise-Automation-PowerShell-Python-Portfolio/node_modules/readable-stream/lib/_stream_transform.js:166:10)
    at DerivedLogger.Object.&lt;anonymous&gt;.Transform._write (/home/mookyjooky/Dropbox/GITHUB/06 - COMPLETED TOOLS/TECH-Adobe-Enterprise-Automation-PowerShell-Python-Portfolio/node_modules/readable-stream/lib/_stream_transform.js:155:83)
    at doWrite (/home/mookyjooky/Dropbox/GITHUB/06 - COMPLETED TOOLS/TECH-Adobe-Enterprise-Automation-PowerShell-Python-Portfolio/node_modules/readable-stream/lib/_stream_writable.js:390:139)
    at writeOrBuffer (/home/mookyjooky/Dropbox/GITHUB/06 - COMPLETED TOOLS/TECH-Adobe-Enterprise-Automation-PowerShell-Python-Portfolio/node_modules/readable-stream/lib/_stream_writable.js:381:5)
    at DerivedLogger.Object.&lt;anonymous&gt;.Writable.write (/home/mookyjooky/Dropbox/GITHUB/06 - COMPLETED TOOLS/TECH-Adobe-Enterprise-Automation-PowerShell-Python-Portfolio/node_modules/readable-stream/lib/_stream_writable.js:302:11)
    at DerivedLogger.&lt;computed&gt; [as info] (/home/mookyjooky/Dropbox/GITHUB/06 - COMPLETED TOOLS/TECH-Adobe-Enterprise-Automation-PowerShell-Python-Portfolio/node_modules/winston/lib/winston/create-logger.js:81:14)
    at ServerResponse.info (/home/mookyjooky/Dropbox/GITHUB/06 - COMPLETED TOOLS/TECH-Adobe-Enterprise-Automation-PowerShell-Python-Portfolio/api/server.js:88:16)
    at ServerResponse.emit (node:events:531:35)
    at onFinish (node:_http_outgoing:1082:10)
    at callback (node:internal/streams/writable:766:21)
    at afterWrite (node:internal/streams/writable:710:5)
    at afterWriteTick (node:internal/streams/writable:696:10)
    at processTicksAndRejections (node:internal/process/task_queues:89:21)</failure>
      <failure>Error: write EPIPE
    at afterWriteDispatched (node:internal/stream_base_commons:159:15)
    at writeGeneric (node:internal/stream_base_commons:150:3)
    at Socket._writeGeneric (node:net:966:11)
    at Socket._write (node:net:978:8)
    at writeOrBuffer (node:internal/streams/writable:572:12)
    at _write (node:internal/streams/writable:501:10)
    at Socket.Writable.write (node:internal/streams/writable:510:10)
    at Socket.stream.write (/home/mookyjooky/Dropbox/GITHUB/06 - COMPLETED TOOLS/TECH-Adobe-Enterprise-Automation-PowerShell-Python-Portfolio/node_modules/@jest/reporters/build/VerboseReporter.js:47:7)
    at Console.log (/home/mookyjooky/Dropbox/GITHUB/06 - COMPLETED TOOLS/TECH-Adobe-Enterprise-Automation-PowerShell-Python-Portfolio/node_modules/winston/lib/winston/transports/console.js:87:23)
    at Console._write (/home/mookyjooky/Dropbox/GITHUB/06 - COMPLETED TOOLS/TECH-Adobe-Enterprise-Automation-PowerShell-Python-Portfolio/node_modules/winston-transport/modern.js:103:17)
    at doWrite (/home/mookyjooky/Dropbox/GITHUB/06 - COMPLETED TOOLS/TECH-Adobe-Enterprise-Automation-PowerShell-Python-Portfolio/node_modules/readable-stream/lib/_stream_writable.js:390:139)
    at writeOrBuffer (/home/mookyjooky/Dropbox/GITHUB/06 - COMPLETED TOOLS/TECH-Adobe-Enterprise-Automation-PowerShell-Python-Portfolio/node_modules/readable-stream/lib/_stream_writable.js:381:5)
    at Console.Object.&lt;anonymous&gt;.Writable.write (/home/mookyjooky/Dropbox/GITHUB/06 - COMPLETED TOOLS/TECH-Adobe-Enterprise-Automation-PowerShell-Python-Portfolio/node_modules/readable-stream/lib/_stream_writable.js:302:11)
    at DerivedLogger.ondata (/home/mookyjooky/Dropbox/GITHUB/06 - COMPLETED TOOLS/TECH-Adobe-Enterprise-Automation-PowerShell-Python-Portfolio/node_modules/readable-stream/lib/_stream_readable.js:629:20)
    at DerivedLogger.emit (node:events:531:35)
    at addChunk (/home/mookyjooky/Dropbox/GITHUB/06 - COMPLETED TOOLS/TECH-Adobe-Enterprise-Automation-PowerShell-Python-Portfolio/node_modules/readable-stream/lib/_stream_readable.js:279:12)
    at readableAddChunk (/home/mookyjooky/Dropbox/GITHUB/06 - COMPLETED TOOLS/TECH-Adobe-Enterprise-Automation-PowerShell-Python-Portfolio/node_modules/readable-stream/lib/_stream_readable.js:262:11)
    at DerivedLogger.Object.&lt;anonymous&gt;.Readable.push (/home/mookyjooky/Dropbox/GITHUB/06 - COMPLETED TOOLS/TECH-Adobe-Enterprise-Automation-PowerShell-Python-Portfolio/node_modules/readable-stream/lib/_stream_readable.js:228:10)
    at DerivedLogger.Object.&lt;anonymous&gt;.Transform.push (/home/mookyjooky/Dropbox/GITHUB/06 - COMPLETED TOOLS/TECH-Adobe-Enterprise-Automation-PowerShell-Python-Portfolio/node_modules/readable-stream/lib/_stream_transform.js:132:32)
    at DerivedLogger._transform (/home/mookyjooky/Dropbox/GITHUB/06 - COMPLETED TOOLS/TECH-Adobe-Enterprise-Automation-PowerShell-Python-Portfolio/node_modules/winston/lib/winston/logger.js:314:12)
    at DerivedLogger.Object.&lt;anonymous&gt;.Transform._read (/home/mookyjooky/Dropbox/GITHUB/06 - COMPLETED TOOLS/TECH-Adobe-Enterprise-Automation-PowerShell-Python-Portfolio/node_modules/readable-stream/lib/_stream_transform.js:166:10)
    at DerivedLogger.Object.&lt;anonymous&gt;.Transform._write (/home/mookyjooky/Dropbox/GITHUB/06 - COMPLETED TOOLS/TECH-Adobe-Enterprise-Automation-PowerShell-Python-Portfolio/node_modules/readable-stream/lib/_stream_transform.js:155:83)
    at doWrite (/home/mookyjooky/Dropbox/GITHUB/06 - COMPLETED TOOLS/TECH-Adobe-Enterprise-Automation-PowerShell-Python-Portfolio/node_modules/readable-stream/lib/_stream_writable.js:390:139)
    at writeOrBuffer (/home/mookyjooky/Dropbox/GITHUB/06 - COMPLETED TOOLS/TECH-Adobe-Enterprise-Automation-PowerShell-Python-Portfolio/node_modules/readable-stream/lib/_stream_writable.js:381:5)
    at DerivedLogger.Object.&lt;anonymous&gt;.Writable.write (/home/mookyjooky/Dropbox/GITHUB/06 - COMPLETED TOOLS/TECH-Adobe-Enterprise-Automation-PowerShell-Python-Portfolio/node_modules/readable-stream/lib/_stream_writable.js:302:11)
    at DerivedLogger.&lt;computed&gt; [as info] (/home/mookyjooky/Dropbox/GITHUB/06 - COMPLETED TOOLS/TECH-Adobe-Enterprise-Automation-PowerShell-Python-Portfolio/node_modules/winston/lib/winston/create-logger.js:81:14)
    at ServerResponse.info (/home/mookyjooky/Dropbox/GITHUB/06 - COMPLETED TOOLS/TECH-Adobe-Enterprise-Automation-PowerShell-Python-Portfolio/api/server.js:88:16)
    at ServerResponse.emit (node:events:531:35)
    at onFinish (node:_http_outgoing:1082:10)
    at callback (node:internal/streams/writable:766:21)
    at afterWrite (node:internal/streams/writable:710:5)
    at afterWriteTick (node:internal/streams/writable:696:10)
    at processTicksAndRejections (node:internal/process/task_queues:89:21)</failure>
      <failure>Error: write EPIPE
    at afterWriteDispatched (node:internal/stream_base_commons:159:15)
    at writeGeneric (node:internal/stream_base_commons:150:3)
    at Socket._writeGeneric (node:net:966:11)
    at Socket._write (node:net:978:8)
    at writeOrBuffer (node:internal/streams/writable:572:12)
    at _write (node:internal/streams/writable:501:10)
    at Socket.Writable.write (node:internal/streams/writable:510:10)
    at Socket.stream.write (/home/mookyjooky/Dropbox/GITHUB/06 - COMPLETED TOOLS/TECH-Adobe-Enterprise-Automation-PowerShell-Python-Portfolio/node_modules/@jest/reporters/build/VerboseReporter.js:47:7)
    at Console.log (/home/mookyjooky/Dropbox/GITHUB/06 - COMPLETED TOOLS/TECH-Adobe-Enterprise-Automation-PowerShell-Python-Portfolio/node_modules/winston/lib/winston/transports/console.js:87:23)
    at Console._write (/home/mookyjooky/Dropbox/GITHUB/06 - COMPLETED TOOLS/TECH-Adobe-Enterprise-Automation-PowerShell-Python-Portfolio/node_modules/winston-transport/modern.js:103:17)
    at doWrite (/home/mookyjooky/Dropbox/GITHUB/06 - COMPLETED TOOLS/TECH-Adobe-Enterprise-Automation-PowerShell-Python-Portfolio/node_modules/readable-stream/lib/_stream_writable.js:390:139)
    at writeOrBuffer (/home/mookyjooky/Dropbox/GITHUB/06 - COMPLETED TOOLS/TECH-Adobe-Enterprise-Automation-PowerShell-Python-Portfolio/node_modules/readable-stream/lib/_stream_writable.js:381:5)
    at Console.Object.&lt;anonymous&gt;.Writable.write (/home/mookyjooky/Dropbox/GITHUB/06 - COMPLETED TOOLS/TECH-Adobe-Enterprise-Automation-PowerShell-Python-Portfolio/node_modules/readable-stream/lib/_stream_writable.js:302:11)
    at DerivedLogger.ondata (/home/mookyjooky/Dropbox/GITHUB/06 - COMPLETED TOOLS/TECH-Adobe-Enterprise-Automation-PowerShell-Python-Portfolio/node_modules/readable-stream/lib/_stream_readable.js:629:20)
    at DerivedLogger.emit (node:events:531:35)
    at addChunk (/home/mookyjooky/Dropbox/GITHUB/06 - COMPLETED TOOLS/TECH-Adobe-Enterprise-Automation-PowerShell-Python-Portfolio/node_modules/readable-stream/lib/_stream_readable.js:279:12)
    at readableAddChunk (/home/mookyjooky/Dropbox/GITHUB/06 - COMPLETED TOOLS/TECH-Adobe-Enterprise-Automation-PowerShell-Python-Portfolio/node_modules/readable-stream/lib/_stream_readable.js:262:11)
    at DerivedLogger.Object.&lt;anonymous&gt;.Readable.push (/home/mookyjooky/Dropbox/GITHUB/06 - COMPLETED TOOLS/TECH-Adobe-Enterprise-Automation-PowerShell-Python-Portfolio/node_modules/readable-stream/lib/_stream_readable.js:228:10)
    at DerivedLogger.Object.&lt;anonymous&gt;.Transform.push (/home/mookyjooky/Dropbox/GITHUB/06 - COMPLETED TOOLS/TECH-Adobe-Enterprise-Automation-PowerShell-Python-Portfolio/node_modules/readable-stream/lib/_stream_transform.js:132:32)
    at DerivedLogger._transform (/home/mookyjooky/Dropbox/GITHUB/06 - COMPLETED TOOLS/TECH-Adobe-Enterprise-Automation-PowerShell-Python-Portfolio/node_modules/winston/lib/winston/logger.js:314:12)
    at DerivedLogger.Object.&lt;anonymous&gt;.Transform._read (/home/mookyjooky/Dropbox/GITHUB/06 - COMPLETED TOOLS/TECH-Adobe-Enterprise-Automation-PowerShell-Python-Portfolio/node_modules/readable-stream/lib/_stream_transform.js:166:10)
    at DerivedLogger.Object.&lt;anonymous&gt;.Transform._write (/home/mookyjooky/Dropbox/GITHUB/06 - COMPLETED TOOLS/TECH-Adobe-Enterprise-Automation-PowerShell-Python-Portfolio/node_modules/readable-stream/lib/_stream_transform.js:155:83)
    at doWrite (/home/mookyjooky/Dropbox/GITHUB/06 - COMPLETED TOOLS/TECH-Adobe-Enterprise-Automation-PowerShell-Python-Portfolio/node_modules/readable-stream/lib/_stream_writable.js:390:139)
    at writeOrBuffer (/home/mookyjooky/Dropbox/GITHUB/06 - COMPLETED TOOLS/TECH-Adobe-Enterprise-Automation-PowerShell-Python-Portfolio/node_modules/readable-stream/lib/_stream_writable.js:381:5)
    at DerivedLogger.Object.&lt;anonymous&gt;.Writable.write (/home/mookyjooky/Dropbox/GITHUB/06 - COMPLETED TOOLS/TECH-Adobe-Enterprise-Automation-PowerShell-Python-Portfolio/node_modules/readable-stream/lib/_stream_writable.js:302:11)
    at DerivedLogger.&lt;computed&gt; [as info] (/home/mookyjooky/Dropbox/GITHUB/06 - COMPLETED TOOLS/TECH-Adobe-Enterprise-Automation-PowerShell-Python-Portfolio/node_modules/winston/lib/winston/create-logger.js:81:14)
    at ServerResponse.info (/home/mookyjooky/Dropbox/GITHUB/06 - COMPLETED TOOLS/TECH-Adobe-Enterprise-Automation-PowerShell-Python-Portfolio/api/server.js:88:16)
    at ServerResponse.emit (node:events:531:35)
    at onFinish (node:_http_outgoing:1082:10)
    at callback (node:internal/streams/writable:766:21)
    at afterWrite (node:internal/streams/writable:710:5)
    at afterWriteTick (node:internal/streams/writable:696:10)
    at processTicksAndRejections (node:internal/process/task_queues:89:21)</failure>
      <failure>Error: write EPIPE
    at afterWriteDispatched (node:internal/stream_base_commons:159:15)
    at writeGeneric (node:internal/stream_base_commons:150:3)
    at Socket._writeGeneric (node:net:966:11)
    at Socket._write (node:net:978:8)
    at writeOrBuffer (node:internal/streams/writable:572:12)
    at _write (node:internal/streams/writable:501:10)
    at Socket.Writable.write (node:internal/streams/writable:510:10)
    at Socket.stream.write (/home/mookyjooky/Dropbox/GITHUB/06 - COMPLETED TOOLS/TECH-Adobe-Enterprise-Automation-PowerShell-Python-Portfolio/node_modules/@jest/reporters/build/VerboseReporter.js:47:7)
    at Console.log (/home/mookyjooky/Dropbox/GITHUB/06 - COMPLETED TOOLS/TECH-Adobe-Enterprise-Automation-PowerShell-Python-Portfolio/node_modules/winston/lib/winston/transports/console.js:87:23)
    at Console._write (/home/mookyjooky/Dropbox/GITHUB/06 - COMPLETED TOOLS/TECH-Adobe-Enterprise-Automation-PowerShell-Python-Portfolio/node_modules/winston-transport/modern.js:103:17)
    at doWrite (/home/mookyjooky/Dropbox/GITHUB/06 - COMPLETED TOOLS/TECH-Adobe-Enterprise-Automation-PowerShell-Python-Portfolio/node_modules/readable-stream/lib/_stream_writable.js:390:139)
    at writeOrBuffer (/home/mookyjooky/Dropbox/GITHUB/06 - COMPLETED TOOLS/TECH-Adobe-Enterprise-Automation-PowerShell-Python-Portfolio/node_modules/readable-stream/lib/_stream_writable.js:381:5)
    at Console.Object.&lt;anonymous&gt;.Writable.write (/home/mookyjooky/Dropbox/GITHUB/06 - COMPLETED TOOLS/TECH-Adobe-Enterprise-Automation-PowerShell-Python-Portfolio/node_modules/readable-stream/lib/_stream_writable.js:302:11)
    at DerivedLogger.ondata (/home/mookyjooky/Dropbox/GITHUB/06 - COMPLETED TOOLS/TECH-Adobe-Enterprise-Automation-PowerShell-Python-Portfolio/node_modules/readable-stream/lib/_stream_readable.js:629:20)
    at DerivedLogger.emit (node:events:531:35)
    at addChunk (/home/mookyjooky/Dropbox/GITHUB/06 - COMPLETED TOOLS/TECH-Adobe-Enterprise-Automation-PowerShell-Python-Portfolio/node_modules/readable-stream/lib/_stream_readable.js:279:12)
    at readableAddChunk (/home/mookyjooky/Dropbox/GITHUB/06 - COMPLETED TOOLS/TECH-Adobe-Enterprise-Automation-PowerShell-Python-Portfolio/node_modules/readable-stream/lib/_stream_readable.js:262:11)
    at DerivedLogger.Object.&lt;anonymous&gt;.Readable.push (/home/mookyjooky/Dropbox/GITHUB/06 - COMPLETED TOOLS/TECH-Adobe-Enterprise-Automation-PowerShell-Python-Portfolio/node_modules/readable-stream/lib/_stream_readable.js:228:10)
    at DerivedLogger.Object.&lt;anonymous&gt;.Transform.push (/home/mookyjooky/Dropbox/GITHUB/06 - COMPLETED TOOLS/TECH-Adobe-Enterprise-Automation-PowerShell-Python-Portfolio/node_modules/readable-stream/lib/_stream_transform.js:132:32)
    at DerivedLogger._transform (/home/mookyjooky/Dropbox/GITHUB/06 - COMPLETED TOOLS/TECH-Adobe-Enterprise-Automation-PowerShell-Python-Portfolio/node_modules/winston/lib/winston/logger.js:314:12)
    at DerivedLogger.Object.&lt;anonymous&gt;.Transform._read (/home/mookyjooky/Dropbox/GITHUB/06 - COMPLETED TOOLS/TECH-Adobe-Enterprise-Automation-PowerShell-Python-Portfolio/node_modules/readable-stream/lib/_stream_transform.js:166:10)
    at DerivedLogger.Object.&lt;anonymous&gt;.Transform._write (/home/mookyjooky/Dropbox/GITHUB/06 - COMPLETED TOOLS/TECH-Adobe-Enterprise-Automation-PowerShell-Python-Portfolio/node_modules/readable-stream/lib/_stream_transform.js:155:83)
    at doWrite (/home/mookyjooky/Dropbox/GITHUB/06 - COMPLETED TOOLS/TECH-Adobe-Enterprise-Automation-PowerShell-Python-Portfolio/node_modules/readable-stream/lib/_stream_writable.js:390:139)
    at writeOrBuffer (/home/mookyjooky/Dropbox/GITHUB/06 - COMPLETED TOOLS/TECH-Adobe-Enterprise-Automation-PowerShell-Python-Portfolio/node_modules/readable-stream/lib/_stream_writable.js:381:5)
    at DerivedLogger.Object.&lt;anonymous&gt;.Writable.write (/home/mookyjooky/Dropbox/GITHUB/06 - COMPLETED TOOLS/TECH-Adobe-Enterprise-Automation-PowerShell-Python-Portfolio/node_modules/readable-stream/lib/_stream_writable.js:302:11)
    at DerivedLogger.&lt;computed&gt; [as info] (/home/mookyjooky/Dropbox/GITHUB/06 - COMPLETED TOOLS/TECH-Adobe-Enterprise-Automation-PowerShell-Python-Portfolio/node_modules/winston/lib/winston/create-logger.js:81:14)
    at ServerResponse.info (/home/mookyjooky/Dropbox/GITHUB/06 - COMPLETED TOOLS/TECH-Adobe-Enterprise-Automation-PowerShell-Python-Portfolio/api/server.js:88:16)
    at ServerResponse.emit (node:events:531:35)
    at onFinish (node:_http_outgoing:1082:10)
    at callback (node:internal/streams/writable:766:21)
    at afterWrite (node:internal/streams/writable:710:5)
    at afterWriteTick (node:internal/streams/writable:696:10)
    at processTicksAndRejections (node:internal/process/task_queues:89:21)</failure>
      <failure>Error: write EPIPE
    at afterWriteDispatched (node:internal/stream_base_commons:159:15)
    at writeGeneric (node:internal/stream_base_commons:150:3)
    at Socket._writeGeneric (node:net:966:11)
    at Socket._write (node:net:978:8)
    at writeOrBuffer (node:internal/streams/writable:572:12)
    at _write (node:internal/streams/writable:501:10)
    at Socket.Writable.write (node:internal/streams/writable:510:10)
    at Socket.stream.write (/home/mookyjooky/Dropbox/GITHUB/06 - COMPLETED TOOLS/TECH-Adobe-Enterprise-Automation-PowerShell-Python-Portfolio/node_modules/@jest/reporters/build/VerboseReporter.js:47:7)
    at Console.log (/home/mookyjooky/Dropbox/GITHUB/06 - COMPLETED TOOLS/TECH-Adobe-Enterprise-Automation-PowerShell-Python-Portfolio/node_modules/winston/lib/winston/transports/console.js:87:23)
    at Console._write (/home/mookyjooky/Dropbox/GITHUB/06 - COMPLETED TOOLS/TECH-Adobe-Enterprise-Automation-PowerShell-Python-Portfolio/node_modules/winston-transport/modern.js:103:17)
    at doWrite (/home/mookyjooky/Dropbox/GITHUB/06 - COMPLETED TOOLS/TECH-Adobe-Enterprise-Automation-PowerShell-Python-Portfolio/node_modules/readable-stream/lib/_stream_writable.js:390:139)
    at writeOrBuffer (/home/mookyjooky/Dropbox/GITHUB/06 - COMPLETED TOOLS/TECH-Adobe-Enterprise-Automation-PowerShell-Python-Portfolio/node_modules/readable-stream/lib/_stream_writable.js:381:5)
    at Console.Object.&lt;anonymous&gt;.Writable.write (/home/mookyjooky/Dropbox/GITHUB/06 - COMPLETED TOOLS/TECH-Adobe-Enterprise-Automation-PowerShell-Python-Portfolio/node_modules/readable-stream/lib/_stream_writable.js:302:11)
    at DerivedLogger.ondata (/home/mookyjooky/Dropbox/GITHUB/06 - COMPLETED TOOLS/TECH-Adobe-Enterprise-Automation-PowerShell-Python-Portfolio/node_modules/readable-stream/lib/_stream_readable.js:629:20)
    at DerivedLogger.emit (node:events:531:35)
    at addChunk (/home/mookyjooky/Dropbox/GITHUB/06 - COMPLETED TOOLS/TECH-Adobe-Enterprise-Automation-PowerShell-Python-Portfolio/node_modules/readable-stream/lib/_stream_readable.js:279:12)
    at readableAddChunk (/home/mookyjooky/Dropbox/GITHUB/06 - COMPLETED TOOLS/TECH-Adobe-Enterprise-Automation-PowerShell-Python-Portfolio/node_modules/readable-stream/lib/_stream_readable.js:262:11)
    at DerivedLogger.Object.&lt;anonymous&gt;.Readable.push (/home/mookyjooky/Dropbox/GITHUB/06 - COMPLETED TOOLS/TECH-Adobe-Enterprise-Automation-PowerShell-Python-Portfolio/node_modules/readable-stream/lib/_stream_readable.js:228:10)
    at DerivedLogger.Object.&lt;anonymous&gt;.Transform.push (/home/mookyjooky/Dropbox/GITHUB/06 - COMPLETED TOOLS/TECH-Adobe-Enterprise-Automation-PowerShell-Python-Portfolio/node_modules/readable-stream/lib/_stream_transform.js:132:32)
    at DerivedLogger._transform (/home/mookyjooky/Dropbox/GITHUB/06 - COMPLETED TOOLS/TECH-Adobe-Enterprise-Automation-PowerShell-Python-Portfolio/node_modules/winston/lib/winston/logger.js:314:12)
    at DerivedLogger.Object.&lt;anonymous&gt;.Transform._read (/home/mookyjooky/Dropbox/GITHUB/06 - COMPLETED TOOLS/TECH-Adobe-Enterprise-Automation-PowerShell-Python-Portfolio/node_modules/readable-stream/lib/_stream_transform.js:166:10)
    at DerivedLogger.Object.&lt;anonymous&gt;.Transform._write (/home/mookyjooky/Dropbox/GITHUB/06 - COMPLETED TOOLS/TECH-Adobe-Enterprise-Automation-PowerShell-Python-Portfolio/node_modules/readable-stream/lib/_stream_transform.js:155:83)
    at doWrite (/home/mookyjooky/Dropbox/GITHUB/06 - COMPLETED TOOLS/TECH-Adobe-Enterprise-Automation-PowerShell-Python-Portfolio/node_modules/readable-stream/lib/_stream_writable.js:390:139)
    at writeOrBuffer (/home/mookyjooky/Dropbox/GITHUB/06 - COMPLETED TOOLS/TECH-Adobe-Enterprise-Automation-PowerShell-Python-Portfolio/node_modules/readable-stream/lib/_stream_writable.js:381:5)
    at DerivedLogger.Object.&lt;anonymous&gt;.Writable.write (/home/mookyjooky/Dropbox/GITHUB/06 - COMPLETED TOOLS/TECH-Adobe-Enterprise-Automation-PowerShell-Python-Portfolio/node_modules/readable-stream/lib/_stream_writable.js:302:11)
    at DerivedLogger.&lt;computed&gt; [as info] (/home/mookyjooky/Dropbox/GITHUB/06 - COMPLETED TOOLS/TECH-Adobe-Enterprise-Automation-PowerShell-Python-Portfolio/node_modules/winston/lib/winston/create-logger.js:81:14)
    at ServerResponse.info (/home/mookyjooky/Dropbox/GITHUB/06 - COMPLETED TOOLS/TECH-Adobe-Enterprise-Automation-PowerShell-Python-Portfolio/api/server.js:88:16)
    at ServerResponse.emit (node:events:531:35)
    at onFinish (node:_http_outgoing:1082:10)
    at callback (node:internal/streams/writable:766:21)
    at afterWrite (node:internal/streams/writable:710:5)
    at afterWriteTick (node:internal/streams/writable:696:10)
    at processTicksAndRejections (node:internal/process/task_queues:89:21)</failure>
      <failure>Error: write EPIPE
    at afterWriteDispatched (node:internal/stream_base_commons:159:15)
    at writeGeneric (node:internal/stream_base_commons:150:3)
    at Socket._writeGeneric (node:net:966:11)
    at Socket._write (node:net:978:8)
    at writeOrBuffer (node:internal/streams/writable:572:12)
    at _write (node:internal/streams/writable:501:10)
    at Socket.Writable.write (node:internal/streams/writable:510:10)
    at Socket.stream.write (/home/mookyjooky/Dropbox/GITHUB/06 - COMPLETED TOOLS/TECH-Adobe-Enterprise-Automation-PowerShell-Python-Portfolio/node_modules/@jest/reporters/build/VerboseReporter.js:47:7)
    at Console.log (/home/mookyjooky/Dropbox/GITHUB/06 - COMPLETED TOOLS/TECH-Adobe-Enterprise-Automation-PowerShell-Python-Portfolio/node_modules/winston/lib/winston/transports/console.js:87:23)
    at Console._write (/home/mookyjooky/Dropbox/GITHUB/06 - COMPLETED TOOLS/TECH-Adobe-Enterprise-Automation-PowerShell-Python-Portfolio/node_modules/winston-transport/modern.js:103:17)
    at doWrite (/home/mookyjooky/Dropbox/GITHUB/06 - COMPLETED TOOLS/TECH-Adobe-Enterprise-Automation-PowerShell-Python-Portfolio/node_modules/readable-stream/lib/_stream_writable.js:390:139)
    at writeOrBuffer (/home/mookyjooky/Dropbox/GITHUB/06 - COMPLETED TOOLS/TECH-Adobe-Enterprise-Automation-PowerShell-Python-Portfolio/node_modules/readable-stream/lib/_stream_writable.js:381:5)
    at Console.Object.&lt;anonymous&gt;.Writable.write (/home/mookyjooky/Dropbox/GITHUB/06 - COMPLETED TOOLS/TECH-Adobe-Enterprise-Automation-PowerShell-Python-Portfolio/node_modules/readable-stream/lib/_stream_writable.js:302:11)
    at DerivedLogger.ondata (/home/mookyjooky/Dropbox/GITHUB/06 - COMPLETED TOOLS/TECH-Adobe-Enterprise-Automation-PowerShell-Python-Portfolio/node_modules/readable-stream/lib/_stream_readable.js:629:20)
    at DerivedLogger.emit (node:events:531:35)
    at addChunk (/home/mookyjooky/Dropbox/GITHUB/06 - COMPLETED TOOLS/TECH-Adobe-Enterprise-Automation-PowerShell-Python-Portfolio/node_modules/readable-stream/lib/_stream_readable.js:279:12)
    at readableAddChunk (/home/mookyjooky/Dropbox/GITHUB/06 - COMPLETED TOOLS/TECH-Adobe-Enterprise-Automation-PowerShell-Python-Portfolio/node_modules/readable-stream/lib/_stream_readable.js:262:11)
    at DerivedLogger.Object.&lt;anonymous&gt;.Readable.push (/home/mookyjooky/Dropbox/GITHUB/06 - COMPLETED TOOLS/TECH-Adobe-Enterprise-Automation-PowerShell-Python-Portfolio/node_modules/readable-stream/lib/_stream_readable.js:228:10)
    at DerivedLogger.Object.&lt;anonymous&gt;.Transform.push (/home/mookyjooky/Dropbox/GITHUB/06 - COMPLETED TOOLS/TECH-Adobe-Enterprise-Automation-PowerShell-Python-Portfolio/node_modules/readable-stream/lib/_stream_transform.js:132:32)
    at DerivedLogger._transform (/home/mookyjooky/Dropbox/GITHUB/06 - COMPLETED TOOLS/TECH-Adobe-Enterprise-Automation-PowerShell-Python-Portfolio/node_modules/winston/lib/winston/logger.js:314:12)
    at DerivedLogger.Object.&lt;anonymous&gt;.Transform._read (/home/mookyjooky/Dropbox/GITHUB/06 - COMPLETED TOOLS/TECH-Adobe-Enterprise-Automation-PowerShell-Python-Portfolio/node_modules/readable-stream/lib/_stream_transform.js:166:10)
    at DerivedLogger.Object.&lt;anonymous&gt;.Transform._write (/home/mookyjooky/Dropbox/GITHUB/06 - COMPLETED TOOLS/TECH-Adobe-Enterprise-Automation-PowerShell-Python-Portfolio/node_modules/readable-stream/lib/_stream_transform.js:155:83)
    at doWrite (/home/mookyjooky/Dropbox/GITHUB/06 - COMPLETED TOOLS/TECH-Adobe-Enterprise-Automation-PowerShell-Python-Portfolio/node_modules/readable-stream/lib/_stream_writable.js:390:139)
    at writeOrBuffer (/home/mookyjooky/Dropbox/GITHUB/06 - COMPLETED TOOLS/TECH-Adobe-Enterprise-Automation-PowerShell-Python-Portfolio/node_modules/readable-stream/lib/_stream_writable.js:381:5)
    at DerivedLogger.Object.&lt;anonymous&gt;.Writable.write (/home/mookyjooky/Dropbox/GITHUB/06 - COMPLETED TOOLS/TECH-Adobe-Enterprise-Automation-PowerShell-Python-Portfolio/node_modules/readable-stream/lib/_stream_writable.js:302:11)
    at DerivedLogger.&lt;computed&gt; [as info] (/home/mookyjooky/Dropbox/GITHUB/06 - COMPLETED TOOLS/TECH-Adobe-Enterprise-Automation-PowerShell-Python-Portfolio/node_modules/winston/lib/winston/create-logger.js:81:14)
    at ServerResponse.info (/home/mookyjooky/Dropbox/GITHUB/06 - COMPLETED TOOLS/TECH-Adobe-Enterprise-Automation-PowerShell-Python-Portfolio/api/server.js:88:16)
    at ServerResponse.emit (node:events:531:35)
    at onFinish (node:_http_outgoing:1082:10)
    at callback (node:internal/streams/writable:766:21)
    at afterWrite (node:internal/streams/writable:710:5)
    at afterWriteTick (node:internal/streams/writable:696:10)
    at processTicksAndRejections (node:internal/process/task_queues:89:21)</failure>
      <failure>Error: write EPIPE
    at afterWriteDispatched (node:internal/stream_base_commons:159:15)
    at writeGeneric (node:internal/stream_base_commons:150:3)
    at Socket._writeGeneric (node:net:966:11)
    at Socket._write (node:net:978:8)
    at writeOrBuffer (node:internal/streams/writable:572:12)
    at _write (node:internal/streams/writable:501:10)
    at Socket.Writable.write (node:internal/streams/writable:510:10)
    at Socket.stream.write (/home/mookyjooky/Dropbox/GITHUB/06 - COMPLETED TOOLS/TECH-Adobe-Enterprise-Automation-PowerShell-Python-Portfolio/node_modules/@jest/reporters/build/VerboseReporter.js:47:7)
    at Console.log (/home/mookyjooky/Dropbox/GITHUB/06 - COMPLETED TOOLS/TECH-Adobe-Enterprise-Automation-PowerShell-Python-Portfolio/node_modules/winston/lib/winston/transports/console.js:87:23)
    at Console._write (/home/mookyjooky/Dropbox/GITHUB/06 - COMPLETED TOOLS/TECH-Adobe-Enterprise-Automation-PowerShell-Python-Portfolio/node_modules/winston-transport/modern.js:103:17)
    at doWrite (/home/mookyjooky/Dropbox/GITHUB/06 - COMPLETED TOOLS/TECH-Adobe-Enterprise-Automation-PowerShell-Python-Portfolio/node_modules/readable-stream/lib/_stream_writable.js:390:139)
    at writeOrBuffer (/home/mookyjooky/Dropbox/GITHUB/06 - COMPLETED TOOLS/TECH-Adobe-Enterprise-Automation-PowerShell-Python-Portfolio/node_modules/readable-stream/lib/_stream_writable.js:381:5)
    at Console.Object.&lt;anonymous&gt;.Writable.write (/home/mookyjooky/Dropbox/GITHUB/06 - COMPLETED TOOLS/TECH-Adobe-Enterprise-Automation-PowerShell-Python-Portfolio/node_modules/readable-stream/lib/_stream_writable.js:302:11)
    at DerivedLogger.ondata (/home/mookyjooky/Dropbox/GITHUB/06 - COMPLETED TOOLS/TECH-Adobe-Enterprise-Automation-PowerShell-Python-Portfolio/node_modules/readable-stream/lib/_stream_readable.js:629:20)
    at DerivedLogger.emit (node:events:531:35)
    at addChunk (/home/mookyjooky/Dropbox/GITHUB/06 - COMPLETED TOOLS/TECH-Adobe-Enterprise-Automation-PowerShell-Python-Portfolio/node_modules/readable-stream/lib/_stream_readable.js:279:12)
    at readableAddChunk (/home/mookyjooky/Dropbox/GITHUB/06 - COMPLETED TOOLS/TECH-Adobe-Enterprise-Automation-PowerShell-Python-Portfolio/node_modules/readable-stream/lib/_stream_readable.js:262:11)
    at DerivedLogger.Object.&lt;anonymous&gt;.Readable.push (/home/mookyjooky/Dropbox/GITHUB/06 - COMPLETED TOOLS/TECH-Adobe-Enterprise-Automation-PowerShell-Python-Portfolio/node_modules/readable-stream/lib/_stream_readable.js:228:10)
    at DerivedLogger.Object.&lt;anonymous&gt;.Transform.push (/home/mookyjooky/Dropbox/GITHUB/06 - COMPLETED TOOLS/TECH-Adobe-Enterprise-Automation-PowerShell-Python-Portfolio/node_modules/readable-stream/lib/_stream_transform.js:132:32)
    at DerivedLogger._transform (/home/mookyjooky/Dropbox/GITHUB/06 - COMPLETED TOOLS/TECH-Adobe-Enterprise-Automation-PowerShell-Python-Portfolio/node_modules/winston/lib/winston/logger.js:314:12)
    at DerivedLogger.Object.&lt;anonymous&gt;.Transform._read (/home/mookyjooky/Dropbox/GITHUB/06 - COMPLETED TOOLS/TECH-Adobe-Enterprise-Automation-PowerShell-Python-Portfolio/node_modules/readable-stream/lib/_stream_transform.js:166:10)
    at DerivedLogger.Object.&lt;anonymous&gt;.Transform._write (/home/mookyjooky/Dropbox/GITHUB/06 - COMPLETED TOOLS/TECH-Adobe-Enterprise-Automation-PowerShell-Python-Portfolio/node_modules/readable-stream/lib/_stream_transform.js:155:83)
    at doWrite (/home/mookyjooky/Dropbox/GITHUB/06 - COMPLETED TOOLS/TECH-Adobe-Enterprise-Automation-PowerShell-Python-Portfolio/node_modules/readable-stream/lib/_stream_writable.js:390:139)
    at writeOrBuffer (/home/mookyjooky/Dropbox/GITHUB/06 - COMPLETED TOOLS/TECH-Adobe-Enterprise-Automation-PowerShell-Python-Portfolio/node_modules/readable-stream/lib/_stream_writable.js:381:5)
    at DerivedLogger.Object.&lt;anonymous&gt;.Writable.write (/home/mookyjooky/Dropbox/GITHUB/06 - COMPLETED TOOLS/TECH-Adobe-Enterprise-Automation-PowerShell-Python-Portfolio/node_modules/readable-stream/lib/_stream_writable.js:302:11)
    at DerivedLogger.&lt;computed&gt; [as info] (/home/mookyjooky/Dropbox/GITHUB/06 - COMPLETED TOOLS/TECH-Adobe-Enterprise-Automation-PowerShell-Python-Portfolio/node_modules/winston/lib/winston/create-logger.js:81:14)
    at ServerResponse.info (/home/mookyjooky/Dropbox/GITHUB/06 - COMPLETED TOOLS/TECH-Adobe-Enterprise-Automation-PowerShell-Python-Portfolio/api/server.js:88:16)
    at ServerResponse.emit (node:events:531:35)
    at onFinish (node:_http_outgoing:1082:10)
    at callback (node:internal/streams/writable:766:21)
    at afterWrite (node:internal/streams/writable:710:5)
    at afterWriteTick (node:internal/streams/writable:696:10)
    at processTicksAndRejections (node:internal/process/task_queues:89:21)</failure>
      <failure>Error: write EPIPE
    at afterWriteDispatched (node:internal/stream_base_commons:159:15)
    at writeGeneric (node:internal/stream_base_commons:150:3)
    at Socket._writeGeneric (node:net:966:11)
    at Socket._write (node:net:978:8)
    at writeOrBuffer (node:internal/streams/writable:572:12)
    at _write (node:internal/streams/writable:501:10)
    at Socket.Writable.write (node:internal/streams/writable:510:10)
    at Socket.stream.write (/home/mookyjooky/Dropbox/GITHUB/06 - COMPLETED TOOLS/TECH-Adobe-Enterprise-Automation-PowerShell-Python-Portfolio/node_modules/@jest/reporters/build/VerboseReporter.js:47:7)
    at Console.log (/home/mookyjooky/Dropbox/GITHUB/06 - COMPLETED TOOLS/TECH-Adobe-Enterprise-Automation-PowerShell-Python-Portfolio/node_modules/winston/lib/winston/transports/console.js:87:23)
    at Console._write (/home/mookyjooky/Dropbox/GITHUB/06 - COMPLETED TOOLS/TECH-Adobe-Enterprise-Automation-PowerShell-Python-Portfolio/node_modules/winston-transport/modern.js:103:17)
    at doWrite (/home/mookyjooky/Dropbox/GITHUB/06 - COMPLETED TOOLS/TECH-Adobe-Enterprise-Automation-PowerShell-Python-Portfolio/node_modules/readable-stream/lib/_stream_writable.js:390:139)
    at writeOrBuffer (/home/mookyjooky/Dropbox/GITHUB/06 - COMPLETED TOOLS/TECH-Adobe-Enterprise-Automation-PowerShell-Python-Portfolio/node_modules/readable-stream/lib/_stream_writable.js:381:5)
    at Console.Object.&lt;anonymous&gt;.Writable.write (/home/mookyjooky/Dropbox/GITHUB/06 - COMPLETED TOOLS/TECH-Adobe-Enterprise-Automation-PowerShell-Python-Portfolio/node_modules/readable-stream/lib/_stream_writable.js:302:11)
    at DerivedLogger.ondata (/home/mookyjooky/Dropbox/GITHUB/06 - COMPLETED TOOLS/TECH-Adobe-Enterprise-Automation-PowerShell-Python-Portfolio/node_modules/readable-stream/lib/_stream_readable.js:629:20)
    at DerivedLogger.emit (node:events:531:35)
    at addChunk (/home/mookyjooky/Dropbox/GITHUB/06 - COMPLETED TOOLS/TECH-Adobe-Enterprise-Automation-PowerShell-Python-Portfolio/node_modules/readable-stream/lib/_stream_readable.js:279:12)
    at readableAddChunk (/home/mookyjooky/Dropbox/GITHUB/06 - COMPLETED TOOLS/TECH-Adobe-Enterprise-Automation-PowerShell-Python-Portfolio/node_modules/readable-stream/lib/_stream_readable.js:262:11)
    at DerivedLogger.Object.&lt;anonymous&gt;.Readable.push (/home/mookyjooky/Dropbox/GITHUB/06 - COMPLETED TOOLS/TECH-Adobe-Enterprise-Automation-PowerShell-Python-Portfolio/node_modules/readable-stream/lib/_stream_readable.js:228:10)
    at DerivedLogger.Object.&lt;anonymous&gt;.Transform.push (/home/mookyjooky/Dropbox/GITHUB/06 - COMPLETED TOOLS/TECH-Adobe-Enterprise-Automation-PowerShell-Python-Portfolio/node_modules/readable-stream/lib/_stream_transform.js:132:32)
    at DerivedLogger._transform (/home/mookyjooky/Dropbox/GITHUB/06 - COMPLETED TOOLS/TECH-Adobe-Enterprise-Automation-PowerShell-Python-Portfolio/node_modules/winston/lib/winston/logger.js:314:12)
    at DerivedLogger.Object.&lt;anonymous&gt;.Transform._read (/home/mookyjooky/Dropbox/GITHUB/06 - COMPLETED TOOLS/TECH-Adobe-Enterprise-Automation-PowerShell-Python-Portfolio/node_modules/readable-stream/lib/_stream_transform.js:166:10)
    at DerivedLogger.Object.&lt;anonymous&gt;.Transform._write (/home/mookyjooky/Dropbox/GITHUB/06 - COMPLETED TOOLS/TECH-Adobe-Enterprise-Automation-PowerShell-Python-Portfolio/node_modules/readable-stream/lib/_stream_transform.js:155:83)
    at doWrite (/home/mookyjooky/Dropbox/GITHUB/06 - COMPLETED TOOLS/TECH-Adobe-Enterprise-Automation-PowerShell-Python-Portfolio/node_modules/readable-stream/lib/_stream_writable.js:390:139)
    at writeOrBuffer (/home/mookyjooky/Dropbox/GITHUB/06 - COMPLETED TOOLS/TECH-Adobe-Enterprise-Automation-PowerShell-Python-Portfolio/node_modules/readable-stream/lib/_stream_writable.js:381:5)
    at DerivedLogger.Object.&lt;anonymous&gt;.Writable.write (/home/mookyjooky/Dropbox/GITHUB/06 - COMPLETED TOOLS/TECH-Adobe-Enterprise-Automation-PowerShell-Python-Portfolio/node_modules/readable-stream/lib/_stream_writable.js:302:11)
    at DerivedLogger.&lt;computed&gt; [as info] (/home/mookyjooky/Dropbox/GITHUB/06 - COMPLETED TOOLS/TECH-Adobe-Enterprise-Automation-PowerShell-Python-Portfolio/node_modules/winston/lib/winston/create-logger.js:81:14)
    at ServerResponse.info (/home/mookyjooky/Dropbox/GITHUB/06 - COMPLETED TOOLS/TECH-Adobe-Enterprise-Automation-PowerShell-Python-Portfolio/api/server.js:88:16)
    at ServerResponse.emit (node:events:531:35)
    at onFinish (node:_http_outgoing:1082:10)
    at callback (node:internal/streams/writable:766:21)
    at afterWrite (node:internal/streams/writable:710:5)
    at afterWriteTick (node:internal/streams/writable:696:10)
    at processTicksAndRejections (node:internal/process/task_queues:89:21)</failure>
      <failure>Error: write EPIPE
    at afterWriteDispatched (node:internal/stream_base_commons:159:15)
    at writeGeneric (node:internal/stream_base_commons:150:3)
    at Socket._writeGeneric (node:net:966:11)
    at Socket._write (node:net:978:8)
    at writeOrBuffer (node:internal/streams/writable:572:12)
    at _write (node:internal/streams/writable:501:10)
    at Socket.Writable.write (node:internal/streams/writable:510:10)
    at Socket.stream.write (/home/mookyjooky/Dropbox/GITHUB/06 - COMPLETED TOOLS/TECH-Adobe-Enterprise-Automation-PowerShell-Python-Portfolio/node_modules/@jest/reporters/build/VerboseReporter.js:47:7)
    at Console.log (/home/mookyjooky/Dropbox/GITHUB/06 - COMPLETED TOOLS/TECH-Adobe-Enterprise-Automation-PowerShell-Python-Portfolio/node_modules/winston/lib/winston/transports/console.js:87:23)
    at Console._write (/home/mookyjooky/Dropbox/GITHUB/06 - COMPLETED TOOLS/TECH-Adobe-Enterprise-Automation-PowerShell-Python-Portfolio/node_modules/winston-transport/modern.js:103:17)
    at doWrite (/home/mookyjooky/Dropbox/GITHUB/06 - COMPLETED TOOLS/TECH-Adobe-Enterprise-Automation-PowerShell-Python-Portfolio/node_modules/readable-stream/lib/_stream_writable.js:390:139)
    at writeOrBuffer (/home/mookyjooky/Dropbox/GITHUB/06 - COMPLETED TOOLS/TECH-Adobe-Enterprise-Automation-PowerShell-Python-Portfolio/node_modules/readable-stream/lib/_stream_writable.js:381:5)
    at Console.Object.&lt;anonymous&gt;.Writable.write (/home/mookyjooky/Dropbox/GITHUB/06 - COMPLETED TOOLS/TECH-Adobe-Enterprise-Automation-PowerShell-Python-Portfolio/node_modules/readable-stream/lib/_stream_writable.js:302:11)
    at DerivedLogger.ondata (/home/mookyjooky/Dropbox/GITHUB/06 - COMPLETED TOOLS/TECH-Adobe-Enterprise-Automation-PowerShell-Python-Portfolio/node_modules/readable-stream/lib/_stream_readable.js:629:20)
    at DerivedLogger.emit (node:events:531:35)
    at addChunk (/home/mookyjooky/Dropbox/GITHUB/06 - COMPLETED TOOLS/TECH-Adobe-Enterprise-Automation-PowerShell-Python-Portfolio/node_modules/readable-stream/lib/_stream_readable.js:279:12)
    at readableAddChunk (/home/mookyjooky/Dropbox/GITHUB/06 - COMPLETED TOOLS/TECH-Adobe-Enterprise-Automation-PowerShell-Python-Portfolio/node_modules/readable-stream/lib/_stream_readable.js:262:11)
    at DerivedLogger.Object.&lt;anonymous&gt;.Readable.push (/home/mookyjooky/Dropbox/GITHUB/06 - COMPLETED TOOLS/TECH-Adobe-Enterprise-Automation-PowerShell-Python-Portfolio/node_modules/readable-stream/lib/_stream_readable.js:228:10)
    at DerivedLogger.Object.&lt;anonymous&gt;.Transform.push (/home/mookyjooky/Dropbox/GITHUB/06 - COMPLETED TOOLS/TECH-Adobe-Enterprise-Automation-PowerShell-Python-Portfolio/node_modules/readable-stream/lib/_stream_transform.js:132:32)
    at DerivedLogger._transform (/home/mookyjooky/Dropbox/GITHUB/06 - COMPLETED TOOLS/TECH-Adobe-Enterprise-Automation-PowerShell-Python-Portfolio/node_modules/winston/lib/winston/logger.js:314:12)
    at DerivedLogger.Object.&lt;anonymous&gt;.Transform._read (/home/mookyjooky/Dropbox/GITHUB/06 - COMPLETED TOOLS/TECH-Adobe-Enterprise-Automation-PowerShell-Python-Portfolio/node_modules/readable-stream/lib/_stream_transform.js:166:10)
    at DerivedLogger.Object.&lt;anonymous&gt;.Transform._write (/home/mookyjooky/Dropbox/GITHUB/06 - COMPLETED TOOLS/TECH-Adobe-Enterprise-Automation-PowerShell-Python-Portfolio/node_modules/readable-stream/lib/_stream_transform.js:155:83)
    at doWrite (/home/mookyjooky/Dropbox/GITHUB/06 - COMPLETED TOOLS/TECH-Adobe-Enterprise-Automation-PowerShell-Python-Portfolio/node_modules/readable-stream/lib/_stream_writable.js:390:139)
    at writeOrBuffer (/home/mookyjooky/Dropbox/GITHUB/06 - COMPLETED TOOLS/TECH-Adobe-Enterprise-Automation-PowerShell-Python-Portfolio/node_modules/readable-stream/lib/_stream_writable.js:381:5)
    at DerivedLogger.Object.&lt;anonymous&gt;.Writable.write (/home/mookyjooky/Dropbox/GITHUB/06 - COMPLETED TOOLS/TECH-Adobe-Enterprise-Automation-PowerShell-Python-Portfolio/node_modules/readable-stream/lib/_stream_writable.js:302:11)
    at DerivedLogger.&lt;computed&gt; [as info] (/home/mookyjooky/Dropbox/GITHUB/06 - COMPLETED TOOLS/TECH-Adobe-Enterprise-Automation-PowerShell-Python-Portfolio/node_modules/winston/lib/winston/create-logger.js:81:14)
    at ServerResponse.info (/home/mookyjooky/Dropbox/GITHUB/06 - COMPLETED TOOLS/TECH-Adobe-Enterprise-Automation-PowerShell-Python-Portfolio/api/server.js:88:16)
    at ServerResponse.emit (node:events:531:35)
    at onFinish (node:_http_outgoing:1082:10)
    at callback (node:internal/streams/writable:766:21)
    at afterWrite (node:internal/streams/writable:710:5)
    at afterWriteTick (node:internal/streams/writable:696:10)
    at processTicksAndRejections (node:internal/process/task_queues:89:21)</failure>
      <failure>Error: write EPIPE
    at afterWriteDispatched (node:internal/stream_base_commons:159:15)
    at writeGeneric (node:internal/stream_base_commons:150:3)
    at Socket._writeGeneric (node:net:966:11)
    at Socket._write (node:net:978:8)
    at writeOrBuffer (node:internal/streams/writable:572:12)
    at _write (node:internal/streams/writable:501:10)
    at Socket.Writable.write (node:internal/streams/writable:510:10)
    at Socket.stream.write (/home/mookyjooky/Dropbox/GITHUB/06 - COMPLETED TOOLS/TECH-Adobe-Enterprise-Automation-PowerShell-Python-Portfolio/node_modules/@jest/reporters/build/VerboseReporter.js:47:7)
    at Console.log (/home/mookyjooky/Dropbox/GITHUB/06 - COMPLETED TOOLS/TECH-Adobe-Enterprise-Automation-PowerShell-Python-Portfolio/node_modules/winston/lib/winston/transports/console.js:87:23)
    at Console._write (/home/mookyjooky/Dropbox/GITHUB/06 - COMPLETED TOOLS/TECH-Adobe-Enterprise-Automation-PowerShell-Python-Portfolio/node_modules/winston-transport/modern.js:103:17)
    at doWrite (/home/mookyjooky/Dropbox/GITHUB/06 - COMPLETED TOOLS/TECH-Adobe-Enterprise-Automation-PowerShell-Python-Portfolio/node_modules/readable-stream/lib/_stream_writable.js:390:139)
    at writeOrBuffer (/home/mookyjooky/Dropbox/GITHUB/06 - COMPLETED TOOLS/TECH-Adobe-Enterprise-Automation-PowerShell-Python-Portfolio/node_modules/readable-stream/lib/_stream_writable.js:381:5)
    at Console.Object.&lt;anonymous&gt;.Writable.write (/home/mookyjooky/Dropbox/GITHUB/06 - COMPLETED TOOLS/TECH-Adobe-Enterprise-Automation-PowerShell-Python-Portfolio/node_modules/readable-stream/lib/_stream_writable.js:302:11)
    at DerivedLogger.ondata (/home/mookyjooky/Dropbox/GITHUB/06 - COMPLETED TOOLS/TECH-Adobe-Enterprise-Automation-PowerShell-Python-Portfolio/node_modules/readable-stream/lib/_stream_readable.js:629:20)
    at DerivedLogger.emit (node:events:531:35)
    at addChunk (/home/mookyjooky/Dropbox/GITHUB/06 - COMPLETED TOOLS/TECH-Adobe-Enterprise-Automation-PowerShell-Python-Portfolio/node_modules/readable-stream/lib/_stream_readable.js:279:12)
    at readableAddChunk (/home/mookyjooky/Dropbox/GITHUB/06 - COMPLETED TOOLS/TECH-Adobe-Enterprise-Automation-PowerShell-Python-Portfolio/node_modules/readable-stream/lib/_stream_readable.js:262:11)
    at DerivedLogger.Object.&lt;anonymous&gt;.Readable.push (/home/mookyjooky/Dropbox/GITHUB/06 - COMPLETED TOOLS/TECH-Adobe-Enterprise-Automation-PowerShell-Python-Portfolio/node_modules/readable-stream/lib/_stream_readable.js:228:10)
    at DerivedLogger.Object.&lt;anonymous&gt;.Transform.push (/home/mookyjooky/Dropbox/GITHUB/06 - COMPLETED TOOLS/TECH-Adobe-Enterprise-Automation-PowerShell-Python-Portfolio/node_modules/readable-stream/lib/_stream_transform.js:132:32)
    at DerivedLogger._transform (/home/mookyjooky/Dropbox/GITHUB/06 - COMPLETED TOOLS/TECH-Adobe-Enterprise-Automation-PowerShell-Python-Portfolio/node_modules/winston/lib/winston/logger.js:314:12)
    at DerivedLogger.Object.&lt;anonymous&gt;.Transform._read (/home/mookyjooky/Dropbox/GITHUB/06 - COMPLETED TOOLS/TECH-Adobe-Enterprise-Automation-PowerShell-Python-Portfolio/node_modules/readable-stream/lib/_stream_transform.js:166:10)
    at DerivedLogger.Object.&lt;anonymous&gt;.Transform._write (/home/mookyjooky/Dropbox/GITHUB/06 - COMPLETED TOOLS/TECH-Adobe-Enterprise-Automation-PowerShell-Python-Portfolio/node_modules/readable-stream/lib/_stream_transform.js:155:83)
    at doWrite (/home/mookyjooky/Dropbox/GITHUB/06 - COMPLETED TOOLS/TECH-Adobe-Enterprise-Automation-PowerShell-Python-Portfolio/node_modules/readable-stream/lib/_stream_writable.js:390:139)
    at writeOrBuffer (/home/mookyjooky/Dropbox/GITHUB/06 - COMPLETED TOOLS/TECH-Adobe-Enterprise-Automation-PowerShell-Python-Portfolio/node_modules/readable-stream/lib/_stream_writable.js:381:5)
    at DerivedLogger.Object.&lt;anonymous&gt;.Writable.write (/home/mookyjooky/Dropbox/GITHUB/06 - COMPLETED TOOLS/TECH-Adobe-Enterprise-Automation-PowerShell-Python-Portfolio/node_modules/readable-stream/lib/_stream_writable.js:302:11)
    at DerivedLogger.&lt;computed&gt; [as info] (/home/mookyjooky/Dropbox/GITHUB/06 - COMPLETED TOOLS/TECH-Adobe-Enterprise-Automation-PowerShell-Python-Portfolio/node_modules/winston/lib/winston/create-logger.js:81:14)
    at ServerResponse.info (/home/mookyjooky/Dropbox/GITHUB/06 - COMPLETED TOOLS/TECH-Adobe-Enterprise-Automation-PowerShell-Python-Portfolio/api/server.js:88:16)
    at ServerResponse.emit (node:events:531:35)
    at onFinish (node:_http_outgoing:1082:10)
    at callback (node:internal/streams/writable:766:21)
    at afterWrite (node:internal/streams/writable:710:5)
    at afterWriteTick (node:internal/streams/writable:696:10)
    at processTicksAndRejections (node:internal/process/task_queues:89:21)</failure>
      <failure>Error: write EPIPE
    at afterWriteDispatched (node:internal/stream_base_commons:159:15)
    at writeGeneric (node:internal/stream_base_commons:150:3)
    at Socket._writeGeneric (node:net:966:11)
    at Socket._write (node:net:978:8)
    at writeOrBuffer (node:internal/streams/writable:572:12)
    at _write (node:internal/streams/writable:501:10)
    at Socket.Writable.write (node:internal/streams/writable:510:10)
    at Socket.stream.write (/home/mookyjooky/Dropbox/GITHUB/06 - COMPLETED TOOLS/TECH-Adobe-Enterprise-Automation-PowerShell-Python-Portfolio/node_modules/@jest/reporters/build/VerboseReporter.js:47:7)
    at Console.log (/home/mookyjooky/Dropbox/GITHUB/06 - COMPLETED TOOLS/TECH-Adobe-Enterprise-Automation-PowerShell-Python-Portfolio/node_modules/winston/lib/winston/transports/console.js:87:23)
    at Console._write (/home/mookyjooky/Dropbox/GITHUB/06 - COMPLETED TOOLS/TECH-Adobe-Enterprise-Automation-PowerShell-Python-Portfolio/node_modules/winston-transport/modern.js:103:17)
    at doWrite (/home/mookyjooky/Dropbox/GITHUB/06 - COMPLETED TOOLS/TECH-Adobe-Enterprise-Automation-PowerShell-Python-Portfolio/node_modules/readable-stream/lib/_stream_writable.js:390:139)
    at writeOrBuffer (/home/mookyjooky/Dropbox/GITHUB/06 - COMPLETED TOOLS/TECH-Adobe-Enterprise-Automation-PowerShell-Python-Portfolio/node_modules/readable-stream/lib/_stream_writable.js:381:5)
    at Console.Object.&lt;anonymous&gt;.Writable.write (/home/mookyjooky/Dropbox/GITHUB/06 - COMPLETED TOOLS/TECH-Adobe-Enterprise-Automation-PowerShell-Python-Portfolio/node_modules/readable-stream/lib/_stream_writable.js:302:11)
    at DerivedLogger.ondata (/home/mookyjooky/Dropbox/GITHUB/06 - COMPLETED TOOLS/TECH-Adobe-Enterprise-Automation-PowerShell-Python-Portfolio/node_modules/readable-stream/lib/_stream_readable.js:629:20)
    at DerivedLogger.emit (node:events:531:35)
    at addChunk (/home/mookyjooky/Dropbox/GITHUB/06 - COMPLETED TOOLS/TECH-Adobe-Enterprise-Automation-PowerShell-Python-Portfolio/node_modules/readable-stream/lib/_stream_readable.js:279:12)
    at readableAddChunk (/home/mookyjooky/Dropbox/GITHUB/06 - COMPLETED TOOLS/TECH-Adobe-Enterprise-Automation-PowerShell-Python-Portfolio/node_modules/readable-stream/lib/_stream_readable.js:262:11)
    at DerivedLogger.Object.&lt;anonymous&gt;.Readable.push (/home/mookyjooky/Dropbox/GITHUB/06 - COMPLETED TOOLS/TECH-Adobe-Enterprise-Automation-PowerShell-Python-Portfolio/node_modules/readable-stream/lib/_stream_readable.js:228:10)
    at DerivedLogger.Object.&lt;anonymous&gt;.Transform.push (/home/mookyjooky/Dropbox/GITHUB/06 - COMPLETED TOOLS/TECH-Adobe-Enterprise-Automation-PowerShell-Python-Portfolio/node_modules/readable-stream/lib/_stream_transform.js:132:32)
    at DerivedLogger._transform (/home/mookyjooky/Dropbox/GITHUB/06 - COMPLETED TOOLS/TECH-Adobe-Enterprise-Automation-PowerShell-Python-Portfolio/node_modules/winston/lib/winston/logger.js:314:12)
    at DerivedLogger.Object.&lt;anonymous&gt;.Transform._read (/home/mookyjooky/Dropbox/GITHUB/06 - COMPLETED TOOLS/TECH-Adobe-Enterprise-Automation-PowerShell-Python-Portfolio/node_modules/readable-stream/lib/_stream_transform.js:166:10)
    at DerivedLogger.Object.&lt;anonymous&gt;.Transform._write (/home/mookyjooky/Dropbox/GITHUB/06 - COMPLETED TOOLS/TECH-Adobe-Enterprise-Automation-PowerShell-Python-Portfolio/node_modules/readable-stream/lib/_stream_transform.js:155:83)
    at doWrite (/home/mookyjooky/Dropbox/GITHUB/06 - COMPLETED TOOLS/TECH-Adobe-Enterprise-Automation-PowerShell-Python-Portfolio/node_modules/readable-stream/lib/_stream_writable.js:390:139)
    at writeOrBuffer (/home/mookyjooky/Dropbox/GITHUB/06 - COMPLETED TOOLS/TECH-Adobe-Enterprise-Automation-PowerShell-Python-Portfolio/node_modules/readable-stream/lib/_stream_writable.js:381:5)
    at DerivedLogger.Object.&lt;anonymous&gt;.Writable.write (/home/mookyjooky/Dropbox/GITHUB/06 - COMPLETED TOOLS/TECH-Adobe-Enterprise-Automation-PowerShell-Python-Portfolio/node_modules/readable-stream/lib/_stream_writable.js:302:11)
    at DerivedLogger.&lt;computed&gt; [as info] (/home/mookyjooky/Dropbox/GITHUB/06 - COMPLETED TOOLS/TECH-Adobe-Enterprise-Automation-PowerShell-Python-Portfolio/node_modules/winston/lib/winston/create-logger.js:81:14)
    at ServerResponse.info (/home/mookyjooky/Dropbox/GITHUB/06 - COMPLETED TOOLS/TECH-Adobe-Enterprise-Automation-PowerShell-Python-Portfolio/api/server.js:88:16)
    at ServerResponse.emit (node:events:531:35)
    at onFinish (node:_http_outgoing:1082:10)
    at callback (node:internal/streams/writable:766:21)
    at afterWrite (node:internal/streams/writable:710:5)
    at afterWriteTick (node:internal/streams/writable:696:10)
    at processTicksAndRejections (node:internal/process/task_queues:89:21)</failure>
      <failure>Error: write EPIPE
    at afterWriteDispatched (node:internal/stream_base_commons:159:15)
    at writeGeneric (node:internal/stream_base_commons:150:3)
    at Socket._writeGeneric (node:net:966:11)
    at Socket._write (node:net:978:8)
    at writeOrBuffer (node:internal/streams/writable:572:12)
    at _write (node:internal/streams/writable:501:10)
    at Socket.Writable.write (node:internal/streams/writable:510:10)
    at Socket.stream.write (/home/mookyjooky/Dropbox/GITHUB/06 - COMPLETED TOOLS/TECH-Adobe-Enterprise-Automation-PowerShell-Python-Portfolio/node_modules/@jest/reporters/build/VerboseReporter.js:47:7)
    at Console.log (/home/mookyjooky/Dropbox/GITHUB/06 - COMPLETED TOOLS/TECH-Adobe-Enterprise-Automation-PowerShell-Python-Portfolio/node_modules/winston/lib/winston/transports/console.js:87:23)
    at Console._write (/home/mookyjooky/Dropbox/GITHUB/06 - COMPLETED TOOLS/TECH-Adobe-Enterprise-Automation-PowerShell-Python-Portfolio/node_modules/winston-transport/modern.js:103:17)
    at doWrite (/home/mookyjooky/Dropbox/GITHUB/06 - COMPLETED TOOLS/TECH-Adobe-Enterprise-Automation-PowerShell-Python-Portfolio/node_modules/readable-stream/lib/_stream_writable.js:390:139)
    at writeOrBuffer (/home/mookyjooky/Dropbox/GITHUB/06 - COMPLETED TOOLS/TECH-Adobe-Enterprise-Automation-PowerShell-Python-Portfolio/node_modules/readable-stream/lib/_stream_writable.js:381:5)
    at Console.Object.&lt;anonymous&gt;.Writable.write (/home/mookyjooky/Dropbox/GITHUB/06 - COMPLETED TOOLS/TECH-Adobe-Enterprise-Automation-PowerShell-Python-Portfolio/node_modules/readable-stream/lib/_stream_writable.js:302:11)
    at DerivedLogger.ondata (/home/mookyjooky/Dropbox/GITHUB/06 - COMPLETED TOOLS/TECH-Adobe-Enterprise-Automation-PowerShell-Python-Portfolio/node_modules/readable-stream/lib/_stream_readable.js:629:20)
    at DerivedLogger.emit (node:events:531:35)
    at addChunk (/home/mookyjooky/Dropbox/GITHUB/06 - COMPLETED TOOLS/TECH-Adobe-Enterprise-Automation-PowerShell-Python-Portfolio/node_modules/readable-stream/lib/_stream_readable.js:279:12)
    at readableAddChunk (/home/mookyjooky/Dropbox/GITHUB/06 - COMPLETED TOOLS/TECH-Adobe-Enterprise-Automation-PowerShell-Python-Portfolio/node_modules/readable-stream/lib/_stream_readable.js:262:11)
    at DerivedLogger.Object.&lt;anonymous&gt;.Readable.push (/home/mookyjooky/Dropbox/GITHUB/06 - COMPLETED TOOLS/TECH-Adobe-Enterprise-Automation-PowerShell-Python-Portfolio/node_modules/readable-stream/lib/_stream_readable.js:228:10)
    at DerivedLogger.Object.&lt;anonymous&gt;.Transform.push (/home/mookyjooky/Dropbox/GITHUB/06 - COMPLETED TOOLS/TECH-Adobe-Enterprise-Automation-PowerShell-Python-Portfolio/node_modules/readable-stream/lib/_stream_transform.js:132:32)
    at DerivedLogger._transform (/home/mookyjooky/Dropbox/GITHUB/06 - COMPLETED TOOLS/TECH-Adobe-Enterprise-Automation-PowerShell-Python-Portfolio/node_modules/winston/lib/winston/logger.js:314:12)
    at DerivedLogger.Object.&lt;anonymous&gt;.Transform._read (/home/mookyjooky/Dropbox/GITHUB/06 - COMPLETED TOOLS/TECH-Adobe-Enterprise-Automation-PowerShell-Python-Portfolio/node_modules/readable-stream/lib/_stream_transform.js:166:10)
    at DerivedLogger.Object.&lt;anonymous&gt;.Transform._write (/home/mookyjooky/Dropbox/GITHUB/06 - COMPLETED TOOLS/TECH-Adobe-Enterprise-Automation-PowerShell-Python-Portfolio/node_modules/readable-stream/lib/_stream_transform.js:155:83)
    at doWrite (/home/mookyjooky/Dropbox/GITHUB/06 - COMPLETED TOOLS/TECH-Adobe-Enterprise-Automation-PowerShell-Python-Portfolio/node_modules/readable-stream/lib/_stream_writable.js:390:139)
    at writeOrBuffer (/home/mookyjooky/Dropbox/GITHUB/06 - COMPLETED TOOLS/TECH-Adobe-Enterprise-Automation-PowerShell-Python-Portfolio/node_modules/readable-stream/lib/_stream_writable.js:381:5)
    at DerivedLogger.Object.&lt;anonymous&gt;.Writable.write (/home/mookyjooky/Dropbox/GITHUB/06 - COMPLETED TOOLS/TECH-Adobe-Enterprise-Automation-PowerShell-Python-Portfolio/node_modules/readable-stream/lib/_stream_writable.js:302:11)
    at DerivedLogger.&lt;computed&gt; [as info] (/home/mookyjooky/Dropbox/GITHUB/06 - COMPLETED TOOLS/TECH-Adobe-Enterprise-Automation-PowerShell-Python-Portfolio/node_modules/winston/lib/winston/create-logger.js:81:14)
    at ServerResponse.info (/home/mookyjooky/Dropbox/GITHUB/06 - COMPLETED TOOLS/TECH-Adobe-Enterprise-Automation-PowerShell-Python-Portfolio/api/server.js:88:16)
    at ServerResponse.emit (node:events:531:35)
    at onFinish (node:_http_outgoing:1082:10)
    at callback (node:internal/streams/writable:766:21)
    at afterWrite (node:internal/streams/writable:710:5)
    at afterWriteTick (node:internal/streams/writable:696:10)
    at processTicksAndRejections (node:internal/process/task_queues:89:21)</failure>
      <failure>Error: write EPIPE
    at afterWriteDispatched (node:internal/stream_base_commons:159:15)
    at writeGeneric (node:internal/stream_base_commons:150:3)
    at Socket._writeGeneric (node:net:966:11)
    at Socket._write (node:net:978:8)
    at writeOrBuffer (node:internal/streams/writable:572:12)
    at _write (node:internal/streams/writable:501:10)
    at Socket.Writable.write (node:internal/streams/writable:510:10)
    at Socket.stream.write (/home/mookyjooky/Dropbox/GITHUB/06 - COMPLETED TOOLS/TECH-Adobe-Enterprise-Automation-PowerShell-Python-Portfolio/node_modules/@jest/reporters/build/VerboseReporter.js:47:7)
    at Console.log (/home/mookyjooky/Dropbox/GITHUB/06 - COMPLETED TOOLS/TECH-Adobe-Enterprise-Automation-PowerShell-Python-Portfolio/node_modules/winston/lib/winston/transports/console.js:87:23)
    at Console._write (/home/mookyjooky/Dropbox/GITHUB/06 - COMPLETED TOOLS/TECH-Adobe-Enterprise-Automation-PowerShell-Python-Portfolio/node_modules/winston-transport/modern.js:103:17)
    at doWrite (/home/mookyjooky/Dropbox/GITHUB/06 - COMPLETED TOOLS/TECH-Adobe-Enterprise-Automation-PowerShell-Python-Portfolio/node_modules/readable-stream/lib/_stream_writable.js:390:139)
    at writeOrBuffer (/home/mookyjooky/Dropbox/GITHUB/06 - COMPLETED TOOLS/TECH-Adobe-Enterprise-Automation-PowerShell-Python-Portfolio/node_modules/readable-stream/lib/_stream_writable.js:381:5)
    at Console.Object.&lt;anonymous&gt;.Writable.write (/home/mookyjooky/Dropbox/GITHUB/06 - COMPLETED TOOLS/TECH-Adobe-Enterprise-Automation-PowerShell-Python-Portfolio/node_modules/readable-stream/lib/_stream_writable.js:302:11)
    at DerivedLogger.ondata (/home/mookyjooky/Dropbox/GITHUB/06 - COMPLETED TOOLS/TECH-Adobe-Enterprise-Automation-PowerShell-Python-Portfolio/node_modules/readable-stream/lib/_stream_readable.js:629:20)
    at DerivedLogger.emit (node:events:531:35)
    at addChunk (/home/mookyjooky/Dropbox/GITHUB/06 - COMPLETED TOOLS/TECH-Adobe-Enterprise-Automation-PowerShell-Python-Portfolio/node_modules/readable-stream/lib/_stream_readable.js:279:12)
    at readableAddChunk (/home/mookyjooky/Dropbox/GITHUB/06 - COMPLETED TOOLS/TECH-Adobe-Enterprise-Automation-PowerShell-Python-Portfolio/node_modules/readable-stream/lib/_stream_readable.js:262:11)
    at DerivedLogger.Object.&lt;anonymous&gt;.Readable.push (/home/mookyjooky/Dropbox/GITHUB/06 - COMPLETED TOOLS/TECH-Adobe-Enterprise-Automation-PowerShell-Python-Portfolio/node_modules/readable-stream/lib/_stream_readable.js:228:10)
    at DerivedLogger.Object.&lt;anonymous&gt;.Transform.push (/home/mookyjooky/Dropbox/GITHUB/06 - COMPLETED TOOLS/TECH-Adobe-Enterprise-Automation-PowerShell-Python-Portfolio/node_modules/readable-stream/lib/_stream_transform.js:132:32)
    at DerivedLogger._transform (/home/mookyjooky/Dropbox/GITHUB/06 - COMPLETED TOOLS/TECH-Adobe-Enterprise-Automation-PowerShell-Python-Portfolio/node_modules/winston/lib/winston/logger.js:314:12)
    at DerivedLogger.Object.&lt;anonymous&gt;.Transform._read (/home/mookyjooky/Dropbox/GITHUB/06 - COMPLETED TOOLS/TECH-Adobe-Enterprise-Automation-PowerShell-Python-Portfolio/node_modules/readable-stream/lib/_stream_transform.js:166:10)
    at DerivedLogger.Object.&lt;anonymous&gt;.Transform._write (/home/mookyjooky/Dropbox/GITHUB/06 - COMPLETED TOOLS/TECH-Adobe-Enterprise-Automation-PowerShell-Python-Portfolio/node_modules/readable-stream/lib/_stream_transform.js:155:83)
    at doWrite (/home/mookyjooky/Dropbox/GITHUB/06 - COMPLETED TOOLS/TECH-Adobe-Enterprise-Automation-PowerShell-Python-Portfolio/node_modules/readable-stream/lib/_stream_writable.js:390:139)
    at writeOrBuffer (/home/mookyjooky/Dropbox/GITHUB/06 - COMPLETED TOOLS/TECH-Adobe-Enterprise-Automation-PowerShell-Python-Portfolio/node_modules/readable-stream/lib/_stream_writable.js:381:5)
    at DerivedLogger.Object.&lt;anonymous&gt;.Writable.write (/home/mookyjooky/Dropbox/GITHUB/06 - COMPLETED TOOLS/TECH-Adobe-Enterprise-Automation-PowerShell-Python-Portfolio/node_modules/readable-stream/lib/_stream_writable.js:302:11)
    at DerivedLogger.&lt;computed&gt; [as info] (/home/mookyjooky/Dropbox/GITHUB/06 - COMPLETED TOOLS/TECH-Adobe-Enterprise-Automation-PowerShell-Python-Portfolio/node_modules/winston/lib/winston/create-logger.js:81:14)
    at ServerResponse.info (/home/mookyjooky/Dropbox/GITHUB/06 - COMPLETED TOOLS/TECH-Adobe-Enterprise-Automation-PowerShell-Python-Portfolio/api/server.js:88:16)
    at ServerResponse.emit (node:events:531:35)
    at onFinish (node:_http_outgoing:1082:10)
    at callback (node:internal/streams/writable:766:21)
    at afterWrite (node:internal/streams/writable:710:5)
    at afterWriteTick (node:internal/streams/writable:696:10)
    at processTicksAndRejections (node:internal/process/task_queues:89:21)</failure>
      <failure>Error: write EPIPE
    at afterWriteDispatched (node:internal/stream_base_commons:159:15)
    at writeGeneric (node:internal/stream_base_commons:150:3)
    at Socket._writeGeneric (node:net:966:11)
    at Socket._write (node:net:978:8)
    at writeOrBuffer (node:internal/streams/writable:572:12)
    at _write (node:internal/streams/writable:501:10)
    at Socket.Writable.write (node:internal/streams/writable:510:10)
    at Socket.stream.write (/home/mookyjooky/Dropbox/GITHUB/06 - COMPLETED TOOLS/TECH-Adobe-Enterprise-Automation-PowerShell-Python-Portfolio/node_modules/@jest/reporters/build/VerboseReporter.js:47:7)
    at Console.log (/home/mookyjooky/Dropbox/GITHUB/06 - COMPLETED TOOLS/TECH-Adobe-Enterprise-Automation-PowerShell-Python-Portfolio/node_modules/winston/lib/winston/transports/console.js:87:23)
    at Console._write (/home/mookyjooky/Dropbox/GITHUB/06 - COMPLETED TOOLS/TECH-Adobe-Enterprise-Automation-PowerShell-Python-Portfolio/node_modules/winston-transport/modern.js:103:17)
    at doWrite (/home/mookyjooky/Dropbox/GITHUB/06 - COMPLETED TOOLS/TECH-Adobe-Enterprise-Automation-PowerShell-Python-Portfolio/node_modules/readable-stream/lib/_stream_writable.js:390:139)
    at writeOrBuffer (/home/mookyjooky/Dropbox/GITHUB/06 - COMPLETED TOOLS/TECH-Adobe-Enterprise-Automation-PowerShell-Python-Portfolio/node_modules/readable-stream/lib/_stream_writable.js:381:5)
    at Console.Object.&lt;anonymous&gt;.Writable.write (/home/mookyjooky/Dropbox/GITHUB/06 - COMPLETED TOOLS/TECH-Adobe-Enterprise-Automation-PowerShell-Python-Portfolio/node_modules/readable-stream/lib/_stream_writable.js:302:11)
    at DerivedLogger.ondata (/home/mookyjooky/Dropbox/GITHUB/06 - COMPLETED TOOLS/TECH-Adobe-Enterprise-Automation-PowerShell-Python-Portfolio/node_modules/readable-stream/lib/_stream_readable.js:629:20)
    at DerivedLogger.emit (node:events:531:35)
    at addChunk (/home/mookyjooky/Dropbox/GITHUB/06 - COMPLETED TOOLS/TECH-Adobe-Enterprise-Automation-PowerShell-Python-Portfolio/node_modules/readable-stream/lib/_stream_readable.js:279:12)
    at readableAddChunk (/home/mookyjooky/Dropbox/GITHUB/06 - COMPLETED TOOLS/TECH-Adobe-Enterprise-Automation-PowerShell-Python-Portfolio/node_modules/readable-stream/lib/_stream_readable.js:262:11)
    at DerivedLogger.Object.&lt;anonymous&gt;.Readable.push (/home/mookyjooky/Dropbox/GITHUB/06 - COMPLETED TOOLS/TECH-Adobe-Enterprise-Automation-PowerShell-Python-Portfolio/node_modules/readable-stream/lib/_stream_readable.js:228:10)
    at DerivedLogger.Object.&lt;anonymous&gt;.Transform.push (/home/mookyjooky/Dropbox/GITHUB/06 - COMPLETED TOOLS/TECH-Adobe-Enterprise-Automation-PowerShell-Python-Portfolio/node_modules/readable-stream/lib/_stream_transform.js:132:32)
    at DerivedLogger._transform (/home/mookyjooky/Dropbox/GITHUB/06 - COMPLETED TOOLS/TECH-Adobe-Enterprise-Automation-PowerShell-Python-Portfolio/node_modules/winston/lib/winston/logger.js:314:12)
    at DerivedLogger.Object.&lt;anonymous&gt;.Transform._read (/home/mookyjooky/Dropbox/GITHUB/06 - COMPLETED TOOLS/TECH-Adobe-Enterprise-Automation-PowerShell-Python-Portfolio/node_modules/readable-stream/lib/_stream_transform.js:166:10)
    at DerivedLogger.Object.&lt;anonymous&gt;.Transform._write (/home/mookyjooky/Dropbox/GITHUB/06 - COMPLETED TOOLS/TECH-Adobe-Enterprise-Automation-PowerShell-Python-Portfolio/node_modules/readable-stream/lib/_stream_transform.js:155:83)
    at doWrite (/home/mookyjooky/Dropbox/GITHUB/06 - COMPLETED TOOLS/TECH-Adobe-Enterprise-Automation-PowerShell-Python-Portfolio/node_modules/readable-stream/lib/_stream_writable.js:390:139)
    at writeOrBuffer (/home/mookyjooky/Dropbox/GITHUB/06 - COMPLETED TOOLS/TECH-Adobe-Enterprise-Automation-PowerShell-Python-Portfolio/node_modules/readable-stream/lib/_stream_writable.js:381:5)
    at DerivedLogger.Object.&lt;anonymous&gt;.Writable.write (/home/mookyjooky/Dropbox/GITHUB/06 - COMPLETED TOOLS/TECH-Adobe-Enterprise-Automation-PowerShell-Python-Portfolio/node_modules/readable-stream/lib/_stream_writable.js:302:11)
    at DerivedLogger.&lt;computed&gt; [as info] (/home/mookyjooky/Dropbox/GITHUB/06 - COMPLETED TOOLS/TECH-Adobe-Enterprise-Automation-PowerShell-Python-Portfolio/node_modules/winston/lib/winston/create-logger.js:81:14)
    at ServerResponse.info (/home/mookyjooky/Dropbox/GITHUB/06 - COMPLETED TOOLS/TECH-Adobe-Enterprise-Automation-PowerShell-Python-Portfolio/api/server.js:88:16)
    at ServerResponse.emit (node:events:531:35)
    at onFinish (node:_http_outgoing:1082:10)
    at callback (node:internal/streams/writable:766:21)
    at afterWrite (node:internal/streams/writable:710:5)
    at afterWriteTick (node:internal/streams/writable:696:10)
    at processTicksAndRejections (node:internal/process/task_queues:89:21)</failure>
      <failure>Error: write EPIPE
    at afterWriteDispatched (node:internal/stream_base_commons:159:15)
    at writeGeneric (node:internal/stream_base_commons:150:3)
    at Socket._writeGeneric (node:net:966:11)
    at Socket._write (node:net:978:8)
    at writeOrBuffer (node:internal/streams/writable:572:12)
    at _write (node:internal/streams/writable:501:10)
    at Socket.Writable.write (node:internal/streams/writable:510:10)
    at Socket.stream.write (/home/mookyjooky/Dropbox/GITHUB/06 - COMPLETED TOOLS/TECH-Adobe-Enterprise-Automation-PowerShell-Python-Portfolio/node_modules/@jest/reporters/build/VerboseReporter.js:47:7)
    at Console.log (/home/mookyjooky/Dropbox/GITHUB/06 - COMPLETED TOOLS/TECH-Adobe-Enterprise-Automation-PowerShell-Python-Portfolio/node_modules/winston/lib/winston/transports/console.js:87:23)
    at Console._write (/home/mookyjooky/Dropbox/GITHUB/06 - COMPLETED TOOLS/TECH-Adobe-Enterprise-Automation-PowerShell-Python-Portfolio/node_modules/winston-transport/modern.js:103:17)
    at doWrite (/home/mookyjooky/Dropbox/GITHUB/06 - COMPLETED TOOLS/TECH-Adobe-Enterprise-Automation-PowerShell-Python-Portfolio/node_modules/readable-stream/lib/_stream_writable.js:390:139)
    at writeOrBuffer (/home/mookyjooky/Dropbox/GITHUB/06 - COMPLETED TOOLS/TECH-Adobe-Enterprise-Automation-PowerShell-Python-Portfolio/node_modules/readable-stream/lib/_stream_writable.js:381:5)
    at Console.Object.&lt;anonymous&gt;.Writable.write (/home/mookyjooky/Dropbox/GITHUB/06 - COMPLETED TOOLS/TECH-Adobe-Enterprise-Automation-PowerShell-Python-Portfolio/node_modules/readable-stream/lib/_stream_writable.js:302:11)
    at DerivedLogger.ondata (/home/mookyjooky/Dropbox/GITHUB/06 - COMPLETED TOOLS/TECH-Adobe-Enterprise-Automation-PowerShell-Python-Portfolio/node_modules/readable-stream/lib/_stream_readable.js:629:20)
    at DerivedLogger.emit (node:events:531:35)
    at addChunk (/home/mookyjooky/Dropbox/GITHUB/06 - COMPLETED TOOLS/TECH-Adobe-Enterprise-Automation-PowerShell-Python-Portfolio/node_modules/readable-stream/lib/_stream_readable.js:279:12)
    at readableAddChunk (/home/mookyjooky/Dropbox/GITHUB/06 - COMPLETED TOOLS/TECH-Adobe-Enterprise-Automation-PowerShell-Python-Portfolio/node_modules/readable-stream/lib/_stream_readable.js:262:11)
    at DerivedLogger.Object.&lt;anonymous&gt;.Readable.push (/home/mookyjooky/Dropbox/GITHUB/06 - COMPLETED TOOLS/TECH-Adobe-Enterprise-Automation-PowerShell-Python-Portfolio/node_modules/readable-stream/lib/_stream_readable.js:228:10)
    at DerivedLogger.Object.&lt;anonymous&gt;.Transform.push (/home/mookyjooky/Dropbox/GITHUB/06 - COMPLETED TOOLS/TECH-Adobe-Enterprise-Automation-PowerShell-Python-Portfolio/node_modules/readable-stream/lib/_stream_transform.js:132:32)
    at DerivedLogger._transform (/home/mookyjooky/Dropbox/GITHUB/06 - COMPLETED TOOLS/TECH-Adobe-Enterprise-Automation-PowerShell-Python-Portfolio/node_modules/winston/lib/winston/logger.js:314:12)
    at DerivedLogger.Object.&lt;anonymous&gt;.Transform._read (/home/mookyjooky/Dropbox/GITHUB/06 - COMPLETED TOOLS/TECH-Adobe-Enterprise-Automation-PowerShell-Python-Portfolio/node_modules/readable-stream/lib/_stream_transform.js:166:10)
    at DerivedLogger.Object.&lt;anonymous&gt;.Transform._write (/home/mookyjooky/Dropbox/GITHUB/06 - COMPLETED TOOLS/TECH-Adobe-Enterprise-Automation-PowerShell-Python-Portfolio/node_modules/readable-stream/lib/_stream_transform.js:155:83)
    at doWrite (/home/mookyjooky/Dropbox/GITHUB/06 - COMPLETED TOOLS/TECH-Adobe-Enterprise-Automation-PowerShell-Python-Portfolio/node_modules/readable-stream/lib/_stream_writable.js:390:139)
    at writeOrBuffer (/home/mookyjooky/Dropbox/GITHUB/06 - COMPLETED TOOLS/TECH-Adobe-Enterprise-Automation-PowerShell-Python-Portfolio/node_modules/readable-stream/lib/_stream_writable.js:381:5)
    at DerivedLogger.Object.&lt;anonymous&gt;.Writable.write (/home/mookyjooky/Dropbox/GITHUB/06 - COMPLETED TOOLS/TECH-Adobe-Enterprise-Automation-PowerShell-Python-Portfolio/node_modules/readable-stream/lib/_stream_writable.js:302:11)
    at DerivedLogger.&lt;computed&gt; [as info] (/home/mookyjooky/Dropbox/GITHUB/06 - COMPLETED TOOLS/TECH-Adobe-Enterprise-Automation-PowerShell-Python-Portfolio/node_modules/winston/lib/winston/create-logger.js:81:14)
    at ServerResponse.info (/home/mookyjooky/Dropbox/GITHUB/06 - COMPLETED TOOLS/TECH-Adobe-Enterprise-Automation-PowerShell-Python-Portfolio/api/server.js:88:16)
    at ServerResponse.emit (node:events:531:35)
    at onFinish (node:_http_outgoing:1082:10)
    at callback (node:internal/streams/writable:766:21)
    at afterWrite (node:internal/streams/writable:710:5)
    at afterWriteTick (node:internal/streams/writable:696:10)
    at processTicksAndRejections (node:internal/process/task_queues:89:21)</failure>
      <failure>Error: write EPIPE
    at afterWriteDispatched (node:internal/stream_base_commons:159:15)
    at writeGeneric (node:internal/stream_base_commons:150:3)
    at Socket._writeGeneric (node:net:966:11)
    at Socket._write (node:net:978:8)
    at writeOrBuffer (node:internal/streams/writable:572:12)
    at _write (node:internal/streams/writable:501:10)
    at Socket.Writable.write (node:internal/streams/writable:510:10)
    at Socket.stream.write (/home/mookyjooky/Dropbox/GITHUB/06 - COMPLETED TOOLS/TECH-Adobe-Enterprise-Automation-PowerShell-Python-Portfolio/node_modules/@jest/reporters/build/VerboseReporter.js:47:7)
    at Console.log (/home/mookyjooky/Dropbox/GITHUB/06 - COMPLETED TOOLS/TECH-Adobe-Enterprise-Automation-PowerShell-Python-Portfolio/node_modules/winston/lib/winston/transports/console.js:87:23)
    at Console._write (/home/mookyjooky/Dropbox/GITHUB/06 - COMPLETED TOOLS/TECH-Adobe-Enterprise-Automation-PowerShell-Python-Portfolio/node_modules/winston-transport/modern.js:103:17)
    at doWrite (/home/mookyjooky/Dropbox/GITHUB/06 - COMPLETED TOOLS/TECH-Adobe-Enterprise-Automation-PowerShell-Python-Portfolio/node_modules/readable-stream/lib/_stream_writable.js:390:139)
    at writeOrBuffer (/home/mookyjooky/Dropbox/GITHUB/06 - COMPLETED TOOLS/TECH-Adobe-Enterprise-Automation-PowerShell-Python-Portfolio/node_modules/readable-stream/lib/_stream_writable.js:381:5)
    at Console.Object.&lt;anonymous&gt;.Writable.write (/home/mookyjooky/Dropbox/GITHUB/06 - COMPLETED TOOLS/TECH-Adobe-Enterprise-Automation-PowerShell-Python-Portfolio/node_modules/readable-stream/lib/_stream_writable.js:302:11)
    at DerivedLogger.ondata (/home/mookyjooky/Dropbox/GITHUB/06 - COMPLETED TOOLS/TECH-Adobe-Enterprise-Automation-PowerShell-Python-Portfolio/node_modules/readable-stream/lib/_stream_readable.js:629:20)
    at DerivedLogger.emit (node:events:531:35)
    at addChunk (/home/mookyjooky/Dropbox/GITHUB/06 - COMPLETED TOOLS/TECH-Adobe-Enterprise-Automation-PowerShell-Python-Portfolio/node_modules/readable-stream/lib/_stream_readable.js:279:12)
    at readableAddChunk (/home/mookyjooky/Dropbox/GITHUB/06 - COMPLETED TOOLS/TECH-Adobe-Enterprise-Automation-PowerShell-Python-Portfolio/node_modules/readable-stream/lib/_stream_readable.js:262:11)
    at DerivedLogger.Object.&lt;anonymous&gt;.Readable.push (/home/mookyjooky/Dropbox/GITHUB/06 - COMPLETED TOOLS/TECH-Adobe-Enterprise-Automation-PowerShell-Python-Portfolio/node_modules/readable-stream/lib/_stream_readable.js:228:10)
    at DerivedLogger.Object.&lt;anonymous&gt;.Transform.push (/home/mookyjooky/Dropbox/GITHUB/06 - COMPLETED TOOLS/TECH-Adobe-Enterprise-Automation-PowerShell-Python-Portfolio/node_modules/readable-stream/lib/_stream_transform.js:132:32)
    at DerivedLogger._transform (/home/mookyjooky/Dropbox/GITHUB/06 - COMPLETED TOOLS/TECH-Adobe-Enterprise-Automation-PowerShell-Python-Portfolio/node_modules/winston/lib/winston/logger.js:314:12)
    at DerivedLogger.Object.&lt;anonymous&gt;.Transform._read (/home/mookyjooky/Dropbox/GITHUB/06 - COMPLETED TOOLS/TECH-Adobe-Enterprise-Automation-PowerShell-Python-Portfolio/node_modules/readable-stream/lib/_stream_transform.js:166:10)
    at DerivedLogger.Object.&lt;anonymous&gt;.Transform._write (/home/mookyjooky/Dropbox/GITHUB/06 - COMPLETED TOOLS/TECH-Adobe-Enterprise-Automation-PowerShell-Python-Portfolio/node_modules/readable-stream/lib/_stream_transform.js:155:83)
    at doWrite (/home/mookyjooky/Dropbox/GITHUB/06 - COMPLETED TOOLS/TECH-Adobe-Enterprise-Automation-PowerShell-Python-Portfolio/node_modules/readable-stream/lib/_stream_writable.js:390:139)
    at writeOrBuffer (/home/mookyjooky/Dropbox/GITHUB/06 - COMPLETED TOOLS/TECH-Adobe-Enterprise-Automation-PowerShell-Python-Portfolio/node_modules/readable-stream/lib/_stream_writable.js:381:5)
    at DerivedLogger.Object.&lt;anonymous&gt;.Writable.write (/home/mookyjooky/Dropbox/GITHUB/06 - COMPLETED TOOLS/TECH-Adobe-Enterprise-Automation-PowerShell-Python-Portfolio/node_modules/readable-stream/lib/_stream_writable.js:302:11)
    at DerivedLogger.&lt;computed&gt; [as info] (/home/mookyjooky/Dropbox/GITHUB/06 - COMPLETED TOOLS/TECH-Adobe-Enterprise-Automation-PowerShell-Python-Portfolio/node_modules/winston/lib/winston/create-logger.js:81:14)
    at ServerResponse.info (/home/mookyjooky/Dropbox/GITHUB/06 - COMPLETED TOOLS/TECH-Adobe-Enterprise-Automation-PowerShell-Python-Portfolio/api/server.js:88:16)
    at ServerResponse.emit (node:events:531:35)
    at onFinish (node:_http_outgoing:1082:10)
    at callback (node:internal/streams/writable:766:21)
    at afterWrite (node:internal/streams/writable:710:5)
    at afterWriteTick (node:internal/streams/writable:696:10)
    at processTicksAndRejections (node:internal/process/task_queues:89:21)</failure>
      <failure>Error: write EPIPE
    at afterWriteDispatched (node:internal/stream_base_commons:159:15)
    at writeGeneric (node:internal/stream_base_commons:150:3)
    at Socket._writeGeneric (node:net:966:11)
    at Socket._write (node:net:978:8)
    at writeOrBuffer (node:internal/streams/writable:572:12)
    at _write (node:internal/streams/writable:501:10)
    at Socket.Writable.write (node:internal/streams/writable:510:10)
    at Socket.stream.write (/home/mookyjooky/Dropbox/GITHUB/06 - COMPLETED TOOLS/TECH-Adobe-Enterprise-Automation-PowerShell-Python-Portfolio/node_modules/@jest/reporters/build/VerboseReporter.js:47:7)
    at Console.log (/home/mookyjooky/Dropbox/GITHUB/06 - COMPLETED TOOLS/TECH-Adobe-Enterprise-Automation-PowerShell-Python-Portfolio/node_modules/winston/lib/winston/transports/console.js:87:23)
    at Console._write (/home/mookyjooky/Dropbox/GITHUB/06 - COMPLETED TOOLS/TECH-Adobe-Enterprise-Automation-PowerShell-Python-Portfolio/node_modules/winston-transport/modern.js:103:17)
    at doWrite (/home/mookyjooky/Dropbox/GITHUB/06 - COMPLETED TOOLS/TECH-Adobe-Enterprise-Automation-PowerShell-Python-Portfolio/node_modules/readable-stream/lib/_stream_writable.js:390:139)
    at writeOrBuffer (/home/mookyjooky/Dropbox/GITHUB/06 - COMPLETED TOOLS/TECH-Adobe-Enterprise-Automation-PowerShell-Python-Portfolio/node_modules/readable-stream/lib/_stream_writable.js:381:5)
    at Console.Object.&lt;anonymous&gt;.Writable.write (/home/mookyjooky/Dropbox/GITHUB/06 - COMPLETED TOOLS/TECH-Adobe-Enterprise-Automation-PowerShell-Python-Portfolio/node_modules/readable-stream/lib/_stream_writable.js:302:11)
    at DerivedLogger.ondata (/home/mookyjooky/Dropbox/GITHUB/06 - COMPLETED TOOLS/TECH-Adobe-Enterprise-Automation-PowerShell-Python-Portfolio/node_modules/readable-stream/lib/_stream_readable.js:629:20)
    at DerivedLogger.emit (node:events:531:35)
    at addChunk (/home/mookyjooky/Dropbox/GITHUB/06 - COMPLETED TOOLS/TECH-Adobe-Enterprise-Automation-PowerShell-Python-Portfolio/node_modules/readable-stream/lib/_stream_readable.js:279:12)
    at readableAddChunk (/home/mookyjooky/Dropbox/GITHUB/06 - COMPLETED TOOLS/TECH-Adobe-Enterprise-Automation-PowerShell-Python-Portfolio/node_modules/readable-stream/lib/_stream_readable.js:262:11)
    at DerivedLogger.Object.&lt;anonymous&gt;.Readable.push (/home/mookyjooky/Dropbox/GITHUB/06 - COMPLETED TOOLS/TECH-Adobe-Enterprise-Automation-PowerShell-Python-Portfolio/node_modules/readable-stream/lib/_stream_readable.js:228:10)
    at DerivedLogger.Object.&lt;anonymous&gt;.Transform.push (/home/mookyjooky/Dropbox/GITHUB/06 - COMPLETED TOOLS/TECH-Adobe-Enterprise-Automation-PowerShell-Python-Portfolio/node_modules/readable-stream/lib/_stream_transform.js:132:32)
    at DerivedLogger._transform (/home/mookyjooky/Dropbox/GITHUB/06 - COMPLETED TOOLS/TECH-Adobe-Enterprise-Automation-PowerShell-Python-Portfolio/node_modules/winston/lib/winston/logger.js:314:12)
    at DerivedLogger.Object.&lt;anonymous&gt;.Transform._read (/home/mookyjooky/Dropbox/GITHUB/06 - COMPLETED TOOLS/TECH-Adobe-Enterprise-Automation-PowerShell-Python-Portfolio/node_modules/readable-stream/lib/_stream_transform.js:166:10)
    at DerivedLogger.Object.&lt;anonymous&gt;.Transform._write (/home/mookyjooky/Dropbox/GITHUB/06 - COMPLETED TOOLS/TECH-Adobe-Enterprise-Automation-PowerShell-Python-Portfolio/node_modules/readable-stream/lib/_stream_transform.js:155:83)
    at doWrite (/home/mookyjooky/Dropbox/GITHUB/06 - COMPLETED TOOLS/TECH-Adobe-Enterprise-Automation-PowerShell-Python-Portfolio/node_modules/readable-stream/lib/_stream_writable.js:390:139)
    at writeOrBuffer (/home/mookyjooky/Dropbox/GITHUB/06 - COMPLETED TOOLS/TECH-Adobe-Enterprise-Automation-PowerShell-Python-Portfolio/node_modules/readable-stream/lib/_stream_writable.js:381:5)
    at DerivedLogger.Object.&lt;anonymous&gt;.Writable.write (/home/mookyjooky/Dropbox/GITHUB/06 - COMPLETED TOOLS/TECH-Adobe-Enterprise-Automation-PowerShell-Python-Portfolio/node_modules/readable-stream/lib/_stream_writable.js:302:11)
    at DerivedLogger.&lt;computed&gt; [as info] (/home/mookyjooky/Dropbox/GITHUB/06 - COMPLETED TOOLS/TECH-Adobe-Enterprise-Automation-PowerShell-Python-Portfolio/node_modules/winston/lib/winston/create-logger.js:81:14)
    at ServerResponse.info (/home/mookyjooky/Dropbox/GITHUB/06 - COMPLETED TOOLS/TECH-Adobe-Enterprise-Automation-PowerShell-Python-Portfolio/api/server.js:88:16)
    at ServerResponse.emit (node:events:531:35)
    at onFinish (node:_http_outgoing:1082:10)
    at callback (node:internal/streams/writable:766:21)
    at afterWrite (node:internal/streams/writable:710:5)
    at afterWriteTick (node:internal/streams/writable:696:10)
    at processTicksAndRejections (node:internal/process/task_queues:89:21)</failure>
      <failure>Error: write EPIPE
    at afterWriteDispatched (node:internal/stream_base_commons:159:15)
    at writeGeneric (node:internal/stream_base_commons:150:3)
    at Socket._writeGeneric (node:net:966:11)
    at Socket._write (node:net:978:8)
    at writeOrBuffer (node:internal/streams/writable:572:12)
    at _write (node:internal/streams/writable:501:10)
    at Socket.Writable.write (node:internal/streams/writable:510:10)
    at Socket.stream.write (/home/mookyjooky/Dropbox/GITHUB/06 - COMPLETED TOOLS/TECH-Adobe-Enterprise-Automation-PowerShell-Python-Portfolio/node_modules/@jest/reporters/build/VerboseReporter.js:47:7)
    at Console.log (/home/mookyjooky/Dropbox/GITHUB/06 - COMPLETED TOOLS/TECH-Adobe-Enterprise-Automation-PowerShell-Python-Portfolio/node_modules/winston/lib/winston/transports/console.js:87:23)
    at Console._write (/home/mookyjooky/Dropbox/GITHUB/06 - COMPLETED TOOLS/TECH-Adobe-Enterprise-Automation-PowerShell-Python-Portfolio/node_modules/winston-transport/modern.js:103:17)
    at doWrite (/home/mookyjooky/Dropbox/GITHUB/06 - COMPLETED TOOLS/TECH-Adobe-Enterprise-Automation-PowerShell-Python-Portfolio/node_modules/readable-stream/lib/_stream_writable.js:390:139)
    at writeOrBuffer (/home/mookyjooky/Dropbox/GITHUB/06 - COMPLETED TOOLS/TECH-Adobe-Enterprise-Automation-PowerShell-Python-Portfolio/node_modules/readable-stream/lib/_stream_writable.js:381:5)
    at Console.Object.&lt;anonymous&gt;.Writable.write (/home/mookyjooky/Dropbox/GITHUB/06 - COMPLETED TOOLS/TECH-Adobe-Enterprise-Automation-PowerShell-Python-Portfolio/node_modules/readable-stream/lib/_stream_writable.js:302:11)
    at DerivedLogger.ondata (/home/mookyjooky/Dropbox/GITHUB/06 - COMPLETED TOOLS/TECH-Adobe-Enterprise-Automation-PowerShell-Python-Portfolio/node_modules/readable-stream/lib/_stream_readable.js:629:20)
    at DerivedLogger.emit (node:events:531:35)
    at addChunk (/home/mookyjooky/Dropbox/GITHUB/06 - COMPLETED TOOLS/TECH-Adobe-Enterprise-Automation-PowerShell-Python-Portfolio/node_modules/readable-stream/lib/_stream_readable.js:279:12)
    at readableAddChunk (/home/mookyjooky/Dropbox/GITHUB/06 - COMPLETED TOOLS/TECH-Adobe-Enterprise-Automation-PowerShell-Python-Portfolio/node_modules/readable-stream/lib/_stream_readable.js:262:11)
    at DerivedLogger.Object.&lt;anonymous&gt;.Readable.push (/home/mookyjooky/Dropbox/GITHUB/06 - COMPLETED TOOLS/TECH-Adobe-Enterprise-Automation-PowerShell-Python-Portfolio/node_modules/readable-stream/lib/_stream_readable.js:228:10)
    at DerivedLogger.Object.&lt;anonymous&gt;.Transform.push (/home/mookyjooky/Dropbox/GITHUB/06 - COMPLETED TOOLS/TECH-Adobe-Enterprise-Automation-PowerShell-Python-Portfolio/node_modules/readable-stream/lib/_stream_transform.js:132:32)
    at DerivedLogger._transform (/home/mookyjooky/Dropbox/GITHUB/06 - COMPLETED TOOLS/TECH-Adobe-Enterprise-Automation-PowerShell-Python-Portfolio/node_modules/winston/lib/winston/logger.js:314:12)
    at DerivedLogger.Object.&lt;anonymous&gt;.Transform._read (/home/mookyjooky/Dropbox/GITHUB/06 - COMPLETED TOOLS/TECH-Adobe-Enterprise-Automation-PowerShell-Python-Portfolio/node_modules/readable-stream/lib/_stream_transform.js:166:10)
    at DerivedLogger.Object.&lt;anonymous&gt;.Transform._write (/home/mookyjooky/Dropbox/GITHUB/06 - COMPLETED TOOLS/TECH-Adobe-Enterprise-Automation-PowerShell-Python-Portfolio/node_modules/readable-stream/lib/_stream_transform.js:155:83)
    at doWrite (/home/mookyjooky/Dropbox/GITHUB/06 - COMPLETED TOOLS/TECH-Adobe-Enterprise-Automation-PowerShell-Python-Portfolio/node_modules/readable-stream/lib/_stream_writable.js:390:139)
    at writeOrBuffer (/home/mookyjooky/Dropbox/GITHUB/06 - COMPLETED TOOLS/TECH-Adobe-Enterprise-Automation-PowerShell-Python-Portfolio/node_modules/readable-stream/lib/_stream_writable.js:381:5)
    at DerivedLogger.Object.&lt;anonymous&gt;.Writable.write (/home/mookyjooky/Dropbox/GITHUB/06 - COMPLETED TOOLS/TECH-Adobe-Enterprise-Automation-PowerShell-Python-Portfolio/node_modules/readable-stream/lib/_stream_writable.js:302:11)
    at DerivedLogger.&lt;computed&gt; [as info] (/home/mookyjooky/Dropbox/GITHUB/06 - COMPLETED TOOLS/TECH-Adobe-Enterprise-Automation-PowerShell-Python-Portfolio/node_modules/winston/lib/winston/create-logger.js:81:14)
    at ServerResponse.info (/home/mookyjooky/Dropbox/GITHUB/06 - COMPLETED TOOLS/TECH-Adobe-Enterprise-Automation-PowerShell-Python-Portfolio/api/server.js:88:16)
    at ServerResponse.emit (node:events:531:35)
    at onFinish (node:_http_outgoing:1082:10)
    at callback (node:internal/streams/writable:766:21)
    at afterWrite (node:internal/streams/writable:710:5)
    at afterWriteTick (node:internal/streams/writable:696:10)
    at processTicksAndRejections (node:internal/process/task_queues:89:21)</failure>
      <failure>Error: write EPIPE
    at afterWriteDispatched (node:internal/stream_base_commons:159:15)
    at writeGeneric (node:internal/stream_base_commons:150:3)
    at Socket._writeGeneric (node:net:966:11)
    at Socket._write (node:net:978:8)
    at writeOrBuffer (node:internal/streams/writable:572:12)
    at _write (node:internal/streams/writable:501:10)
    at Socket.Writable.write (node:internal/streams/writable:510:10)
    at Socket.stream.write (/home/mookyjooky/Dropbox/GITHUB/06 - COMPLETED TOOLS/TECH-Adobe-Enterprise-Automation-PowerShell-Python-Portfolio/node_modules/@jest/reporters/build/VerboseReporter.js:47:7)
    at Console.log (/home/mookyjooky/Dropbox/GITHUB/06 - COMPLETED TOOLS/TECH-Adobe-Enterprise-Automation-PowerShell-Python-Portfolio/node_modules/winston/lib/winston/transports/console.js:87:23)
    at Console._write (/home/mookyjooky/Dropbox/GITHUB/06 - COMPLETED TOOLS/TECH-Adobe-Enterprise-Automation-PowerShell-Python-Portfolio/node_modules/winston-transport/modern.js:103:17)
    at doWrite (/home/mookyjooky/Dropbox/GITHUB/06 - COMPLETED TOOLS/TECH-Adobe-Enterprise-Automation-PowerShell-Python-Portfolio/node_modules/readable-stream/lib/_stream_writable.js:390:139)
    at writeOrBuffer (/home/mookyjooky/Dropbox/GITHUB/06 - COMPLETED TOOLS/TECH-Adobe-Enterprise-Automation-PowerShell-Python-Portfolio/node_modules/readable-stream/lib/_stream_writable.js:381:5)
    at Console.Object.&lt;anonymous&gt;.Writable.write (/home/mookyjooky/Dropbox/GITHUB/06 - COMPLETED TOOLS/TECH-Adobe-Enterprise-Automation-PowerShell-Python-Portfolio/node_modules/readable-stream/lib/_stream_writable.js:302:11)
    at DerivedLogger.ondata (/home/mookyjooky/Dropbox/GITHUB/06 - COMPLETED TOOLS/TECH-Adobe-Enterprise-Automation-PowerShell-Python-Portfolio/node_modules/readable-stream/lib/_stream_readable.js:629:20)
    at DerivedLogger.emit (node:events:531:35)
    at addChunk (/home/mookyjooky/Dropbox/GITHUB/06 - COMPLETED TOOLS/TECH-Adobe-Enterprise-Automation-PowerShell-Python-Portfolio/node_modules/readable-stream/lib/_stream_readable.js:279:12)
    at readableAddChunk (/home/mookyjooky/Dropbox/GITHUB/06 - COMPLETED TOOLS/TECH-Adobe-Enterprise-Automation-PowerShell-Python-Portfolio/node_modules/readable-stream/lib/_stream_readable.js:262:11)
    at DerivedLogger.Object.&lt;anonymous&gt;.Readable.push (/home/mookyjooky/Dropbox/GITHUB/06 - COMPLETED TOOLS/TECH-Adobe-Enterprise-Automation-PowerShell-Python-Portfolio/node_modules/readable-stream/lib/_stream_readable.js:228:10)
    at DerivedLogger.Object.&lt;anonymous&gt;.Transform.push (/home/mookyjooky/Dropbox/GITHUB/06 - COMPLETED TOOLS/TECH-Adobe-Enterprise-Automation-PowerShell-Python-Portfolio/node_modules/readable-stream/lib/_stream_transform.js:132:32)
    at DerivedLogger._transform (/home/mookyjooky/Dropbox/GITHUB/06 - COMPLETED TOOLS/TECH-Adobe-Enterprise-Automation-PowerShell-Python-Portfolio/node_modules/winston/lib/winston/logger.js:314:12)
    at DerivedLogger.Object.&lt;anonymous&gt;.Transform._read (/home/mookyjooky/Dropbox/GITHUB/06 - COMPLETED TOOLS/TECH-Adobe-Enterprise-Automation-PowerShell-Python-Portfolio/node_modules/readable-stream/lib/_stream_transform.js:166:10)
    at DerivedLogger.Object.&lt;anonymous&gt;.Transform._write (/home/mookyjooky/Dropbox/GITHUB/06 - COMPLETED TOOLS/TECH-Adobe-Enterprise-Automation-PowerShell-Python-Portfolio/node_modules/readable-stream/lib/_stream_transform.js:155:83)
    at doWrite (/home/mookyjooky/Dropbox/GITHUB/06 - COMPLETED TOOLS/TECH-Adobe-Enterprise-Automation-PowerShell-Python-Portfolio/node_modules/readable-stream/lib/_stream_writable.js:390:139)
    at writeOrBuffer (/home/mookyjooky/Dropbox/GITHUB/06 - COMPLETED TOOLS/TECH-Adobe-Enterprise-Automation-PowerShell-Python-Portfolio/node_modules/readable-stream/lib/_stream_writable.js:381:5)
    at DerivedLogger.Object.&lt;anonymous&gt;.Writable.write (/home/mookyjooky/Dropbox/GITHUB/06 - COMPLETED TOOLS/TECH-Adobe-Enterprise-Automation-PowerShell-Python-Portfolio/node_modules/readable-stream/lib/_stream_writable.js:302:11)
    at DerivedLogger.&lt;computed&gt; [as info] (/home/mookyjooky/Dropbox/GITHUB/06 - COMPLETED TOOLS/TECH-Adobe-Enterprise-Automation-PowerShell-Python-Portfolio/node_modules/winston/lib/winston/create-logger.js:81:14)
    at ServerResponse.info (/home/mookyjooky/Dropbox/GITHUB/06 - COMPLETED TOOLS/TECH-Adobe-Enterprise-Automation-PowerShell-Python-Portfolio/api/server.js:88:16)
    at ServerResponse.emit (node:events:531:35)
    at onFinish (node:_http_outgoing:1082:10)
    at callback (node:internal/streams/writable:766:21)
    at afterWrite (node:internal/streams/writable:710:5)
    at afterWriteTick (node:internal/streams/writable:696:10)
    at processTicksAndRejections (node:internal/process/task_queues:89:21)</failure>
      <failure>Error: write EPIPE
    at afterWriteDispatched (node:internal/stream_base_commons:159:15)
    at writeGeneric (node:internal/stream_base_commons:150:3)
    at Socket._writeGeneric (node:net:966:11)
    at Socket._write (node:net:978:8)
    at writeOrBuffer (node:internal/streams/writable:572:12)
    at _write (node:internal/streams/writable:501:10)
    at Socket.Writable.write (node:internal/streams/writable:510:10)
    at Socket.stream.write (/home/mookyjooky/Dropbox/GITHUB/06 - COMPLETED TOOLS/TECH-Adobe-Enterprise-Automation-PowerShell-Python-Portfolio/node_modules/@jest/reporters/build/VerboseReporter.js:47:7)
    at Console.log (/home/mookyjooky/Dropbox/GITHUB/06 - COMPLETED TOOLS/TECH-Adobe-Enterprise-Automation-PowerShell-Python-Portfolio/node_modules/winston/lib/winston/transports/console.js:87:23)
    at Console._write (/home/mookyjooky/Dropbox/GITHUB/06 - COMPLETED TOOLS/TECH-Adobe-Enterprise-Automation-PowerShell-Python-Portfolio/node_modules/winston-transport/modern.js:103:17)
    at doWrite (/home/mookyjooky/Dropbox/GITHUB/06 - COMPLETED TOOLS/TECH-Adobe-Enterprise-Automation-PowerShell-Python-Portfolio/node_modules/readable-stream/lib/_stream_writable.js:390:139)
    at writeOrBuffer (/home/mookyjooky/Dropbox/GITHUB/06 - COMPLETED TOOLS/TECH-Adobe-Enterprise-Automation-PowerShell-Python-Portfolio/node_modules/readable-stream/lib/_stream_writable.js:381:5)
    at Console.Object.&lt;anonymous&gt;.Writable.write (/home/mookyjooky/Dropbox/GITHUB/06 - COMPLETED TOOLS/TECH-Adobe-Enterprise-Automation-PowerShell-Python-Portfolio/node_modules/readable-stream/lib/_stream_writable.js:302:11)
    at DerivedLogger.ondata (/home/mookyjooky/Dropbox/GITHUB/06 - COMPLETED TOOLS/TECH-Adobe-Enterprise-Automation-PowerShell-Python-Portfolio/node_modules/readable-stream/lib/_stream_readable.js:629:20)
    at DerivedLogger.emit (node:events:531:35)
    at addChunk (/home/mookyjooky/Dropbox/GITHUB/06 - COMPLETED TOOLS/TECH-Adobe-Enterprise-Automation-PowerShell-Python-Portfolio/node_modules/readable-stream/lib/_stream_readable.js:279:12)
    at readableAddChunk (/home/mookyjooky/Dropbox/GITHUB/06 - COMPLETED TOOLS/TECH-Adobe-Enterprise-Automation-PowerShell-Python-Portfolio/node_modules/readable-stream/lib/_stream_readable.js:262:11)
    at DerivedLogger.Object.&lt;anonymous&gt;.Readable.push (/home/mookyjooky/Dropbox/GITHUB/06 - COMPLETED TOOLS/TECH-Adobe-Enterprise-Automation-PowerShell-Python-Portfolio/node_modules/readable-stream/lib/_stream_readable.js:228:10)
    at DerivedLogger.Object.&lt;anonymous&gt;.Transform.push (/home/mookyjooky/Dropbox/GITHUB/06 - COMPLETED TOOLS/TECH-Adobe-Enterprise-Automation-PowerShell-Python-Portfolio/node_modules/readable-stream/lib/_stream_transform.js:132:32)
    at DerivedLogger._transform (/home/mookyjooky/Dropbox/GITHUB/06 - COMPLETED TOOLS/TECH-Adobe-Enterprise-Automation-PowerShell-Python-Portfolio/node_modules/winston/lib/winston/logger.js:314:12)
    at DerivedLogger.Object.&lt;anonymous&gt;.Transform._read (/home/mookyjooky/Dropbox/GITHUB/06 - COMPLETED TOOLS/TECH-Adobe-Enterprise-Automation-PowerShell-Python-Portfolio/node_modules/readable-stream/lib/_stream_transform.js:166:10)
    at DerivedLogger.Object.&lt;anonymous&gt;.Transform._write (/home/mookyjooky/Dropbox/GITHUB/06 - COMPLETED TOOLS/TECH-Adobe-Enterprise-Automation-PowerShell-Python-Portfolio/node_modules/readable-stream/lib/_stream_transform.js:155:83)
    at doWrite (/home/mookyjooky/Dropbox/GITHUB/06 - COMPLETED TOOLS/TECH-Adobe-Enterprise-Automation-PowerShell-Python-Portfolio/node_modules/readable-stream/lib/_stream_writable.js:390:139)
    at writeOrBuffer (/home/mookyjooky/Dropbox/GITHUB/06 - COMPLETED TOOLS/TECH-Adobe-Enterprise-Automation-PowerShell-Python-Portfolio/node_modules/readable-stream/lib/_stream_writable.js:381:5)
    at DerivedLogger.Object.&lt;anonymous&gt;.Writable.write (/home/mookyjooky/Dropbox/GITHUB/06 - COMPLETED TOOLS/TECH-Adobe-Enterprise-Automation-PowerShell-Python-Portfolio/node_modules/readable-stream/lib/_stream_writable.js:302:11)
    at DerivedLogger.&lt;computed&gt; [as info] (/home/mookyjooky/Dropbox/GITHUB/06 - COMPLETED TOOLS/TECH-Adobe-Enterprise-Automation-PowerShell-Python-Portfolio/node_modules/winston/lib/winston/create-logger.js:81:14)
    at ServerResponse.info (/home/mookyjooky/Dropbox/GITHUB/06 - COMPLETED TOOLS/TECH-Adobe-Enterprise-Automation-PowerShell-Python-Portfolio/api/server.js:88:16)
    at ServerResponse.emit (node:events:531:35)
    at onFinish (node:_http_outgoing:1082:10)
    at callback (node:internal/streams/writable:766:21)
    at afterWrite (node:internal/streams/writable:710:5)
    at afterWriteTick (node:internal/streams/writable:696:10)
    at processTicksAndRejections (node:internal/process/task_queues:89:21)</failure>
      <failure>Error: write EPIPE
    at afterWriteDispatched (node:internal/stream_base_commons:159:15)
    at writeGeneric (node:internal/stream_base_commons:150:3)
    at Socket._writeGeneric (node:net:966:11)
    at Socket._write (node:net:978:8)
    at writeOrBuffer (node:internal/streams/writable:572:12)
    at _write (node:internal/streams/writable:501:10)
    at Socket.Writable.write (node:internal/streams/writable:510:10)
    at Socket.stream.write (/home/mookyjooky/Dropbox/GITHUB/06 - COMPLETED TOOLS/TECH-Adobe-Enterprise-Automation-PowerShell-Python-Portfolio/node_modules/@jest/reporters/build/VerboseReporter.js:47:7)
    at Console.log (/home/mookyjooky/Dropbox/GITHUB/06 - COMPLETED TOOLS/TECH-Adobe-Enterprise-Automation-PowerShell-Python-Portfolio/node_modules/winston/lib/winston/transports/console.js:87:23)
    at Console._write (/home/mookyjooky/Dropbox/GITHUB/06 - COMPLETED TOOLS/TECH-Adobe-Enterprise-Automation-PowerShell-Python-Portfolio/node_modules/winston-transport/modern.js:103:17)
    at doWrite (/home/mookyjooky/Dropbox/GITHUB/06 - COMPLETED TOOLS/TECH-Adobe-Enterprise-Automation-PowerShell-Python-Portfolio/node_modules/readable-stream/lib/_stream_writable.js:390:139)
    at writeOrBuffer (/home/mookyjooky/Dropbox/GITHUB/06 - COMPLETED TOOLS/TECH-Adobe-Enterprise-Automation-PowerShell-Python-Portfolio/node_modules/readable-stream/lib/_stream_writable.js:381:5)
    at Console.Object.&lt;anonymous&gt;.Writable.write (/home/mookyjooky/Dropbox/GITHUB/06 - COMPLETED TOOLS/TECH-Adobe-Enterprise-Automation-PowerShell-Python-Portfolio/node_modules/readable-stream/lib/_stream_writable.js:302:11)
    at DerivedLogger.ondata (/home/mookyjooky/Dropbox/GITHUB/06 - COMPLETED TOOLS/TECH-Adobe-Enterprise-Automation-PowerShell-Python-Portfolio/node_modules/readable-stream/lib/_stream_readable.js:629:20)
    at DerivedLogger.emit (node:events:531:35)
    at addChunk (/home/mookyjooky/Dropbox/GITHUB/06 - COMPLETED TOOLS/TECH-Adobe-Enterprise-Automation-PowerShell-Python-Portfolio/node_modules/readable-stream/lib/_stream_readable.js:279:12)
    at readableAddChunk (/home/mookyjooky/Dropbox/GITHUB/06 - COMPLETED TOOLS/TECH-Adobe-Enterprise-Automation-PowerShell-Python-Portfolio/node_modules/readable-stream/lib/_stream_readable.js:262:11)
    at DerivedLogger.Object.&lt;anonymous&gt;.Readable.push (/home/mookyjooky/Dropbox/GITHUB/06 - COMPLETED TOOLS/TECH-Adobe-Enterprise-Automation-PowerShell-Python-Portfolio/node_modules/readable-stream/lib/_stream_readable.js:228:10)
    at DerivedLogger.Object.&lt;anonymous&gt;.Transform.push (/home/mookyjooky/Dropbox/GITHUB/06 - COMPLETED TOOLS/TECH-Adobe-Enterprise-Automation-PowerShell-Python-Portfolio/node_modules/readable-stream/lib/_stream_transform.js:132:32)
    at DerivedLogger._transform (/home/mookyjooky/Dropbox/GITHUB/06 - COMPLETED TOOLS/TECH-Adobe-Enterprise-Automation-PowerShell-Python-Portfolio/node_modules/winston/lib/winston/logger.js:314:12)
    at DerivedLogger.Object.&lt;anonymous&gt;.Transform._read (/home/mookyjooky/Dropbox/GITHUB/06 - COMPLETED TOOLS/TECH-Adobe-Enterprise-Automation-PowerShell-Python-Portfolio/node_modules/readable-stream/lib/_stream_transform.js:166:10)
    at DerivedLogger.Object.&lt;anonymous&gt;.Transform._write (/home/mookyjooky/Dropbox/GITHUB/06 - COMPLETED TOOLS/TECH-Adobe-Enterprise-Automation-PowerShell-Python-Portfolio/node_modules/readable-stream/lib/_stream_transform.js:155:83)
    at doWrite (/home/mookyjooky/Dropbox/GITHUB/06 - COMPLETED TOOLS/TECH-Adobe-Enterprise-Automation-PowerShell-Python-Portfolio/node_modules/readable-stream/lib/_stream_writable.js:390:139)
    at writeOrBuffer (/home/mookyjooky/Dropbox/GITHUB/06 - COMPLETED TOOLS/TECH-Adobe-Enterprise-Automation-PowerShell-Python-Portfolio/node_modules/readable-stream/lib/_stream_writable.js:381:5)
    at DerivedLogger.Object.&lt;anonymous&gt;.Writable.write (/home/mookyjooky/Dropbox/GITHUB/06 - COMPLETED TOOLS/TECH-Adobe-Enterprise-Automation-PowerShell-Python-Portfolio/node_modules/readable-stream/lib/_stream_writable.js:302:11)
    at DerivedLogger.&lt;computed&gt; [as info] (/home/mookyjooky/Dropbox/GITHUB/06 - COMPLETED TOOLS/TECH-Adobe-Enterprise-Automation-PowerShell-Python-Portfolio/node_modules/winston/lib/winston/create-logger.js:81:14)
    at ServerResponse.info (/home/mookyjooky/Dropbox/GITHUB/06 - COMPLETED TOOLS/TECH-Adobe-Enterprise-Automation-PowerShell-Python-Portfolio/api/server.js:88:16)
    at ServerResponse.emit (node:events:531:35)
    at onFinish (node:_http_outgoing:1082:10)
    at callback (node:internal/streams/writable:766:21)
    at afterWrite (node:internal/streams/writable:710:5)
    at afterWriteTick (node:internal/streams/writable:696:10)
    at processTicksAndRejections (node:internal/process/task_queues:89:21)</failure>
      <failure>Error: write EPIPE
    at afterWriteDispatched (node:internal/stream_base_commons:159:15)
    at writeGeneric (node:internal/stream_base_commons:150:3)
    at Socket._writeGeneric (node:net:966:11)
    at Socket._write (node:net:978:8)
    at writeOrBuffer (node:internal/streams/writable:572:12)
    at _write (node:internal/streams/writable:501:10)
    at Socket.Writable.write (node:internal/streams/writable:510:10)
    at Socket.stream.write (/home/mookyjooky/Dropbox/GITHUB/06 - COMPLETED TOOLS/TECH-Adobe-Enterprise-Automation-PowerShell-Python-Portfolio/node_modules/@jest/reporters/build/VerboseReporter.js:47:7)
    at Console.log (/home/mookyjooky/Dropbox/GITHUB/06 - COMPLETED TOOLS/TECH-Adobe-Enterprise-Automation-PowerShell-Python-Portfolio/node_modules/winston/lib/winston/transports/console.js:87:23)
    at Console._write (/home/mookyjooky/Dropbox/GITHUB/06 - COMPLETED TOOLS/TECH-Adobe-Enterprise-Automation-PowerShell-Python-Portfolio/node_modules/winston-transport/modern.js:103:17)
    at doWrite (/home/mookyjooky/Dropbox/GITHUB/06 - COMPLETED TOOLS/TECH-Adobe-Enterprise-Automation-PowerShell-Python-Portfolio/node_modules/readable-stream/lib/_stream_writable.js:390:139)
    at writeOrBuffer (/home/mookyjooky/Dropbox/GITHUB/06 - COMPLETED TOOLS/TECH-Adobe-Enterprise-Automation-PowerShell-Python-Portfolio/node_modules/readable-stream/lib/_stream_writable.js:381:5)
    at Console.Object.&lt;anonymous&gt;.Writable.write (/home/mookyjooky/Dropbox/GITHUB/06 - COMPLETED TOOLS/TECH-Adobe-Enterprise-Automation-PowerShell-Python-Portfolio/node_modules/readable-stream/lib/_stream_writable.js:302:11)
    at DerivedLogger.ondata (/home/mookyjooky/Dropbox/GITHUB/06 - COMPLETED TOOLS/TECH-Adobe-Enterprise-Automation-PowerShell-Python-Portfolio/node_modules/readable-stream/lib/_stream_readable.js:629:20)
    at DerivedLogger.emit (node:events:531:35)
    at addChunk (/home/mookyjooky/Dropbox/GITHUB/06 - COMPLETED TOOLS/TECH-Adobe-Enterprise-Automation-PowerShell-Python-Portfolio/node_modules/readable-stream/lib/_stream_readable.js:279:12)
    at readableAddChunk (/home/mookyjooky/Dropbox/GITHUB/06 - COMPLETED TOOLS/TECH-Adobe-Enterprise-Automation-PowerShell-Python-Portfolio/node_modules/readable-stream/lib/_stream_readable.js:262:11)
    at DerivedLogger.Object.&lt;anonymous&gt;.Readable.push (/home/mookyjooky/Dropbox/GITHUB/06 - COMPLETED TOOLS/TECH-Adobe-Enterprise-Automation-PowerShell-Python-Portfolio/node_modules/readable-stream/lib/_stream_readable.js:228:10)
    at DerivedLogger.Object.&lt;anonymous&gt;.Transform.push (/home/mookyjooky/Dropbox/GITHUB/06 - COMPLETED TOOLS/TECH-Adobe-Enterprise-Automation-PowerShell-Python-Portfolio/node_modules/readable-stream/lib/_stream_transform.js:132:32)
    at DerivedLogger._transform (/home/mookyjooky/Dropbox/GITHUB/06 - COMPLETED TOOLS/TECH-Adobe-Enterprise-Automation-PowerShell-Python-Portfolio/node_modules/winston/lib/winston/logger.js:314:12)
    at DerivedLogger.Object.&lt;anonymous&gt;.Transform._read (/home/mookyjooky/Dropbox/GITHUB/06 - COMPLETED TOOLS/TECH-Adobe-Enterprise-Automation-PowerShell-Python-Portfolio/node_modules/readable-stream/lib/_stream_transform.js:166:10)
    at DerivedLogger.Object.&lt;anonymous&gt;.Transform._write (/home/mookyjooky/Dropbox/GITHUB/06 - COMPLETED TOOLS/TECH-Adobe-Enterprise-Automation-PowerShell-Python-Portfolio/node_modules/readable-stream/lib/_stream_transform.js:155:83)
    at doWrite (/home/mookyjooky/Dropbox/GITHUB/06 - COMPLETED TOOLS/TECH-Adobe-Enterprise-Automation-PowerShell-Python-Portfolio/node_modules/readable-stream/lib/_stream_writable.js:390:139)
    at writeOrBuffer (/home/mookyjooky/Dropbox/GITHUB/06 - COMPLETED TOOLS/TECH-Adobe-Enterprise-Automation-PowerShell-Python-Portfolio/node_modules/readable-stream/lib/_stream_writable.js:381:5)
    at DerivedLogger.Object.&lt;anonymous&gt;.Writable.write (/home/mookyjooky/Dropbox/GITHUB/06 - COMPLETED TOOLS/TECH-Adobe-Enterprise-Automation-PowerShell-Python-Portfolio/node_modules/readable-stream/lib/_stream_writable.js:302:11)
    at DerivedLogger.&lt;computed&gt; [as info] (/home/mookyjooky/Dropbox/GITHUB/06 - COMPLETED TOOLS/TECH-Adobe-Enterprise-Automation-PowerShell-Python-Portfolio/node_modules/winston/lib/winston/create-logger.js:81:14)
    at ServerResponse.info (/home/mookyjooky/Dropbox/GITHUB/06 - COMPLETED TOOLS/TECH-Adobe-Enterprise-Automation-PowerShell-Python-Portfolio/api/server.js:88:16)
    at ServerResponse.emit (node:events:531:35)
    at onFinish (node:_http_outgoing:1082:10)
    at callback (node:internal/streams/writable:766:21)
    at afterWrite (node:internal/streams/writable:710:5)
    at afterWriteTick (node:internal/streams/writable:696:10)
    at processTicksAndRejections (node:internal/process/task_queues:89:21)</failure>
      <failure>Error: write EPIPE
    at afterWriteDispatched (node:internal/stream_base_commons:159:15)
    at writeGeneric (node:internal/stream_base_commons:150:3)
    at Socket._writeGeneric (node:net:966:11)
    at Socket._write (node:net:978:8)
    at writeOrBuffer (node:internal/streams/writable:572:12)
    at _write (node:internal/streams/writable:501:10)
    at Socket.Writable.write (node:internal/streams/writable:510:10)
    at Socket.stream.write (/home/mookyjooky/Dropbox/GITHUB/06 - COMPLETED TOOLS/TECH-Adobe-Enterprise-Automation-PowerShell-Python-Portfolio/node_modules/@jest/reporters/build/VerboseReporter.js:47:7)
    at Console.log (/home/mookyjooky/Dropbox/GITHUB/06 - COMPLETED TOOLS/TECH-Adobe-Enterprise-Automation-PowerShell-Python-Portfolio/node_modules/winston/lib/winston/transports/console.js:87:23)
    at Console._write (/home/mookyjooky/Dropbox/GITHUB/06 - COMPLETED TOOLS/TECH-Adobe-Enterprise-Automation-PowerShell-Python-Portfolio/node_modules/winston-transport/modern.js:103:17)
    at doWrite (/home/mookyjooky/Dropbox/GITHUB/06 - COMPLETED TOOLS/TECH-Adobe-Enterprise-Automation-PowerShell-Python-Portfolio/node_modules/readable-stream/lib/_stream_writable.js:390:139)
    at writeOrBuffer (/home/mookyjooky/Dropbox/GITHUB/06 - COMPLETED TOOLS/TECH-Adobe-Enterprise-Automation-PowerShell-Python-Portfolio/node_modules/readable-stream/lib/_stream_writable.js:381:5)
    at Console.Object.&lt;anonymous&gt;.Writable.write (/home/mookyjooky/Dropbox/GITHUB/06 - COMPLETED TOOLS/TECH-Adobe-Enterprise-Automation-PowerShell-Python-Portfolio/node_modules/readable-stream/lib/_stream_writable.js:302:11)
    at DerivedLogger.ondata (/home/mookyjooky/Dropbox/GITHUB/06 - COMPLETED TOOLS/TECH-Adobe-Enterprise-Automation-PowerShell-Python-Portfolio/node_modules/readable-stream/lib/_stream_readable.js:629:20)
    at DerivedLogger.emit (node:events:531:35)
    at addChunk (/home/mookyjooky/Dropbox/GITHUB/06 - COMPLETED TOOLS/TECH-Adobe-Enterprise-Automation-PowerShell-Python-Portfolio/node_modules/readable-stream/lib/_stream_readable.js:279:12)
    at readableAddChunk (/home/mookyjooky/Dropbox/GITHUB/06 - COMPLETED TOOLS/TECH-Adobe-Enterprise-Automation-PowerShell-Python-Portfolio/node_modules/readable-stream/lib/_stream_readable.js:262:11)
    at DerivedLogger.Object.&lt;anonymous&gt;.Readable.push (/home/mookyjooky/Dropbox/GITHUB/06 - COMPLETED TOOLS/TECH-Adobe-Enterprise-Automation-PowerShell-Python-Portfolio/node_modules/readable-stream/lib/_stream_readable.js:228:10)
    at DerivedLogger.Object.&lt;anonymous&gt;.Transform.push (/home/mookyjooky/Dropbox/GITHUB/06 - COMPLETED TOOLS/TECH-Adobe-Enterprise-Automation-PowerShell-Python-Portfolio/node_modules/readable-stream/lib/_stream_transform.js:132:32)
    at DerivedLogger._transform (/home/mookyjooky/Dropbox/GITHUB/06 - COMPLETED TOOLS/TECH-Adobe-Enterprise-Automation-PowerShell-Python-Portfolio/node_modules/winston/lib/winston/logger.js:314:12)
    at DerivedLogger.Object.&lt;anonymous&gt;.Transform._read (/home/mookyjooky/Dropbox/GITHUB/06 - COMPLETED TOOLS/TECH-Adobe-Enterprise-Automation-PowerShell-Python-Portfolio/node_modules/readable-stream/lib/_stream_transform.js:166:10)
    at DerivedLogger.Object.&lt;anonymous&gt;.Transform._write (/home/mookyjooky/Dropbox/GITHUB/06 - COMPLETED TOOLS/TECH-Adobe-Enterprise-Automation-PowerShell-Python-Portfolio/node_modules/readable-stream/lib/_stream_transform.js:155:83)
    at doWrite (/home/mookyjooky/Dropbox/GITHUB/06 - COMPLETED TOOLS/TECH-Adobe-Enterprise-Automation-PowerShell-Python-Portfolio/node_modules/readable-stream/lib/_stream_writable.js:390:139)
    at writeOrBuffer (/home/mookyjooky/Dropbox/GITHUB/06 - COMPLETED TOOLS/TECH-Adobe-Enterprise-Automation-PowerShell-Python-Portfolio/node_modules/readable-stream/lib/_stream_writable.js:381:5)
    at DerivedLogger.Object.&lt;anonymous&gt;.Writable.write (/home/mookyjooky/Dropbox/GITHUB/06 - COMPLETED TOOLS/TECH-Adobe-Enterprise-Automation-PowerShell-Python-Portfolio/node_modules/readable-stream/lib/_stream_writable.js:302:11)
    at DerivedLogger.&lt;computed&gt; [as info] (/home/mookyjooky/Dropbox/GITHUB/06 - COMPLETED TOOLS/TECH-Adobe-Enterprise-Automation-PowerShell-Python-Portfolio/node_modules/winston/lib/winston/create-logger.js:81:14)
    at ServerResponse.info (/home/mookyjooky/Dropbox/GITHUB/06 - COMPLETED TOOLS/TECH-Adobe-Enterprise-Automation-PowerShell-Python-Portfolio/api/server.js:88:16)
    at ServerResponse.emit (node:events:531:35)
    at onFinish (node:_http_outgoing:1082:10)
    at callback (node:internal/streams/writable:766:21)
    at afterWrite (node:internal/streams/writable:710:5)
    at afterWriteTick (node:internal/streams/writable:696:10)
    at processTicksAndRejections (node:internal/process/task_queues:89:21)</failure>
      <failure>Error: write EPIPE
    at afterWriteDispatched (node:internal/stream_base_commons:159:15)
    at writeGeneric (node:internal/stream_base_commons:150:3)
    at Socket._writeGeneric (node:net:966:11)
    at Socket._write (node:net:978:8)
    at writeOrBuffer (node:internal/streams/writable:572:12)
    at _write (node:internal/streams/writable:501:10)
    at Socket.Writable.write (node:internal/streams/writable:510:10)
    at Socket.stream.write (/home/mookyjooky/Dropbox/GITHUB/06 - COMPLETED TOOLS/TECH-Adobe-Enterprise-Automation-PowerShell-Python-Portfolio/node_modules/@jest/reporters/build/VerboseReporter.js:47:7)
    at Console.log (/home/mookyjooky/Dropbox/GITHUB/06 - COMPLETED TOOLS/TECH-Adobe-Enterprise-Automation-PowerShell-Python-Portfolio/node_modules/winston/lib/winston/transports/console.js:87:23)
    at Console._write (/home/mookyjooky/Dropbox/GITHUB/06 - COMPLETED TOOLS/TECH-Adobe-Enterprise-Automation-PowerShell-Python-Portfolio/node_modules/winston-transport/modern.js:103:17)
    at doWrite (/home/mookyjooky/Dropbox/GITHUB/06 - COMPLETED TOOLS/TECH-Adobe-Enterprise-Automation-PowerShell-Python-Portfolio/node_modules/readable-stream/lib/_stream_writable.js:390:139)
    at writeOrBuffer (/home/mookyjooky/Dropbox/GITHUB/06 - COMPLETED TOOLS/TECH-Adobe-Enterprise-Automation-PowerShell-Python-Portfolio/node_modules/readable-stream/lib/_stream_writable.js:381:5)
    at Console.Object.&lt;anonymous&gt;.Writable.write (/home/mookyjooky/Dropbox/GITHUB/06 - COMPLETED TOOLS/TECH-Adobe-Enterprise-Automation-PowerShell-Python-Portfolio/node_modules/readable-stream/lib/_stream_writable.js:302:11)
    at DerivedLogger.ondata (/home/mookyjooky/Dropbox/GITHUB/06 - COMPLETED TOOLS/TECH-Adobe-Enterprise-Automation-PowerShell-Python-Portfolio/node_modules/readable-stream/lib/_stream_readable.js:629:20)
    at DerivedLogger.emit (node:events:531:35)
    at addChunk (/home/mookyjooky/Dropbox/GITHUB/06 - COMPLETED TOOLS/TECH-Adobe-Enterprise-Automation-PowerShell-Python-Portfolio/node_modules/readable-stream/lib/_stream_readable.js:279:12)
    at readableAddChunk (/home/mookyjooky/Dropbox/GITHUB/06 - COMPLETED TOOLS/TECH-Adobe-Enterprise-Automation-PowerShell-Python-Portfolio/node_modules/readable-stream/lib/_stream_readable.js:262:11)
    at DerivedLogger.Object.&lt;anonymous&gt;.Readable.push (/home/mookyjooky/Dropbox/GITHUB/06 - COMPLETED TOOLS/TECH-Adobe-Enterprise-Automation-PowerShell-Python-Portfolio/node_modules/readable-stream/lib/_stream_readable.js:228:10)
    at DerivedLogger.Object.&lt;anonymous&gt;.Transform.push (/home/mookyjooky/Dropbox/GITHUB/06 - COMPLETED TOOLS/TECH-Adobe-Enterprise-Automation-PowerShell-Python-Portfolio/node_modules/readable-stream/lib/_stream_transform.js:132:32)
    at DerivedLogger._transform (/home/mookyjooky/Dropbox/GITHUB/06 - COMPLETED TOOLS/TECH-Adobe-Enterprise-Automation-PowerShell-Python-Portfolio/node_modules/winston/lib/winston/logger.js:314:12)
    at DerivedLogger.Object.&lt;anonymous&gt;.Transform._read (/home/mookyjooky/Dropbox/GITHUB/06 - COMPLETED TOOLS/TECH-Adobe-Enterprise-Automation-PowerShell-Python-Portfolio/node_modules/readable-stream/lib/_stream_transform.js:166:10)
    at DerivedLogger.Object.&lt;anonymous&gt;.Transform._write (/home/mookyjooky/Dropbox/GITHUB/06 - COMPLETED TOOLS/TECH-Adobe-Enterprise-Automation-PowerShell-Python-Portfolio/node_modules/readable-stream/lib/_stream_transform.js:155:83)
    at doWrite (/home/mookyjooky/Dropbox/GITHUB/06 - COMPLETED TOOLS/TECH-Adobe-Enterprise-Automation-PowerShell-Python-Portfolio/node_modules/readable-stream/lib/_stream_writable.js:390:139)
    at writeOrBuffer (/home/mookyjooky/Dropbox/GITHUB/06 - COMPLETED TOOLS/TECH-Adobe-Enterprise-Automation-PowerShell-Python-Portfolio/node_modules/readable-stream/lib/_stream_writable.js:381:5)
    at DerivedLogger.Object.&lt;anonymous&gt;.Writable.write (/home/mookyjooky/Dropbox/GITHUB/06 - COMPLETED TOOLS/TECH-Adobe-Enterprise-Automation-PowerShell-Python-Portfolio/node_modules/readable-stream/lib/_stream_writable.js:302:11)
    at DerivedLogger.&lt;computed&gt; [as info] (/home/mookyjooky/Dropbox/GITHUB/06 - COMPLETED TOOLS/TECH-Adobe-Enterprise-Automation-PowerShell-Python-Portfolio/node_modules/winston/lib/winston/create-logger.js:81:14)
    at ServerResponse.info (/home/mookyjooky/Dropbox/GITHUB/06 - COMPLETED TOOLS/TECH-Adobe-Enterprise-Automation-PowerShell-Python-Portfolio/api/server.js:88:16)
    at ServerResponse.emit (node:events:531:35)
    at onFinish (node:_http_outgoing:1082:10)
    at callback (node:internal/streams/writable:766:21)
    at afterWrite (node:internal/streams/writable:710:5)
    at afterWriteTick (node:internal/streams/writable:696:10)
    at processTicksAndRejections (node:internal/process/task_queues:89:21)</failure>
      <failure>Error: write EPIPE
    at afterWriteDispatched (node:internal/stream_base_commons:159:15)
    at writeGeneric (node:internal/stream_base_commons:150:3)
    at Socket._writeGeneric (node:net:966:11)
    at Socket._write (node:net:978:8)
    at writeOrBuffer (node:internal/streams/writable:572:12)
    at _write (node:internal/streams/writable:501:10)
    at Socket.Writable.write (node:internal/streams/writable:510:10)
    at Socket.stream.write (/home/mookyjooky/Dropbox/GITHUB/06 - COMPLETED TOOLS/TECH-Adobe-Enterprise-Automation-PowerShell-Python-Portfolio/node_modules/@jest/reporters/build/VerboseReporter.js:47:7)
    at Console.log (/home/mookyjooky/Dropbox/GITHUB/06 - COMPLETED TOOLS/TECH-Adobe-Enterprise-Automation-PowerShell-Python-Portfolio/node_modules/winston/lib/winston/transports/console.js:87:23)
    at Console._write (/home/mookyjooky/Dropbox/GITHUB/06 - COMPLETED TOOLS/TECH-Adobe-Enterprise-Automation-PowerShell-Python-Portfolio/node_modules/winston-transport/modern.js:103:17)
    at doWrite (/home/mookyjooky/Dropbox/GITHUB/06 - COMPLETED TOOLS/TECH-Adobe-Enterprise-Automation-PowerShell-Python-Portfolio/node_modules/readable-stream/lib/_stream_writable.js:390:139)
    at writeOrBuffer (/home/mookyjooky/Dropbox/GITHUB/06 - COMPLETED TOOLS/TECH-Adobe-Enterprise-Automation-PowerShell-Python-Portfolio/node_modules/readable-stream/lib/_stream_writable.js:381:5)
    at Console.Object.&lt;anonymous&gt;.Writable.write (/home/mookyjooky/Dropbox/GITHUB/06 - COMPLETED TOOLS/TECH-Adobe-Enterprise-Automation-PowerShell-Python-Portfolio/node_modules/readable-stream/lib/_stream_writable.js:302:11)
    at DerivedLogger.ondata (/home/mookyjooky/Dropbox/GITHUB/06 - COMPLETED TOOLS/TECH-Adobe-Enterprise-Automation-PowerShell-Python-Portfolio/node_modules/readable-stream/lib/_stream_readable.js:629:20)
    at DerivedLogger.emit (node:events:531:35)
    at addChunk (/home/mookyjooky/Dropbox/GITHUB/06 - COMPLETED TOOLS/TECH-Adobe-Enterprise-Automation-PowerShell-Python-Portfolio/node_modules/readable-stream/lib/_stream_readable.js:279:12)
    at readableAddChunk (/home/mookyjooky/Dropbox/GITHUB/06 - COMPLETED TOOLS/TECH-Adobe-Enterprise-Automation-PowerShell-Python-Portfolio/node_modules/readable-stream/lib/_stream_readable.js:262:11)
    at DerivedLogger.Object.&lt;anonymous&gt;.Readable.push (/home/mookyjooky/Dropbox/GITHUB/06 - COMPLETED TOOLS/TECH-Adobe-Enterprise-Automation-PowerShell-Python-Portfolio/node_modules/readable-stream/lib/_stream_readable.js:228:10)
    at DerivedLogger.Object.&lt;anonymous&gt;.Transform.push (/home/mookyjooky/Dropbox/GITHUB/06 - COMPLETED TOOLS/TECH-Adobe-Enterprise-Automation-PowerShell-Python-Portfolio/node_modules/readable-stream/lib/_stream_transform.js:132:32)
    at DerivedLogger._transform (/home/mookyjooky/Dropbox/GITHUB/06 - COMPLETED TOOLS/TECH-Adobe-Enterprise-Automation-PowerShell-Python-Portfolio/node_modules/winston/lib/winston/logger.js:314:12)
    at DerivedLogger.Object.&lt;anonymous&gt;.Transform._read (/home/mookyjooky/Dropbox/GITHUB/06 - COMPLETED TOOLS/TECH-Adobe-Enterprise-Automation-PowerShell-Python-Portfolio/node_modules/readable-stream/lib/_stream_transform.js:166:10)
    at DerivedLogger.Object.&lt;anonymous&gt;.Transform._write (/home/mookyjooky/Dropbox/GITHUB/06 - COMPLETED TOOLS/TECH-Adobe-Enterprise-Automation-PowerShell-Python-Portfolio/node_modules/readable-stream/lib/_stream_transform.js:155:83)
    at doWrite (/home/mookyjooky/Dropbox/GITHUB/06 - COMPLETED TOOLS/TECH-Adobe-Enterprise-Automation-PowerShell-Python-Portfolio/node_modules/readable-stream/lib/_stream_writable.js:390:139)
    at writeOrBuffer (/home/mookyjooky/Dropbox/GITHUB/06 - COMPLETED TOOLS/TECH-Adobe-Enterprise-Automation-PowerShell-Python-Portfolio/node_modules/readable-stream/lib/_stream_writable.js:381:5)
    at DerivedLogger.Object.&lt;anonymous&gt;.Writable.write (/home/mookyjooky/Dropbox/GITHUB/06 - COMPLETED TOOLS/TECH-Adobe-Enterprise-Automation-PowerShell-Python-Portfolio/node_modules/readable-stream/lib/_stream_writable.js:302:11)
    at DerivedLogger.&lt;computed&gt; [as info] (/home/mookyjooky/Dropbox/GITHUB/06 - COMPLETED TOOLS/TECH-Adobe-Enterprise-Automation-PowerShell-Python-Portfolio/node_modules/winston/lib/winston/create-logger.js:81:14)
    at ServerResponse.info (/home/mookyjooky/Dropbox/GITHUB/06 - COMPLETED TOOLS/TECH-Adobe-Enterprise-Automation-PowerShell-Python-Portfolio/api/server.js:88:16)
    at ServerResponse.emit (node:events:531:35)
    at onFinish (node:_http_outgoing:1082:10)
    at callback (node:internal/streams/writable:766:21)
    at afterWrite (node:internal/streams/writable:710:5)
    at afterWriteTick (node:internal/streams/writable:696:10)
    at processTicksAndRejections (node:internal/process/task_queues:89:21)</failure>
      <failure>Error: write EPIPE
    at afterWriteDispatched (node:internal/stream_base_commons:159:15)
    at writeGeneric (node:internal/stream_base_commons:150:3)
    at Socket._writeGeneric (node:net:966:11)
    at Socket._write (node:net:978:8)
    at writeOrBuffer (node:internal/streams/writable:572:12)
    at _write (node:internal/streams/writable:501:10)
    at Socket.Writable.write (node:internal/streams/writable:510:10)
    at Socket.stream.write (/home/mookyjooky/Dropbox/GITHUB/06 - COMPLETED TOOLS/TECH-Adobe-Enterprise-Automation-PowerShell-Python-Portfolio/node_modules/@jest/reporters/build/VerboseReporter.js:47:7)
    at Console.log (/home/mookyjooky/Dropbox/GITHUB/06 - COMPLETED TOOLS/TECH-Adobe-Enterprise-Automation-PowerShell-Python-Portfolio/node_modules/winston/lib/winston/transports/console.js:87:23)
    at Console._write (/home/mookyjooky/Dropbox/GITHUB/06 - COMPLETED TOOLS/TECH-Adobe-Enterprise-Automation-PowerShell-Python-Portfolio/node_modules/winston-transport/modern.js:103:17)
    at doWrite (/home/mookyjooky/Dropbox/GITHUB/06 - COMPLETED TOOLS/TECH-Adobe-Enterprise-Automation-PowerShell-Python-Portfolio/node_modules/readable-stream/lib/_stream_writable.js:390:139)
    at writeOrBuffer (/home/mookyjooky/Dropbox/GITHUB/06 - COMPLETED TOOLS/TECH-Adobe-Enterprise-Automation-PowerShell-Python-Portfolio/node_modules/readable-stream/lib/_stream_writable.js:381:5)
    at Console.Object.&lt;anonymous&gt;.Writable.write (/home/mookyjooky/Dropbox/GITHUB/06 - COMPLETED TOOLS/TECH-Adobe-Enterprise-Automation-PowerShell-Python-Portfolio/node_modules/readable-stream/lib/_stream_writable.js:302:11)
    at DerivedLogger.ondata (/home/mookyjooky/Dropbox/GITHUB/06 - COMPLETED TOOLS/TECH-Adobe-Enterprise-Automation-PowerShell-Python-Portfolio/node_modules/readable-stream/lib/_stream_readable.js:629:20)
    at DerivedLogger.emit (node:events:531:35)
    at addChunk (/home/mookyjooky/Dropbox/GITHUB/06 - COMPLETED TOOLS/TECH-Adobe-Enterprise-Automation-PowerShell-Python-Portfolio/node_modules/readable-stream/lib/_stream_readable.js:279:12)
    at readableAddChunk (/home/mookyjooky/Dropbox/GITHUB/06 - COMPLETED TOOLS/TECH-Adobe-Enterprise-Automation-PowerShell-Python-Portfolio/node_modules/readable-stream/lib/_stream_readable.js:262:11)
    at DerivedLogger.Object.&lt;anonymous&gt;.Readable.push (/home/mookyjooky/Dropbox/GITHUB/06 - COMPLETED TOOLS/TECH-Adobe-Enterprise-Automation-PowerShell-Python-Portfolio/node_modules/readable-stream/lib/_stream_readable.js:228:10)
    at DerivedLogger.Object.&lt;anonymous&gt;.Transform.push (/home/mookyjooky/Dropbox/GITHUB/06 - COMPLETED TOOLS/TECH-Adobe-Enterprise-Automation-PowerShell-Python-Portfolio/node_modules/readable-stream/lib/_stream_transform.js:132:32)
    at DerivedLogger._transform (/home/mookyjooky/Dropbox/GITHUB/06 - COMPLETED TOOLS/TECH-Adobe-Enterprise-Automation-PowerShell-Python-Portfolio/node_modules/winston/lib/winston/logger.js:314:12)
    at DerivedLogger.Object.&lt;anonymous&gt;.Transform._read (/home/mookyjooky/Dropbox/GITHUB/06 - COMPLETED TOOLS/TECH-Adobe-Enterprise-Automation-PowerShell-Python-Portfolio/node_modules/readable-stream/lib/_stream_transform.js:166:10)
    at DerivedLogger.Object.&lt;anonymous&gt;.Transform._write (/home/mookyjooky/Dropbox/GITHUB/06 - COMPLETED TOOLS/TECH-Adobe-Enterprise-Automation-PowerShell-Python-Portfolio/node_modules/readable-stream/lib/_stream_transform.js:155:83)
    at doWrite (/home/mookyjooky/Dropbox/GITHUB/06 - COMPLETED TOOLS/TECH-Adobe-Enterprise-Automation-PowerShell-Python-Portfolio/node_modules/readable-stream/lib/_stream_writable.js:390:139)
    at writeOrBuffer (/home/mookyjooky/Dropbox/GITHUB/06 - COMPLETED TOOLS/TECH-Adobe-Enterprise-Automation-PowerShell-Python-Portfolio/node_modules/readable-stream/lib/_stream_writable.js:381:5)
    at DerivedLogger.Object.&lt;anonymous&gt;.Writable.write (/home/mookyjooky/Dropbox/GITHUB/06 - COMPLETED TOOLS/TECH-Adobe-Enterprise-Automation-PowerShell-Python-Portfolio/node_modules/readable-stream/lib/_stream_writable.js:302:11)
    at DerivedLogger.&lt;computed&gt; [as info] (/home/mookyjooky/Dropbox/GITHUB/06 - COMPLETED TOOLS/TECH-Adobe-Enterprise-Automation-PowerShell-Python-Portfolio/node_modules/winston/lib/winston/create-logger.js:81:14)
    at ServerResponse.info (/home/mookyjooky/Dropbox/GITHUB/06 - COMPLETED TOOLS/TECH-Adobe-Enterprise-Automation-PowerShell-Python-Portfolio/api/server.js:88:16)
    at ServerResponse.emit (node:events:531:35)
    at onFinish (node:_http_outgoing:1082:10)
    at callback (node:internal/streams/writable:766:21)
    at afterWrite (node:internal/streams/writable:710:5)
    at afterWriteTick (node:internal/streams/writable:696:10)
    at processTicksAndRejections (node:internal/process/task_queues:89:21)</failure>
      <failure>Error: write EPIPE
    at afterWriteDispatched (node:internal/stream_base_commons:159:15)
    at writeGeneric (node:internal/stream_base_commons:150:3)
    at Socket._writeGeneric (node:net:966:11)
    at Socket._write (node:net:978:8)
    at writeOrBuffer (node:internal/streams/writable:572:12)
    at _write (node:internal/streams/writable:501:10)
    at Socket.Writable.write (node:internal/streams/writable:510:10)
    at Socket.stream.write (/home/mookyjooky/Dropbox/GITHUB/06 - COMPLETED TOOLS/TECH-Adobe-Enterprise-Automation-PowerShell-Python-Portfolio/node_modules/@jest/reporters/build/VerboseReporter.js:47:7)
    at Console.log (/home/mookyjooky/Dropbox/GITHUB/06 - COMPLETED TOOLS/TECH-Adobe-Enterprise-Automation-PowerShell-Python-Portfolio/node_modules/winston/lib/winston/transports/console.js:87:23)
    at Console._write (/home/mookyjooky/Dropbox/GITHUB/06 - COMPLETED TOOLS/TECH-Adobe-Enterprise-Automation-PowerShell-Python-Portfolio/node_modules/winston-transport/modern.js:103:17)
    at doWrite (/home/mookyjooky/Dropbox/GITHUB/06 - COMPLETED TOOLS/TECH-Adobe-Enterprise-Automation-PowerShell-Python-Portfolio/node_modules/readable-stream/lib/_stream_writable.js:390:139)
    at writeOrBuffer (/home/mookyjooky/Dropbox/GITHUB/06 - COMPLETED TOOLS/TECH-Adobe-Enterprise-Automation-PowerShell-Python-Portfolio/node_modules/readable-stream/lib/_stream_writable.js:381:5)
    at Console.Object.&lt;anonymous&gt;.Writable.write (/home/mookyjooky/Dropbox/GITHUB/06 - COMPLETED TOOLS/TECH-Adobe-Enterprise-Automation-PowerShell-Python-Portfolio/node_modules/readable-stream/lib/_stream_writable.js:302:11)
    at DerivedLogger.ondata (/home/mookyjooky/Dropbox/GITHUB/06 - COMPLETED TOOLS/TECH-Adobe-Enterprise-Automation-PowerShell-Python-Portfolio/node_modules/readable-stream/lib/_stream_readable.js:629:20)
    at DerivedLogger.emit (node:events:531:35)
    at addChunk (/home/mookyjooky/Dropbox/GITHUB/06 - COMPLETED TOOLS/TECH-Adobe-Enterprise-Automation-PowerShell-Python-Portfolio/node_modules/readable-stream/lib/_stream_readable.js:279:12)
    at readableAddChunk (/home/mookyjooky/Dropbox/GITHUB/06 - COMPLETED TOOLS/TECH-Adobe-Enterprise-Automation-PowerShell-Python-Portfolio/node_modules/readable-stream/lib/_stream_readable.js:262:11)
    at DerivedLogger.Object.&lt;anonymous&gt;.Readable.push (/home/mookyjooky/Dropbox/GITHUB/06 - COMPLETED TOOLS/TECH-Adobe-Enterprise-Automation-PowerShell-Python-Portfolio/node_modules/readable-stream/lib/_stream_readable.js:228:10)
    at DerivedLogger.Object.&lt;anonymous&gt;.Transform.push (/home/mookyjooky/Dropbox/GITHUB/06 - COMPLETED TOOLS/TECH-Adobe-Enterprise-Automation-PowerShell-Python-Portfolio/node_modules/readable-stream/lib/_stream_transform.js:132:32)
    at DerivedLogger._transform (/home/mookyjooky/Dropbox/GITHUB/06 - COMPLETED TOOLS/TECH-Adobe-Enterprise-Automation-PowerShell-Python-Portfolio/node_modules/winston/lib/winston/logger.js:314:12)
    at DerivedLogger.Object.&lt;anonymous&gt;.Transform._read (/home/mookyjooky/Dropbox/GITHUB/06 - COMPLETED TOOLS/TECH-Adobe-Enterprise-Automation-PowerShell-Python-Portfolio/node_modules/readable-stream/lib/_stream_transform.js:166:10)
    at DerivedLogger.Object.&lt;anonymous&gt;.Transform._write (/home/mookyjooky/Dropbox/GITHUB/06 - COMPLETED TOOLS/TECH-Adobe-Enterprise-Automation-PowerShell-Python-Portfolio/node_modules/readable-stream/lib/_stream_transform.js:155:83)
    at doWrite (/home/mookyjooky/Dropbox/GITHUB/06 - COMPLETED TOOLS/TECH-Adobe-Enterprise-Automation-PowerShell-Python-Portfolio/node_modules/readable-stream/lib/_stream_writable.js:390:139)
    at writeOrBuffer (/home/mookyjooky/Dropbox/GITHUB/06 - COMPLETED TOOLS/TECH-Adobe-Enterprise-Automation-PowerShell-Python-Portfolio/node_modules/readable-stream/lib/_stream_writable.js:381:5)
    at DerivedLogger.Object.&lt;anonymous&gt;.Writable.write (/home/mookyjooky/Dropbox/GITHUB/06 - COMPLETED TOOLS/TECH-Adobe-Enterprise-Automation-PowerShell-Python-Portfolio/node_modules/readable-stream/lib/_stream_writable.js:302:11)
    at DerivedLogger.&lt;computed&gt; [as info] (/home/mookyjooky/Dropbox/GITHUB/06 - COMPLETED TOOLS/TECH-Adobe-Enterprise-Automation-PowerShell-Python-Portfolio/node_modules/winston/lib/winston/create-logger.js:81:14)
    at ServerResponse.info (/home/mookyjooky/Dropbox/GITHUB/06 - COMPLETED TOOLS/TECH-Adobe-Enterprise-Automation-PowerShell-Python-Portfolio/api/server.js:88:16)
    at ServerResponse.emit (node:events:531:35)
    at onFinish (node:_http_outgoing:1082:10)
    at callback (node:internal/streams/writable:766:21)
    at afterWrite (node:internal/streams/writable:710:5)
    at afterWriteTick (node:internal/streams/writable:696:10)
    at processTicksAndRejections (node:internal/process/task_queues:89:21)</failure>
      <failure>Error: write EPIPE
    at afterWriteDispatched (node:internal/stream_base_commons:159:15)
    at writeGeneric (node:internal/stream_base_commons:150:3)
    at Socket._writeGeneric (node:net:966:11)
    at Socket._write (node:net:978:8)
    at writeOrBuffer (node:internal/streams/writable:572:12)
    at _write (node:internal/streams/writable:501:10)
    at Socket.Writable.write (node:internal/streams/writable:510:10)
    at Socket.stream.write (/home/mookyjooky/Dropbox/GITHUB/06 - COMPLETED TOOLS/TECH-Adobe-Enterprise-Automation-PowerShell-Python-Portfolio/node_modules/@jest/reporters/build/VerboseReporter.js:47:7)
    at Console.log (/home/mookyjooky/Dropbox/GITHUB/06 - COMPLETED TOOLS/TECH-Adobe-Enterprise-Automation-PowerShell-Python-Portfolio/node_modules/winston/lib/winston/transports/console.js:87:23)
    at Console._write (/home/mookyjooky/Dropbox/GITHUB/06 - COMPLETED TOOLS/TECH-Adobe-Enterprise-Automation-PowerShell-Python-Portfolio/node_modules/winston-transport/modern.js:103:17)
    at doWrite (/home/mookyjooky/Dropbox/GITHUB/06 - COMPLETED TOOLS/TECH-Adobe-Enterprise-Automation-PowerShell-Python-Portfolio/node_modules/readable-stream/lib/_stream_writable.js:390:139)
    at writeOrBuffer (/home/mookyjooky/Dropbox/GITHUB/06 - COMPLETED TOOLS/TECH-Adobe-Enterprise-Automation-PowerShell-Python-Portfolio/node_modules/readable-stream/lib/_stream_writable.js:381:5)
    at Console.Object.&lt;anonymous&gt;.Writable.write (/home/mookyjooky/Dropbox/GITHUB/06 - COMPLETED TOOLS/TECH-Adobe-Enterprise-Automation-PowerShell-Python-Portfolio/node_modules/readable-stream/lib/_stream_writable.js:302:11)
    at DerivedLogger.ondata (/home/mookyjooky/Dropbox/GITHUB/06 - COMPLETED TOOLS/TECH-Adobe-Enterprise-Automation-PowerShell-Python-Portfolio/node_modules/readable-stream/lib/_stream_readable.js:629:20)
    at DerivedLogger.emit (node:events:531:35)
    at addChunk (/home/mookyjooky/Dropbox/GITHUB/06 - COMPLETED TOOLS/TECH-Adobe-Enterprise-Automation-PowerShell-Python-Portfolio/node_modules/readable-stream/lib/_stream_readable.js:279:12)
    at readableAddChunk (/home/mookyjooky/Dropbox/GITHUB/06 - COMPLETED TOOLS/TECH-Adobe-Enterprise-Automation-PowerShell-Python-Portfolio/node_modules/readable-stream/lib/_stream_readable.js:262:11)
    at DerivedLogger.Object.&lt;anonymous&gt;.Readable.push (/home/mookyjooky/Dropbox/GITHUB/06 - COMPLETED TOOLS/TECH-Adobe-Enterprise-Automation-PowerShell-Python-Portfolio/node_modules/readable-stream/lib/_stream_readable.js:228:10)
    at DerivedLogger.Object.&lt;anonymous&gt;.Transform.push (/home/mookyjooky/Dropbox/GITHUB/06 - COMPLETED TOOLS/TECH-Adobe-Enterprise-Automation-PowerShell-Python-Portfolio/node_modules/readable-stream/lib/_stream_transform.js:132:32)
    at DerivedLogger._transform (/home/mookyjooky/Dropbox/GITHUB/06 - COMPLETED TOOLS/TECH-Adobe-Enterprise-Automation-PowerShell-Python-Portfolio/node_modules/winston/lib/winston/logger.js:314:12)
    at DerivedLogger.Object.&lt;anonymous&gt;.Transform._read (/home/mookyjooky/Dropbox/GITHUB/06 - COMPLETED TOOLS/TECH-Adobe-Enterprise-Automation-PowerShell-Python-Portfolio/node_modules/readable-stream/lib/_stream_transform.js:166:10)
    at DerivedLogger.Object.&lt;anonymous&gt;.Transform._write (/home/mookyjooky/Dropbox/GITHUB/06 - COMPLETED TOOLS/TECH-Adobe-Enterprise-Automation-PowerShell-Python-Portfolio/node_modules/readable-stream/lib/_stream_transform.js:155:83)
    at doWrite (/home/mookyjooky/Dropbox/GITHUB/06 - COMPLETED TOOLS/TECH-Adobe-Enterprise-Automation-PowerShell-Python-Portfolio/node_modules/readable-stream/lib/_stream_writable.js:390:139)
    at writeOrBuffer (/home/mookyjooky/Dropbox/GITHUB/06 - COMPLETED TOOLS/TECH-Adobe-Enterprise-Automation-PowerShell-Python-Portfolio/node_modules/readable-stream/lib/_stream_writable.js:381:5)
    at DerivedLogger.Object.&lt;anonymous&gt;.Writable.write (/home/mookyjooky/Dropbox/GITHUB/06 - COMPLETED TOOLS/TECH-Adobe-Enterprise-Automation-PowerShell-Python-Portfolio/node_modules/readable-stream/lib/_stream_writable.js:302:11)
    at DerivedLogger.&lt;computed&gt; [as info] (/home/mookyjooky/Dropbox/GITHUB/06 - COMPLETED TOOLS/TECH-Adobe-Enterprise-Automation-PowerShell-Python-Portfolio/node_modules/winston/lib/winston/create-logger.js:81:14)
    at ServerResponse.info (/home/mookyjooky/Dropbox/GITHUB/06 - COMPLETED TOOLS/TECH-Adobe-Enterprise-Automation-PowerShell-Python-Portfolio/api/server.js:88:16)
    at ServerResponse.emit (node:events:531:35)
    at onFinish (node:_http_outgoing:1082:10)
    at callback (node:internal/streams/writable:766:21)
    at afterWrite (node:internal/streams/writable:710:5)
    at afterWriteTick (node:internal/streams/writable:696:10)
    at processTicksAndRejections (node:internal/process/task_queues:89:21)</failure>
      <failure>Error: write EPIPE
    at afterWriteDispatched (node:internal/stream_base_commons:159:15)
    at writeGeneric (node:internal/stream_base_commons:150:3)
    at Socket._writeGeneric (node:net:966:11)
    at Socket._write (node:net:978:8)
    at writeOrBuffer (node:internal/streams/writable:572:12)
    at _write (node:internal/streams/writable:501:10)
    at Socket.Writable.write (node:internal/streams/writable:510:10)
    at Socket.stream.write (/home/mookyjooky/Dropbox/GITHUB/06 - COMPLETED TOOLS/TECH-Adobe-Enterprise-Automation-PowerShell-Python-Portfolio/node_modules/@jest/reporters/build/VerboseReporter.js:47:7)
    at Console.log (/home/mookyjooky/Dropbox/GITHUB/06 - COMPLETED TOOLS/TECH-Adobe-Enterprise-Automation-PowerShell-Python-Portfolio/node_modules/winston/lib/winston/transports/console.js:87:23)
    at Console._write (/home/mookyjooky/Dropbox/GITHUB/06 - COMPLETED TOOLS/TECH-Adobe-Enterprise-Automation-PowerShell-Python-Portfolio/node_modules/winston-transport/modern.js:103:17)
    at doWrite (/home/mookyjooky/Dropbox/GITHUB/06 - COMPLETED TOOLS/TECH-Adobe-Enterprise-Automation-PowerShell-Python-Portfolio/node_modules/readable-stream/lib/_stream_writable.js:390:139)
    at writeOrBuffer (/home/mookyjooky/Dropbox/GITHUB/06 - COMPLETED TOOLS/TECH-Adobe-Enterprise-Automation-PowerShell-Python-Portfolio/node_modules/readable-stream/lib/_stream_writable.js:381:5)
    at Console.Object.&lt;anonymous&gt;.Writable.write (/home/mookyjooky/Dropbox/GITHUB/06 - COMPLETED TOOLS/TECH-Adobe-Enterprise-Automation-PowerShell-Python-Portfolio/node_modules/readable-stream/lib/_stream_writable.js:302:11)
    at DerivedLogger.ondata (/home/mookyjooky/Dropbox/GITHUB/06 - COMPLETED TOOLS/TECH-Adobe-Enterprise-Automation-PowerShell-Python-Portfolio/node_modules/readable-stream/lib/_stream_readable.js:629:20)
    at DerivedLogger.emit (node:events:531:35)
    at addChunk (/home/mookyjooky/Dropbox/GITHUB/06 - COMPLETED TOOLS/TECH-Adobe-Enterprise-Automation-PowerShell-Python-Portfolio/node_modules/readable-stream/lib/_stream_readable.js:279:12)
    at readableAddChunk (/home/mookyjooky/Dropbox/GITHUB/06 - COMPLETED TOOLS/TECH-Adobe-Enterprise-Automation-PowerShell-Python-Portfolio/node_modules/readable-stream/lib/_stream_readable.js:262:11)
    at DerivedLogger.Object.&lt;anonymous&gt;.Readable.push (/home/mookyjooky/Dropbox/GITHUB/06 - COMPLETED TOOLS/TECH-Adobe-Enterprise-Automation-PowerShell-Python-Portfolio/node_modules/readable-stream/lib/_stream_readable.js:228:10)
    at DerivedLogger.Object.&lt;anonymous&gt;.Transform.push (/home/mookyjooky/Dropbox/GITHUB/06 - COMPLETED TOOLS/TECH-Adobe-Enterprise-Automation-PowerShell-Python-Portfolio/node_modules/readable-stream/lib/_stream_transform.js:132:32)
    at DerivedLogger._transform (/home/mookyjooky/Dropbox/GITHUB/06 - COMPLETED TOOLS/TECH-Adobe-Enterprise-Automation-PowerShell-Python-Portfolio/node_modules/winston/lib/winston/logger.js:314:12)
    at DerivedLogger.Object.&lt;anonymous&gt;.Transform._read (/home/mookyjooky/Dropbox/GITHUB/06 - COMPLETED TOOLS/TECH-Adobe-Enterprise-Automation-PowerShell-Python-Portfolio/node_modules/readable-stream/lib/_stream_transform.js:166:10)
    at DerivedLogger.Object.&lt;anonymous&gt;.Transform._write (/home/mookyjooky/Dropbox/GITHUB/06 - COMPLETED TOOLS/TECH-Adobe-Enterprise-Automation-PowerShell-Python-Portfolio/node_modules/readable-stream/lib/_stream_transform.js:155:83)
    at doWrite (/home/mookyjooky/Dropbox/GITHUB/06 - COMPLETED TOOLS/TECH-Adobe-Enterprise-Automation-PowerShell-Python-Portfolio/node_modules/readable-stream/lib/_stream_writable.js:390:139)
    at writeOrBuffer (/home/mookyjooky/Dropbox/GITHUB/06 - COMPLETED TOOLS/TECH-Adobe-Enterprise-Automation-PowerShell-Python-Portfolio/node_modules/readable-stream/lib/_stream_writable.js:381:5)
    at DerivedLogger.Object.&lt;anonymous&gt;.Writable.write (/home/mookyjooky/Dropbox/GITHUB/06 - COMPLETED TOOLS/TECH-Adobe-Enterprise-Automation-PowerShell-Python-Portfolio/node_modules/readable-stream/lib/_stream_writable.js:302:11)
    at DerivedLogger.&lt;computed&gt; [as info] (/home/mookyjooky/Dropbox/GITHUB/06 - COMPLETED TOOLS/TECH-Adobe-Enterprise-Automation-PowerShell-Python-Portfolio/node_modules/winston/lib/winston/create-logger.js:81:14)
    at ServerResponse.info (/home/mookyjooky/Dropbox/GITHUB/06 - COMPLETED TOOLS/TECH-Adobe-Enterprise-Automation-PowerShell-Python-Portfolio/api/server.js:88:16)
    at ServerResponse.emit (node:events:531:35)
    at onFinish (node:_http_outgoing:1082:10)
    at callback (node:internal/streams/writable:766:21)
    at afterWrite (node:internal/streams/writable:710:5)
    at afterWriteTick (node:internal/streams/writable:696:10)
    at processTicksAndRejections (node:internal/process/task_queues:89:21)</failure>
      <failure>Error: write EPIPE
    at afterWriteDispatched (node:internal/stream_base_commons:159:15)
    at writeGeneric (node:internal/stream_base_commons:150:3)
    at Socket._writeGeneric (node:net:966:11)
    at Socket._write (node:net:978:8)
    at writeOrBuffer (node:internal/streams/writable:572:12)
    at _write (node:internal/streams/writable:501:10)
    at Socket.Writable.write (node:internal/streams/writable:510:10)
    at Socket.stream.write (/home/mookyjooky/Dropbox/GITHUB/06 - COMPLETED TOOLS/TECH-Adobe-Enterprise-Automation-PowerShell-Python-Portfolio/node_modules/@jest/reporters/build/VerboseReporter.js:47:7)
    at Console.log (/home/mookyjooky/Dropbox/GITHUB/06 - COMPLETED TOOLS/TECH-Adobe-Enterprise-Automation-PowerShell-Python-Portfolio/node_modules/winston/lib/winston/transports/console.js:87:23)
    at Console._write (/home/mookyjooky/Dropbox/GITHUB/06 - COMPLETED TOOLS/TECH-Adobe-Enterprise-Automation-PowerShell-Python-Portfolio/node_modules/winston-transport/modern.js:103:17)
    at doWrite (/home/mookyjooky/Dropbox/GITHUB/06 - COMPLETED TOOLS/TECH-Adobe-Enterprise-Automation-PowerShell-Python-Portfolio/node_modules/readable-stream/lib/_stream_writable.js:390:139)
    at writeOrBuffer (/home/mookyjooky/Dropbox/GITHUB/06 - COMPLETED TOOLS/TECH-Adobe-Enterprise-Automation-PowerShell-Python-Portfolio/node_modules/readable-stream/lib/_stream_writable.js:381:5)
    at Console.Object.&lt;anonymous&gt;.Writable.write (/home/mookyjooky/Dropbox/GITHUB/06 - COMPLETED TOOLS/TECH-Adobe-Enterprise-Automation-PowerShell-Python-Portfolio/node_modules/readable-stream/lib/_stream_writable.js:302:11)
    at DerivedLogger.ondata (/home/mookyjooky/Dropbox/GITHUB/06 - COMPLETED TOOLS/TECH-Adobe-Enterprise-Automation-PowerShell-Python-Portfolio/node_modules/readable-stream/lib/_stream_readable.js:629:20)
    at DerivedLogger.emit (node:events:531:35)
    at addChunk (/home/mookyjooky/Dropbox/GITHUB/06 - COMPLETED TOOLS/TECH-Adobe-Enterprise-Automation-PowerShell-Python-Portfolio/node_modules/readable-stream/lib/_stream_readable.js:279:12)
    at readableAddChunk (/home/mookyjooky/Dropbox/GITHUB/06 - COMPLETED TOOLS/TECH-Adobe-Enterprise-Automation-PowerShell-Python-Portfolio/node_modules/readable-stream/lib/_stream_readable.js:262:11)
    at DerivedLogger.Object.&lt;anonymous&gt;.Readable.push (/home/mookyjooky/Dropbox/GITHUB/06 - COMPLETED TOOLS/TECH-Adobe-Enterprise-Automation-PowerShell-Python-Portfolio/node_modules/readable-stream/lib/_stream_readable.js:228:10)
    at DerivedLogger.Object.&lt;anonymous&gt;.Transform.push (/home/mookyjooky/Dropbox/GITHUB/06 - COMPLETED TOOLS/TECH-Adobe-Enterprise-Automation-PowerShell-Python-Portfolio/node_modules/readable-stream/lib/_stream_transform.js:132:32)
    at DerivedLogger._transform (/home/mookyjooky/Dropbox/GITHUB/06 - COMPLETED TOOLS/TECH-Adobe-Enterprise-Automation-PowerShell-Python-Portfolio/node_modules/winston/lib/winston/logger.js:314:12)
    at DerivedLogger.Object.&lt;anonymous&gt;.Transform._read (/home/mookyjooky/Dropbox/GITHUB/06 - COMPLETED TOOLS/TECH-Adobe-Enterprise-Automation-PowerShell-Python-Portfolio/node_modules/readable-stream/lib/_stream_transform.js:166:10)
    at DerivedLogger.Object.&lt;anonymous&gt;.Transform._write (/home/mookyjooky/Dropbox/GITHUB/06 - COMPLETED TOOLS/TECH-Adobe-Enterprise-Automation-PowerShell-Python-Portfolio/node_modules/readable-stream/lib/_stream_transform.js:155:83)
    at doWrite (/home/mookyjooky/Dropbox/GITHUB/06 - COMPLETED TOOLS/TECH-Adobe-Enterprise-Automation-PowerShell-Python-Portfolio/node_modules/readable-stream/lib/_stream_writable.js:390:139)
    at writeOrBuffer (/home/mookyjooky/Dropbox/GITHUB/06 - COMPLETED TOOLS/TECH-Adobe-Enterprise-Automation-PowerShell-Python-Portfolio/node_modules/readable-stream/lib/_stream_writable.js:381:5)
    at DerivedLogger.Object.&lt;anonymous&gt;.Writable.write (/home/mookyjooky/Dropbox/GITHUB/06 - COMPLETED TOOLS/TECH-Adobe-Enterprise-Automation-PowerShell-Python-Portfolio/node_modules/readable-stream/lib/_stream_writable.js:302:11)
    at DerivedLogger.&lt;computed&gt; [as info] (/home/mookyjooky/Dropbox/GITHUB/06 - COMPLETED TOOLS/TECH-Adobe-Enterprise-Automation-PowerShell-Python-Portfolio/node_modules/winston/lib/winston/create-logger.js:81:14)
    at ServerResponse.info (/home/mookyjooky/Dropbox/GITHUB/06 - COMPLETED TOOLS/TECH-Adobe-Enterprise-Automation-PowerShell-Python-Portfolio/api/server.js:88:16)
    at ServerResponse.emit (node:events:531:35)
    at onFinish (node:_http_outgoing:1082:10)
    at callback (node:internal/streams/writable:766:21)
    at afterWrite (node:internal/streams/writable:710:5)
    at afterWriteTick (node:internal/streams/writable:696:10)
    at processTicksAndRejections (node:internal/process/task_queues:89:21)</failure>
      <failure>Error: write EPIPE
    at afterWriteDispatched (node:internal/stream_base_commons:159:15)
    at writeGeneric (node:internal/stream_base_commons:150:3)
    at Socket._writeGeneric (node:net:966:11)
    at Socket._write (node:net:978:8)
    at writeOrBuffer (node:internal/streams/writable:572:12)
    at _write (node:internal/streams/writable:501:10)
    at Socket.Writable.write (node:internal/streams/writable:510:10)
    at Socket.stream.write (/home/mookyjooky/Dropbox/GITHUB/06 - COMPLETED TOOLS/TECH-Adobe-Enterprise-Automation-PowerShell-Python-Portfolio/node_modules/@jest/reporters/build/VerboseReporter.js:47:7)
    at Console.log (/home/mookyjooky/Dropbox/GITHUB/06 - COMPLETED TOOLS/TECH-Adobe-Enterprise-Automation-PowerShell-Python-Portfolio/node_modules/winston/lib/winston/transports/console.js:87:23)
    at Console._write (/home/mookyjooky/Dropbox/GITHUB/06 - COMPLETED TOOLS/TECH-Adobe-Enterprise-Automation-PowerShell-Python-Portfolio/node_modules/winston-transport/modern.js:103:17)
    at doWrite (/home/mookyjooky/Dropbox/GITHUB/06 - COMPLETED TOOLS/TECH-Adobe-Enterprise-Automation-PowerShell-Python-Portfolio/node_modules/readable-stream/lib/_stream_writable.js:390:139)
    at writeOrBuffer (/home/mookyjooky/Dropbox/GITHUB/06 - COMPLETED TOOLS/TECH-Adobe-Enterprise-Automation-PowerShell-Python-Portfolio/node_modules/readable-stream/lib/_stream_writable.js:381:5)
    at Console.Object.&lt;anonymous&gt;.Writable.write (/home/mookyjooky/Dropbox/GITHUB/06 - COMPLETED TOOLS/TECH-Adobe-Enterprise-Automation-PowerShell-Python-Portfolio/node_modules/readable-stream/lib/_stream_writable.js:302:11)
    at DerivedLogger.ondata (/home/mookyjooky/Dropbox/GITHUB/06 - COMPLETED TOOLS/TECH-Adobe-Enterprise-Automation-PowerShell-Python-Portfolio/node_modules/readable-stream/lib/_stream_readable.js:629:20)
    at DerivedLogger.emit (node:events:531:35)
    at addChunk (/home/mookyjooky/Dropbox/GITHUB/06 - COMPLETED TOOLS/TECH-Adobe-Enterprise-Automation-PowerShell-Python-Portfolio/node_modules/readable-stream/lib/_stream_readable.js:279:12)
    at readableAddChunk (/home/mookyjooky/Dropbox/GITHUB/06 - COMPLETED TOOLS/TECH-Adobe-Enterprise-Automation-PowerShell-Python-Portfolio/node_modules/readable-stream/lib/_stream_readable.js:262:11)
    at DerivedLogger.Object.&lt;anonymous&gt;.Readable.push (/home/mookyjooky/Dropbox/GITHUB/06 - COMPLETED TOOLS/TECH-Adobe-Enterprise-Automation-PowerShell-Python-Portfolio/node_modules/readable-stream/lib/_stream_readable.js:228:10)
    at DerivedLogger.Object.&lt;anonymous&gt;.Transform.push (/home/mookyjooky/Dropbox/GITHUB/06 - COMPLETED TOOLS/TECH-Adobe-Enterprise-Automation-PowerShell-Python-Portfolio/node_modules/readable-stream/lib/_stream_transform.js:132:32)
    at DerivedLogger._transform (/home/mookyjooky/Dropbox/GITHUB/06 - COMPLETED TOOLS/TECH-Adobe-Enterprise-Automation-PowerShell-Python-Portfolio/node_modules/winston/lib/winston/logger.js:314:12)
    at DerivedLogger.Object.&lt;anonymous&gt;.Transform._read (/home/mookyjooky/Dropbox/GITHUB/06 - COMPLETED TOOLS/TECH-Adobe-Enterprise-Automation-PowerShell-Python-Portfolio/node_modules/readable-stream/lib/_stream_transform.js:166:10)
    at DerivedLogger.Object.&lt;anonymous&gt;.Transform._write (/home/mookyjooky/Dropbox/GITHUB/06 - COMPLETED TOOLS/TECH-Adobe-Enterprise-Automation-PowerShell-Python-Portfolio/node_modules/readable-stream/lib/_stream_transform.js:155:83)
    at doWrite (/home/mookyjooky/Dropbox/GITHUB/06 - COMPLETED TOOLS/TECH-Adobe-Enterprise-Automation-PowerShell-Python-Portfolio/node_modules/readable-stream/lib/_stream_writable.js:390:139)
    at writeOrBuffer (/home/mookyjooky/Dropbox/GITHUB/06 - COMPLETED TOOLS/TECH-Adobe-Enterprise-Automation-PowerShell-Python-Portfolio/node_modules/readable-stream/lib/_stream_writable.js:381:5)
    at DerivedLogger.Object.&lt;anonymous&gt;.Writable.write (/home/mookyjooky/Dropbox/GITHUB/06 - COMPLETED TOOLS/TECH-Adobe-Enterprise-Automation-PowerShell-Python-Portfolio/node_modules/readable-stream/lib/_stream_writable.js:302:11)
    at DerivedLogger.&lt;computed&gt; [as info] (/home/mookyjooky/Dropbox/GITHUB/06 - COMPLETED TOOLS/TECH-Adobe-Enterprise-Automation-PowerShell-Python-Portfolio/node_modules/winston/lib/winston/create-logger.js:81:14)
    at ServerResponse.info (/home/mookyjooky/Dropbox/GITHUB/06 - COMPLETED TOOLS/TECH-Adobe-Enterprise-Automation-PowerShell-Python-Portfolio/api/server.js:88:16)
    at ServerResponse.emit (node:events:531:35)
    at onFinish (node:_http_outgoing:1082:10)
    at callback (node:internal/streams/writable:766:21)
    at afterWrite (node:internal/streams/writable:710:5)
    at afterWriteTick (node:internal/streams/writable:696:10)
    at processTicksAndRejections (node:internal/process/task_queues:89:21)</failure>
      <failure>Error: write EPIPE
    at afterWriteDispatched (node:internal/stream_base_commons:159:15)
    at writeGeneric (node:internal/stream_base_commons:150:3)
    at Socket._writeGeneric (node:net:966:11)
    at Socket._write (node:net:978:8)
    at writeOrBuffer (node:internal/streams/writable:572:12)
    at _write (node:internal/streams/writable:501:10)
    at Socket.Writable.write (node:internal/streams/writable:510:10)
    at Socket.stream.write (/home/mookyjooky/Dropbox/GITHUB/06 - COMPLETED TOOLS/TECH-Adobe-Enterprise-Automation-PowerShell-Python-Portfolio/node_modules/@jest/reporters/build/VerboseReporter.js:47:7)
    at Console.log (/home/mookyjooky/Dropbox/GITHUB/06 - COMPLETED TOOLS/TECH-Adobe-Enterprise-Automation-PowerShell-Python-Portfolio/node_modules/winston/lib/winston/transports/console.js:87:23)
    at Console._write (/home/mookyjooky/Dropbox/GITHUB/06 - COMPLETED TOOLS/TECH-Adobe-Enterprise-Automation-PowerShell-Python-Portfolio/node_modules/winston-transport/modern.js:103:17)
    at doWrite (/home/mookyjooky/Dropbox/GITHUB/06 - COMPLETED TOOLS/TECH-Adobe-Enterprise-Automation-PowerShell-Python-Portfolio/node_modules/readable-stream/lib/_stream_writable.js:390:139)
    at writeOrBuffer (/home/mookyjooky/Dropbox/GITHUB/06 - COMPLETED TOOLS/TECH-Adobe-Enterprise-Automation-PowerShell-Python-Portfolio/node_modules/readable-stream/lib/_stream_writable.js:381:5)
    at Console.Object.&lt;anonymous&gt;.Writable.write (/home/mookyjooky/Dropbox/GITHUB/06 - COMPLETED TOOLS/TECH-Adobe-Enterprise-Automation-PowerShell-Python-Portfolio/node_modules/readable-stream/lib/_stream_writable.js:302:11)
    at DerivedLogger.ondata (/home/mookyjooky/Dropbox/GITHUB/06 - COMPLETED TOOLS/TECH-Adobe-Enterprise-Automation-PowerShell-Python-Portfolio/node_modules/readable-stream/lib/_stream_readable.js:629:20)
    at DerivedLogger.emit (node:events:531:35)
    at addChunk (/home/mookyjooky/Dropbox/GITHUB/06 - COMPLETED TOOLS/TECH-Adobe-Enterprise-Automation-PowerShell-Python-Portfolio/node_modules/readable-stream/lib/_stream_readable.js:279:12)
    at readableAddChunk (/home/mookyjooky/Dropbox/GITHUB/06 - COMPLETED TOOLS/TECH-Adobe-Enterprise-Automation-PowerShell-Python-Portfolio/node_modules/readable-stream/lib/_stream_readable.js:262:11)
    at DerivedLogger.Object.&lt;anonymous&gt;.Readable.push (/home/mookyjooky/Dropbox/GITHUB/06 - COMPLETED TOOLS/TECH-Adobe-Enterprise-Automation-PowerShell-Python-Portfolio/node_modules/readable-stream/lib/_stream_readable.js:228:10)
    at DerivedLogger.Object.&lt;anonymous&gt;.Transform.push (/home/mookyjooky/Dropbox/GITHUB/06 - COMPLETED TOOLS/TECH-Adobe-Enterprise-Automation-PowerShell-Python-Portfolio/node_modules/readable-stream/lib/_stream_transform.js:132:32)
    at DerivedLogger._transform (/home/mookyjooky/Dropbox/GITHUB/06 - COMPLETED TOOLS/TECH-Adobe-Enterprise-Automation-PowerShell-Python-Portfolio/node_modules/winston/lib/winston/logger.js:314:12)
    at DerivedLogger.Object.&lt;anonymous&gt;.Transform._read (/home/mookyjooky/Dropbox/GITHUB/06 - COMPLETED TOOLS/TECH-Adobe-Enterprise-Automation-PowerShell-Python-Portfolio/node_modules/readable-stream/lib/_stream_transform.js:166:10)
    at DerivedLogger.Object.&lt;anonymous&gt;.Transform._write (/home/mookyjooky/Dropbox/GITHUB/06 - COMPLETED TOOLS/TECH-Adobe-Enterprise-Automation-PowerShell-Python-Portfolio/node_modules/readable-stream/lib/_stream_transform.js:155:83)
    at doWrite (/home/mookyjooky/Dropbox/GITHUB/06 - COMPLETED TOOLS/TECH-Adobe-Enterprise-Automation-PowerShell-Python-Portfolio/node_modules/readable-stream/lib/_stream_writable.js:390:139)
    at writeOrBuffer (/home/mookyjooky/Dropbox/GITHUB/06 - COMPLETED TOOLS/TECH-Adobe-Enterprise-Automation-PowerShell-Python-Portfolio/node_modules/readable-stream/lib/_stream_writable.js:381:5)
    at DerivedLogger.Object.&lt;anonymous&gt;.Writable.write (/home/mookyjooky/Dropbox/GITHUB/06 - COMPLETED TOOLS/TECH-Adobe-Enterprise-Automation-PowerShell-Python-Portfolio/node_modules/readable-stream/lib/_stream_writable.js:302:11)
    at DerivedLogger.&lt;computed&gt; [as info] (/home/mookyjooky/Dropbox/GITHUB/06 - COMPLETED TOOLS/TECH-Adobe-Enterprise-Automation-PowerShell-Python-Portfolio/node_modules/winston/lib/winston/create-logger.js:81:14)
    at ServerResponse.info (/home/mookyjooky/Dropbox/GITHUB/06 - COMPLETED TOOLS/TECH-Adobe-Enterprise-Automation-PowerShell-Python-Portfolio/api/server.js:88:16)
    at ServerResponse.emit (node:events:531:35)
    at onFinish (node:_http_outgoing:1082:10)
    at callback (node:internal/streams/writable:766:21)
    at afterWrite (node:internal/streams/writable:710:5)
    at afterWriteTick (node:internal/streams/writable:696:10)
    at processTicksAndRejections (node:internal/process/task_queues:89:21)</failure>
      <failure>Error: write EPIPE
    at afterWriteDispatched (node:internal/stream_base_commons:159:15)
    at writeGeneric (node:internal/stream_base_commons:150:3)
    at Socket._writeGeneric (node:net:966:11)
    at Socket._write (node:net:978:8)
    at writeOrBuffer (node:internal/streams/writable:572:12)
    at _write (node:internal/streams/writable:501:10)
    at Socket.Writable.write (node:internal/streams/writable:510:10)
    at Socket.stream.write (/home/mookyjooky/Dropbox/GITHUB/06 - COMPLETED TOOLS/TECH-Adobe-Enterprise-Automation-PowerShell-Python-Portfolio/node_modules/@jest/reporters/build/VerboseReporter.js:47:7)
    at Console.log (/home/mookyjooky/Dropbox/GITHUB/06 - COMPLETED TOOLS/TECH-Adobe-Enterprise-Automation-PowerShell-Python-Portfolio/node_modules/winston/lib/winston/transports/console.js:87:23)
    at Console._write (/home/mookyjooky/Dropbox/GITHUB/06 - COMPLETED TOOLS/TECH-Adobe-Enterprise-Automation-PowerShell-Python-Portfolio/node_modules/winston-transport/modern.js:103:17)
    at doWrite (/home/mookyjooky/Dropbox/GITHUB/06 - COMPLETED TOOLS/TECH-Adobe-Enterprise-Automation-PowerShell-Python-Portfolio/node_modules/readable-stream/lib/_stream_writable.js:390:139)
    at writeOrBuffer (/home/mookyjooky/Dropbox/GITHUB/06 - COMPLETED TOOLS/TECH-Adobe-Enterprise-Automation-PowerShell-Python-Portfolio/node_modules/readable-stream/lib/_stream_writable.js:381:5)
    at Console.Object.&lt;anonymous&gt;.Writable.write (/home/mookyjooky/Dropbox/GITHUB/06 - COMPLETED TOOLS/TECH-Adobe-Enterprise-Automation-PowerShell-Python-Portfolio/node_modules/readable-stream/lib/_stream_writable.js:302:11)
    at DerivedLogger.ondata (/home/mookyjooky/Dropbox/GITHUB/06 - COMPLETED TOOLS/TECH-Adobe-Enterprise-Automation-PowerShell-Python-Portfolio/node_modules/readable-stream/lib/_stream_readable.js:629:20)
    at DerivedLogger.emit (node:events:531:35)
    at addChunk (/home/mookyjooky/Dropbox/GITHUB/06 - COMPLETED TOOLS/TECH-Adobe-Enterprise-Automation-PowerShell-Python-Portfolio/node_modules/readable-stream/lib/_stream_readable.js:279:12)
    at readableAddChunk (/home/mookyjooky/Dropbox/GITHUB/06 - COMPLETED TOOLS/TECH-Adobe-Enterprise-Automation-PowerShell-Python-Portfolio/node_modules/readable-stream/lib/_stream_readable.js:262:11)
    at DerivedLogger.Object.&lt;anonymous&gt;.Readable.push (/home/mookyjooky/Dropbox/GITHUB/06 - COMPLETED TOOLS/TECH-Adobe-Enterprise-Automation-PowerShell-Python-Portfolio/node_modules/readable-stream/lib/_stream_readable.js:228:10)
    at DerivedLogger.Object.&lt;anonymous&gt;.Transform.push (/home/mookyjooky/Dropbox/GITHUB/06 - COMPLETED TOOLS/TECH-Adobe-Enterprise-Automation-PowerShell-Python-Portfolio/node_modules/readable-stream/lib/_stream_transform.js:132:32)
    at DerivedLogger._transform (/home/mookyjooky/Dropbox/GITHUB/06 - COMPLETED TOOLS/TECH-Adobe-Enterprise-Automation-PowerShell-Python-Portfolio/node_modules/winston/lib/winston/logger.js:314:12)
    at DerivedLogger.Object.&lt;anonymous&gt;.Transform._read (/home/mookyjooky/Dropbox/GITHUB/06 - COMPLETED TOOLS/TECH-Adobe-Enterprise-Automation-PowerShell-Python-Portfolio/node_modules/readable-stream/lib/_stream_transform.js:166:10)
    at DerivedLogger.Object.&lt;anonymous&gt;.Transform._write (/home/mookyjooky/Dropbox/GITHUB/06 - COMPLETED TOOLS/TECH-Adobe-Enterprise-Automation-PowerShell-Python-Portfolio/node_modules/readable-stream/lib/_stream_transform.js:155:83)
    at doWrite (/home/mookyjooky/Dropbox/GITHUB/06 - COMPLETED TOOLS/TECH-Adobe-Enterprise-Automation-PowerShell-Python-Portfolio/node_modules/readable-stream/lib/_stream_writable.js:390:139)
    at writeOrBuffer (/home/mookyjooky/Dropbox/GITHUB/06 - COMPLETED TOOLS/TECH-Adobe-Enterprise-Automation-PowerShell-Python-Portfolio/node_modules/readable-stream/lib/_stream_writable.js:381:5)
    at DerivedLogger.Object.&lt;anonymous&gt;.Writable.write (/home/mookyjooky/Dropbox/GITHUB/06 - COMPLETED TOOLS/TECH-Adobe-Enterprise-Automation-PowerShell-Python-Portfolio/node_modules/readable-stream/lib/_stream_writable.js:302:11)
    at DerivedLogger.&lt;computed&gt; [as info] (/home/mookyjooky/Dropbox/GITHUB/06 - COMPLETED TOOLS/TECH-Adobe-Enterprise-Automation-PowerShell-Python-Portfolio/node_modules/winston/lib/winston/create-logger.js:81:14)
    at ServerResponse.info (/home/mookyjooky/Dropbox/GITHUB/06 - COMPLETED TOOLS/TECH-Adobe-Enterprise-Automation-PowerShell-Python-Portfolio/api/server.js:88:16)
    at ServerResponse.emit (node:events:531:35)
    at onFinish (node:_http_outgoing:1082:10)
    at callback (node:internal/streams/writable:766:21)
    at afterWrite (node:internal/streams/writable:710:5)
    at afterWriteTick (node:internal/streams/writable:696:10)
    at processTicksAndRejections (node:internal/process/task_queues:89:21)</failure>
      <failure>Error: write EPIPE
    at afterWriteDispatched (node:internal/stream_base_commons:159:15)
    at writeGeneric (node:internal/stream_base_commons:150:3)
    at Socket._writeGeneric (node:net:966:11)
    at Socket._write (node:net:978:8)
    at writeOrBuffer (node:internal/streams/writable:572:12)
    at _write (node:internal/streams/writable:501:10)
    at Socket.Writable.write (node:internal/streams/writable:510:10)
    at Socket.stream.write (/home/mookyjooky/Dropbox/GITHUB/06 - COMPLETED TOOLS/TECH-Adobe-Enterprise-Automation-PowerShell-Python-Portfolio/node_modules/@jest/reporters/build/VerboseReporter.js:47:7)
    at Console.log (/home/mookyjooky/Dropbox/GITHUB/06 - COMPLETED TOOLS/TECH-Adobe-Enterprise-Automation-PowerShell-Python-Portfolio/node_modules/winston/lib/winston/transports/console.js:87:23)
    at Console._write (/home/mookyjooky/Dropbox/GITHUB/06 - COMPLETED TOOLS/TECH-Adobe-Enterprise-Automation-PowerShell-Python-Portfolio/node_modules/winston-transport/modern.js:103:17)
    at doWrite (/home/mookyjooky/Dropbox/GITHUB/06 - COMPLETED TOOLS/TECH-Adobe-Enterprise-Automation-PowerShell-Python-Portfolio/node_modules/readable-stream/lib/_stream_writable.js:390:139)
    at writeOrBuffer (/home/mookyjooky/Dropbox/GITHUB/06 - COMPLETED TOOLS/TECH-Adobe-Enterprise-Automation-PowerShell-Python-Portfolio/node_modules/readable-stream/lib/_stream_writable.js:381:5)
    at Console.Object.&lt;anonymous&gt;.Writable.write (/home/mookyjooky/Dropbox/GITHUB/06 - COMPLETED TOOLS/TECH-Adobe-Enterprise-Automation-PowerShell-Python-Portfolio/node_modules/readable-stream/lib/_stream_writable.js:302:11)
    at DerivedLogger.ondata (/home/mookyjooky/Dropbox/GITHUB/06 - COMPLETED TOOLS/TECH-Adobe-Enterprise-Automation-PowerShell-Python-Portfolio/node_modules/readable-stream/lib/_stream_readable.js:629:20)
    at DerivedLogger.emit (node:events:531:35)
    at addChunk (/home/mookyjooky/Dropbox/GITHUB/06 - COMPLETED TOOLS/TECH-Adobe-Enterprise-Automation-PowerShell-Python-Portfolio/node_modules/readable-stream/lib/_stream_readable.js:279:12)
    at readableAddChunk (/home/mookyjooky/Dropbox/GITHUB/06 - COMPLETED TOOLS/TECH-Adobe-Enterprise-Automation-PowerShell-Python-Portfolio/node_modules/readable-stream/lib/_stream_readable.js:262:11)
    at DerivedLogger.Object.&lt;anonymous&gt;.Readable.push (/home/mookyjooky/Dropbox/GITHUB/06 - COMPLETED TOOLS/TECH-Adobe-Enterprise-Automation-PowerShell-Python-Portfolio/node_modules/readable-stream/lib/_stream_readable.js:228:10)
    at DerivedLogger.Object.&lt;anonymous&gt;.Transform.push (/home/mookyjooky/Dropbox/GITHUB/06 - COMPLETED TOOLS/TECH-Adobe-Enterprise-Automation-PowerShell-Python-Portfolio/node_modules/readable-stream/lib/_stream_transform.js:132:32)
    at DerivedLogger._transform (/home/mookyjooky/Dropbox/GITHUB/06 - COMPLETED TOOLS/TECH-Adobe-Enterprise-Automation-PowerShell-Python-Portfolio/node_modules/winston/lib/winston/logger.js:314:12)
    at DerivedLogger.Object.&lt;anonymous&gt;.Transform._read (/home/mookyjooky/Dropbox/GITHUB/06 - COMPLETED TOOLS/TECH-Adobe-Enterprise-Automation-PowerShell-Python-Portfolio/node_modules/readable-stream/lib/_stream_transform.js:166:10)
    at DerivedLogger.Object.&lt;anonymous&gt;.Transform._write (/home/mookyjooky/Dropbox/GITHUB/06 - COMPLETED TOOLS/TECH-Adobe-Enterprise-Automation-PowerShell-Python-Portfolio/node_modules/readable-stream/lib/_stream_transform.js:155:83)
    at doWrite (/home/mookyjooky/Dropbox/GITHUB/06 - COMPLETED TOOLS/TECH-Adobe-Enterprise-Automation-PowerShell-Python-Portfolio/node_modules/readable-stream/lib/_stream_writable.js:390:139)
    at writeOrBuffer (/home/mookyjooky/Dropbox/GITHUB/06 - COMPLETED TOOLS/TECH-Adobe-Enterprise-Automation-PowerShell-Python-Portfolio/node_modules/readable-stream/lib/_stream_writable.js:381:5)
    at DerivedLogger.Object.&lt;anonymous&gt;.Writable.write (/home/mookyjooky/Dropbox/GITHUB/06 - COMPLETED TOOLS/TECH-Adobe-Enterprise-Automation-PowerShell-Python-Portfolio/node_modules/readable-stream/lib/_stream_writable.js:302:11)
    at DerivedLogger.&lt;computed&gt; [as info] (/home/mookyjooky/Dropbox/GITHUB/06 - COMPLETED TOOLS/TECH-Adobe-Enterprise-Automation-PowerShell-Python-Portfolio/node_modules/winston/lib/winston/create-logger.js:81:14)
    at ServerResponse.info (/home/mookyjooky/Dropbox/GITHUB/06 - COMPLETED TOOLS/TECH-Adobe-Enterprise-Automation-PowerShell-Python-Portfolio/api/server.js:88:16)
    at ServerResponse.emit (node:events:531:35)
    at onFinish (node:_http_outgoing:1082:10)
    at callback (node:internal/streams/writable:766:21)
    at afterWrite (node:internal/streams/writable:710:5)
    at afterWriteTick (node:internal/streams/writable:696:10)
    at processTicksAndRejections (node:internal/process/task_queues:89:21)</failure>
      <failure>Error: write EPIPE
    at afterWriteDispatched (node:internal/stream_base_commons:159:15)
    at writeGeneric (node:internal/stream_base_commons:150:3)
    at Socket._writeGeneric (node:net:966:11)
    at Socket._write (node:net:978:8)
    at writeOrBuffer (node:internal/streams/writable:572:12)
    at _write (node:internal/streams/writable:501:10)
    at Socket.Writable.write (node:internal/streams/writable:510:10)
    at Socket.stream.write (/home/mookyjooky/Dropbox/GITHUB/06 - COMPLETED TOOLS/TECH-Adobe-Enterprise-Automation-PowerShell-Python-Portfolio/node_modules/@jest/reporters/build/VerboseReporter.js:47:7)
    at Console.log (/home/mookyjooky/Dropbox/GITHUB/06 - COMPLETED TOOLS/TECH-Adobe-Enterprise-Automation-PowerShell-Python-Portfolio/node_modules/winston/lib/winston/transports/console.js:87:23)
    at Console._write (/home/mookyjooky/Dropbox/GITHUB/06 - COMPLETED TOOLS/TECH-Adobe-Enterprise-Automation-PowerShell-Python-Portfolio/node_modules/winston-transport/modern.js:103:17)
    at doWrite (/home/mookyjooky/Dropbox/GITHUB/06 - COMPLETED TOOLS/TECH-Adobe-Enterprise-Automation-PowerShell-Python-Portfolio/node_modules/readable-stream/lib/_stream_writable.js:390:139)
    at writeOrBuffer (/home/mookyjooky/Dropbox/GITHUB/06 - COMPLETED TOOLS/TECH-Adobe-Enterprise-Automation-PowerShell-Python-Portfolio/node_modules/readable-stream/lib/_stream_writable.js:381:5)
    at Console.Object.&lt;anonymous&gt;.Writable.write (/home/mookyjooky/Dropbox/GITHUB/06 - COMPLETED TOOLS/TECH-Adobe-Enterprise-Automation-PowerShell-Python-Portfolio/node_modules/readable-stream/lib/_stream_writable.js:302:11)
    at DerivedLogger.ondata (/home/mookyjooky/Dropbox/GITHUB/06 - COMPLETED TOOLS/TECH-Adobe-Enterprise-Automation-PowerShell-Python-Portfolio/node_modules/readable-stream/lib/_stream_readable.js:629:20)
    at DerivedLogger.emit (node:events:531:35)
    at addChunk (/home/mookyjooky/Dropbox/GITHUB/06 - COMPLETED TOOLS/TECH-Adobe-Enterprise-Automation-PowerShell-Python-Portfolio/node_modules/readable-stream/lib/_stream_readable.js:279:12)
    at readableAddChunk (/home/mookyjooky/Dropbox/GITHUB/06 - COMPLETED TOOLS/TECH-Adobe-Enterprise-Automation-PowerShell-Python-Portfolio/node_modules/readable-stream/lib/_stream_readable.js:262:11)
    at DerivedLogger.Object.&lt;anonymous&gt;.Readable.push (/home/mookyjooky/Dropbox/GITHUB/06 - COMPLETED TOOLS/TECH-Adobe-Enterprise-Automation-PowerShell-Python-Portfolio/node_modules/readable-stream/lib/_stream_readable.js:228:10)
    at DerivedLogger.Object.&lt;anonymous&gt;.Transform.push (/home/mookyjooky/Dropbox/GITHUB/06 - COMPLETED TOOLS/TECH-Adobe-Enterprise-Automation-PowerShell-Python-Portfolio/node_modules/readable-stream/lib/_stream_transform.js:132:32)
    at DerivedLogger._transform (/home/mookyjooky/Dropbox/GITHUB/06 - COMPLETED TOOLS/TECH-Adobe-Enterprise-Automation-PowerShell-Python-Portfolio/node_modules/winston/lib/winston/logger.js:314:12)
    at DerivedLogger.Object.&lt;anonymous&gt;.Transform._read (/home/mookyjooky/Dropbox/GITHUB/06 - COMPLETED TOOLS/TECH-Adobe-Enterprise-Automation-PowerShell-Python-Portfolio/node_modules/readable-stream/lib/_stream_transform.js:166:10)
    at DerivedLogger.Object.&lt;anonymous&gt;.Transform._write (/home/mookyjooky/Dropbox/GITHUB/06 - COMPLETED TOOLS/TECH-Adobe-Enterprise-Automation-PowerShell-Python-Portfolio/node_modules/readable-stream/lib/_stream_transform.js:155:83)
    at doWrite (/home/mookyjooky/Dropbox/GITHUB/06 - COMPLETED TOOLS/TECH-Adobe-Enterprise-Automation-PowerShell-Python-Portfolio/node_modules/readable-stream/lib/_stream_writable.js:390:139)
    at writeOrBuffer (/home/mookyjooky/Dropbox/GITHUB/06 - COMPLETED TOOLS/TECH-Adobe-Enterprise-Automation-PowerShell-Python-Portfolio/node_modules/readable-stream/lib/_stream_writable.js:381:5)
    at DerivedLogger.Object.&lt;anonymous&gt;.Writable.write (/home/mookyjooky/Dropbox/GITHUB/06 - COMPLETED TOOLS/TECH-Adobe-Enterprise-Automation-PowerShell-Python-Portfolio/node_modules/readable-stream/lib/_stream_writable.js:302:11)
    at DerivedLogger.&lt;computed&gt; [as info] (/home/mookyjooky/Dropbox/GITHUB/06 - COMPLETED TOOLS/TECH-Adobe-Enterprise-Automation-PowerShell-Python-Portfolio/node_modules/winston/lib/winston/create-logger.js:81:14)
    at ServerResponse.info (/home/mookyjooky/Dropbox/GITHUB/06 - COMPLETED TOOLS/TECH-Adobe-Enterprise-Automation-PowerShell-Python-Portfolio/api/server.js:88:16)
    at ServerResponse.emit (node:events:531:35)
    at onFinish (node:_http_outgoing:1082:10)
    at callback (node:internal/streams/writable:766:21)
    at afterWrite (node:internal/streams/writable:710:5)
    at afterWriteTick (node:internal/streams/writable:696:10)
    at processTicksAndRejections (node:internal/process/task_queues:89:21)</failure>
      <failure>Error: write EPIPE
    at afterWriteDispatched (node:internal/stream_base_commons:159:15)
    at writeGeneric (node:internal/stream_base_commons:150:3)
    at Socket._writeGeneric (node:net:966:11)
    at Socket._write (node:net:978:8)
    at writeOrBuffer (node:internal/streams/writable:572:12)
    at _write (node:internal/streams/writable:501:10)
    at Socket.Writable.write (node:internal/streams/writable:510:10)
    at Socket.stream.write (/home/mookyjooky/Dropbox/GITHUB/06 - COMPLETED TOOLS/TECH-Adobe-Enterprise-Automation-PowerShell-Python-Portfolio/node_modules/@jest/reporters/build/VerboseReporter.js:47:7)
    at Console.log (/home/mookyjooky/Dropbox/GITHUB/06 - COMPLETED TOOLS/TECH-Adobe-Enterprise-Automation-PowerShell-Python-Portfolio/node_modules/winston/lib/winston/transports/console.js:87:23)
    at Console._write (/home/mookyjooky/Dropbox/GITHUB/06 - COMPLETED TOOLS/TECH-Adobe-Enterprise-Automation-PowerShell-Python-Portfolio/node_modules/winston-transport/modern.js:103:17)
    at doWrite (/home/mookyjooky/Dropbox/GITHUB/06 - COMPLETED TOOLS/TECH-Adobe-Enterprise-Automation-PowerShell-Python-Portfolio/node_modules/readable-stream/lib/_stream_writable.js:390:139)
    at writeOrBuffer (/home/mookyjooky/Dropbox/GITHUB/06 - COMPLETED TOOLS/TECH-Adobe-Enterprise-Automation-PowerShell-Python-Portfolio/node_modules/readable-stream/lib/_stream_writable.js:381:5)
    at Console.Object.&lt;anonymous&gt;.Writable.write (/home/mookyjooky/Dropbox/GITHUB/06 - COMPLETED TOOLS/TECH-Adobe-Enterprise-Automation-PowerShell-Python-Portfolio/node_modules/readable-stream/lib/_stream_writable.js:302:11)
    at DerivedLogger.ondata (/home/mookyjooky/Dropbox/GITHUB/06 - COMPLETED TOOLS/TECH-Adobe-Enterprise-Automation-PowerShell-Python-Portfolio/node_modules/readable-stream/lib/_stream_readable.js:629:20)
    at DerivedLogger.emit (node:events:531:35)
    at addChunk (/home/mookyjooky/Dropbox/GITHUB/06 - COMPLETED TOOLS/TECH-Adobe-Enterprise-Automation-PowerShell-Python-Portfolio/node_modules/readable-stream/lib/_stream_readable.js:279:12)
    at readableAddChunk (/home/mookyjooky/Dropbox/GITHUB/06 - COMPLETED TOOLS/TECH-Adobe-Enterprise-Automation-PowerShell-Python-Portfolio/node_modules/readable-stream/lib/_stream_readable.js:262:11)
    at DerivedLogger.Object.&lt;anonymous&gt;.Readable.push (/home/mookyjooky/Dropbox/GITHUB/06 - COMPLETED TOOLS/TECH-Adobe-Enterprise-Automation-PowerShell-Python-Portfolio/node_modules/readable-stream/lib/_stream_readable.js:228:10)
    at DerivedLogger.Object.&lt;anonymous&gt;.Transform.push (/home/mookyjooky/Dropbox/GITHUB/06 - COMPLETED TOOLS/TECH-Adobe-Enterprise-Automation-PowerShell-Python-Portfolio/node_modules/readable-stream/lib/_stream_transform.js:132:32)
    at DerivedLogger._transform (/home/mookyjooky/Dropbox/GITHUB/06 - COMPLETED TOOLS/TECH-Adobe-Enterprise-Automation-PowerShell-Python-Portfolio/node_modules/winston/lib/winston/logger.js:314:12)
    at DerivedLogger.Object.&lt;anonymous&gt;.Transform._read (/home/mookyjooky/Dropbox/GITHUB/06 - COMPLETED TOOLS/TECH-Adobe-Enterprise-Automation-PowerShell-Python-Portfolio/node_modules/readable-stream/lib/_stream_transform.js:166:10)
    at DerivedLogger.Object.&lt;anonymous&gt;.Transform._write (/home/mookyjooky/Dropbox/GITHUB/06 - COMPLETED TOOLS/TECH-Adobe-Enterprise-Automation-PowerShell-Python-Portfolio/node_modules/readable-stream/lib/_stream_transform.js:155:83)
    at doWrite (/home/mookyjooky/Dropbox/GITHUB/06 - COMPLETED TOOLS/TECH-Adobe-Enterprise-Automation-PowerShell-Python-Portfolio/node_modules/readable-stream/lib/_stream_writable.js:390:139)
    at writeOrBuffer (/home/mookyjooky/Dropbox/GITHUB/06 - COMPLETED TOOLS/TECH-Adobe-Enterprise-Automation-PowerShell-Python-Portfolio/node_modules/readable-stream/lib/_stream_writable.js:381:5)
    at DerivedLogger.Object.&lt;anonymous&gt;.Writable.write (/home/mookyjooky/Dropbox/GITHUB/06 - COMPLETED TOOLS/TECH-Adobe-Enterprise-Automation-PowerShell-Python-Portfolio/node_modules/readable-stream/lib/_stream_writable.js:302:11)
    at DerivedLogger.&lt;computed&gt; [as info] (/home/mookyjooky/Dropbox/GITHUB/06 - COMPLETED TOOLS/TECH-Adobe-Enterprise-Automation-PowerShell-Python-Portfolio/node_modules/winston/lib/winston/create-logger.js:81:14)
    at ServerResponse.info (/home/mookyjooky/Dropbox/GITHUB/06 - COMPLETED TOOLS/TECH-Adobe-Enterprise-Automation-PowerShell-Python-Portfolio/api/server.js:88:16)
    at ServerResponse.emit (node:events:531:35)
    at onFinish (node:_http_outgoing:1082:10)
    at callback (node:internal/streams/writable:766:21)
    at afterWrite (node:internal/streams/writable:710:5)
    at afterWriteTick (node:internal/streams/writable:696:10)
    at processTicksAndRejections (node:internal/process/task_queues:89:21)</failure>
      <failure>Error: write EPIPE
    at afterWriteDispatched (node:internal/stream_base_commons:159:15)
    at writeGeneric (node:internal/stream_base_commons:150:3)
    at Socket._writeGeneric (node:net:966:11)
    at Socket._write (node:net:978:8)
    at writeOrBuffer (node:internal/streams/writable:572:12)
    at _write (node:internal/streams/writable:501:10)
    at Socket.Writable.write (node:internal/streams/writable:510:10)
    at Socket.stream.write (/home/mookyjooky/Dropbox/GITHUB/06 - COMPLETED TOOLS/TECH-Adobe-Enterprise-Automation-PowerShell-Python-Portfolio/node_modules/@jest/reporters/build/VerboseReporter.js:47:7)
    at Console.log (/home/mookyjooky/Dropbox/GITHUB/06 - COMPLETED TOOLS/TECH-Adobe-Enterprise-Automation-PowerShell-Python-Portfolio/node_modules/winston/lib/winston/transports/console.js:87:23)
    at Console._write (/home/mookyjooky/Dropbox/GITHUB/06 - COMPLETED TOOLS/TECH-Adobe-Enterprise-Automation-PowerShell-Python-Portfolio/node_modules/winston-transport/modern.js:103:17)
    at doWrite (/home/mookyjooky/Dropbox/GITHUB/06 - COMPLETED TOOLS/TECH-Adobe-Enterprise-Automation-PowerShell-Python-Portfolio/node_modules/readable-stream/lib/_stream_writable.js:390:139)
    at writeOrBuffer (/home/mookyjooky/Dropbox/GITHUB/06 - COMPLETED TOOLS/TECH-Adobe-Enterprise-Automation-PowerShell-Python-Portfolio/node_modules/readable-stream/lib/_stream_writable.js:381:5)
    at Console.Object.&lt;anonymous&gt;.Writable.write (/home/mookyjooky/Dropbox/GITHUB/06 - COMPLETED TOOLS/TECH-Adobe-Enterprise-Automation-PowerShell-Python-Portfolio/node_modules/readable-stream/lib/_stream_writable.js:302:11)
    at DerivedLogger.ondata (/home/mookyjooky/Dropbox/GITHUB/06 - COMPLETED TOOLS/TECH-Adobe-Enterprise-Automation-PowerShell-Python-Portfolio/node_modules/readable-stream/lib/_stream_readable.js:629:20)
    at DerivedLogger.emit (node:events:531:35)
    at addChunk (/home/mookyjooky/Dropbox/GITHUB/06 - COMPLETED TOOLS/TECH-Adobe-Enterprise-Automation-PowerShell-Python-Portfolio/node_modules/readable-stream/lib/_stream_readable.js:279:12)
    at readableAddChunk (/home/mookyjooky/Dropbox/GITHUB/06 - COMPLETED TOOLS/TECH-Adobe-Enterprise-Automation-PowerShell-Python-Portfolio/node_modules/readable-stream/lib/_stream_readable.js:262:11)
    at DerivedLogger.Object.&lt;anonymous&gt;.Readable.push (/home/mookyjooky/Dropbox/GITHUB/06 - COMPLETED TOOLS/TECH-Adobe-Enterprise-Automation-PowerShell-Python-Portfolio/node_modules/readable-stream/lib/_stream_readable.js:228:10)
    at DerivedLogger.Object.&lt;anonymous&gt;.Transform.push (/home/mookyjooky/Dropbox/GITHUB/06 - COMPLETED TOOLS/TECH-Adobe-Enterprise-Automation-PowerShell-Python-Portfolio/node_modules/readable-stream/lib/_stream_transform.js:132:32)
    at DerivedLogger._transform (/home/mookyjooky/Dropbox/GITHUB/06 - COMPLETED TOOLS/TECH-Adobe-Enterprise-Automation-PowerShell-Python-Portfolio/node_modules/winston/lib/winston/logger.js:314:12)
    at DerivedLogger.Object.&lt;anonymous&gt;.Transform._read (/home/mookyjooky/Dropbox/GITHUB/06 - COMPLETED TOOLS/TECH-Adobe-Enterprise-Automation-PowerShell-Python-Portfolio/node_modules/readable-stream/lib/_stream_transform.js:166:10)
    at DerivedLogger.Object.&lt;anonymous&gt;.Transform._write (/home/mookyjooky/Dropbox/GITHUB/06 - COMPLETED TOOLS/TECH-Adobe-Enterprise-Automation-PowerShell-Python-Portfolio/node_modules/readable-stream/lib/_stream_transform.js:155:83)
    at doWrite (/home/mookyjooky/Dropbox/GITHUB/06 - COMPLETED TOOLS/TECH-Adobe-Enterprise-Automation-PowerShell-Python-Portfolio/node_modules/readable-stream/lib/_stream_writable.js:390:139)
    at writeOrBuffer (/home/mookyjooky/Dropbox/GITHUB/06 - COMPLETED TOOLS/TECH-Adobe-Enterprise-Automation-PowerShell-Python-Portfolio/node_modules/readable-stream/lib/_stream_writable.js:381:5)
    at DerivedLogger.Object.&lt;anonymous&gt;.Writable.write (/home/mookyjooky/Dropbox/GITHUB/06 - COMPLETED TOOLS/TECH-Adobe-Enterprise-Automation-PowerShell-Python-Portfolio/node_modules/readable-stream/lib/_stream_writable.js:302:11)
    at DerivedLogger.&lt;computed&gt; [as info] (/home/mookyjooky/Dropbox/GITHUB/06 - COMPLETED TOOLS/TECH-Adobe-Enterprise-Automation-PowerShell-Python-Portfolio/node_modules/winston/lib/winston/create-logger.js:81:14)
    at ServerResponse.info (/home/mookyjooky/Dropbox/GITHUB/06 - COMPLETED TOOLS/TECH-Adobe-Enterprise-Automation-PowerShell-Python-Portfolio/api/server.js:88:16)
    at ServerResponse.emit (node:events:531:35)
    at onFinish (node:_http_outgoing:1082:10)
    at callback (node:internal/streams/writable:766:21)
    at afterWrite (node:internal/streams/writable:710:5)
    at afterWriteTick (node:internal/streams/writable:696:10)
    at processTicksAndRejections (node:internal/process/task_queues:89:21)</failure>
      <failure>Error: write EPIPE
    at afterWriteDispatched (node:internal/stream_base_commons:159:15)
    at writeGeneric (node:internal/stream_base_commons:150:3)
    at Socket._writeGeneric (node:net:966:11)
    at Socket._write (node:net:978:8)
    at writeOrBuffer (node:internal/streams/writable:572:12)
    at _write (node:internal/streams/writable:501:10)
    at Socket.Writable.write (node:internal/streams/writable:510:10)
    at Socket.stream.write (/home/mookyjooky/Dropbox/GITHUB/06 - COMPLETED TOOLS/TECH-Adobe-Enterprise-Automation-PowerShell-Python-Portfolio/node_modules/@jest/reporters/build/VerboseReporter.js:47:7)
    at Console.log (/home/mookyjooky/Dropbox/GITHUB/06 - COMPLETED TOOLS/TECH-Adobe-Enterprise-Automation-PowerShell-Python-Portfolio/node_modules/winston/lib/winston/transports/console.js:87:23)
    at Console._write (/home/mookyjooky/Dropbox/GITHUB/06 - COMPLETED TOOLS/TECH-Adobe-Enterprise-Automation-PowerShell-Python-Portfolio/node_modules/winston-transport/modern.js:103:17)
    at doWrite (/home/mookyjooky/Dropbox/GITHUB/06 - COMPLETED TOOLS/TECH-Adobe-Enterprise-Automation-PowerShell-Python-Portfolio/node_modules/readable-stream/lib/_stream_writable.js:390:139)
    at writeOrBuffer (/home/mookyjooky/Dropbox/GITHUB/06 - COMPLETED TOOLS/TECH-Adobe-Enterprise-Automation-PowerShell-Python-Portfolio/node_modules/readable-stream/lib/_stream_writable.js:381:5)
    at Console.Object.&lt;anonymous&gt;.Writable.write (/home/mookyjooky/Dropbox/GITHUB/06 - COMPLETED TOOLS/TECH-Adobe-Enterprise-Automation-PowerShell-Python-Portfolio/node_modules/readable-stream/lib/_stream_writable.js:302:11)
    at DerivedLogger.ondata (/home/mookyjooky/Dropbox/GITHUB/06 - COMPLETED TOOLS/TECH-Adobe-Enterprise-Automation-PowerShell-Python-Portfolio/node_modules/readable-stream/lib/_stream_readable.js:629:20)
    at DerivedLogger.emit (node:events:531:35)
    at addChunk (/home/mookyjooky/Dropbox/GITHUB/06 - COMPLETED TOOLS/TECH-Adobe-Enterprise-Automation-PowerShell-Python-Portfolio/node_modules/readable-stream/lib/_stream_readable.js:279:12)
    at readableAddChunk (/home/mookyjooky/Dropbox/GITHUB/06 - COMPLETED TOOLS/TECH-Adobe-Enterprise-Automation-PowerShell-Python-Portfolio/node_modules/readable-stream/lib/_stream_readable.js:262:11)
    at DerivedLogger.Object.&lt;anonymous&gt;.Readable.push (/home/mookyjooky/Dropbox/GITHUB/06 - COMPLETED TOOLS/TECH-Adobe-Enterprise-Automation-PowerShell-Python-Portfolio/node_modules/readable-stream/lib/_stream_readable.js:228:10)
    at DerivedLogger.Object.&lt;anonymous&gt;.Transform.push (/home/mookyjooky/Dropbox/GITHUB/06 - COMPLETED TOOLS/TECH-Adobe-Enterprise-Automation-PowerShell-Python-Portfolio/node_modules/readable-stream/lib/_stream_transform.js:132:32)
    at DerivedLogger._transform (/home/mookyjooky/Dropbox/GITHUB/06 - COMPLETED TOOLS/TECH-Adobe-Enterprise-Automation-PowerShell-Python-Portfolio/node_modules/winston/lib/winston/logger.js:314:12)
    at DerivedLogger.Object.&lt;anonymous&gt;.Transform._read (/home/mookyjooky/Dropbox/GITHUB/06 - COMPLETED TOOLS/TECH-Adobe-Enterprise-Automation-PowerShell-Python-Portfolio/node_modules/readable-stream/lib/_stream_transform.js:166:10)
    at DerivedLogger.Object.&lt;anonymous&gt;.Transform._write (/home/mookyjooky/Dropbox/GITHUB/06 - COMPLETED TOOLS/TECH-Adobe-Enterprise-Automation-PowerShell-Python-Portfolio/node_modules/readable-stream/lib/_stream_transform.js:155:83)
    at doWrite (/home/mookyjooky/Dropbox/GITHUB/06 - COMPLETED TOOLS/TECH-Adobe-Enterprise-Automation-PowerShell-Python-Portfolio/node_modules/readable-stream/lib/_stream_writable.js:390:139)
    at writeOrBuffer (/home/mookyjooky/Dropbox/GITHUB/06 - COMPLETED TOOLS/TECH-Adobe-Enterprise-Automation-PowerShell-Python-Portfolio/node_modules/readable-stream/lib/_stream_writable.js:381:5)
    at DerivedLogger.Object.&lt;anonymous&gt;.Writable.write (/home/mookyjooky/Dropbox/GITHUB/06 - COMPLETED TOOLS/TECH-Adobe-Enterprise-Automation-PowerShell-Python-Portfolio/node_modules/readable-stream/lib/_stream_writable.js:302:11)
    at DerivedLogger.&lt;computed&gt; [as info] (/home/mookyjooky/Dropbox/GITHUB/06 - COMPLETED TOOLS/TECH-Adobe-Enterprise-Automation-PowerShell-Python-Portfolio/node_modules/winston/lib/winston/create-logger.js:81:14)
    at ServerResponse.info (/home/mookyjooky/Dropbox/GITHUB/06 - COMPLETED TOOLS/TECH-Adobe-Enterprise-Automation-PowerShell-Python-Portfolio/api/server.js:88:16)
    at ServerResponse.emit (node:events:531:35)
    at onFinish (node:_http_outgoing:1082:10)
    at callback (node:internal/streams/writable:766:21)
    at afterWrite (node:internal/streams/writable:710:5)
    at afterWriteTick (node:internal/streams/writable:696:10)
    at processTicksAndRejections (node:internal/process/task_queues:89:21)</failure>
      <failure>Error: write EPIPE
    at afterWriteDispatched (node:internal/stream_base_commons:159:15)
    at writeGeneric (node:internal/stream_base_commons:150:3)
    at Socket._writeGeneric (node:net:966:11)
    at Socket._write (node:net:978:8)
    at writeOrBuffer (node:internal/streams/writable:572:12)
    at _write (node:internal/streams/writable:501:10)
    at Socket.Writable.write (node:internal/streams/writable:510:10)
    at Socket.stream.write (/home/mookyjooky/Dropbox/GITHUB/06 - COMPLETED TOOLS/TECH-Adobe-Enterprise-Automation-PowerShell-Python-Portfolio/node_modules/@jest/reporters/build/VerboseReporter.js:47:7)
    at Console.log (/home/mookyjooky/Dropbox/GITHUB/06 - COMPLETED TOOLS/TECH-Adobe-Enterprise-Automation-PowerShell-Python-Portfolio/node_modules/winston/lib/winston/transports/console.js:87:23)
    at Console._write (/home/mookyjooky/Dropbox/GITHUB/06 - COMPLETED TOOLS/TECH-Adobe-Enterprise-Automation-PowerShell-Python-Portfolio/node_modules/winston-transport/modern.js:103:17)
    at doWrite (/home/mookyjooky/Dropbox/GITHUB/06 - COMPLETED TOOLS/TECH-Adobe-Enterprise-Automation-PowerShell-Python-Portfolio/node_modules/readable-stream/lib/_stream_writable.js:390:139)
    at writeOrBuffer (/home/mookyjooky/Dropbox/GITHUB/06 - COMPLETED TOOLS/TECH-Adobe-Enterprise-Automation-PowerShell-Python-Portfolio/node_modules/readable-stream/lib/_stream_writable.js:381:5)
    at Console.Object.&lt;anonymous&gt;.Writable.write (/home/mookyjooky/Dropbox/GITHUB/06 - COMPLETED TOOLS/TECH-Adobe-Enterprise-Automation-PowerShell-Python-Portfolio/node_modules/readable-stream/lib/_stream_writable.js:302:11)
    at DerivedLogger.ondata (/home/mookyjooky/Dropbox/GITHUB/06 - COMPLETED TOOLS/TECH-Adobe-Enterprise-Automation-PowerShell-Python-Portfolio/node_modules/readable-stream/lib/_stream_readable.js:629:20)
    at DerivedLogger.emit (node:events:531:35)
    at addChunk (/home/mookyjooky/Dropbox/GITHUB/06 - COMPLETED TOOLS/TECH-Adobe-Enterprise-Automation-PowerShell-Python-Portfolio/node_modules/readable-stream/lib/_stream_readable.js:279:12)
    at readableAddChunk (/home/mookyjooky/Dropbox/GITHUB/06 - COMPLETED TOOLS/TECH-Adobe-Enterprise-Automation-PowerShell-Python-Portfolio/node_modules/readable-stream/lib/_stream_readable.js:262:11)
    at DerivedLogger.Object.&lt;anonymous&gt;.Readable.push (/home/mookyjooky/Dropbox/GITHUB/06 - COMPLETED TOOLS/TECH-Adobe-Enterprise-Automation-PowerShell-Python-Portfolio/node_modules/readable-stream/lib/_stream_readable.js:228:10)
    at DerivedLogger.Object.&lt;anonymous&gt;.Transform.push (/home/mookyjooky/Dropbox/GITHUB/06 - COMPLETED TOOLS/TECH-Adobe-Enterprise-Automation-PowerShell-Python-Portfolio/node_modules/readable-stream/lib/_stream_transform.js:132:32)
    at DerivedLogger._transform (/home/mookyjooky/Dropbox/GITHUB/06 - COMPLETED TOOLS/TECH-Adobe-Enterprise-Automation-PowerShell-Python-Portfolio/node_modules/winston/lib/winston/logger.js:314:12)
    at DerivedLogger.Object.&lt;anonymous&gt;.Transform._read (/home/mookyjooky/Dropbox/GITHUB/06 - COMPLETED TOOLS/TECH-Adobe-Enterprise-Automation-PowerShell-Python-Portfolio/node_modules/readable-stream/lib/_stream_transform.js:166:10)
    at DerivedLogger.Object.&lt;anonymous&gt;.Transform._write (/home/mookyjooky/Dropbox/GITHUB/06 - COMPLETED TOOLS/TECH-Adobe-Enterprise-Automation-PowerShell-Python-Portfolio/node_modules/readable-stream/lib/_stream_transform.js:155:83)
    at doWrite (/home/mookyjooky/Dropbox/GITHUB/06 - COMPLETED TOOLS/TECH-Adobe-Enterprise-Automation-PowerShell-Python-Portfolio/node_modules/readable-stream/lib/_stream_writable.js:390:139)
    at writeOrBuffer (/home/mookyjooky/Dropbox/GITHUB/06 - COMPLETED TOOLS/TECH-Adobe-Enterprise-Automation-PowerShell-Python-Portfolio/node_modules/readable-stream/lib/_stream_writable.js:381:5)
    at DerivedLogger.Object.&lt;anonymous&gt;.Writable.write (/home/mookyjooky/Dropbox/GITHUB/06 - COMPLETED TOOLS/TECH-Adobe-Enterprise-Automation-PowerShell-Python-Portfolio/node_modules/readable-stream/lib/_stream_writable.js:302:11)
    at DerivedLogger.&lt;computed&gt; [as info] (/home/mookyjooky/Dropbox/GITHUB/06 - COMPLETED TOOLS/TECH-Adobe-Enterprise-Automation-PowerShell-Python-Portfolio/node_modules/winston/lib/winston/create-logger.js:81:14)
    at ServerResponse.info (/home/mookyjooky/Dropbox/GITHUB/06 - COMPLETED TOOLS/TECH-Adobe-Enterprise-Automation-PowerShell-Python-Portfolio/api/server.js:88:16)
    at ServerResponse.emit (node:events:531:35)
    at onFinish (node:_http_outgoing:1082:10)
    at callback (node:internal/streams/writable:766:21)
    at afterWrite (node:internal/streams/writable:710:5)
    at afterWriteTick (node:internal/streams/writable:696:10)
    at processTicksAndRejections (node:internal/process/task_queues:89:21)</failure>
      <failure>Error: write EPIPE
    at afterWriteDispatched (node:internal/stream_base_commons:159:15)
    at writeGeneric (node:internal/stream_base_commons:150:3)
    at Socket._writeGeneric (node:net:966:11)
    at Socket._write (node:net:978:8)
    at writeOrBuffer (node:internal/streams/writable:572:12)
    at _write (node:internal/streams/writable:501:10)
    at Socket.Writable.write (node:internal/streams/writable:510:10)
    at Socket.stream.write (/home/mookyjooky/Dropbox/GITHUB/06 - COMPLETED TOOLS/TECH-Adobe-Enterprise-Automation-PowerShell-Python-Portfolio/node_modules/@jest/reporters/build/VerboseReporter.js:47:7)
    at Console.log (/home/mookyjooky/Dropbox/GITHUB/06 - COMPLETED TOOLS/TECH-Adobe-Enterprise-Automation-PowerShell-Python-Portfolio/node_modules/winston/lib/winston/transports/console.js:87:23)
    at Console._write (/home/mookyjooky/Dropbox/GITHUB/06 - COMPLETED TOOLS/TECH-Adobe-Enterprise-Automation-PowerShell-Python-Portfolio/node_modules/winston-transport/modern.js:103:17)
    at doWrite (/home/mookyjooky/Dropbox/GITHUB/06 - COMPLETED TOOLS/TECH-Adobe-Enterprise-Automation-PowerShell-Python-Portfolio/node_modules/readable-stream/lib/_stream_writable.js:390:139)
    at writeOrBuffer (/home/mookyjooky/Dropbox/GITHUB/06 - COMPLETED TOOLS/TECH-Adobe-Enterprise-Automation-PowerShell-Python-Portfolio/node_modules/readable-stream/lib/_stream_writable.js:381:5)
    at Console.Object.&lt;anonymous&gt;.Writable.write (/home/mookyjooky/Dropbox/GITHUB/06 - COMPLETED TOOLS/TECH-Adobe-Enterprise-Automation-PowerShell-Python-Portfolio/node_modules/readable-stream/lib/_stream_writable.js:302:11)
    at DerivedLogger.ondata (/home/mookyjooky/Dropbox/GITHUB/06 - COMPLETED TOOLS/TECH-Adobe-Enterprise-Automation-PowerShell-Python-Portfolio/node_modules/readable-stream/lib/_stream_readable.js:629:20)
    at DerivedLogger.emit (node:events:531:35)
    at addChunk (/home/mookyjooky/Dropbox/GITHUB/06 - COMPLETED TOOLS/TECH-Adobe-Enterprise-Automation-PowerShell-Python-Portfolio/node_modules/readable-stream/lib/_stream_readable.js:279:12)
    at readableAddChunk (/home/mookyjooky/Dropbox/GITHUB/06 - COMPLETED TOOLS/TECH-Adobe-Enterprise-Automation-PowerShell-Python-Portfolio/node_modules/readable-stream/lib/_stream_readable.js:262:11)
    at DerivedLogger.Object.&lt;anonymous&gt;.Readable.push (/home/mookyjooky/Dropbox/GITHUB/06 - COMPLETED TOOLS/TECH-Adobe-Enterprise-Automation-PowerShell-Python-Portfolio/node_modules/readable-stream/lib/_stream_readable.js:228:10)
    at DerivedLogger.Object.&lt;anonymous&gt;.Transform.push (/home/mookyjooky/Dropbox/GITHUB/06 - COMPLETED TOOLS/TECH-Adobe-Enterprise-Automation-PowerShell-Python-Portfolio/node_modules/readable-stream/lib/_stream_transform.js:132:32)
    at DerivedLogger._transform (/home/mookyjooky/Dropbox/GITHUB/06 - COMPLETED TOOLS/TECH-Adobe-Enterprise-Automation-PowerShell-Python-Portfolio/node_modules/winston/lib/winston/logger.js:314:12)
    at DerivedLogger.Object.&lt;anonymous&gt;.Transform._read (/home/mookyjooky/Dropbox/GITHUB/06 - COMPLETED TOOLS/TECH-Adobe-Enterprise-Automation-PowerShell-Python-Portfolio/node_modules/readable-stream/lib/_stream_transform.js:166:10)
    at DerivedLogger.Object.&lt;anonymous&gt;.Transform._write (/home/mookyjooky/Dropbox/GITHUB/06 - COMPLETED TOOLS/TECH-Adobe-Enterprise-Automation-PowerShell-Python-Portfolio/node_modules/readable-stream/lib/_stream_transform.js:155:83)
    at doWrite (/home/mookyjooky/Dropbox/GITHUB/06 - COMPLETED TOOLS/TECH-Adobe-Enterprise-Automation-PowerShell-Python-Portfolio/node_modules/readable-stream/lib/_stream_writable.js:390:139)
    at writeOrBuffer (/home/mookyjooky/Dropbox/GITHUB/06 - COMPLETED TOOLS/TECH-Adobe-Enterprise-Automation-PowerShell-Python-Portfolio/node_modules/readable-stream/lib/_stream_writable.js:381:5)
    at DerivedLogger.Object.&lt;anonymous&gt;.Writable.write (/home/mookyjooky/Dropbox/GITHUB/06 - COMPLETED TOOLS/TECH-Adobe-Enterprise-Automation-PowerShell-Python-Portfolio/node_modules/readable-stream/lib/_stream_writable.js:302:11)
    at DerivedLogger.&lt;computed&gt; [as info] (/home/mookyjooky/Dropbox/GITHUB/06 - COMPLETED TOOLS/TECH-Adobe-Enterprise-Automation-PowerShell-Python-Portfolio/node_modules/winston/lib/winston/create-logger.js:81:14)
    at ServerResponse.info (/home/mookyjooky/Dropbox/GITHUB/06 - COMPLETED TOOLS/TECH-Adobe-Enterprise-Automation-PowerShell-Python-Portfolio/api/server.js:88:16)
    at ServerResponse.emit (node:events:531:35)
    at onFinish (node:_http_outgoing:1082:10)
    at callback (node:internal/streams/writable:766:21)
    at afterWrite (node:internal/streams/writable:710:5)
    at afterWriteTick (node:internal/streams/writable:696:10)
    at processTicksAndRejections (node:internal/process/task_queues:89:21)</failure>
      <failure>Error: write EPIPE
    at afterWriteDispatched (node:internal/stream_base_commons:159:15)
    at writeGeneric (node:internal/stream_base_commons:150:3)
    at Socket._writeGeneric (node:net:966:11)
    at Socket._write (node:net:978:8)
    at writeOrBuffer (node:internal/streams/writable:572:12)
    at _write (node:internal/streams/writable:501:10)
    at Socket.Writable.write (node:internal/streams/writable:510:10)
    at Socket.stream.write (/home/mookyjooky/Dropbox/GITHUB/06 - COMPLETED TOOLS/TECH-Adobe-Enterprise-Automation-PowerShell-Python-Portfolio/node_modules/@jest/reporters/build/VerboseReporter.js:47:7)
    at Console.log (/home/mookyjooky/Dropbox/GITHUB/06 - COMPLETED TOOLS/TECH-Adobe-Enterprise-Automation-PowerShell-Python-Portfolio/node_modules/winston/lib/winston/transports/console.js:87:23)
    at Console._write (/home/mookyjooky/Dropbox/GITHUB/06 - COMPLETED TOOLS/TECH-Adobe-Enterprise-Automation-PowerShell-Python-Portfolio/node_modules/winston-transport/modern.js:103:17)
    at doWrite (/home/mookyjooky/Dropbox/GITHUB/06 - COMPLETED TOOLS/TECH-Adobe-Enterprise-Automation-PowerShell-Python-Portfolio/node_modules/readable-stream/lib/_stream_writable.js:390:139)
    at writeOrBuffer (/home/mookyjooky/Dropbox/GITHUB/06 - COMPLETED TOOLS/TECH-Adobe-Enterprise-Automation-PowerShell-Python-Portfolio/node_modules/readable-stream/lib/_stream_writable.js:381:5)
    at Console.Object.&lt;anonymous&gt;.Writable.write (/home/mookyjooky/Dropbox/GITHUB/06 - COMPLETED TOOLS/TECH-Adobe-Enterprise-Automation-PowerShell-Python-Portfolio/node_modules/readable-stream/lib/_stream_writable.js:302:11)
    at DerivedLogger.ondata (/home/mookyjooky/Dropbox/GITHUB/06 - COMPLETED TOOLS/TECH-Adobe-Enterprise-Automation-PowerShell-Python-Portfolio/node_modules/readable-stream/lib/_stream_readable.js:629:20)
    at DerivedLogger.emit (node:events:531:35)
    at addChunk (/home/mookyjooky/Dropbox/GITHUB/06 - COMPLETED TOOLS/TECH-Adobe-Enterprise-Automation-PowerShell-Python-Portfolio/node_modules/readable-stream/lib/_stream_readable.js:279:12)
    at readableAddChunk (/home/mookyjooky/Dropbox/GITHUB/06 - COMPLETED TOOLS/TECH-Adobe-Enterprise-Automation-PowerShell-Python-Portfolio/node_modules/readable-stream/lib/_stream_readable.js:262:11)
    at DerivedLogger.Object.&lt;anonymous&gt;.Readable.push (/home/mookyjooky/Dropbox/GITHUB/06 - COMPLETED TOOLS/TECH-Adobe-Enterprise-Automation-PowerShell-Python-Portfolio/node_modules/readable-stream/lib/_stream_readable.js:228:10)
    at DerivedLogger.Object.&lt;anonymous&gt;.Transform.push (/home/mookyjooky/Dropbox/GITHUB/06 - COMPLETED TOOLS/TECH-Adobe-Enterprise-Automation-PowerShell-Python-Portfolio/node_modules/readable-stream/lib/_stream_transform.js:132:32)
    at DerivedLogger._transform (/home/mookyjooky/Dropbox/GITHUB/06 - COMPLETED TOOLS/TECH-Adobe-Enterprise-Automation-PowerShell-Python-Portfolio/node_modules/winston/lib/winston/logger.js:314:12)
    at DerivedLogger.Object.&lt;anonymous&gt;.Transform._read (/home/mookyjooky/Dropbox/GITHUB/06 - COMPLETED TOOLS/TECH-Adobe-Enterprise-Automation-PowerShell-Python-Portfolio/node_modules/readable-stream/lib/_stream_transform.js:166:10)
    at DerivedLogger.Object.&lt;anonymous&gt;.Transform._write (/home/mookyjooky/Dropbox/GITHUB/06 - COMPLETED TOOLS/TECH-Adobe-Enterprise-Automation-PowerShell-Python-Portfolio/node_modules/readable-stream/lib/_stream_transform.js:155:83)
    at doWrite (/home/mookyjooky/Dropbox/GITHUB/06 - COMPLETED TOOLS/TECH-Adobe-Enterprise-Automation-PowerShell-Python-Portfolio/node_modules/readable-stream/lib/_stream_writable.js:390:139)
    at writeOrBuffer (/home/mookyjooky/Dropbox/GITHUB/06 - COMPLETED TOOLS/TECH-Adobe-Enterprise-Automation-PowerShell-Python-Portfolio/node_modules/readable-stream/lib/_stream_writable.js:381:5)
    at DerivedLogger.Object.&lt;anonymous&gt;.Writable.write (/home/mookyjooky/Dropbox/GITHUB/06 - COMPLETED TOOLS/TECH-Adobe-Enterprise-Automation-PowerShell-Python-Portfolio/node_modules/readable-stream/lib/_stream_writable.js:302:11)
    at DerivedLogger.&lt;computed&gt; [as info] (/home/mookyjooky/Dropbox/GITHUB/06 - COMPLETED TOOLS/TECH-Adobe-Enterprise-Automation-PowerShell-Python-Portfolio/node_modules/winston/lib/winston/create-logger.js:81:14)
    at ServerResponse.info (/home/mookyjooky/Dropbox/GITHUB/06 - COMPLETED TOOLS/TECH-Adobe-Enterprise-Automation-PowerShell-Python-Portfolio/api/server.js:88:16)
    at ServerResponse.emit (node:events:531:35)
    at onFinish (node:_http_outgoing:1082:10)
    at callback (node:internal/streams/writable:766:21)
    at afterWrite (node:internal/streams/writable:710:5)
    at afterWriteTick (node:internal/streams/writable:696:10)
    at processTicksAndRejections (node:internal/process/task_queues:89:21)</failure>
      <failure>Error: write EPIPE
    at afterWriteDispatched (node:internal/stream_base_commons:159:15)
    at writeGeneric (node:internal/stream_base_commons:150:3)
    at Socket._writeGeneric (node:net:966:11)
    at Socket._write (node:net:978:8)
    at writeOrBuffer (node:internal/streams/writable:572:12)
    at _write (node:internal/streams/writable:501:10)
    at Socket.Writable.write (node:internal/streams/writable:510:10)
    at Socket.stream.write (/home/mookyjooky/Dropbox/GITHUB/06 - COMPLETED TOOLS/TECH-Adobe-Enterprise-Automation-PowerShell-Python-Portfolio/node_modules/@jest/reporters/build/VerboseReporter.js:47:7)
    at Console.log (/home/mookyjooky/Dropbox/GITHUB/06 - COMPLETED TOOLS/TECH-Adobe-Enterprise-Automation-PowerShell-Python-Portfolio/node_modules/winston/lib/winston/transports/console.js:87:23)
    at Console._write (/home/mookyjooky/Dropbox/GITHUB/06 - COMPLETED TOOLS/TECH-Adobe-Enterprise-Automation-PowerShell-Python-Portfolio/node_modules/winston-transport/modern.js:103:17)
    at doWrite (/home/mookyjooky/Dropbox/GITHUB/06 - COMPLETED TOOLS/TECH-Adobe-Enterprise-Automation-PowerShell-Python-Portfolio/node_modules/readable-stream/lib/_stream_writable.js:390:139)
    at writeOrBuffer (/home/mookyjooky/Dropbox/GITHUB/06 - COMPLETED TOOLS/TECH-Adobe-Enterprise-Automation-PowerShell-Python-Portfolio/node_modules/readable-stream/lib/_stream_writable.js:381:5)
    at Console.Object.&lt;anonymous&gt;.Writable.write (/home/mookyjooky/Dropbox/GITHUB/06 - COMPLETED TOOLS/TECH-Adobe-Enterprise-Automation-PowerShell-Python-Portfolio/node_modules/readable-stream/lib/_stream_writable.js:302:11)
    at DerivedLogger.ondata (/home/mookyjooky/Dropbox/GITHUB/06 - COMPLETED TOOLS/TECH-Adobe-Enterprise-Automation-PowerShell-Python-Portfolio/node_modules/readable-stream/lib/_stream_readable.js:629:20)
    at DerivedLogger.emit (node:events:531:35)
    at addChunk (/home/mookyjooky/Dropbox/GITHUB/06 - COMPLETED TOOLS/TECH-Adobe-Enterprise-Automation-PowerShell-Python-Portfolio/node_modules/readable-stream/lib/_stream_readable.js:279:12)
    at readableAddChunk (/home/mookyjooky/Dropbox/GITHUB/06 - COMPLETED TOOLS/TECH-Adobe-Enterprise-Automation-PowerShell-Python-Portfolio/node_modules/readable-stream/lib/_stream_readable.js:262:11)
    at DerivedLogger.Object.&lt;anonymous&gt;.Readable.push (/home/mookyjooky/Dropbox/GITHUB/06 - COMPLETED TOOLS/TECH-Adobe-Enterprise-Automation-PowerShell-Python-Portfolio/node_modules/readable-stream/lib/_stream_readable.js:228:10)
    at DerivedLogger.Object.&lt;anonymous&gt;.Transform.push (/home/mookyjooky/Dropbox/GITHUB/06 - COMPLETED TOOLS/TECH-Adobe-Enterprise-Automation-PowerShell-Python-Portfolio/node_modules/readable-stream/lib/_stream_transform.js:132:32)
    at DerivedLogger._transform (/home/mookyjooky/Dropbox/GITHUB/06 - COMPLETED TOOLS/TECH-Adobe-Enterprise-Automation-PowerShell-Python-Portfolio/node_modules/winston/lib/winston/logger.js:314:12)
    at DerivedLogger.Object.&lt;anonymous&gt;.Transform._read (/home/mookyjooky/Dropbox/GITHUB/06 - COMPLETED TOOLS/TECH-Adobe-Enterprise-Automation-PowerShell-Python-Portfolio/node_modules/readable-stream/lib/_stream_transform.js:166:10)
    at DerivedLogger.Object.&lt;anonymous&gt;.Transform._write (/home/mookyjooky/Dropbox/GITHUB/06 - COMPLETED TOOLS/TECH-Adobe-Enterprise-Automation-PowerShell-Python-Portfolio/node_modules/readable-stream/lib/_stream_transform.js:155:83)
    at doWrite (/home/mookyjooky/Dropbox/GITHUB/06 - COMPLETED TOOLS/TECH-Adobe-Enterprise-Automation-PowerShell-Python-Portfolio/node_modules/readable-stream/lib/_stream_writable.js:390:139)
    at writeOrBuffer (/home/mookyjooky/Dropbox/GITHUB/06 - COMPLETED TOOLS/TECH-Adobe-Enterprise-Automation-PowerShell-Python-Portfolio/node_modules/readable-stream/lib/_stream_writable.js:381:5)
    at DerivedLogger.Object.&lt;anonymous&gt;.Writable.write (/home/mookyjooky/Dropbox/GITHUB/06 - COMPLETED TOOLS/TECH-Adobe-Enterprise-Automation-PowerShell-Python-Portfolio/node_modules/readable-stream/lib/_stream_writable.js:302:11)
    at DerivedLogger.&lt;computed&gt; [as info] (/home/mookyjooky/Dropbox/GITHUB/06 - COMPLETED TOOLS/TECH-Adobe-Enterprise-Automation-PowerShell-Python-Portfolio/node_modules/winston/lib/winston/create-logger.js:81:14)
    at ServerResponse.info (/home/mookyjooky/Dropbox/GITHUB/06 - COMPLETED TOOLS/TECH-Adobe-Enterprise-Automation-PowerShell-Python-Portfolio/api/server.js:88:16)
    at ServerResponse.emit (node:events:531:35)
    at onFinish (node:_http_outgoing:1082:10)
    at callback (node:internal/streams/writable:766:21)
    at afterWrite (node:internal/streams/writable:710:5)
    at afterWriteTick (node:internal/streams/writable:696:10)
    at processTicksAndRejections (node:internal/process/task_queues:89:21)</failure>
      <failure>Error: write EPIPE
    at afterWriteDispatched (node:internal/stream_base_commons:159:15)
    at writeGeneric (node:internal/stream_base_commons:150:3)
    at Socket._writeGeneric (node:net:966:11)
    at Socket._write (node:net:978:8)
    at writeOrBuffer (node:internal/streams/writable:572:12)
    at _write (node:internal/streams/writable:501:10)
    at Socket.Writable.write (node:internal/streams/writable:510:10)
    at Socket.stream.write (/home/mookyjooky/Dropbox/GITHUB/06 - COMPLETED TOOLS/TECH-Adobe-Enterprise-Automation-PowerShell-Python-Portfolio/node_modules/@jest/reporters/build/VerboseReporter.js:47:7)
    at Console.log (/home/mookyjooky/Dropbox/GITHUB/06 - COMPLETED TOOLS/TECH-Adobe-Enterprise-Automation-PowerShell-Python-Portfolio/node_modules/winston/lib/winston/transports/console.js:87:23)
    at Console._write (/home/mookyjooky/Dropbox/GITHUB/06 - COMPLETED TOOLS/TECH-Adobe-Enterprise-Automation-PowerShell-Python-Portfolio/node_modules/winston-transport/modern.js:103:17)
    at doWrite (/home/mookyjooky/Dropbox/GITHUB/06 - COMPLETED TOOLS/TECH-Adobe-Enterprise-Automation-PowerShell-Python-Portfolio/node_modules/readable-stream/lib/_stream_writable.js:390:139)
    at writeOrBuffer (/home/mookyjooky/Dropbox/GITHUB/06 - COMPLETED TOOLS/TECH-Adobe-Enterprise-Automation-PowerShell-Python-Portfolio/node_modules/readable-stream/lib/_stream_writable.js:381:5)
    at Console.Object.&lt;anonymous&gt;.Writable.write (/home/mookyjooky/Dropbox/GITHUB/06 - COMPLETED TOOLS/TECH-Adobe-Enterprise-Automation-PowerShell-Python-Portfolio/node_modules/readable-stream/lib/_stream_writable.js:302:11)
    at DerivedLogger.ondata (/home/mookyjooky/Dropbox/GITHUB/06 - COMPLETED TOOLS/TECH-Adobe-Enterprise-Automation-PowerShell-Python-Portfolio/node_modules/readable-stream/lib/_stream_readable.js:629:20)
    at DerivedLogger.emit (node:events:531:35)
    at addChunk (/home/mookyjooky/Dropbox/GITHUB/06 - COMPLETED TOOLS/TECH-Adobe-Enterprise-Automation-PowerShell-Python-Portfolio/node_modules/readable-stream/lib/_stream_readable.js:279:12)
    at readableAddChunk (/home/mookyjooky/Dropbox/GITHUB/06 - COMPLETED TOOLS/TECH-Adobe-Enterprise-Automation-PowerShell-Python-Portfolio/node_modules/readable-stream/lib/_stream_readable.js:262:11)
    at DerivedLogger.Object.&lt;anonymous&gt;.Readable.push (/home/mookyjooky/Dropbox/GITHUB/06 - COMPLETED TOOLS/TECH-Adobe-Enterprise-Automation-PowerShell-Python-Portfolio/node_modules/readable-stream/lib/_stream_readable.js:228:10)
    at DerivedLogger.Object.&lt;anonymous&gt;.Transform.push (/home/mookyjooky/Dropbox/GITHUB/06 - COMPLETED TOOLS/TECH-Adobe-Enterprise-Automation-PowerShell-Python-Portfolio/node_modules/readable-stream/lib/_stream_transform.js:132:32)
    at DerivedLogger._transform (/home/mookyjooky/Dropbox/GITHUB/06 - COMPLETED TOOLS/TECH-Adobe-Enterprise-Automation-PowerShell-Python-Portfolio/node_modules/winston/lib/winston/logger.js:314:12)
    at DerivedLogger.Object.&lt;anonymous&gt;.Transform._read (/home/mookyjooky/Dropbox/GITHUB/06 - COMPLETED TOOLS/TECH-Adobe-Enterprise-Automation-PowerShell-Python-Portfolio/node_modules/readable-stream/lib/_stream_transform.js:166:10)
    at DerivedLogger.Object.&lt;anonymous&gt;.Transform._write (/home/mookyjooky/Dropbox/GITHUB/06 - COMPLETED TOOLS/TECH-Adobe-Enterprise-Automation-PowerShell-Python-Portfolio/node_modules/readable-stream/lib/_stream_transform.js:155:83)
    at doWrite (/home/mookyjooky/Dropbox/GITHUB/06 - COMPLETED TOOLS/TECH-Adobe-Enterprise-Automation-PowerShell-Python-Portfolio/node_modules/readable-stream/lib/_stream_writable.js:390:139)
    at writeOrBuffer (/home/mookyjooky/Dropbox/GITHUB/06 - COMPLETED TOOLS/TECH-Adobe-Enterprise-Automation-PowerShell-Python-Portfolio/node_modules/readable-stream/lib/_stream_writable.js:381:5)
    at DerivedLogger.Object.&lt;anonymous&gt;.Writable.write (/home/mookyjooky/Dropbox/GITHUB/06 - COMPLETED TOOLS/TECH-Adobe-Enterprise-Automation-PowerShell-Python-Portfolio/node_modules/readable-stream/lib/_stream_writable.js:302:11)
    at DerivedLogger.&lt;computed&gt; [as info] (/home/mookyjooky/Dropbox/GITHUB/06 - COMPLETED TOOLS/TECH-Adobe-Enterprise-Automation-PowerShell-Python-Portfolio/node_modules/winston/lib/winston/create-logger.js:81:14)
    at ServerResponse.info (/home/mookyjooky/Dropbox/GITHUB/06 - COMPLETED TOOLS/TECH-Adobe-Enterprise-Automation-PowerShell-Python-Portfolio/api/server.js:88:16)
    at ServerResponse.emit (node:events:531:35)
    at onFinish (node:_http_outgoing:1082:10)
    at callback (node:internal/streams/writable:766:21)
    at afterWrite (node:internal/streams/writable:710:5)
    at afterWriteTick (node:internal/streams/writable:696:10)
    at processTicksAndRejections (node:internal/process/task_queues:89:21)</failure>
      <failure>Error: write EPIPE
    at afterWriteDispatched (node:internal/stream_base_commons:159:15)
    at writeGeneric (node:internal/stream_base_commons:150:3)
    at Socket._writeGeneric (node:net:966:11)
    at Socket._write (node:net:978:8)
    at writeOrBuffer (node:internal/streams/writable:572:12)
    at _write (node:internal/streams/writable:501:10)
    at Socket.Writable.write (node:internal/streams/writable:510:10)
    at Socket.stream.write (/home/mookyjooky/Dropbox/GITHUB/06 - COMPLETED TOOLS/TECH-Adobe-Enterprise-Automation-PowerShell-Python-Portfolio/node_modules/@jest/reporters/build/VerboseReporter.js:47:7)
    at Console.log (/home/mookyjooky/Dropbox/GITHUB/06 - COMPLETED TOOLS/TECH-Adobe-Enterprise-Automation-PowerShell-Python-Portfolio/node_modules/winston/lib/winston/transports/console.js:87:23)
    at Console._write (/home/mookyjooky/Dropbox/GITHUB/06 - COMPLETED TOOLS/TECH-Adobe-Enterprise-Automation-PowerShell-Python-Portfolio/node_modules/winston-transport/modern.js:103:17)
    at doWrite (/home/mookyjooky/Dropbox/GITHUB/06 - COMPLETED TOOLS/TECH-Adobe-Enterprise-Automation-PowerShell-Python-Portfolio/node_modules/readable-stream/lib/_stream_writable.js:390:139)
    at writeOrBuffer (/home/mookyjooky/Dropbox/GITHUB/06 - COMPLETED TOOLS/TECH-Adobe-Enterprise-Automation-PowerShell-Python-Portfolio/node_modules/readable-stream/lib/_stream_writable.js:381:5)
    at Console.Object.&lt;anonymous&gt;.Writable.write (/home/mookyjooky/Dropbox/GITHUB/06 - COMPLETED TOOLS/TECH-Adobe-Enterprise-Automation-PowerShell-Python-Portfolio/node_modules/readable-stream/lib/_stream_writable.js:302:11)
    at DerivedLogger.ondata (/home/mookyjooky/Dropbox/GITHUB/06 - COMPLETED TOOLS/TECH-Adobe-Enterprise-Automation-PowerShell-Python-Portfolio/node_modules/readable-stream/lib/_stream_readable.js:629:20)
    at DerivedLogger.emit (node:events:531:35)
    at addChunk (/home/mookyjooky/Dropbox/GITHUB/06 - COMPLETED TOOLS/TECH-Adobe-Enterprise-Automation-PowerShell-Python-Portfolio/node_modules/readable-stream/lib/_stream_readable.js:279:12)
    at readableAddChunk (/home/mookyjooky/Dropbox/GITHUB/06 - COMPLETED TOOLS/TECH-Adobe-Enterprise-Automation-PowerShell-Python-Portfolio/node_modules/readable-stream/lib/_stream_readable.js:262:11)
    at DerivedLogger.Object.&lt;anonymous&gt;.Readable.push (/home/mookyjooky/Dropbox/GITHUB/06 - COMPLETED TOOLS/TECH-Adobe-Enterprise-Automation-PowerShell-Python-Portfolio/node_modules/readable-stream/lib/_stream_readable.js:228:10)
    at DerivedLogger.Object.&lt;anonymous&gt;.Transform.push (/home/mookyjooky/Dropbox/GITHUB/06 - COMPLETED TOOLS/TECH-Adobe-Enterprise-Automation-PowerShell-Python-Portfolio/node_modules/readable-stream/lib/_stream_transform.js:132:32)
    at DerivedLogger._transform (/home/mookyjooky/Dropbox/GITHUB/06 - COMPLETED TOOLS/TECH-Adobe-Enterprise-Automation-PowerShell-Python-Portfolio/node_modules/winston/lib/winston/logger.js:314:12)
    at DerivedLogger.Object.&lt;anonymous&gt;.Transform._read (/home/mookyjooky/Dropbox/GITHUB/06 - COMPLETED TOOLS/TECH-Adobe-Enterprise-Automation-PowerShell-Python-Portfolio/node_modules/readable-stream/lib/_stream_transform.js:166:10)
    at DerivedLogger.Object.&lt;anonymous&gt;.Transform._write (/home/mookyjooky/Dropbox/GITHUB/06 - COMPLETED TOOLS/TECH-Adobe-Enterprise-Automation-PowerShell-Python-Portfolio/node_modules/readable-stream/lib/_stream_transform.js:155:83)
    at doWrite (/home/mookyjooky/Dropbox/GITHUB/06 - COMPLETED TOOLS/TECH-Adobe-Enterprise-Automation-PowerShell-Python-Portfolio/node_modules/readable-stream/lib/_stream_writable.js:390:139)
    at writeOrBuffer (/home/mookyjooky/Dropbox/GITHUB/06 - COMPLETED TOOLS/TECH-Adobe-Enterprise-Automation-PowerShell-Python-Portfolio/node_modules/readable-stream/lib/_stream_writable.js:381:5)
    at DerivedLogger.Object.&lt;anonymous&gt;.Writable.write (/home/mookyjooky/Dropbox/GITHUB/06 - COMPLETED TOOLS/TECH-Adobe-Enterprise-Automation-PowerShell-Python-Portfolio/node_modules/readable-stream/lib/_stream_writable.js:302:11)
    at DerivedLogger.&lt;computed&gt; [as info] (/home/mookyjooky/Dropbox/GITHUB/06 - COMPLETED TOOLS/TECH-Adobe-Enterprise-Automation-PowerShell-Python-Portfolio/node_modules/winston/lib/winston/create-logger.js:81:14)
    at ServerResponse.info (/home/mookyjooky/Dropbox/GITHUB/06 - COMPLETED TOOLS/TECH-Adobe-Enterprise-Automation-PowerShell-Python-Portfolio/api/server.js:88:16)
    at ServerResponse.emit (node:events:531:35)
    at onFinish (node:_http_outgoing:1082:10)
    at callback (node:internal/streams/writable:766:21)
    at afterWrite (node:internal/streams/writable:710:5)
    at afterWriteTick (node:internal/streams/writable:696:10)
    at processTicksAndRejections (node:internal/process/task_queues:89:21)</failure>
      <failure>Error: write EPIPE
    at afterWriteDispatched (node:internal/stream_base_commons:159:15)
    at writeGeneric (node:internal/stream_base_commons:150:3)
    at Socket._writeGeneric (node:net:966:11)
    at Socket._write (node:net:978:8)
    at writeOrBuffer (node:internal/streams/writable:572:12)
    at _write (node:internal/streams/writable:501:10)
    at Socket.Writable.write (node:internal/streams/writable:510:10)
    at Socket.stream.write (/home/mookyjooky/Dropbox/GITHUB/06 - COMPLETED TOOLS/TECH-Adobe-Enterprise-Automation-PowerShell-Python-Portfolio/node_modules/@jest/reporters/build/VerboseReporter.js:47:7)
    at Console.log (/home/mookyjooky/Dropbox/GITHUB/06 - COMPLETED TOOLS/TECH-Adobe-Enterprise-Automation-PowerShell-Python-Portfolio/node_modules/winston/lib/winston/transports/console.js:87:23)
    at Console._write (/home/mookyjooky/Dropbox/GITHUB/06 - COMPLETED TOOLS/TECH-Adobe-Enterprise-Automation-PowerShell-Python-Portfolio/node_modules/winston-transport/modern.js:103:17)
    at doWrite (/home/mookyjooky/Dropbox/GITHUB/06 - COMPLETED TOOLS/TECH-Adobe-Enterprise-Automation-PowerShell-Python-Portfolio/node_modules/readable-stream/lib/_stream_writable.js:390:139)
    at writeOrBuffer (/home/mookyjooky/Dropbox/GITHUB/06 - COMPLETED TOOLS/TECH-Adobe-Enterprise-Automation-PowerShell-Python-Portfolio/node_modules/readable-stream/lib/_stream_writable.js:381:5)
    at Console.Object.&lt;anonymous&gt;.Writable.write (/home/mookyjooky/Dropbox/GITHUB/06 - COMPLETED TOOLS/TECH-Adobe-Enterprise-Automation-PowerShell-Python-Portfolio/node_modules/readable-stream/lib/_stream_writable.js:302:11)
    at DerivedLogger.ondata (/home/mookyjooky/Dropbox/GITHUB/06 - COMPLETED TOOLS/TECH-Adobe-Enterprise-Automation-PowerShell-Python-Portfolio/node_modules/readable-stream/lib/_stream_readable.js:629:20)
    at DerivedLogger.emit (node:events:531:35)
    at addChunk (/home/mookyjooky/Dropbox/GITHUB/06 - COMPLETED TOOLS/TECH-Adobe-Enterprise-Automation-PowerShell-Python-Portfolio/node_modules/readable-stream/lib/_stream_readable.js:279:12)
    at readableAddChunk (/home/mookyjooky/Dropbox/GITHUB/06 - COMPLETED TOOLS/TECH-Adobe-Enterprise-Automation-PowerShell-Python-Portfolio/node_modules/readable-stream/lib/_stream_readable.js:262:11)
    at DerivedLogger.Object.&lt;anonymous&gt;.Readable.push (/home/mookyjooky/Dropbox/GITHUB/06 - COMPLETED TOOLS/TECH-Adobe-Enterprise-Automation-PowerShell-Python-Portfolio/node_modules/readable-stream/lib/_stream_readable.js:228:10)
    at DerivedLogger.Object.&lt;anonymous&gt;.Transform.push (/home/mookyjooky/Dropbox/GITHUB/06 - COMPLETED TOOLS/TECH-Adobe-Enterprise-Automation-PowerShell-Python-Portfolio/node_modules/readable-stream/lib/_stream_transform.js:132:32)
    at DerivedLogger._transform (/home/mookyjooky/Dropbox/GITHUB/06 - COMPLETED TOOLS/TECH-Adobe-Enterprise-Automation-PowerShell-Python-Portfolio/node_modules/winston/lib/winston/logger.js:314:12)
    at DerivedLogger.Object.&lt;anonymous&gt;.Transform._read (/home/mookyjooky/Dropbox/GITHUB/06 - COMPLETED TOOLS/TECH-Adobe-Enterprise-Automation-PowerShell-Python-Portfolio/node_modules/readable-stream/lib/_stream_transform.js:166:10)
    at DerivedLogger.Object.&lt;anonymous&gt;.Transform._write (/home/mookyjooky/Dropbox/GITHUB/06 - COMPLETED TOOLS/TECH-Adobe-Enterprise-Automation-PowerShell-Python-Portfolio/node_modules/readable-stream/lib/_stream_transform.js:155:83)
    at doWrite (/home/mookyjooky/Dropbox/GITHUB/06 - COMPLETED TOOLS/TECH-Adobe-Enterprise-Automation-PowerShell-Python-Portfolio/node_modules/readable-stream/lib/_stream_writable.js:390:139)
    at writeOrBuffer (/home/mookyjooky/Dropbox/GITHUB/06 - COMPLETED TOOLS/TECH-Adobe-Enterprise-Automation-PowerShell-Python-Portfolio/node_modules/readable-stream/lib/_stream_writable.js:381:5)
    at DerivedLogger.Object.&lt;anonymous&gt;.Writable.write (/home/mookyjooky/Dropbox/GITHUB/06 - COMPLETED TOOLS/TECH-Adobe-Enterprise-Automation-PowerShell-Python-Portfolio/node_modules/readable-stream/lib/_stream_writable.js:302:11)
    at DerivedLogger.&lt;computed&gt; [as info] (/home/mookyjooky/Dropbox/GITHUB/06 - COMPLETED TOOLS/TECH-Adobe-Enterprise-Automation-PowerShell-Python-Portfolio/node_modules/winston/lib/winston/create-logger.js:81:14)
    at ServerResponse.info (/home/mookyjooky/Dropbox/GITHUB/06 - COMPLETED TOOLS/TECH-Adobe-Enterprise-Automation-PowerShell-Python-Portfolio/api/server.js:88:16)
    at ServerResponse.emit (node:events:531:35)
    at onFinish (node:_http_outgoing:1082:10)
    at callback (node:internal/streams/writable:766:21)
    at afterWrite (node:internal/streams/writable:710:5)
    at afterWriteTick (node:internal/streams/writable:696:10)
    at processTicksAndRejections (node:internal/process/task_queues:89:21)</failure>
      <failure>Error: write EPIPE
    at afterWriteDispatched (node:internal/stream_base_commons:159:15)
    at writeGeneric (node:internal/stream_base_commons:150:3)
    at Socket._writeGeneric (node:net:966:11)
    at Socket._write (node:net:978:8)
    at writeOrBuffer (node:internal/streams/writable:572:12)
    at _write (node:internal/streams/writable:501:10)
    at Socket.Writable.write (node:internal/streams/writable:510:10)
    at Socket.stream.write (/home/mookyjooky/Dropbox/GITHUB/06 - COMPLETED TOOLS/TECH-Adobe-Enterprise-Automation-PowerShell-Python-Portfolio/node_modules/@jest/reporters/build/VerboseReporter.js:47:7)
    at Console.log (/home/mookyjooky/Dropbox/GITHUB/06 - COMPLETED TOOLS/TECH-Adobe-Enterprise-Automation-PowerShell-Python-Portfolio/node_modules/winston/lib/winston/transports/console.js:87:23)
    at Console._write (/home/mookyjooky/Dropbox/GITHUB/06 - COMPLETED TOOLS/TECH-Adobe-Enterprise-Automation-PowerShell-Python-Portfolio/node_modules/winston-transport/modern.js:103:17)
    at doWrite (/home/mookyjooky/Dropbox/GITHUB/06 - COMPLETED TOOLS/TECH-Adobe-Enterprise-Automation-PowerShell-Python-Portfolio/node_modules/readable-stream/lib/_stream_writable.js:390:139)
    at writeOrBuffer (/home/mookyjooky/Dropbox/GITHUB/06 - COMPLETED TOOLS/TECH-Adobe-Enterprise-Automation-PowerShell-Python-Portfolio/node_modules/readable-stream/lib/_stream_writable.js:381:5)
    at Console.Object.&lt;anonymous&gt;.Writable.write (/home/mookyjooky/Dropbox/GITHUB/06 - COMPLETED TOOLS/TECH-Adobe-Enterprise-Automation-PowerShell-Python-Portfolio/node_modules/readable-stream/lib/_stream_writable.js:302:11)
    at DerivedLogger.ondata (/home/mookyjooky/Dropbox/GITHUB/06 - COMPLETED TOOLS/TECH-Adobe-Enterprise-Automation-PowerShell-Python-Portfolio/node_modules/readable-stream/lib/_stream_readable.js:629:20)
    at DerivedLogger.emit (node:events:531:35)
    at addChunk (/home/mookyjooky/Dropbox/GITHUB/06 - COMPLETED TOOLS/TECH-Adobe-Enterprise-Automation-PowerShell-Python-Portfolio/node_modules/readable-stream/lib/_stream_readable.js:279:12)
    at readableAddChunk (/home/mookyjooky/Dropbox/GITHUB/06 - COMPLETED TOOLS/TECH-Adobe-Enterprise-Automation-PowerShell-Python-Portfolio/node_modules/readable-stream/lib/_stream_readable.js:262:11)
    at DerivedLogger.Object.&lt;anonymous&gt;.Readable.push (/home/mookyjooky/Dropbox/GITHUB/06 - COMPLETED TOOLS/TECH-Adobe-Enterprise-Automation-PowerShell-Python-Portfolio/node_modules/readable-stream/lib/_stream_readable.js:228:10)
    at DerivedLogger.Object.&lt;anonymous&gt;.Transform.push (/home/mookyjooky/Dropbox/GITHUB/06 - COMPLETED TOOLS/TECH-Adobe-Enterprise-Automation-PowerShell-Python-Portfolio/node_modules/readable-stream/lib/_stream_transform.js:132:32)
    at DerivedLogger._transform (/home/mookyjooky/Dropbox/GITHUB/06 - COMPLETED TOOLS/TECH-Adobe-Enterprise-Automation-PowerShell-Python-Portfolio/node_modules/winston/lib/winston/logger.js:314:12)
    at DerivedLogger.Object.&lt;anonymous&gt;.Transform._read (/home/mookyjooky/Dropbox/GITHUB/06 - COMPLETED TOOLS/TECH-Adobe-Enterprise-Automation-PowerShell-Python-Portfolio/node_modules/readable-stream/lib/_stream_transform.js:166:10)
    at DerivedLogger.Object.&lt;anonymous&gt;.Transform._write (/home/mookyjooky/Dropbox/GITHUB/06 - COMPLETED TOOLS/TECH-Adobe-Enterprise-Automation-PowerShell-Python-Portfolio/node_modules/readable-stream/lib/_stream_transform.js:155:83)
    at doWrite (/home/mookyjooky/Dropbox/GITHUB/06 - COMPLETED TOOLS/TECH-Adobe-Enterprise-Automation-PowerShell-Python-Portfolio/node_modules/readable-stream/lib/_stream_writable.js:390:139)
    at writeOrBuffer (/home/mookyjooky/Dropbox/GITHUB/06 - COMPLETED TOOLS/TECH-Adobe-Enterprise-Automation-PowerShell-Python-Portfolio/node_modules/readable-stream/lib/_stream_writable.js:381:5)
    at DerivedLogger.Object.&lt;anonymous&gt;.Writable.write (/home/mookyjooky/Dropbox/GITHUB/06 - COMPLETED TOOLS/TECH-Adobe-Enterprise-Automation-PowerShell-Python-Portfolio/node_modules/readable-stream/lib/_stream_writable.js:302:11)
    at DerivedLogger.&lt;computed&gt; [as info] (/home/mookyjooky/Dropbox/GITHUB/06 - COMPLETED TOOLS/TECH-Adobe-Enterprise-Automation-PowerShell-Python-Portfolio/node_modules/winston/lib/winston/create-logger.js:81:14)
    at ServerResponse.info (/home/mookyjooky/Dropbox/GITHUB/06 - COMPLETED TOOLS/TECH-Adobe-Enterprise-Automation-PowerShell-Python-Portfolio/api/server.js:88:16)
    at ServerResponse.emit (node:events:531:35)
    at onFinish (node:_http_outgoing:1082:10)
    at callback (node:internal/streams/writable:766:21)
    at afterWrite (node:internal/streams/writable:710:5)
    at afterWriteTick (node:internal/streams/writable:696:10)
    at processTicksAndRejections (node:internal/process/task_queues:89:21)</failure>
      <failure>Error: write EPIPE
    at afterWriteDispatched (node:internal/stream_base_commons:159:15)
    at writeGeneric (node:internal/stream_base_commons:150:3)
    at Socket._writeGeneric (node:net:966:11)
    at Socket._write (node:net:978:8)
    at writeOrBuffer (node:internal/streams/writable:572:12)
    at _write (node:internal/streams/writable:501:10)
    at Socket.Writable.write (node:internal/streams/writable:510:10)
    at Socket.stream.write (/home/mookyjooky/Dropbox/GITHUB/06 - COMPLETED TOOLS/TECH-Adobe-Enterprise-Automation-PowerShell-Python-Portfolio/node_modules/@jest/reporters/build/VerboseReporter.js:47:7)
    at Console.log (/home/mookyjooky/Dropbox/GITHUB/06 - COMPLETED TOOLS/TECH-Adobe-Enterprise-Automation-PowerShell-Python-Portfolio/node_modules/winston/lib/winston/transports/console.js:87:23)
    at Console._write (/home/mookyjooky/Dropbox/GITHUB/06 - COMPLETED TOOLS/TECH-Adobe-Enterprise-Automation-PowerShell-Python-Portfolio/node_modules/winston-transport/modern.js:103:17)
    at doWrite (/home/mookyjooky/Dropbox/GITHUB/06 - COMPLETED TOOLS/TECH-Adobe-Enterprise-Automation-PowerShell-Python-Portfolio/node_modules/readable-stream/lib/_stream_writable.js:390:139)
    at writeOrBuffer (/home/mookyjooky/Dropbox/GITHUB/06 - COMPLETED TOOLS/TECH-Adobe-Enterprise-Automation-PowerShell-Python-Portfolio/node_modules/readable-stream/lib/_stream_writable.js:381:5)
    at Console.Object.&lt;anonymous&gt;.Writable.write (/home/mookyjooky/Dropbox/GITHUB/06 - COMPLETED TOOLS/TECH-Adobe-Enterprise-Automation-PowerShell-Python-Portfolio/node_modules/readable-stream/lib/_stream_writable.js:302:11)
    at DerivedLogger.ondata (/home/mookyjooky/Dropbox/GITHUB/06 - COMPLETED TOOLS/TECH-Adobe-Enterprise-Automation-PowerShell-Python-Portfolio/node_modules/readable-stream/lib/_stream_readable.js:629:20)
    at DerivedLogger.emit (node:events:531:35)
    at addChunk (/home/mookyjooky/Dropbox/GITHUB/06 - COMPLETED TOOLS/TECH-Adobe-Enterprise-Automation-PowerShell-Python-Portfolio/node_modules/readable-stream/lib/_stream_readable.js:279:12)
    at readableAddChunk (/home/mookyjooky/Dropbox/GITHUB/06 - COMPLETED TOOLS/TECH-Adobe-Enterprise-Automation-PowerShell-Python-Portfolio/node_modules/readable-stream/lib/_stream_readable.js:262:11)
    at DerivedLogger.Object.&lt;anonymous&gt;.Readable.push (/home/mookyjooky/Dropbox/GITHUB/06 - COMPLETED TOOLS/TECH-Adobe-Enterprise-Automation-PowerShell-Python-Portfolio/node_modules/readable-stream/lib/_stream_readable.js:228:10)
    at DerivedLogger.Object.&lt;anonymous&gt;.Transform.push (/home/mookyjooky/Dropbox/GITHUB/06 - COMPLETED TOOLS/TECH-Adobe-Enterprise-Automation-PowerShell-Python-Portfolio/node_modules/readable-stream/lib/_stream_transform.js:132:32)
    at DerivedLogger._transform (/home/mookyjooky/Dropbox/GITHUB/06 - COMPLETED TOOLS/TECH-Adobe-Enterprise-Automation-PowerShell-Python-Portfolio/node_modules/winston/lib/winston/logger.js:314:12)
    at DerivedLogger.Object.&lt;anonymous&gt;.Transform._read (/home/mookyjooky/Dropbox/GITHUB/06 - COMPLETED TOOLS/TECH-Adobe-Enterprise-Automation-PowerShell-Python-Portfolio/node_modules/readable-stream/lib/_stream_transform.js:166:10)
    at DerivedLogger.Object.&lt;anonymous&gt;.Transform._write (/home/mookyjooky/Dropbox/GITHUB/06 - COMPLETED TOOLS/TECH-Adobe-Enterprise-Automation-PowerShell-Python-Portfolio/node_modules/readable-stream/lib/_stream_transform.js:155:83)
    at doWrite (/home/mookyjooky/Dropbox/GITHUB/06 - COMPLETED TOOLS/TECH-Adobe-Enterprise-Automation-PowerShell-Python-Portfolio/node_modules/readable-stream/lib/_stream_writable.js:390:139)
    at writeOrBuffer (/home/mookyjooky/Dropbox/GITHUB/06 - COMPLETED TOOLS/TECH-Adobe-Enterprise-Automation-PowerShell-Python-Portfolio/node_modules/readable-stream/lib/_stream_writable.js:381:5)
    at DerivedLogger.Object.&lt;anonymous&gt;.Writable.write (/home/mookyjooky/Dropbox/GITHUB/06 - COMPLETED TOOLS/TECH-Adobe-Enterprise-Automation-PowerShell-Python-Portfolio/node_modules/readable-stream/lib/_stream_writable.js:302:11)
    at DerivedLogger.&lt;computed&gt; [as info] (/home/mookyjooky/Dropbox/GITHUB/06 - COMPLETED TOOLS/TECH-Adobe-Enterprise-Automation-PowerShell-Python-Portfolio/node_modules/winston/lib/winston/create-logger.js:81:14)
    at ServerResponse.info (/home/mookyjooky/Dropbox/GITHUB/06 - COMPLETED TOOLS/TECH-Adobe-Enterprise-Automation-PowerShell-Python-Portfolio/api/server.js:88:16)
    at ServerResponse.emit (node:events:531:35)
    at onFinish (node:_http_outgoing:1082:10)
    at callback (node:internal/streams/writable:766:21)
    at afterWrite (node:internal/streams/writable:710:5)
    at afterWriteTick (node:internal/streams/writable:696:10)
    at processTicksAndRejections (node:internal/process/task_queues:89:21)</failure>
    </testcase>
    <testcase classname="Adobe Enterprise Automation API › Security Headers" name="Should include security headers" time="0.005">
      <failure>Error: write EPIPE
    at afterWriteDispatched (node:internal/stream_base_commons:159:15)
    at writeGeneric (node:internal/stream_base_commons:150:3)
    at Socket._writeGeneric (node:net:966:11)
    at Socket._write (node:net:978:8)
    at writeOrBuffer (node:internal/streams/writable:572:12)
    at _write (node:internal/streams/writable:501:10)
    at Socket.Writable.write (node:internal/streams/writable:510:10)
    at Socket.stream.write (/home/mookyjooky/Dropbox/GITHUB/06 - COMPLETED TOOLS/TECH-Adobe-Enterprise-Automation-PowerShell-Python-Portfolio/node_modules/@jest/reporters/build/VerboseReporter.js:47:7)
    at Console.log (/home/mookyjooky/Dropbox/GITHUB/06 - COMPLETED TOOLS/TECH-Adobe-Enterprise-Automation-PowerShell-Python-Portfolio/node_modules/winston/lib/winston/transports/console.js:87:23)
    at Console._write (/home/mookyjooky/Dropbox/GITHUB/06 - COMPLETED TOOLS/TECH-Adobe-Enterprise-Automation-PowerShell-Python-Portfolio/node_modules/winston-transport/modern.js:103:17)
    at doWrite (/home/mookyjooky/Dropbox/GITHUB/06 - COMPLETED TOOLS/TECH-Adobe-Enterprise-Automation-PowerShell-Python-Portfolio/node_modules/readable-stream/lib/_stream_writable.js:390:139)
    at writeOrBuffer (/home/mookyjooky/Dropbox/GITHUB/06 - COMPLETED TOOLS/TECH-Adobe-Enterprise-Automation-PowerShell-Python-Portfolio/node_modules/readable-stream/lib/_stream_writable.js:381:5)
    at Console.Object.&lt;anonymous&gt;.Writable.write (/home/mookyjooky/Dropbox/GITHUB/06 - COMPLETED TOOLS/TECH-Adobe-Enterprise-Automation-PowerShell-Python-Portfolio/node_modules/readable-stream/lib/_stream_writable.js:302:11)
    at DerivedLogger.ondata (/home/mookyjooky/Dropbox/GITHUB/06 - COMPLETED TOOLS/TECH-Adobe-Enterprise-Automation-PowerShell-Python-Portfolio/node_modules/readable-stream/lib/_stream_readable.js:629:20)
    at DerivedLogger.emit (node:events:531:35)
    at addChunk (/home/mookyjooky/Dropbox/GITHUB/06 - COMPLETED TOOLS/TECH-Adobe-Enterprise-Automation-PowerShell-Python-Portfolio/node_modules/readable-stream/lib/_stream_readable.js:279:12)
    at readableAddChunk (/home/mookyjooky/Dropbox/GITHUB/06 - COMPLETED TOOLS/TECH-Adobe-Enterprise-Automation-PowerShell-Python-Portfolio/node_modules/readable-stream/lib/_stream_readable.js:262:11)
    at DerivedLogger.Object.&lt;anonymous&gt;.Readable.push (/home/mookyjooky/Dropbox/GITHUB/06 - COMPLETED TOOLS/TECH-Adobe-Enterprise-Automation-PowerShell-Python-Portfolio/node_modules/readable-stream/lib/_stream_readable.js:228:10)
    at DerivedLogger.Object.&lt;anonymous&gt;.Transform.push (/home/mookyjooky/Dropbox/GITHUB/06 - COMPLETED TOOLS/TECH-Adobe-Enterprise-Automation-PowerShell-Python-Portfolio/node_modules/readable-stream/lib/_stream_transform.js:132:32)
    at DerivedLogger._transform (/home/mookyjooky/Dropbox/GITHUB/06 - COMPLETED TOOLS/TECH-Adobe-Enterprise-Automation-PowerShell-Python-Portfolio/node_modules/winston/lib/winston/logger.js:314:12)
    at DerivedLogger.Object.&lt;anonymous&gt;.Transform._read (/home/mookyjooky/Dropbox/GITHUB/06 - COMPLETED TOOLS/TECH-Adobe-Enterprise-Automation-PowerShell-Python-Portfolio/node_modules/readable-stream/lib/_stream_transform.js:166:10)
    at DerivedLogger.Object.&lt;anonymous&gt;.Transform._write (/home/mookyjooky/Dropbox/GITHUB/06 - COMPLETED TOOLS/TECH-Adobe-Enterprise-Automation-PowerShell-Python-Portfolio/node_modules/readable-stream/lib/_stream_transform.js:155:83)
    at doWrite (/home/mookyjooky/Dropbox/GITHUB/06 - COMPLETED TOOLS/TECH-Adobe-Enterprise-Automation-PowerShell-Python-Portfolio/node_modules/readable-stream/lib/_stream_writable.js:390:139)
    at writeOrBuffer (/home/mookyjooky/Dropbox/GITHUB/06 - COMPLETED TOOLS/TECH-Adobe-Enterprise-Automation-PowerShell-Python-Portfolio/node_modules/readable-stream/lib/_stream_writable.js:381:5)
    at DerivedLogger.Object.&lt;anonymous&gt;.Writable.write (/home/mookyjooky/Dropbox/GITHUB/06 - COMPLETED TOOLS/TECH-Adobe-Enterprise-Automation-PowerShell-Python-Portfolio/node_modules/readable-stream/lib/_stream_writable.js:302:11)
    at DerivedLogger.&lt;computed&gt; [as info] (/home/mookyjooky/Dropbox/GITHUB/06 - COMPLETED TOOLS/TECH-Adobe-Enterprise-Automation-PowerShell-Python-Portfolio/node_modules/winston/lib/winston/create-logger.js:81:14)
    at ServerResponse.info (/home/mookyjooky/Dropbox/GITHUB/06 - COMPLETED TOOLS/TECH-Adobe-Enterprise-Automation-PowerShell-Python-Portfolio/api/server.js:88:16)
    at ServerResponse.emit (node:events:531:35)
    at onFinish (node:_http_outgoing:1082:10)
    at callback (node:internal/streams/writable:766:21)
    at afterWrite (node:internal/streams/writable:710:5)
    at afterWriteTick (node:internal/streams/writable:696:10)
    at processTicksAndRejections (node:internal/process/task_queues:89:21)</failure>
      <failure>Error: expected 200 &quot;OK&quot;, got 503 &quot;Service Unavailable&quot;
    at Object.expect (/home/mookyjooky/Dropbox/GITHUB/06 - COMPLETED TOOLS/TECH-Adobe-Enterprise-Automation-PowerShell-Python-Portfolio/api/server.test.js:288:10)
    at Promise.then.completed (/home/mookyjooky/Dropbox/GITHUB/06 - COMPLETED TOOLS/TECH-Adobe-Enterprise-Automation-PowerShell-Python-Portfolio/node_modules/jest-circus/build/utils.js:298:28)
    at new Promise (&lt;anonymous&gt;)
    at callAsyncCircusFn (/home/mookyjooky/Dropbox/GITHUB/06 - COMPLETED TOOLS/TECH-Adobe-Enterprise-Automation-PowerShell-Python-Portfolio/node_modules/jest-circus/build/utils.js:231:10)
    at _callCircusTest (/home/mookyjooky/Dropbox/GITHUB/06 - COMPLETED TOOLS/TECH-Adobe-Enterprise-Automation-PowerShell-Python-Portfolio/node_modules/jest-circus/build/run.js:316:40)
    at processTicksAndRejections (node:internal/process/task_queues:105:5)
    at _runTest (/home/mookyjooky/Dropbox/GITHUB/06 - COMPLETED TOOLS/TECH-Adobe-Enterprise-Automation-PowerShell-Python-Portfolio/node_modules/jest-circus/build/run.js:252:3)
    at _runTestsForDescribeBlock (/home/mookyjooky/Dropbox/GITHUB/06 - COMPLETED TOOLS/TECH-Adobe-Enterprise-Automation-PowerShell-Python-Portfolio/node_modules/jest-circus/build/run.js:126:9)
    at _runTestsForDescribeBlock (/home/mookyjooky/Dropbox/GITHUB/06 - COMPLETED TOOLS/TECH-Adobe-Enterprise-Automation-PowerShell-Python-Portfolio/node_modules/jest-circus/build/run.js:121:9)
    at _runTestsForDescribeBlock (/home/mookyjooky/Dropbox/GITHUB/06 - COMPLETED TOOLS/TECH-Adobe-Enterprise-Automation-PowerShell-Python-Portfolio/node_modules/jest-circus/build/run.js:121:9)
    at run (/home/mookyjooky/Dropbox/GITHUB/06 - COMPLETED TOOLS/TECH-Adobe-Enterprise-Automation-PowerShell-Python-Portfolio/node_modules/jest-circus/build/run.js:71:3)
    at runAndTransformResultsToJestFormat (/home/mookyjooky/Dropbox/GITHUB/06 - COMPLETED TOOLS/TECH-Adobe-Enterprise-Automation-PowerShell-Python-Portfolio/node_modules/jest-circus/build/legacy-code-todo-rewrite/jestAdapterInit.js:122:21)
    at jestAdapter (/home/mookyjooky/Dropbox/GITHUB/06 - COMPLETED TOOLS/TECH-Adobe-Enterprise-Automation-PowerShell-Python-Portfolio/node_modules/jest-circus/build/legacy-code-todo-rewrite/jestAdapter.js:79:19)
    at runTestInternal (/home/mookyjooky/Dropbox/GITHUB/06 - COMPLETED TOOLS/TECH-Adobe-Enterprise-Automation-PowerShell-Python-Portfolio/node_modules/jest-runner/build/runTest.js:367:16)
    at runTest (/home/mookyjooky/Dropbox/GITHUB/06 - COMPLETED TOOLS/TECH-Adobe-Enterprise-Automation-PowerShell-Python-Portfolio/node_modules/jest-runner/build/runTest.js:444:34)
----
    at Test._assertStatus (/home/mookyjooky/Dropbox/GITHUB/06 - COMPLETED TOOLS/TECH-Adobe-Enterprise-Automation-PowerShell-Python-Portfolio/node_modules/supertest/lib/test.js:252:14)
    at /home/mookyjooky/Dropbox/GITHUB/06 - COMPLETED TOOLS/TECH-Adobe-Enterprise-Automation-PowerShell-Python-Portfolio/node_modules/supertest/lib/test.js:308:13
    at Test._assertFunction (/home/mookyjooky/Dropbox/GITHUB/06 - COMPLETED TOOLS/TECH-Adobe-Enterprise-Automation-PowerShell-Python-Portfolio/node_modules/supertest/lib/test.js:285:13)
    at Test.assert (/home/mookyjooky/Dropbox/GITHUB/06 - COMPLETED TOOLS/TECH-Adobe-Enterprise-Automation-PowerShell-Python-Portfolio/node_modules/supertest/lib/test.js:164:23)
    at Server.localAssert (/home/mookyjooky/Dropbox/GITHUB/06 - COMPLETED TOOLS/TECH-Adobe-Enterprise-Automation-PowerShell-Python-Portfolio/node_modules/supertest/lib/test.js:120:14)
    at Object.onceWrapper (node:events:633:28)
    at Server.emit (node:events:519:28)
    at emitCloseNT (node:net:2419:8)
    at processTicksAndRejections (node:internal/process/task_queues:89:21)</failure>
    </testcase>
  </testsuite>
</testsuites>